<!doctype html public "-//w3c//dtd html 4.0 transitional//en">
<html><head>
<title>Static Call Graph - [.\output\Project.axf]</title></head>
<body><HR>
<H1>Static Call Graph for image .\output\Project.axf</H1><HR>
<BR><P>#&#060CALLGRAPH&#062# ARM Linker, 5060750: Last Updated: Thu Aug 13 21:33:38 2026
<BR><P>
<H3>Maximum Stack Usage =        560 bytes + Unknown(Cycles, Untraceable Function Pointers)</H3><H3>
Call chain for Maximum Stack Depth:</H3>
main &rArr; FOC_App_Init &rArr; FOC_Init_MotorAndCalib &rArr; FOC_MotorInit &rArr; FOC_CalibrateElectricalAngleAndDirection &rArr; FOC_EstimateDirectionAndPolePairs &rArr; FOC_SampleLockedMechanicalAngle &rArr; FOC_Platform_ReadMechanicalAngleRad &rArr; AS5600_ReadAngleRadOk &rArr; AS5600_ReadAngleOk &rArr; AS5600_ReadAngle &rArr; AS5600_ReadRegister16 &rArr; I2C0_ReadBytes &rArr; I2C0_SendAddress &rArr; I2C0_WaitFlag &rArr; I2C0_Config &rArr; i2c_clock_config &rArr; rcu_clock_freq_get
<P>
<H3>
Mutually Recursive functions
</H3> <LI><a href="#[39]">ADC2_IRQHandler</a>&nbsp;&nbsp;&nbsp;&rArr;&nbsp;&nbsp;&nbsp;<a href="#[39]">ADC2_IRQHandler</a><BR>
 <LI><a href="#[4]">BusFault_Handler</a>&nbsp;&nbsp;&nbsp;&rArr;&nbsp;&nbsp;&nbsp;<a href="#[4]">BusFault_Handler</a><BR>
 <LI><a href="#[2]">HardFault_Handler</a>&nbsp;&nbsp;&nbsp;&rArr;&nbsp;&nbsp;&nbsp;<a href="#[2]">HardFault_Handler</a><BR>
 <LI><a href="#[3]">MemManage_Handler</a>&nbsp;&nbsp;&nbsp;&rArr;&nbsp;&nbsp;&nbsp;<a href="#[3]">MemManage_Handler</a><BR>
 <LI><a href="#[5]">UsageFault_Handler</a>&nbsp;&nbsp;&nbsp;&rArr;&nbsp;&nbsp;&nbsp;<a href="#[5]">UsageFault_Handler</a><BR>
</UL>
<P>
<H3>
Function Pointers
</H3><UL>
 <LI><a href="#[1c]">ADC0_1_IRQHandler</a> from gd32f30x_it.o(i.ADC0_1_IRQHandler) referenced from startup_gd32f30x_hd.o(RESET)
 <LI><a href="#[39]">ADC2_IRQHandler</a> from startup_gd32f30x_hd.o(.text) referenced from startup_gd32f30x_hd.o(RESET)
 <LI><a href="#[4]">BusFault_Handler</a> from gd32f30x_it.o(i.BusFault_Handler) referenced from startup_gd32f30x_hd.o(RESET)
 <LI><a href="#[20]">CAN0_EWMC_IRQHandler</a> from startup_gd32f30x_hd.o(.text) referenced from startup_gd32f30x_hd.o(RESET)
 <LI><a href="#[1f]">CAN0_RX1_IRQHandler</a> from startup_gd32f30x_hd.o(.text) referenced from startup_gd32f30x_hd.o(RESET)
 <LI><a href="#[15]">DMA0_Channel0_IRQHandler</a> from gd32f30x_it.o(i.DMA0_Channel0_IRQHandler) referenced from startup_gd32f30x_hd.o(RESET)
 <LI><a href="#[16]">DMA0_Channel1_IRQHandler</a> from startup_gd32f30x_hd.o(.text) referenced from startup_gd32f30x_hd.o(RESET)
 <LI><a href="#[17]">DMA0_Channel2_IRQHandler</a> from startup_gd32f30x_hd.o(.text) referenced from startup_gd32f30x_hd.o(RESET)
 <LI><a href="#[18]">DMA0_Channel3_IRQHandler</a> from startup_gd32f30x_hd.o(.text) referenced from startup_gd32f30x_hd.o(RESET)
 <LI><a href="#[19]">DMA0_Channel4_IRQHandler</a> from startup_gd32f30x_hd.o(.text) referenced from startup_gd32f30x_hd.o(RESET)
 <LI><a href="#[1a]">DMA0_Channel5_IRQHandler</a> from startup_gd32f30x_hd.o(.text) referenced from startup_gd32f30x_hd.o(RESET)
 <LI><a href="#[1b]">DMA0_Channel6_IRQHandler</a> from startup_gd32f30x_hd.o(.text) referenced from startup_gd32f30x_hd.o(RESET)
 <LI><a href="#[42]">DMA1_Channel0_IRQHandler</a> from startup_gd32f30x_hd.o(.text) referenced from startup_gd32f30x_hd.o(RESET)
 <LI><a href="#[43]">DMA1_Channel1_IRQHandler</a> from startup_gd32f30x_hd.o(.text) referenced from startup_gd32f30x_hd.o(RESET)
 <LI><a href="#[44]">DMA1_Channel2_IRQHandler</a> from startup_gd32f30x_hd.o(.text) referenced from startup_gd32f30x_hd.o(RESET)
 <LI><a href="#[45]">DMA1_Channel3_4_IRQHandler</a> from startup_gd32f30x_hd.o(.text) referenced from startup_gd32f30x_hd.o(RESET)
 <LI><a href="#[7]">DebugMon_Handler</a> from gd32f30x_it.o(i.DebugMon_Handler) referenced from startup_gd32f30x_hd.o(RESET)
 <LI><a href="#[3a]">EXMC_IRQHandler</a> from startup_gd32f30x_hd.o(.text) referenced from startup_gd32f30x_hd.o(RESET)
 <LI><a href="#[10]">EXTI0_IRQHandler</a> from startup_gd32f30x_hd.o(.text) referenced from startup_gd32f30x_hd.o(RESET)
 <LI><a href="#[32]">EXTI10_15_IRQHandler</a> from startup_gd32f30x_hd.o(.text) referenced from startup_gd32f30x_hd.o(RESET)
 <LI><a href="#[11]">EXTI1_IRQHandler</a> from startup_gd32f30x_hd.o(.text) referenced from startup_gd32f30x_hd.o(RESET)
 <LI><a href="#[12]">EXTI2_IRQHandler</a> from startup_gd32f30x_hd.o(.text) referenced from startup_gd32f30x_hd.o(RESET)
 <LI><a href="#[13]">EXTI3_IRQHandler</a> from startup_gd32f30x_hd.o(.text) referenced from startup_gd32f30x_hd.o(RESET)
 <LI><a href="#[14]">EXTI4_IRQHandler</a> from startup_gd32f30x_hd.o(.text) referenced from startup_gd32f30x_hd.o(RESET)
 <LI><a href="#[21]">EXTI5_9_IRQHandler</a> from startup_gd32f30x_hd.o(.text) referenced from startup_gd32f30x_hd.o(RESET)
 <LI><a href="#[e]">FMC_IRQHandler</a> from startup_gd32f30x_hd.o(.text) referenced from startup_gd32f30x_hd.o(RESET)
 <LI><a href="#[4c]">FOC_App_ControlTrigger</a> from foc_app.o(i.FOC_App_ControlTrigger) referenced from foc_app.o(i.FOC_App_Init)
 <LI><a href="#[4b]">FOC_App_MonitorTrigger</a> from foc_app.o(i.FOC_App_MonitorTrigger) referenced from foc_app.o(i.FOC_App_Init)
 <LI><a href="#[49]">FOC_App_OnCurrentLoopISR</a> from foc_app.o(i.FOC_App_OnCurrentLoopISR) referenced from foc_app.o(i.FOC_App_Init)
 <LI><a href="#[4a]">FOC_App_OnPwmUpdateISR</a> from foc_app.o(i.FOC_App_OnPwmUpdateISR) referenced from foc_app.o(i.FOC_App_Init)
 <LI><a href="#[4e]">FOC_App_SchedTickBridge</a> from foc_app.o(i.FOC_App_SchedTickBridge) referenced from foc_app.o(i.FOC_App_Init)
 <LI><a href="#[4d]">FOC_App_ServiceTrigger</a> from foc_app.o(i.FOC_App_ServiceTrigger) referenced from foc_app.o(i.FOC_App_Init)
 <LI><a href="#[2]">HardFault_Handler</a> from gd32f30x_it.o(i.HardFault_Handler) referenced from startup_gd32f30x_hd.o(RESET)
 <LI><a href="#[2a]">I2C0_ER_IRQHandler</a> from startup_gd32f30x_hd.o(.text) referenced from startup_gd32f30x_hd.o(RESET)
 <LI><a href="#[29]">I2C0_EV_IRQHandler</a> from startup_gd32f30x_hd.o(.text) referenced from startup_gd32f30x_hd.o(RESET)
 <LI><a href="#[2c]">I2C1_ER_IRQHandler</a> from startup_gd32f30x_hd.o(.text) referenced from startup_gd32f30x_hd.o(RESET)
 <LI><a href="#[2b]">I2C1_EV_IRQHandler</a> from startup_gd32f30x_hd.o(.text) referenced from startup_gd32f30x_hd.o(RESET)
 <LI><a href="#[b]">LVD_IRQHandler</a> from startup_gd32f30x_hd.o(.text) referenced from startup_gd32f30x_hd.o(RESET)
 <LI><a href="#[3]">MemManage_Handler</a> from gd32f30x_it.o(i.MemManage_Handler) referenced from startup_gd32f30x_hd.o(RESET)
 <LI><a href="#[1]">NMI_Handler</a> from gd32f30x_it.o(i.NMI_Handler) referenced from startup_gd32f30x_hd.o(RESET)
 <LI><a href="#[8]">PendSV_Handler</a> from gd32f30x_it.o(i.PendSV_Handler) referenced from startup_gd32f30x_hd.o(RESET)
 <LI><a href="#[f]">RCU_CTC_IRQHandler</a> from startup_gd32f30x_hd.o(.text) referenced from startup_gd32f30x_hd.o(RESET)
 <LI><a href="#[33]">RTC_Alarm_IRQHandler</a> from startup_gd32f30x_hd.o(.text) referenced from startup_gd32f30x_hd.o(RESET)
 <LI><a href="#[d]">RTC_IRQHandler</a> from startup_gd32f30x_hd.o(.text) referenced from startup_gd32f30x_hd.o(RESET)
 <LI><a href="#[0]">Reset_Handler</a> from startup_gd32f30x_hd.o(.text) referenced from startup_gd32f30x_hd.o(RESET)
 <LI><a href="#[3b]">SDIO_IRQHandler</a> from startup_gd32f30x_hd.o(.text) referenced from startup_gd32f30x_hd.o(RESET)
 <LI><a href="#[2d]">SPI0_IRQHandler</a> from startup_gd32f30x_hd.o(.text) referenced from startup_gd32f30x_hd.o(RESET)
 <LI><a href="#[2e]">SPI1_IRQHandler</a> from startup_gd32f30x_hd.o(.text) referenced from startup_gd32f30x_hd.o(RESET)
 <LI><a href="#[3d]">SPI2_IRQHandler</a> from startup_gd32f30x_hd.o(.text) referenced from startup_gd32f30x_hd.o(RESET)
 <LI><a href="#[6]">SVC_Handler</a> from gd32f30x_it.o(i.SVC_Handler) referenced from startup_gd32f30x_hd.o(RESET)
 <LI><a href="#[9]">SysTick_Handler</a> from gd32f30x_it.o(i.SysTick_Handler) referenced from startup_gd32f30x_hd.o(RESET)
 <LI><a href="#[47]">SystemInit</a> from system_gd32f30x.o(i.SystemInit) referenced from startup_gd32f30x_hd.o(.text)
 <LI><a href="#[c]">TAMPER_IRQHandler</a> from startup_gd32f30x_hd.o(.text) referenced from startup_gd32f30x_hd.o(RESET)
 <LI><a href="#[22]">TIMER0_BRK_IRQHandler</a> from startup_gd32f30x_hd.o(.text) referenced from startup_gd32f30x_hd.o(RESET)
 <LI><a href="#[25]">TIMER0_Channel_IRQHandler</a> from startup_gd32f30x_hd.o(.text) referenced from startup_gd32f30x_hd.o(RESET)
 <LI><a href="#[24]">TIMER0_TRG_CMT_IRQHandler</a> from startup_gd32f30x_hd.o(.text) referenced from startup_gd32f30x_hd.o(RESET)
 <LI><a href="#[23]">TIMER0_UP_IRQHandler</a> from gd32f30x_it.o(i.TIMER0_UP_IRQHandler) referenced from startup_gd32f30x_hd.o(RESET)
 <LI><a href="#[26]">TIMER1_IRQHandler</a> from startup_gd32f30x_hd.o(.text) referenced from startup_gd32f30x_hd.o(RESET)
 <LI><a href="#[27]">TIMER2_IRQHandler</a> from gd32f30x_it.o(i.TIMER2_IRQHandler) referenced from startup_gd32f30x_hd.o(RESET)
 <LI><a href="#[28]">TIMER3_IRQHandler</a> from timer3.o(i.TIMER3_IRQHandler) referenced from startup_gd32f30x_hd.o(RESET)
 <LI><a href="#[3c]">TIMER4_IRQHandler</a> from gd32f30x_it.o(i.TIMER4_IRQHandler) referenced from startup_gd32f30x_hd.o(RESET)
 <LI><a href="#[40]">TIMER5_IRQHandler</a> from gd32f30x_it.o(i.TIMER5_IRQHandler) referenced from startup_gd32f30x_hd.o(RESET)
 <LI><a href="#[41]">TIMER6_IRQHandler</a> from startup_gd32f30x_hd.o(.text) referenced from startup_gd32f30x_hd.o(RESET)
 <LI><a href="#[35]">TIMER7_BRK_IRQHandler</a> from startup_gd32f30x_hd.o(.text) referenced from startup_gd32f30x_hd.o(RESET)
 <LI><a href="#[38]">TIMER7_Channel_IRQHandler</a> from startup_gd32f30x_hd.o(.text) referenced from startup_gd32f30x_hd.o(RESET)
 <LI><a href="#[37]">TIMER7_TRG_CMT_IRQHandler</a> from startup_gd32f30x_hd.o(.text) referenced from startup_gd32f30x_hd.o(RESET)
 <LI><a href="#[36]">TIMER7_UP_IRQHandler</a> from startup_gd32f30x_hd.o(.text) referenced from startup_gd32f30x_hd.o(RESET)
 <LI><a href="#[3e]">UART3_IRQHandler</a> from startup_gd32f30x_hd.o(.text) referenced from startup_gd32f30x_hd.o(RESET)
 <LI><a href="#[3f]">UART4_IRQHandler</a> from startup_gd32f30x_hd.o(.text) referenced from startup_gd32f30x_hd.o(RESET)
 <LI><a href="#[2f]">USART0_IRQHandler</a> from gd32f30x_it.o(i.USART0_IRQHandler) referenced from startup_gd32f30x_hd.o(RESET)
 <LI><a href="#[30]">USART1_IRQHandler</a> from startup_gd32f30x_hd.o(.text) referenced from startup_gd32f30x_hd.o(RESET)
 <LI><a href="#[31]">USART2_IRQHandler</a> from gd32f30x_it.o(i.USART2_IRQHandler) referenced from startup_gd32f30x_hd.o(RESET)
 <LI><a href="#[1d]">USBD_HP_CAN0_TX_IRQHandler</a> from startup_gd32f30x_hd.o(.text) referenced from startup_gd32f30x_hd.o(RESET)
 <LI><a href="#[1e]">USBD_LP_CAN0_RX0_IRQHandler</a> from startup_gd32f30x_hd.o(.text) referenced from startup_gd32f30x_hd.o(RESET)
 <LI><a href="#[34]">USBD_WKUP_IRQHandler</a> from startup_gd32f30x_hd.o(.text) referenced from startup_gd32f30x_hd.o(RESET)
 <LI><a href="#[5]">UsageFault_Handler</a> from gd32f30x_it.o(i.UsageFault_Handler) referenced from startup_gd32f30x_hd.o(RESET)
 <LI><a href="#[a]">WWDGT_IRQHandler</a> from startup_gd32f30x_hd.o(.text) referenced from startup_gd32f30x_hd.o(RESET)
 <LI><a href="#[48]">__main</a> from entry.o(.ARM.Collect$$$$00000000) referenced from startup_gd32f30x_hd.o(.text)
 <LI><a href="#[4f]">_snputc</a> from printf8.o(i._snputc) referenced from printf8.o(i.__0snprintf$8)
 <LI><a href="#[46]">main</a> from main.o(i.main) referenced from entry9a.o(.ARM.Collect$$$$0000000B)
</UL>
<P>
<H3>
Global Symbols
</H3>
<P><STRONG><a name="[48]"></a>__main</STRONG> (Thumb, 0 bytes, Stack size unknown bytes, entry.o(.ARM.Collect$$$$00000000))
<BR>[Address Reference Count : 1]<UL><LI> startup_gd32f30x_hd.o(.text)
</UL>
<P><STRONG><a name="[1d9]"></a>_main_stk</STRONG> (Thumb, 0 bytes, Stack size unknown bytes, entry2.o(.ARM.Collect$$$$00000001))

<P><STRONG><a name="[50]"></a>_main_scatterload</STRONG> (Thumb, 0 bytes, Stack size unknown bytes, entry5.o(.ARM.Collect$$$$00000004))
<BR><BR>[Calls]<UL><LI><a href="#[51]">&gt;&gt;</a>&nbsp;&nbsp;&nbsp;__scatterload
</UL>

<P><STRONG><a name="[58]"></a>__main_after_scatterload</STRONG> (Thumb, 0 bytes, Stack size unknown bytes, entry5.o(.ARM.Collect$$$$00000004))
<BR><BR>[Called By]<UL><LI><a href="#[51]">&gt;&gt;</a>&nbsp;&nbsp;&nbsp;__scatterload
</UL>

<P><STRONG><a name="[1da]"></a>_main_clock</STRONG> (Thumb, 0 bytes, Stack size unknown bytes, entry7b.o(.ARM.Collect$$$$00000008))

<P><STRONG><a name="[1db]"></a>_main_cpp_init</STRONG> (Thumb, 0 bytes, Stack size unknown bytes, entry8b.o(.ARM.Collect$$$$0000000A))

<P><STRONG><a name="[1dc]"></a>_main_init</STRONG> (Thumb, 0 bytes, Stack size unknown bytes, entry9a.o(.ARM.Collect$$$$0000000B))

<P><STRONG><a name="[1dd]"></a>__rt_final_cpp</STRONG> (Thumb, 0 bytes, Stack size unknown bytes, entry10a.o(.ARM.Collect$$$$0000000D))

<P><STRONG><a name="[1de]"></a>__rt_final_exit</STRONG> (Thumb, 0 bytes, Stack size unknown bytes, entry11a.o(.ARM.Collect$$$$0000000F))

<P><STRONG><a name="[0]"></a>Reset_Handler</STRONG> (Thumb, 8 bytes, Stack size 0 bytes, startup_gd32f30x_hd.o(.text))
<BR>[Address Reference Count : 1]<UL><LI> startup_gd32f30x_hd.o(RESET)
</UL>
<P><STRONG><a name="[39]"></a>ADC2_IRQHandler</STRONG> (Thumb, 0 bytes, Stack size 0 bytes, startup_gd32f30x_hd.o(.text))
<BR><BR>[Calls]<UL><LI><a href="#[39]">&gt;&gt;</a>&nbsp;&nbsp;&nbsp;ADC2_IRQHandler
</UL>
<BR>[Called By]<UL><LI><a href="#[39]">&gt;&gt;</a>&nbsp;&nbsp;&nbsp;ADC2_IRQHandler
</UL>
<BR>[Address Reference Count : 1]<UL><LI> startup_gd32f30x_hd.o(RESET)
</UL>
<P><STRONG><a name="[20]"></a>CAN0_EWMC_IRQHandler</STRONG> (Thumb, 0 bytes, Stack size 0 bytes, startup_gd32f30x_hd.o(.text))
<BR>[Address Reference Count : 1]<UL><LI> startup_gd32f30x_hd.o(RESET)
</UL>
<P><STRONG><a name="[1f]"></a>CAN0_RX1_IRQHandler</STRONG> (Thumb, 0 bytes, Stack size 0 bytes, startup_gd32f30x_hd.o(.text))
<BR>[Address Reference Count : 1]<UL><LI> startup_gd32f30x_hd.o(RESET)
</UL>
<P><STRONG><a name="[16]"></a>DMA0_Channel1_IRQHandler</STRONG> (Thumb, 0 bytes, Stack size 0 bytes, startup_gd32f30x_hd.o(.text))
<BR>[Address Reference Count : 1]<UL><LI> startup_gd32f30x_hd.o(RESET)
</UL>
<P><STRONG><a name="[17]"></a>DMA0_Channel2_IRQHandler</STRONG> (Thumb, 0 bytes, Stack size 0 bytes, startup_gd32f30x_hd.o(.text))
<BR>[Address Reference Count : 1]<UL><LI> startup_gd32f30x_hd.o(RESET)
</UL>
<P><STRONG><a name="[18]"></a>DMA0_Channel3_IRQHandler</STRONG> (Thumb, 0 bytes, Stack size 0 bytes, startup_gd32f30x_hd.o(.text))
<BR>[Address Reference Count : 1]<UL><LI> startup_gd32f30x_hd.o(RESET)
</UL>
<P><STRONG><a name="[19]"></a>DMA0_Channel4_IRQHandler</STRONG> (Thumb, 0 bytes, Stack size 0 bytes, startup_gd32f30x_hd.o(.text))
<BR>[Address Reference Count : 1]<UL><LI> startup_gd32f30x_hd.o(RESET)
</UL>
<P><STRONG><a name="[1a]"></a>DMA0_Channel5_IRQHandler</STRONG> (Thumb, 0 bytes, Stack size 0 bytes, startup_gd32f30x_hd.o(.text))
<BR>[Address Reference Count : 1]<UL><LI> startup_gd32f30x_hd.o(RESET)
</UL>
<P><STRONG><a name="[1b]"></a>DMA0_Channel6_IRQHandler</STRONG> (Thumb, 0 bytes, Stack size 0 bytes, startup_gd32f30x_hd.o(.text))
<BR>[Address Reference Count : 1]<UL><LI> startup_gd32f30x_hd.o(RESET)
</UL>
<P><STRONG><a name="[42]"></a>DMA1_Channel0_IRQHandler</STRONG> (Thumb, 0 bytes, Stack size 0 bytes, startup_gd32f30x_hd.o(.text))
<BR>[Address Reference Count : 1]<UL><LI> startup_gd32f30x_hd.o(RESET)
</UL>
<P><STRONG><a name="[43]"></a>DMA1_Channel1_IRQHandler</STRONG> (Thumb, 0 bytes, Stack size 0 bytes, startup_gd32f30x_hd.o(.text))
<BR>[Address Reference Count : 1]<UL><LI> startup_gd32f30x_hd.o(RESET)
</UL>
<P><STRONG><a name="[44]"></a>DMA1_Channel2_IRQHandler</STRONG> (Thumb, 0 bytes, Stack size 0 bytes, startup_gd32f30x_hd.o(.text))
<BR>[Address Reference Count : 1]<UL><LI> startup_gd32f30x_hd.o(RESET)
</UL>
<P><STRONG><a name="[45]"></a>DMA1_Channel3_4_IRQHandler</STRONG> (Thumb, 0 bytes, Stack size 0 bytes, startup_gd32f30x_hd.o(.text))
<BR>[Address Reference Count : 1]<UL><LI> startup_gd32f30x_hd.o(RESET)
</UL>
<P><STRONG><a name="[3a]"></a>EXMC_IRQHandler</STRONG> (Thumb, 0 bytes, Stack size 0 bytes, startup_gd32f30x_hd.o(.text))
<BR>[Address Reference Count : 1]<UL><LI> startup_gd32f30x_hd.o(RESET)
</UL>
<P><STRONG><a name="[10]"></a>EXTI0_IRQHandler</STRONG> (Thumb, 0 bytes, Stack size 0 bytes, startup_gd32f30x_hd.o(.text))
<BR>[Address Reference Count : 1]<UL><LI> startup_gd32f30x_hd.o(RESET)
</UL>
<P><STRONG><a name="[32]"></a>EXTI10_15_IRQHandler</STRONG> (Thumb, 0 bytes, Stack size 0 bytes, startup_gd32f30x_hd.o(.text))
<BR>[Address Reference Count : 1]<UL><LI> startup_gd32f30x_hd.o(RESET)
</UL>
<P><STRONG><a name="[11]"></a>EXTI1_IRQHandler</STRONG> (Thumb, 0 bytes, Stack size 0 bytes, startup_gd32f30x_hd.o(.text))
<BR>[Address Reference Count : 1]<UL><LI> startup_gd32f30x_hd.o(RESET)
</UL>
<P><STRONG><a name="[12]"></a>EXTI2_IRQHandler</STRONG> (Thumb, 0 bytes, Stack size 0 bytes, startup_gd32f30x_hd.o(.text))
<BR>[Address Reference Count : 1]<UL><LI> startup_gd32f30x_hd.o(RESET)
</UL>
<P><STRONG><a name="[13]"></a>EXTI3_IRQHandler</STRONG> (Thumb, 0 bytes, Stack size 0 bytes, startup_gd32f30x_hd.o(.text))
<BR>[Address Reference Count : 1]<UL><LI> startup_gd32f30x_hd.o(RESET)
</UL>
<P><STRONG><a name="[14]"></a>EXTI4_IRQHandler</STRONG> (Thumb, 0 bytes, Stack size 0 bytes, startup_gd32f30x_hd.o(.text))
<BR>[Address Reference Count : 1]<UL><LI> startup_gd32f30x_hd.o(RESET)
</UL>
<P><STRONG><a name="[21]"></a>EXTI5_9_IRQHandler</STRONG> (Thumb, 0 bytes, Stack size 0 bytes, startup_gd32f30x_hd.o(.text))
<BR>[Address Reference Count : 1]<UL><LI> startup_gd32f30x_hd.o(RESET)
</UL>
<P><STRONG><a name="[e]"></a>FMC_IRQHandler</STRONG> (Thumb, 0 bytes, Stack size 0 bytes, startup_gd32f30x_hd.o(.text))
<BR>[Address Reference Count : 1]<UL><LI> startup_gd32f30x_hd.o(RESET)
</UL>
<P><STRONG><a name="[2a]"></a>I2C0_ER_IRQHandler</STRONG> (Thumb, 0 bytes, Stack size 0 bytes, startup_gd32f30x_hd.o(.text))
<BR>[Address Reference Count : 1]<UL><LI> startup_gd32f30x_hd.o(RESET)
</UL>
<P><STRONG><a name="[29]"></a>I2C0_EV_IRQHandler</STRONG> (Thumb, 0 bytes, Stack size 0 bytes, startup_gd32f30x_hd.o(.text))
<BR>[Address Reference Count : 1]<UL><LI> startup_gd32f30x_hd.o(RESET)
</UL>
<P><STRONG><a name="[2c]"></a>I2C1_ER_IRQHandler</STRONG> (Thumb, 0 bytes, Stack size 0 bytes, startup_gd32f30x_hd.o(.text))
<BR>[Address Reference Count : 1]<UL><LI> startup_gd32f30x_hd.o(RESET)
</UL>
<P><STRONG><a name="[2b]"></a>I2C1_EV_IRQHandler</STRONG> (Thumb, 0 bytes, Stack size 0 bytes, startup_gd32f30x_hd.o(.text))
<BR>[Address Reference Count : 1]<UL><LI> startup_gd32f30x_hd.o(RESET)
</UL>
<P><STRONG><a name="[b]"></a>LVD_IRQHandler</STRONG> (Thumb, 0 bytes, Stack size 0 bytes, startup_gd32f30x_hd.o(.text))
<BR>[Address Reference Count : 1]<UL><LI> startup_gd32f30x_hd.o(RESET)
</UL>
<P><STRONG><a name="[f]"></a>RCU_CTC_IRQHandler</STRONG> (Thumb, 0 bytes, Stack size 0 bytes, startup_gd32f30x_hd.o(.text))
<BR>[Address Reference Count : 1]<UL><LI> startup_gd32f30x_hd.o(RESET)
</UL>
<P><STRONG><a name="[33]"></a>RTC_Alarm_IRQHandler</STRONG> (Thumb, 0 bytes, Stack size 0 bytes, startup_gd32f30x_hd.o(.text))
<BR>[Address Reference Count : 1]<UL><LI> startup_gd32f30x_hd.o(RESET)
</UL>
<P><STRONG><a name="[d]"></a>RTC_IRQHandler</STRONG> (Thumb, 0 bytes, Stack size 0 bytes, startup_gd32f30x_hd.o(.text))
<BR>[Address Reference Count : 1]<UL><LI> startup_gd32f30x_hd.o(RESET)
</UL>
<P><STRONG><a name="[3b]"></a>SDIO_IRQHandler</STRONG> (Thumb, 0 bytes, Stack size 0 bytes, startup_gd32f30x_hd.o(.text))
<BR>[Address Reference Count : 1]<UL><LI> startup_gd32f30x_hd.o(RESET)
</UL>
<P><STRONG><a name="[2d]"></a>SPI0_IRQHandler</STRONG> (Thumb, 0 bytes, Stack size 0 bytes, startup_gd32f30x_hd.o(.text))
<BR>[Address Reference Count : 1]<UL><LI> startup_gd32f30x_hd.o(RESET)
</UL>
<P><STRONG><a name="[2e]"></a>SPI1_IRQHandler</STRONG> (Thumb, 0 bytes, Stack size 0 bytes, startup_gd32f30x_hd.o(.text))
<BR>[Address Reference Count : 1]<UL><LI> startup_gd32f30x_hd.o(RESET)
</UL>
<P><STRONG><a name="[3d]"></a>SPI2_IRQHandler</STRONG> (Thumb, 0 bytes, Stack size 0 bytes, startup_gd32f30x_hd.o(.text))
<BR>[Address Reference Count : 1]<UL><LI> startup_gd32f30x_hd.o(RESET)
</UL>
<P><STRONG><a name="[c]"></a>TAMPER_IRQHandler</STRONG> (Thumb, 0 bytes, Stack size 0 bytes, startup_gd32f30x_hd.o(.text))
<BR>[Address Reference Count : 1]<UL><LI> startup_gd32f30x_hd.o(RESET)
</UL>
<P><STRONG><a name="[22]"></a>TIMER0_BRK_IRQHandler</STRONG> (Thumb, 0 bytes, Stack size 0 bytes, startup_gd32f30x_hd.o(.text))
<BR>[Address Reference Count : 1]<UL><LI> startup_gd32f30x_hd.o(RESET)
</UL>
<P><STRONG><a name="[25]"></a>TIMER0_Channel_IRQHandler</STRONG> (Thumb, 0 bytes, Stack size 0 bytes, startup_gd32f30x_hd.o(.text))
<BR>[Address Reference Count : 1]<UL><LI> startup_gd32f30x_hd.o(RESET)
</UL>
<P><STRONG><a name="[24]"></a>TIMER0_TRG_CMT_IRQHandler</STRONG> (Thumb, 0 bytes, Stack size 0 bytes, startup_gd32f30x_hd.o(.text))
<BR>[Address Reference Count : 1]<UL><LI> startup_gd32f30x_hd.o(RESET)
</UL>
<P><STRONG><a name="[26]"></a>TIMER1_IRQHandler</STRONG> (Thumb, 0 bytes, Stack size 0 bytes, startup_gd32f30x_hd.o(.text))
<BR>[Address Reference Count : 1]<UL><LI> startup_gd32f30x_hd.o(RESET)
</UL>
<P><STRONG><a name="[41]"></a>TIMER6_IRQHandler</STRONG> (Thumb, 0 bytes, Stack size 0 bytes, startup_gd32f30x_hd.o(.text))
<BR>[Address Reference Count : 1]<UL><LI> startup_gd32f30x_hd.o(RESET)
</UL>
<P><STRONG><a name="[35]"></a>TIMER7_BRK_IRQHandler</STRONG> (Thumb, 0 bytes, Stack size 0 bytes, startup_gd32f30x_hd.o(.text))
<BR>[Address Reference Count : 1]<UL><LI> startup_gd32f30x_hd.o(RESET)
</UL>
<P><STRONG><a name="[38]"></a>TIMER7_Channel_IRQHandler</STRONG> (Thumb, 0 bytes, Stack size 0 bytes, startup_gd32f30x_hd.o(.text))
<BR>[Address Reference Count : 1]<UL><LI> startup_gd32f30x_hd.o(RESET)
</UL>
<P><STRONG><a name="[37]"></a>TIMER7_TRG_CMT_IRQHandler</STRONG> (Thumb, 0 bytes, Stack size 0 bytes, startup_gd32f30x_hd.o(.text))
<BR>[Address Reference Count : 1]<UL><LI> startup_gd32f30x_hd.o(RESET)
</UL>
<P><STRONG><a name="[36]"></a>TIMER7_UP_IRQHandler</STRONG> (Thumb, 0 bytes, Stack size 0 bytes, startup_gd32f30x_hd.o(.text))
<BR>[Address Reference Count : 1]<UL><LI> startup_gd32f30x_hd.o(RESET)
</UL>
<P><STRONG><a name="[3e]"></a>UART3_IRQHandler</STRONG> (Thumb, 0 bytes, Stack size 0 bytes, startup_gd32f30x_hd.o(.text))
<BR>[Address Reference Count : 1]<UL><LI> startup_gd32f30x_hd.o(RESET)
</UL>
<P><STRONG><a name="[3f]"></a>UART4_IRQHandler</STRONG> (Thumb, 0 bytes, Stack size 0 bytes, startup_gd32f30x_hd.o(.text))
<BR>[Address Reference Count : 1]<UL><LI> startup_gd32f30x_hd.o(RESET)
</UL>
<P><STRONG><a name="[30]"></a>USART1_IRQHandler</STRONG> (Thumb, 0 bytes, Stack size 0 bytes, startup_gd32f30x_hd.o(.text))
<BR>[Address Reference Count : 1]<UL><LI> startup_gd32f30x_hd.o(RESET)
</UL>
<P><STRONG><a name="[1d]"></a>USBD_HP_CAN0_TX_IRQHandler</STRONG> (Thumb, 0 bytes, Stack size 0 bytes, startup_gd32f30x_hd.o(.text))
<BR>[Address Reference Count : 1]<UL><LI> startup_gd32f30x_hd.o(RESET)
</UL>
<P><STRONG><a name="[1e]"></a>USBD_LP_CAN0_RX0_IRQHandler</STRONG> (Thumb, 0 bytes, Stack size 0 bytes, startup_gd32f30x_hd.o(.text))
<BR>[Address Reference Count : 1]<UL><LI> startup_gd32f30x_hd.o(RESET)
</UL>
<P><STRONG><a name="[34]"></a>USBD_WKUP_IRQHandler</STRONG> (Thumb, 0 bytes, Stack size 0 bytes, startup_gd32f30x_hd.o(.text))
<BR>[Address Reference Count : 1]<UL><LI> startup_gd32f30x_hd.o(RESET)
</UL>
<P><STRONG><a name="[a]"></a>WWDGT_IRQHandler</STRONG> (Thumb, 0 bytes, Stack size 0 bytes, startup_gd32f30x_hd.o(.text))
<BR>[Address Reference Count : 1]<UL><LI> startup_gd32f30x_hd.o(RESET)
</UL>
<P><STRONG><a name="[c3]"></a>__aeabi_memcpy</STRONG> (Thumb, 36 bytes, Stack size 0 bytes, memcpya.o(.text))
<BR><BR>[Called By]<UL><LI><a href="#[13a]">&gt;&gt;</a>&nbsp;&nbsp;&nbsp;USART2_ReadFrame
<LI><a href="#[154]">&gt;&gt;</a>&nbsp;&nbsp;&nbsp;USART0_SlowWriter_SendData
<LI><a href="#[139]">&gt;&gt;</a>&nbsp;&nbsp;&nbsp;USART0_ReadFrame
<LI><a href="#[d9]">&gt;&gt;</a>&nbsp;&nbsp;&nbsp;FOC_OutputMgr_ProcessMonitorElements
<LI><a href="#[c4]">&gt;&gt;</a>&nbsp;&nbsp;&nbsp;FIFO_Enqueue
<LI><a href="#[c2]">&gt;&gt;</a>&nbsp;&nbsp;&nbsp;FIFO_Dequeue
<LI><a href="#[199]">&gt;&gt;</a>&nbsp;&nbsp;&nbsp;ProtocolCore_ParseFrame
</UL>

<P><STRONG><a name="[102]"></a>__aeabi_memcpy4</STRONG> (Thumb, 0 bytes, Stack size 0 bytes, memcpya.o(.text))
<BR><BR>[Called By]<UL><LI><a href="#[101]">&gt;&gt;</a>&nbsp;&nbsp;&nbsp;FOC_ControlExecutor_RunISR_CurrentLoopCore
</UL>

<P><STRONG><a name="[1df]"></a>__aeabi_memcpy8</STRONG> (Thumb, 0 bytes, Stack size 0 bytes, memcpya.o(.text), UNUSED)

<P><STRONG><a name="[53]"></a>__aeabi_memset</STRONG> (Thumb, 14 bytes, Stack size 0 bytes, memseta.o(.text))
<BR><BR>[Called By]<UL><LI><a href="#[54]">&gt;&gt;</a>&nbsp;&nbsp;&nbsp;_memset$wrapper
<LI><a href="#[52]">&gt;&gt;</a>&nbsp;&nbsp;&nbsp;__aeabi_memclr
</UL>

<P><STRONG><a name="[1e0]"></a>__aeabi_memset4</STRONG> (Thumb, 0 bytes, Stack size 0 bytes, memseta.o(.text), UNUSED)

<P><STRONG><a name="[1e1]"></a>__aeabi_memset8</STRONG> (Thumb, 0 bytes, Stack size 0 bytes, memseta.o(.text), UNUSED)

<P><STRONG><a name="[52]"></a>__aeabi_memclr</STRONG> (Thumb, 4 bytes, Stack size 0 bytes, memseta.o(.text))
<BR><BR>[Calls]<UL><LI><a href="#[53]">&gt;&gt;</a>&nbsp;&nbsp;&nbsp;__aeabi_memset
</UL>
<BR>[Called By]<UL><LI><a href="#[1b2]">&gt;&gt;</a>&nbsp;&nbsp;&nbsp;USART0_ClearBuffers
<LI><a href="#[1c9]">&gt;&gt;</a>&nbsp;&nbsp;&nbsp;USART2_ClearBuffers
</UL>

<P><STRONG><a name="[1e2]"></a>__aeabi_memclr4</STRONG> (Thumb, 0 bytes, Stack size 0 bytes, memseta.o(.text), UNUSED)

<P><STRONG><a name="[1e3]"></a>__aeabi_memclr8</STRONG> (Thumb, 0 bytes, Stack size 0 bytes, memseta.o(.text), UNUSED)

<P><STRONG><a name="[54]"></a>_memset$wrapper</STRONG> (Thumb, 18 bytes, Stack size 8 bytes, memseta.o(.text), UNUSED)
<BR><BR>[Calls]<UL><LI><a href="#[53]">&gt;&gt;</a>&nbsp;&nbsp;&nbsp;__aeabi_memset
</UL>

<P><STRONG><a name="[134]"></a>strlen</STRONG> (Thumb, 14 bytes, Stack size 0 bytes, strlen.o(.text))
<BR><BR>[Called By]<UL><LI><a href="#[f0]">&gt;&gt;</a>&nbsp;&nbsp;&nbsp;FOC_Platform_WriteDebugText
<LI><a href="#[d9]">&gt;&gt;</a>&nbsp;&nbsp;&nbsp;FOC_OutputMgr_ProcessMonitorElements
</UL>

<P><STRONG><a name="[55]"></a>__aeabi_uldivmod</STRONG> (Thumb, 98 bytes, Stack size 40 bytes, uldiv.o(.text), UNUSED)
<BR><BR>[Calls]<UL><LI><a href="#[56]">&gt;&gt;</a>&nbsp;&nbsp;&nbsp;__aeabi_llsr
<LI><a href="#[57]">&gt;&gt;</a>&nbsp;&nbsp;&nbsp;__aeabi_llsl
</UL>
<BR>[Called By]<UL><LI><a href="#[1ce]">&gt;&gt;</a>&nbsp;&nbsp;&nbsp;_printf_core
</UL>

<P><STRONG><a name="[1cf]"></a>__ARM_fcmp4</STRONG> (Thumb, 54 bytes, Stack size 0 bytes, fcmp4.o(.text))
<BR><BR>[Called By]<UL><LI><a href="#[c6]">&gt;&gt;</a>&nbsp;&nbsp;&nbsp;__hardfp_fmaxf
</UL>

<P><STRONG><a name="[1e4]"></a>__I$use$fp</STRONG> (Thumb, 0 bytes, Stack size 0 bytes, iusefp.o(.text), UNUSED)

<P><STRONG><a name="[1e5]"></a>_fcmp4</STRONG> (Thumb, 0 bytes, Stack size 0 bytes, fcmp4.o(.text), UNUSED)

<P><STRONG><a name="[51]"></a>__scatterload</STRONG> (Thumb, 28 bytes, Stack size 0 bytes, init.o(.text))
<BR><BR>[Calls]<UL><LI><a href="#[58]">&gt;&gt;</a>&nbsp;&nbsp;&nbsp;__main_after_scatterload
</UL>
<BR>[Called By]<UL><LI><a href="#[50]">&gt;&gt;</a>&nbsp;&nbsp;&nbsp;_main_scatterload
</UL>

<P><STRONG><a name="[1e6]"></a>__scatterload_rt2</STRONG> (Thumb, 0 bytes, Stack size 0 bytes, init.o(.text), UNUSED)

<P><STRONG><a name="[57]"></a>__aeabi_llsl</STRONG> (Thumb, 30 bytes, Stack size 0 bytes, llshl.o(.text), UNUSED)
<BR><BR>[Called By]<UL><LI><a href="#[55]">&gt;&gt;</a>&nbsp;&nbsp;&nbsp;__aeabi_uldivmod
</UL>

<P><STRONG><a name="[1e7]"></a>_ll_shift_l</STRONG> (Thumb, 0 bytes, Stack size 0 bytes, llshl.o(.text), UNUSED)

<P><STRONG><a name="[56]"></a>__aeabi_llsr</STRONG> (Thumb, 32 bytes, Stack size 0 bytes, llushr.o(.text), UNUSED)
<BR><BR>[Called By]<UL><LI><a href="#[55]">&gt;&gt;</a>&nbsp;&nbsp;&nbsp;__aeabi_uldivmod
</UL>

<P><STRONG><a name="[1e8]"></a>_ll_ushift_r</STRONG> (Thumb, 0 bytes, Stack size 0 bytes, llushr.o(.text), UNUSED)

<P><STRONG><a name="[1c]"></a>ADC0_1_IRQHandler</STRONG> (Thumb, 4 bytes, Stack size 0 bytes, gd32f30x_it.o(i.ADC0_1_IRQHandler))
<BR><BR>[Stack]<UL><LI>Max Depth = 8<LI>Call Chain = ADC0_1_IRQHandler &rArr; ADC_IRQHandler_Internal
</UL>
<BR>[Calls]<UL><LI><a href="#[59]">&gt;&gt;</a>&nbsp;&nbsp;&nbsp;ADC_IRQHandler_Internal
</UL>
<BR>[Address Reference Count : 1]<UL><LI> startup_gd32f30x_hd.o(RESET)
</UL>
<P><STRONG><a name="[67]"></a>ADC2_ReadVbus</STRONG> (Thumb, 152 bytes, Stack size 24 bytes, adc.o(i.ADC2_ReadVbus))
<BR><BR>[Stack]<UL><LI>Max Depth = 52<LI>Call Chain = ADC2_ReadVbus &rArr; gpio_init
</UL>
<BR>[Calls]<UL><LI><a href="#[5b]">&gt;&gt;</a>&nbsp;&nbsp;&nbsp;rcu_periph_clock_enable
<LI><a href="#[63]">&gt;&gt;</a>&nbsp;&nbsp;&nbsp;adc_software_trigger_enable
<LI><a href="#[6b]">&gt;&gt;</a>&nbsp;&nbsp;&nbsp;adc_routine_data_read
<LI><a href="#[69]">&gt;&gt;</a>&nbsp;&nbsp;&nbsp;adc_flag_get
<LI><a href="#[6a]">&gt;&gt;</a>&nbsp;&nbsp;&nbsp;adc_flag_clear
<LI><a href="#[68]">&gt;&gt;</a>&nbsp;&nbsp;&nbsp;gpio_init
<LI><a href="#[5a]">&gt;&gt;</a>&nbsp;&nbsp;&nbsp;ADC2_Config
</UL>
<BR>[Called By]<UL><LI><a href="#[145]">&gt;&gt;</a>&nbsp;&nbsp;&nbsp;FOC_Platform_ReadVbusVoltage
</UL>

<P><STRONG><a name="[80]"></a>ADC_CurrentRawToVoltage</STRONG> (Thumb, 26 bytes, Stack size 0 bytes, adc.o(i.ADC_CurrentRawToVoltage))
<BR><BR>[Called By]<UL><LI><a href="#[7e]">&gt;&gt;</a>&nbsp;&nbsp;&nbsp;ADC_GetAverageSample
</UL>

<P><STRONG><a name="[78]"></a>ADC_DMA_IRQHandler_Internal</STRONG> (Thumb, 68 bytes, Stack size 16 bytes, adc.o(i.ADC_DMA_IRQHandler_Internal))
<BR><BR>[Stack]<UL><LI>Max Depth = 28<LI>Call Chain = ADC_DMA_IRQHandler_Internal &rArr; dma_interrupt_flag_get
</UL>
<BR>[Calls]<UL><LI><a href="#[7b]">&gt;&gt;</a>&nbsp;&nbsp;&nbsp;gpio_output_bit_get
<LI><a href="#[7d]">&gt;&gt;</a>&nbsp;&nbsp;&nbsp;gpio_bit_set
<LI><a href="#[7c]">&gt;&gt;</a>&nbsp;&nbsp;&nbsp;gpio_bit_reset
<LI><a href="#[79]">&gt;&gt;</a>&nbsp;&nbsp;&nbsp;dma_interrupt_flag_get
<LI><a href="#[7a]">&gt;&gt;</a>&nbsp;&nbsp;&nbsp;dma_interrupt_flag_clear
</UL>
<BR>[Called By]<UL><LI><a href="#[15]">&gt;&gt;</a>&nbsp;&nbsp;&nbsp;DMA0_Channel0_IRQHandler
</UL>

<P><STRONG><a name="[7e]"></a>ADC_GetAverageSample</STRONG> (Thumb, 226 bytes, Stack size 32 bytes, adc.o(i.ADC_GetAverageSample))
<BR><BR>[Stack]<UL><LI>Max Depth = 48<LI>Call Chain = ADC_GetAverageSample &rArr; dma_transfer_number_get
</UL>
<BR>[Calls]<UL><LI><a href="#[7f]">&gt;&gt;</a>&nbsp;&nbsp;&nbsp;dma_transfer_number_get
<LI><a href="#[82]">&gt;&gt;</a>&nbsp;&nbsp;&nbsp;ADC_VoltageToCurrentPhaseB
<LI><a href="#[81]">&gt;&gt;</a>&nbsp;&nbsp;&nbsp;ADC_VoltageToCurrentPhaseA
<LI><a href="#[80]">&gt;&gt;</a>&nbsp;&nbsp;&nbsp;ADC_CurrentRawToVoltage
</UL>
<BR>[Called By]<UL><LI><a href="#[86]">&gt;&gt;</a>&nbsp;&nbsp;&nbsp;ADC_ReadPhaseCurrentAB
</UL>

<P><STRONG><a name="[59]"></a>ADC_IRQHandler_Internal</STRONG> (Thumb, 30 bytes, Stack size 8 bytes, adc.o(i.ADC_IRQHandler_Internal))
<BR><BR>[Stack]<UL><LI>Max Depth = 8<LI>Call Chain = ADC_IRQHandler_Internal
</UL>
<BR>[Calls]<UL><LI><a href="#[83]">&gt;&gt;</a>&nbsp;&nbsp;&nbsp;adc_interrupt_flag_get
<LI><a href="#[84]">&gt;&gt;</a>&nbsp;&nbsp;&nbsp;adc_interrupt_flag_clear
</UL>
<BR>[Called By]<UL><LI><a href="#[1c]">&gt;&gt;</a>&nbsp;&nbsp;&nbsp;ADC0_1_IRQHandler
</UL>

<P><STRONG><a name="[85]"></a>ADC_Init</STRONG> (Thumb, 148 bytes, Stack size 16 bytes, adc.o(i.ADC_Init))
<BR><BR>[Stack]<UL><LI>Max Depth = 76<LI>Call Chain = ADC_Init &rArr; ADC_DMA_Config &rArr; nvic_irq_enable
</UL>
<BR>[Calls]<UL><LI><a href="#[5b]">&gt;&gt;</a>&nbsp;&nbsp;&nbsp;rcu_periph_clock_enable
<LI><a href="#[65]">&gt;&gt;</a>&nbsp;&nbsp;&nbsp;delay_1ms
<LI><a href="#[64]">&gt;&gt;</a>&nbsp;&nbsp;&nbsp;adc_enable
<LI><a href="#[66]">&gt;&gt;</a>&nbsp;&nbsp;&nbsp;adc_calibration_enable
<LI><a href="#[68]">&gt;&gt;</a>&nbsp;&nbsp;&nbsp;gpio_init
<LI><a href="#[7c]">&gt;&gt;</a>&nbsp;&nbsp;&nbsp;gpio_bit_reset
<LI><a href="#[72]">&gt;&gt;</a>&nbsp;&nbsp;&nbsp;ADC_DMA_Config
<LI><a href="#[6c]">&gt;&gt;</a>&nbsp;&nbsp;&nbsp;ADC_Config
</UL>
<BR>[Called By]<UL><LI><a href="#[147]">&gt;&gt;</a>&nbsp;&nbsp;&nbsp;FOC_Platform_SensorInputInit
</UL>

<P><STRONG><a name="[86]"></a>ADC_ReadPhaseCurrentAB</STRONG> (Thumb, 56 bytes, Stack size 24 bytes, adc.o(i.ADC_ReadPhaseCurrentAB))
<BR><BR>[Stack]<UL><LI>Max Depth = 72<LI>Call Chain = ADC_ReadPhaseCurrentAB &rArr; ADC_GetAverageSample &rArr; dma_transfer_number_get
</UL>
<BR>[Calls]<UL><LI><a href="#[7e]">&gt;&gt;</a>&nbsp;&nbsp;&nbsp;ADC_GetAverageSample
</UL>
<BR>[Called By]<UL><LI><a href="#[87]">&gt;&gt;</a>&nbsp;&nbsp;&nbsp;ADC_ReadPhaseCurrentABOk
</UL>

<P><STRONG><a name="[87]"></a>ADC_ReadPhaseCurrentABOk</STRONG> (Thumb, 16 bytes, Stack size 8 bytes, adc.o(i.ADC_ReadPhaseCurrentABOk))
<BR><BR>[Stack]<UL><LI>Max Depth = 80<LI>Call Chain = ADC_ReadPhaseCurrentABOk &rArr; ADC_ReadPhaseCurrentAB &rArr; ADC_GetAverageSample &rArr; dma_transfer_number_get
</UL>
<BR>[Calls]<UL><LI><a href="#[86]">&gt;&gt;</a>&nbsp;&nbsp;&nbsp;ADC_ReadPhaseCurrentAB
</UL>
<BR>[Called By]<UL><LI><a href="#[144]">&gt;&gt;</a>&nbsp;&nbsp;&nbsp;FOC_Platform_ReadPhaseCurrent
</UL>

<P><STRONG><a name="[88]"></a>ADC_Start</STRONG> (Thumb, 132 bytes, Stack size 16 bytes, adc.o(i.ADC_Start))
<BR><BR>[Stack]<UL><LI>Max Depth = 32<LI>Call Chain = ADC_Start &rArr; dma_transfer_number_config
</UL>
<BR>[Calls]<UL><LI><a href="#[6a]">&gt;&gt;</a>&nbsp;&nbsp;&nbsp;adc_flag_clear
<LI><a href="#[62]">&gt;&gt;</a>&nbsp;&nbsp;&nbsp;adc_external_trigger_config
<LI><a href="#[6f]">&gt;&gt;</a>&nbsp;&nbsp;&nbsp;adc_dma_mode_enable
<LI><a href="#[8a]">&gt;&gt;</a>&nbsp;&nbsp;&nbsp;dma_transfer_number_config
<LI><a href="#[8b]">&gt;&gt;</a>&nbsp;&nbsp;&nbsp;dma_periph_address_config
<LI><a href="#[8c]">&gt;&gt;</a>&nbsp;&nbsp;&nbsp;dma_memory_address_config
<LI><a href="#[7a]">&gt;&gt;</a>&nbsp;&nbsp;&nbsp;dma_interrupt_flag_clear
<LI><a href="#[8d]">&gt;&gt;</a>&nbsp;&nbsp;&nbsp;dma_flag_clear
<LI><a href="#[8e]">&gt;&gt;</a>&nbsp;&nbsp;&nbsp;dma_channel_enable
<LI><a href="#[89]">&gt;&gt;</a>&nbsp;&nbsp;&nbsp;dma_channel_disable
</UL>
<BR>[Called By]<UL><LI><a href="#[147]">&gt;&gt;</a>&nbsp;&nbsp;&nbsp;FOC_Platform_SensorInputInit
</UL>

<P><STRONG><a name="[81]"></a>ADC_VoltageToCurrentPhaseA</STRONG> (Thumb, 18 bytes, Stack size 0 bytes, adc.o(i.ADC_VoltageToCurrentPhaseA))
<BR><BR>[Called By]<UL><LI><a href="#[7e]">&gt;&gt;</a>&nbsp;&nbsp;&nbsp;ADC_GetAverageSample
</UL>

<P><STRONG><a name="[82]"></a>ADC_VoltageToCurrentPhaseB</STRONG> (Thumb, 18 bytes, Stack size 0 bytes, adc.o(i.ADC_VoltageToCurrentPhaseB))
<BR><BR>[Called By]<UL><LI><a href="#[7e]">&gt;&gt;</a>&nbsp;&nbsp;&nbsp;ADC_GetAverageSample
</UL>

<P><STRONG><a name="[8f]"></a>AS5600_Init</STRONG> (Thumb, 4 bytes, Stack size 0 bytes, as5600.o(i.AS5600_Init))
<BR><BR>[Stack]<UL><LI>Max Depth = 88<LI>Call Chain = AS5600_Init &rArr; I2C0_Init &rArr; I2C0_Config &rArr; i2c_clock_config &rArr; rcu_clock_freq_get
</UL>
<BR>[Calls]<UL><LI><a href="#[90]">&gt;&gt;</a>&nbsp;&nbsp;&nbsp;I2C0_Init
</UL>
<BR>[Called By]<UL><LI><a href="#[147]">&gt;&gt;</a>&nbsp;&nbsp;&nbsp;FOC_Platform_SensorInputInit
</UL>

<P><STRONG><a name="[95]"></a>AS5600_RawAngleToRad</STRONG> (Thumb, 18 bytes, Stack size 0 bytes, as5600.o(i.AS5600_RawAngleToRad))
<BR><BR>[Called By]<UL><LI><a href="#[94]">&gt;&gt;</a>&nbsp;&nbsp;&nbsp;AS5600_ReadAngleRadOk
</UL>

<P><STRONG><a name="[91]"></a>AS5600_ReadAngle</STRONG> (Thumb, 8 bytes, Stack size 0 bytes, as5600.o(i.AS5600_ReadAngle))
<BR><BR>[Stack]<UL><LI>Max Depth = 176<LI>Call Chain = AS5600_ReadAngle &rArr; AS5600_ReadRegister16 &rArr; I2C0_ReadBytes &rArr; I2C0_SendAddress &rArr; I2C0_WaitFlag &rArr; I2C0_Config &rArr; i2c_clock_config &rArr; rcu_clock_freq_get
</UL>
<BR>[Calls]<UL><LI><a href="#[92]">&gt;&gt;</a>&nbsp;&nbsp;&nbsp;AS5600_ReadRegister16
</UL>
<BR>[Called By]<UL><LI><a href="#[93]">&gt;&gt;</a>&nbsp;&nbsp;&nbsp;AS5600_ReadAngleOk
</UL>

<P><STRONG><a name="[93]"></a>AS5600_ReadAngleOk</STRONG> (Thumb, 16 bytes, Stack size 8 bytes, as5600.o(i.AS5600_ReadAngleOk))
<BR><BR>[Stack]<UL><LI>Max Depth = 184<LI>Call Chain = AS5600_ReadAngleOk &rArr; AS5600_ReadAngle &rArr; AS5600_ReadRegister16 &rArr; I2C0_ReadBytes &rArr; I2C0_SendAddress &rArr; I2C0_WaitFlag &rArr; I2C0_Config &rArr; i2c_clock_config &rArr; rcu_clock_freq_get
</UL>
<BR>[Calls]<UL><LI><a href="#[91]">&gt;&gt;</a>&nbsp;&nbsp;&nbsp;AS5600_ReadAngle
</UL>
<BR>[Called By]<UL><LI><a href="#[94]">&gt;&gt;</a>&nbsp;&nbsp;&nbsp;AS5600_ReadAngleRadOk
</UL>

<P><STRONG><a name="[94]"></a>AS5600_ReadAngleRadOk</STRONG> (Thumb, 36 bytes, Stack size 16 bytes, as5600.o(i.AS5600_ReadAngleRadOk))
<BR><BR>[Stack]<UL><LI>Max Depth = 200<LI>Call Chain = AS5600_ReadAngleRadOk &rArr; AS5600_ReadAngleOk &rArr; AS5600_ReadAngle &rArr; AS5600_ReadRegister16 &rArr; I2C0_ReadBytes &rArr; I2C0_SendAddress &rArr; I2C0_WaitFlag &rArr; I2C0_Config &rArr; i2c_clock_config &rArr; rcu_clock_freq_get
</UL>
<BR>[Calls]<UL><LI><a href="#[93]">&gt;&gt;</a>&nbsp;&nbsp;&nbsp;AS5600_ReadAngleOk
<LI><a href="#[95]">&gt;&gt;</a>&nbsp;&nbsp;&nbsp;AS5600_RawAngleToRad
</UL>
<BR>[Called By]<UL><LI><a href="#[143]">&gt;&gt;</a>&nbsp;&nbsp;&nbsp;FOC_Platform_ReadMechanicalAngleRad
</UL>

<P><STRONG><a name="[97]"></a>AuxTimer_IRQHandler_Internal</STRONG> (Thumb, 40 bytes, Stack size 8 bytes, auxtimer.o(i.AuxTimer_IRQHandler_Internal))
<BR><BR>[Stack]<UL><LI>Max Depth = 8<LI>Call Chain = AuxTimer_IRQHandler_Internal
</UL>
<BR>[Calls]<UL><LI><a href="#[98]">&gt;&gt;</a>&nbsp;&nbsp;&nbsp;timer_interrupt_flag_get
<LI><a href="#[99]">&gt;&gt;</a>&nbsp;&nbsp;&nbsp;timer_interrupt_flag_clear
</UL>
<BR>[Called By]<UL><LI><a href="#[3c]">&gt;&gt;</a>&nbsp;&nbsp;&nbsp;TIMER4_IRQHandler
</UL>

<P><STRONG><a name="[9a]"></a>AuxTimer_Init</STRONG> (Thumb, 62 bytes, Stack size 32 bytes, auxtimer.o(i.AuxTimer_Init))
<BR><BR>[Stack]<UL><LI>Max Depth = 44<LI>Call Chain = AuxTimer_Init &rArr; timer_init
</UL>
<BR>[Calls]<UL><LI><a href="#[5b]">&gt;&gt;</a>&nbsp;&nbsp;&nbsp;rcu_periph_clock_enable
<LI><a href="#[9c]">&gt;&gt;</a>&nbsp;&nbsp;&nbsp;timer_init
<LI><a href="#[9b]">&gt;&gt;</a>&nbsp;&nbsp;&nbsp;timer_deinit
</UL>
<BR>[Called By]<UL><LI><a href="#[129]">&gt;&gt;</a>&nbsp;&nbsp;&nbsp;FOC_Platform_AuxTimerInit
</UL>

<P><STRONG><a name="[136]"></a>AuxTimer_SetCallback</STRONG> (Thumb, 6 bytes, Stack size 0 bytes, auxtimer.o(i.AuxTimer_SetCallback))
<BR><BR>[Called By]<UL><LI><a href="#[129]">&gt;&gt;</a>&nbsp;&nbsp;&nbsp;FOC_Platform_AuxTimerInit
</UL>

<P><STRONG><a name="[9d]"></a>AuxTimer_SetUpdateInterruptEnabled</STRONG> (Thumb, 46 bytes, Stack size 8 bytes, auxtimer.o(i.AuxTimer_SetUpdateInterruptEnabled))
<BR><BR>[Stack]<UL><LI>Max Depth = 28<LI>Call Chain = AuxTimer_SetUpdateInterruptEnabled &rArr; nvic_irq_enable
</UL>
<BR>[Calls]<UL><LI><a href="#[71]">&gt;&gt;</a>&nbsp;&nbsp;&nbsp;nvic_irq_enable
<LI><a href="#[a0]">&gt;&gt;</a>&nbsp;&nbsp;&nbsp;nvic_irq_disable
<LI><a href="#[9e]">&gt;&gt;</a>&nbsp;&nbsp;&nbsp;timer_interrupt_enable
<LI><a href="#[9f]">&gt;&gt;</a>&nbsp;&nbsp;&nbsp;timer_interrupt_disable
</UL>
<BR>[Called By]<UL><LI><a href="#[ec]">&gt;&gt;</a>&nbsp;&nbsp;&nbsp;FOC_Platform_SetControlInterruptsEnabled
<LI><a href="#[129]">&gt;&gt;</a>&nbsp;&nbsp;&nbsp;FOC_Platform_AuxTimerInit
</UL>

<P><STRONG><a name="[a1]"></a>AuxTimer_Start</STRONG> (Thumb, 16 bytes, Stack size 0 bytes, auxtimer.o(i.AuxTimer_Start))
<BR><BR>[Calls]<UL><LI><a href="#[a2]">&gt;&gt;</a>&nbsp;&nbsp;&nbsp;timer_enable
</UL>
<BR>[Called By]<UL><LI><a href="#[ea]">&gt;&gt;</a>&nbsp;&nbsp;&nbsp;FOC_Platform_AuxTimerStart
</UL>

<P><STRONG><a name="[4]"></a>BusFault_Handler</STRONG> (Thumb, 2 bytes, Stack size 0 bytes, gd32f30x_it.o(i.BusFault_Handler))
<BR><BR>[Calls]<UL><LI><a href="#[4]">&gt;&gt;</a>&nbsp;&nbsp;&nbsp;BusFault_Handler
</UL>
<BR>[Called By]<UL><LI><a href="#[4]">&gt;&gt;</a>&nbsp;&nbsp;&nbsp;BusFault_Handler
</UL>
<BR>[Address Reference Count : 1]<UL><LI> startup_gd32f30x_hd.o(RESET)
</UL>
<P><STRONG><a name="[a6]"></a>ControlScheduler_ClearAllCallbacks</STRONG> (Thumb, 24 bytes, Stack size 0 bytes, foc_task_scheduler.o(i.ControlScheduler_ClearAllCallbacks))
<BR><BR>[Called By]<UL><LI><a href="#[a5]">&gt;&gt;</a>&nbsp;&nbsp;&nbsp;ControlScheduler_Init
</UL>

<P><STRONG><a name="[a3]"></a>ControlScheduler_EnableDWT</STRONG> (Thumb, 16 bytes, Stack size 8 bytes, foc_task_scheduler.o(i.ControlScheduler_EnableDWT))
<BR><BR>[Stack]<UL><LI>Max Depth = 8<LI>Call Chain = ControlScheduler_EnableDWT
</UL>
<BR>[Calls]<UL><LI><a href="#[a4]">&gt;&gt;</a>&nbsp;&nbsp;&nbsp;FOC_Platform_EnableCycleCounter
</UL>
<BR>[Called By]<UL><LI><a href="#[a7]">&gt;&gt;</a>&nbsp;&nbsp;&nbsp;ControlScheduler_RunTick
</UL>

<P><STRONG><a name="[e6]"></a>ControlScheduler_GetExecutionCycles</STRONG> (Thumb, 8 bytes, Stack size 0 bytes, foc_task_scheduler.o(i.ControlScheduler_GetExecutionCycles))
<BR><BR>[Called By]<UL><LI><a href="#[4e]">&gt;&gt;</a>&nbsp;&nbsp;&nbsp;FOC_App_SchedTickBridge
</UL>

<P><STRONG><a name="[a5]"></a>ControlScheduler_Init</STRONG> (Thumb, 18 bytes, Stack size 0 bytes, foc_task_scheduler.o(i.ControlScheduler_Init))
<BR><BR>[Calls]<UL><LI><a href="#[a6]">&gt;&gt;</a>&nbsp;&nbsp;&nbsp;ControlScheduler_ClearAllCallbacks
</UL>
<BR>[Called By]<UL><LI><a href="#[d3]">&gt;&gt;</a>&nbsp;&nbsp;&nbsp;FOC_Init_Runtime
</UL>

<P><STRONG><a name="[a7]"></a>ControlScheduler_RunTick</STRONG> (Thumb, 110 bytes, Stack size 16 bytes, foc_task_scheduler.o(i.ControlScheduler_RunTick))
<BR><BR>[Stack]<UL><LI>Max Depth = 24<LI>Call Chain = ControlScheduler_RunTick &rArr; ControlScheduler_EnableDWT
</UL>
<BR>[Calls]<UL><LI><a href="#[a8]">&gt;&gt;</a>&nbsp;&nbsp;&nbsp;FOC_Platform_ReadCycleCounter
<LI><a href="#[a3]">&gt;&gt;</a>&nbsp;&nbsp;&nbsp;ControlScheduler_EnableDWT
</UL>
<BR>[Called By]<UL><LI><a href="#[4e]">&gt;&gt;</a>&nbsp;&nbsp;&nbsp;FOC_App_SchedTickBridge
</UL>

<P><STRONG><a name="[122]"></a>ControlScheduler_SetCallback</STRONG> (Thumb, 16 bytes, Stack size 0 bytes, foc_task_scheduler.o(i.ControlScheduler_SetCallback))
<BR><BR>[Called By]<UL><LI><a href="#[d3]">&gt;&gt;</a>&nbsp;&nbsp;&nbsp;FOC_Init_Runtime
</UL>

<P><STRONG><a name="[15]"></a>DMA0_Channel0_IRQHandler</STRONG> (Thumb, 4 bytes, Stack size 0 bytes, gd32f30x_it.o(i.DMA0_Channel0_IRQHandler))
<BR><BR>[Stack]<UL><LI>Max Depth = 28<LI>Call Chain = DMA0_Channel0_IRQHandler &rArr; ADC_DMA_IRQHandler_Internal &rArr; dma_interrupt_flag_get
</UL>
<BR>[Calls]<UL><LI><a href="#[78]">&gt;&gt;</a>&nbsp;&nbsp;&nbsp;ADC_DMA_IRQHandler_Internal
</UL>
<BR>[Address Reference Count : 1]<UL><LI> startup_gd32f30x_hd.o(RESET)
</UL>
<P><STRONG><a name="[7]"></a>DebugMon_Handler</STRONG> (Thumb, 2 bytes, Stack size 0 bytes, gd32f30x_it.o(i.DebugMon_Handler))
<BR>[Address Reference Count : 1]<UL><LI> startup_gd32f30x_hd.o(RESET)
</UL>
<P><STRONG><a name="[a9]"></a>DebugStream_AppendOscValue</STRONG> (Thumb, 76 bytes, Stack size 32 bytes, foc_debug_stream.o(i.DebugStream_AppendOscValue))
<BR><BR>[Stack]<UL><LI>Max Depth = 64<LI>Call Chain = DebugStream_AppendOscValue &rArr; __2snprintf
</UL>
<BR>[Calls]<UL><LI><a href="#[aa]">&gt;&gt;</a>&nbsp;&nbsp;&nbsp;Math_FloatToFixed
<LI><a href="#[ab]">&gt;&gt;</a>&nbsp;&nbsp;&nbsp;__2snprintf
</UL>
<BR>[Called By]<UL><LI><a href="#[d9]">&gt;&gt;</a>&nbsp;&nbsp;&nbsp;FOC_OutputMgr_ProcessMonitorElements
</UL>

<P><STRONG><a name="[ac]"></a>DebugStream_CaptureOscSnapshot</STRONG> (Thumb, 308 bytes, Stack size 64 bytes, foc_debug_stream.o(i.DebugStream_CaptureOscSnapshot))
<BR><BR>[Stack]<UL><LI>Max Depth = 96<LI>Call Chain = DebugStream_CaptureOscSnapshot &rArr; FOC_SourceMgr_ReadSourceAngle &rArr; FOC_ControlMechanicalToElectricalAngle
</UL>
<BR>[Calls]<UL><LI><a href="#[af]">&gt;&gt;</a>&nbsp;&nbsp;&nbsp;Math_WrapRadDelta
<LI><a href="#[ae]">&gt;&gt;</a>&nbsp;&nbsp;&nbsp;FOC_SourceMgr_ReadSourceSpeed
<LI><a href="#[ad]">&gt;&gt;</a>&nbsp;&nbsp;&nbsp;FOC_SourceMgr_ReadSourceAngle
</UL>
<BR>[Called By]<UL><LI><a href="#[49]">&gt;&gt;</a>&nbsp;&nbsp;&nbsp;FOC_App_OnCurrentLoopISR
</UL>

<P><STRONG><a name="[b0]"></a>DebugStream_FormatInvalidLine</STRONG> (Thumb, 50 bytes, Stack size 8 bytes, foc_debug_stream.o(i.DebugStream_FormatInvalidLine))
<BR><BR>[Stack]<UL><LI>Max Depth = 40<LI>Call Chain = DebugStream_FormatInvalidLine &rArr; __2snprintf
</UL>
<BR>[Calls]<UL><LI><a href="#[ab]">&gt;&gt;</a>&nbsp;&nbsp;&nbsp;__2snprintf
</UL>
<BR>[Called By]<UL><LI><a href="#[d9]">&gt;&gt;</a>&nbsp;&nbsp;&nbsp;FOC_OutputMgr_ProcessMonitorElements
</UL>

<P><STRONG><a name="[b1]"></a>DebugStream_FormatSemanticLine</STRONG> (Thumb, 166 bytes, Stack size 32 bytes, foc_debug_stream.o(i.DebugStream_FormatSemanticLine))
<BR><BR>[Stack]<UL><LI>Max Depth = 64<LI>Call Chain = DebugStream_FormatSemanticLine &rArr; __2snprintf
</UL>
<BR>[Calls]<UL><LI><a href="#[aa]">&gt;&gt;</a>&nbsp;&nbsp;&nbsp;Math_FloatToFixed
<LI><a href="#[ab]">&gt;&gt;</a>&nbsp;&nbsp;&nbsp;__2snprintf
</UL>
<BR>[Called By]<UL><LI><a href="#[d9]">&gt;&gt;</a>&nbsp;&nbsp;&nbsp;FOC_OutputMgr_ProcessMonitorElements
</UL>

<P><STRONG><a name="[127]"></a>DebugStream_Init</STRONG> (Thumb, 54 bytes, Stack size 0 bytes, foc_debug_stream.o(i.DebugStream_Init))
<BR><BR>[Called By]<UL><LI><a href="#[d3]">&gt;&gt;</a>&nbsp;&nbsp;&nbsp;FOC_Init_Runtime
</UL>

<P><STRONG><a name="[b2]"></a>DebugStream_PollNextValue</STRONG> (Thumb, 220 bytes, Stack size 32 bytes, foc_debug_stream.o(i.DebugStream_PollNextValue))
<BR><BR>[Stack]<UL><LI>Max Depth = 56<LI>Call Chain = DebugStream_PollNextValue &rArr; DebugStream_PollSemantic
</UL>
<BR>[Calls]<UL><LI><a href="#[b3]">&gt;&gt;</a>&nbsp;&nbsp;&nbsp;DebugStream_PollSemantic
<LI><a href="#[b4]">&gt;&gt;</a>&nbsp;&nbsp;&nbsp;DebugStream_ComputePeriodTicks
</UL>
<BR>[Called By]<UL><LI><a href="#[4b]">&gt;&gt;</a>&nbsp;&nbsp;&nbsp;FOC_App_MonitorTrigger
</UL>

<P><STRONG><a name="[e7]"></a>DebugStream_SetExecutionCycles</STRONG> (Thumb, 8 bytes, Stack size 0 bytes, foc_debug_stream.o(i.DebugStream_SetExecutionCycles))
<BR><BR>[Called By]<UL><LI><a href="#[4e]">&gt;&gt;</a>&nbsp;&nbsp;&nbsp;FOC_App_SchedTickBridge
</UL>

<P><STRONG><a name="[dc]"></a>FIFO_Count</STRONG> (Thumb, 8 bytes, Stack size 0 bytes, foc_queue.o(i.FIFO_Count))
<BR><BR>[Called By]<UL><LI><a href="#[d8]">&gt;&gt;</a>&nbsp;&nbsp;&nbsp;FOC_App_Loop
<LI><a href="#[e1]">&gt;&gt;</a>&nbsp;&nbsp;&nbsp;FOC_OutputMgr_FlushQueue
</UL>

<P><STRONG><a name="[c2]"></a>FIFO_Dequeue</STRONG> (Thumb, 62 bytes, Stack size 8 bytes, foc_queue.o(i.FIFO_Dequeue))
<BR><BR>[Stack]<UL><LI>Max Depth = 8<LI>Call Chain = FIFO_Dequeue
</UL>
<BR>[Calls]<UL><LI><a href="#[c3]">&gt;&gt;</a>&nbsp;&nbsp;&nbsp;__aeabi_memcpy
</UL>
<BR>[Called By]<UL><LI><a href="#[d8]">&gt;&gt;</a>&nbsp;&nbsp;&nbsp;FOC_App_Loop
<LI><a href="#[d9]">&gt;&gt;</a>&nbsp;&nbsp;&nbsp;FOC_OutputMgr_ProcessMonitorElements
<LI><a href="#[e1]">&gt;&gt;</a>&nbsp;&nbsp;&nbsp;FOC_OutputMgr_FlushQueue
</UL>

<P><STRONG><a name="[c4]"></a>FIFO_Enqueue</STRONG> (Thumb, 70 bytes, Stack size 8 bytes, foc_queue.o(i.FIFO_Enqueue))
<BR><BR>[Stack]<UL><LI>Max Depth = 8<LI>Call Chain = FIFO_Enqueue
</UL>
<BR>[Calls]<UL><LI><a href="#[c3]">&gt;&gt;</a>&nbsp;&nbsp;&nbsp;__aeabi_memcpy
</UL>
<BR>[Called By]<UL><LI><a href="#[d8]">&gt;&gt;</a>&nbsp;&nbsp;&nbsp;FOC_App_Loop
<LI><a href="#[e0]">&gt;&gt;</a>&nbsp;&nbsp;&nbsp;FOC_Protocol_QueueSystemInfo
<LI><a href="#[df]">&gt;&gt;</a>&nbsp;&nbsp;&nbsp;FOC_Protocol_QueueStates
<LI><a href="#[dd]">&gt;&gt;</a>&nbsp;&nbsp;&nbsp;FOC_Protocol_QueueParams
<LI><a href="#[de]">&gt;&gt;</a>&nbsp;&nbsp;&nbsp;FOC_Protocol_QueueConfigs
<LI><a href="#[d9]">&gt;&gt;</a>&nbsp;&nbsp;&nbsp;FOC_OutputMgr_ProcessMonitorElements
<LI><a href="#[e8]">&gt;&gt;</a>&nbsp;&nbsp;&nbsp;FOC_OutputMgr_PollSources
<LI><a href="#[4b]">&gt;&gt;</a>&nbsp;&nbsp;&nbsp;FOC_App_MonitorTrigger
<LI><a href="#[15c]">&gt;&gt;</a>&nbsp;&nbsp;&nbsp;QueueSystemInfoFloatLine
</UL>

<P><STRONG><a name="[125]"></a>FIFO_Init</STRONG> (Thumb, 22 bytes, Stack size 0 bytes, foc_queue.o(i.FIFO_Init))
<BR><BR>[Called By]<UL><LI><a href="#[124]">&gt;&gt;</a>&nbsp;&nbsp;&nbsp;FOC_OutputMgr_Init
<LI><a href="#[d3]">&gt;&gt;</a>&nbsp;&nbsp;&nbsp;FOC_Init_Runtime
</UL>

<P><STRONG><a name="[c5]"></a>FOC_Accel_ApplySpeedLimit</STRONG> (Thumb, 120 bytes, Stack size 24 bytes, foc_ctrl_outer_loop.o(i.FOC_Accel_ApplySpeedLimit))
<BR><BR>[Stack]<UL><LI>Max Depth = 40<LI>Call Chain = FOC_Accel_ApplySpeedLimit &rArr; __hardfp_fmaxf
</UL>
<BR>[Calls]<UL><LI><a href="#[c6]">&gt;&gt;</a>&nbsp;&nbsp;&nbsp;__hardfp_fmaxf
</UL>
<BR>[Called By]<UL><LI><a href="#[109]">&gt;&gt;</a>&nbsp;&nbsp;&nbsp;FOC_SpeedOuterLoopStep
</UL>

<P><STRONG><a name="[4c]"></a>FOC_App_ControlTrigger</STRONG> (Thumb, 190 bytes, Stack size 24 bytes, foc_app.o(i.FOC_App_ControlTrigger))
<BR><BR>[Stack]<UL><LI>Max Depth = 280<LI>Call Chain = FOC_App_ControlTrigger &rArr; FOC_App_HandleResult &rArr; FOC_ControlExecutor_SafeOutput &rArr; FOC_ControlExecutor_FullStop &rArr; FOC_ControlApplyPhaseOutputRuntime &rArr; FOC_ControlApplyElectricalAngleRuntime &rArr; FOC_ControlApplyElectricalAngleCore &rArr; SVPWM_Update &rArr; SVPWM_CalculateDuty &rArr; FOC_MathLut_Atan2 &rArr; FOC_MathLut_AtanRatio
</UL>
<BR>[Calls]<UL><LI><a href="#[c9]">&gt;&gt;</a>&nbsp;&nbsp;&nbsp;Sensor_ReadVBUS
<LI><a href="#[c8]">&gt;&gt;</a>&nbsp;&nbsp;&nbsp;Sensor_ReadEncoder
<LI><a href="#[c7]">&gt;&gt;</a>&nbsp;&nbsp;&nbsp;FOC_Indicator_Update
<LI><a href="#[cb]">&gt;&gt;</a>&nbsp;&nbsp;&nbsp;FOC_ControlExecutor_RunCycle
<LI><a href="#[cc]">&gt;&gt;</a>&nbsp;&nbsp;&nbsp;FOC_ControlExecutor_PublishControlRef
<LI><a href="#[ca]">&gt;&gt;</a>&nbsp;&nbsp;&nbsp;FOC_App_HandleResult
</UL>
<BR>[Address Reference Count : 1]<UL><LI> foc_app.o(i.FOC_App_Init)
</UL>
<P><STRONG><a name="[cf]"></a>FOC_App_Init</STRONG> (Thumb, 178 bytes, Stack size 64 bytes, foc_app.o(i.FOC_App_Init))
<BR><BR>[Stack]<UL><LI>Max Depth = 560<LI>Call Chain = FOC_App_Init &rArr; FOC_Init_MotorAndCalib &rArr; FOC_MotorInit &rArr; FOC_CalibrateElectricalAngleAndDirection &rArr; FOC_EstimateDirectionAndPolePairs &rArr; FOC_SampleLockedMechanicalAngle &rArr; FOC_Platform_ReadMechanicalAngleRad &rArr; AS5600_ReadAngleRadOk &rArr; AS5600_ReadAngleOk &rArr; AS5600_ReadAngle &rArr; AS5600_ReadRegister16 &rArr; I2C0_ReadBytes &rArr; I2C0_SendAddress &rArr; I2C0_WaitFlag &rArr; I2C0_Config &rArr; i2c_clock_config &rArr; rcu_clock_freq_get
</UL>
<BR>[Calls]<UL><LI><a href="#[d2]">&gt;&gt;</a>&nbsp;&nbsp;&nbsp;FOC_Platform_SetIndicator
<LI><a href="#[d0]">&gt;&gt;</a>&nbsp;&nbsp;&nbsp;FOC_Platform_RuntimeInit
<LI><a href="#[d1]">&gt;&gt;</a>&nbsp;&nbsp;&nbsp;FOC_Platform_IndicatorInit
<LI><a href="#[d5]">&gt;&gt;</a>&nbsp;&nbsp;&nbsp;FOC_SourceMgr_Init
<LI><a href="#[d7]">&gt;&gt;</a>&nbsp;&nbsp;&nbsp;FOC_OutputMgr_WriteStartupInfo
<LI><a href="#[d6]">&gt;&gt;</a>&nbsp;&nbsp;&nbsp;FOC_Init_Verify
<LI><a href="#[d3]">&gt;&gt;</a>&nbsp;&nbsp;&nbsp;FOC_Init_Runtime
<LI><a href="#[d4]">&gt;&gt;</a>&nbsp;&nbsp;&nbsp;FOC_Init_MotorAndCalib
<LI><a href="#[c7]">&gt;&gt;</a>&nbsp;&nbsp;&nbsp;FOC_Indicator_Update
</UL>
<BR>[Called By]<UL><LI><a href="#[46]">&gt;&gt;</a>&nbsp;&nbsp;&nbsp;main
</UL>

<P><STRONG><a name="[d8]"></a>FOC_App_Loop</STRONG> (Thumb, 224 bytes, Stack size 176 bytes, foc_app.o(i.FOC_App_Loop))
<BR><BR>[Stack]<UL><LI>Max Depth = 424<LI>Call Chain = FOC_App_Loop &rArr; FOC_Protocol_ProcessSingle &rArr; ParseAndDispatchFrame &rArr; ExecuteSCommand &rArr; FOC_Protocol_OutputState &rArr; FOC_Platform_WriteDebugText &rArr; USART0_SlowWriter_SendData &rArr; dma_transfer_number_config
</UL>
<BR>[Calls]<UL><LI><a href="#[e0]">&gt;&gt;</a>&nbsp;&nbsp;&nbsp;FOC_Protocol_QueueSystemInfo
<LI><a href="#[df]">&gt;&gt;</a>&nbsp;&nbsp;&nbsp;FOC_Protocol_QueueStates
<LI><a href="#[dd]">&gt;&gt;</a>&nbsp;&nbsp;&nbsp;FOC_Protocol_QueueParams
<LI><a href="#[de]">&gt;&gt;</a>&nbsp;&nbsp;&nbsp;FOC_Protocol_QueueConfigs
<LI><a href="#[da]">&gt;&gt;</a>&nbsp;&nbsp;&nbsp;FOC_Protocol_ProcessSingle
<LI><a href="#[db]">&gt;&gt;</a>&nbsp;&nbsp;&nbsp;FOC_Protocol_FormatSummaryLine
<LI><a href="#[d9]">&gt;&gt;</a>&nbsp;&nbsp;&nbsp;FOC_OutputMgr_ProcessMonitorElements
<LI><a href="#[e1]">&gt;&gt;</a>&nbsp;&nbsp;&nbsp;FOC_OutputMgr_FlushQueue
<LI><a href="#[c4]">&gt;&gt;</a>&nbsp;&nbsp;&nbsp;FIFO_Enqueue
<LI><a href="#[c2]">&gt;&gt;</a>&nbsp;&nbsp;&nbsp;FIFO_Dequeue
<LI><a href="#[dc]">&gt;&gt;</a>&nbsp;&nbsp;&nbsp;FIFO_Count
</UL>
<BR>[Called By]<UL><LI><a href="#[46]">&gt;&gt;</a>&nbsp;&nbsp;&nbsp;main
</UL>

<P><STRONG><a name="[4b]"></a>FOC_App_MonitorTrigger</STRONG> (Thumb, 90 bytes, Stack size 32 bytes, foc_app.o(i.FOC_App_MonitorTrigger))
<BR><BR>[Stack]<UL><LI>Max Depth = 88<LI>Call Chain = FOC_App_MonitorTrigger &rArr; DebugStream_PollNextValue &rArr; DebugStream_PollSemantic
</UL>
<BR>[Calls]<UL><LI><a href="#[e2]">&gt;&gt;</a>&nbsp;&nbsp;&nbsp;FOC_Protocol_GetReportConfig
<LI><a href="#[c4]">&gt;&gt;</a>&nbsp;&nbsp;&nbsp;FIFO_Enqueue
<LI><a href="#[b2]">&gt;&gt;</a>&nbsp;&nbsp;&nbsp;DebugStream_PollNextValue
</UL>
<BR>[Address Reference Count : 1]<UL><LI> foc_app.o(i.FOC_App_Init)
</UL>
<P><STRONG><a name="[49]"></a>FOC_App_OnCurrentLoopISR</STRONG> (Thumb, 42 bytes, Stack size 8 bytes, foc_app.o(i.FOC_App_OnCurrentLoopISR))
<BR><BR>[Stack]<UL><LI>Max Depth = 320<LI>Call Chain = FOC_App_OnCurrentLoopISR &rArr; FOC_ControlExecutor_RunISR_CurrentLoop &rArr; FOC_ControlExecutor_RunISR_CurrentLoopCore &rArr; FOC_SourceMgr_Select &rArr; SourceMgr_CommitSwitch &rArr; SourceMgr_SyncOuterLoopOnSwitch &rArr; FOC_SourceMgr_ReadSourceAngle &rArr; FOC_ControlMechanicalToElectricalAngle
</UL>
<BR>[Calls]<UL><LI><a href="#[e3]">&gt;&gt;</a>&nbsp;&nbsp;&nbsp;FOC_ControlExecutor_RunISR_CurrentLoop
<LI><a href="#[ac]">&gt;&gt;</a>&nbsp;&nbsp;&nbsp;DebugStream_CaptureOscSnapshot
</UL>
<BR>[Address Reference Count : 1]<UL><LI> foc_app.o(i.FOC_App_Init)
</UL>
<P><STRONG><a name="[4a]"></a>FOC_App_OnPwmUpdateISR</STRONG> (Thumb, 52 bytes, Stack size 16 bytes, foc_app.o(i.FOC_App_OnPwmUpdateISR))
<BR><BR>[Stack]<UL><LI>Max Depth = 280<LI>Call Chain = FOC_App_OnPwmUpdateISR &rArr; FOC_ControlExecutor_RunISR_PwmOnly &rArr; FOC_ControlExecutor_FullStop &rArr; FOC_ControlApplyPhaseOutputRuntime &rArr; FOC_ControlApplyElectricalAngleRuntime &rArr; FOC_ControlApplyElectricalAngleCore &rArr; SVPWM_Update &rArr; SVPWM_CalculateDuty &rArr; FOC_MathLut_Atan2 &rArr; FOC_MathLut_AtanRatio
</UL>
<BR>[Calls]<UL><LI><a href="#[a8]">&gt;&gt;</a>&nbsp;&nbsp;&nbsp;FOC_Platform_ReadCycleCounter
<LI><a href="#[e5]">&gt;&gt;</a>&nbsp;&nbsp;&nbsp;FOC_ControlExecutor_RunISR_PwmOnly
<LI><a href="#[e4]">&gt;&gt;</a>&nbsp;&nbsp;&nbsp;FOC_ControlExecutor_FullStop
</UL>
<BR>[Address Reference Count : 1]<UL><LI> foc_app.o(i.FOC_App_Init)
</UL>
<P><STRONG><a name="[4d]"></a>FOC_App_ServiceTrigger</STRONG> (Thumb, 18 bytes, Stack size 8 bytes, foc_app.o(i.FOC_App_ServiceTrigger))
<BR><BR>[Stack]<UL><LI>Max Depth = 120<LI>Call Chain = FOC_App_ServiceTrigger &rArr; FOC_OutputMgr_PollSources &rArr; FOC_Platform_CommSource_ReadFrame &rArr; USART2_ReadFrame
</UL>
<BR>[Calls]<UL><LI><a href="#[e8]">&gt;&gt;</a>&nbsp;&nbsp;&nbsp;FOC_OutputMgr_PollSources
</UL>
<BR>[Address Reference Count : 1]<UL><LI> foc_app.o(i.FOC_App_Init)
</UL>
<P><STRONG><a name="[e9]"></a>FOC_App_Start</STRONG> (Thumb, 22 bytes, Stack size 8 bytes, foc_app.o(i.FOC_App_Start))
<BR><BR>[Stack]<UL><LI>Max Depth = 44<LI>Call Chain = FOC_App_Start &rArr; FOC_Platform_SetControlInterruptsEnabled &rArr; Timer5_SetUpdateInterruptEnabled &rArr; nvic_irq_enable
</UL>
<BR>[Calls]<UL><LI><a href="#[eb]">&gt;&gt;</a>&nbsp;&nbsp;&nbsp;FOC_Platform_StartControlTickSource
<LI><a href="#[ec]">&gt;&gt;</a>&nbsp;&nbsp;&nbsp;FOC_Platform_SetControlInterruptsEnabled
<LI><a href="#[ea]">&gt;&gt;</a>&nbsp;&nbsp;&nbsp;FOC_Platform_AuxTimerStart
</UL>
<BR>[Called By]<UL><LI><a href="#[46]">&gt;&gt;</a>&nbsp;&nbsp;&nbsp;main
</UL>

<P><STRONG><a name="[ed]"></a>FOC_CalibrateElectricalAngleAndDirection</STRONG> (Thumb, 358 bytes, Stack size 88 bytes, foc_ctrl_init.o(i.FOC_CalibrateElectricalAngleAndDirection))
<BR><BR>[Stack]<UL><LI>Max Depth = 432<LI>Call Chain = FOC_CalibrateElectricalAngleAndDirection &rArr; FOC_EstimateDirectionAndPolePairs &rArr; FOC_SampleLockedMechanicalAngle &rArr; FOC_Platform_ReadMechanicalAngleRad &rArr; AS5600_ReadAngleRadOk &rArr; AS5600_ReadAngleOk &rArr; AS5600_ReadAngle &rArr; AS5600_ReadRegister16 &rArr; I2C0_ReadBytes &rArr; I2C0_SendAddress &rArr; I2C0_WaitFlag &rArr; I2C0_Config &rArr; i2c_clock_config &rArr; rcu_clock_freq_get
</UL>
<BR>[Calls]<UL><LI><a href="#[f0]">&gt;&gt;</a>&nbsp;&nbsp;&nbsp;FOC_Platform_WriteDebugText
<LI><a href="#[f2]">&gt;&gt;</a>&nbsp;&nbsp;&nbsp;FOC_Platform_WaitMs
<LI><a href="#[f3]">&gt;&gt;</a>&nbsp;&nbsp;&nbsp;FOC_EstimateDirectionAndPolePairs
<LI><a href="#[ee]">&gt;&gt;</a>&nbsp;&nbsp;&nbsp;Math_ClampFloat
<LI><a href="#[ef]">&gt;&gt;</a>&nbsp;&nbsp;&nbsp;FOC_SampleLockedMechanicalAngle
<LI><a href="#[f1]">&gt;&gt;</a>&nbsp;&nbsp;&nbsp;FOC_ControlApplyElectricalAngleDirect
</UL>
<BR>[Called By]<UL><LI><a href="#[11f]">&gt;&gt;</a>&nbsp;&nbsp;&nbsp;FOC_MotorInit
</UL>

<P><STRONG><a name="[f1]"></a>FOC_ControlApplyElectricalAngleDirect</STRONG> (Thumb, 16 bytes, Stack size 24 bytes, foc_ctrl_actuation.o(i.FOC_ControlApplyElectricalAngleDirect))
<BR><BR>[Stack]<UL><LI>Max Depth = 192<LI>Call Chain = FOC_ControlApplyElectricalAngleDirect &rArr; FOC_ControlApplyElectricalAngleCore &rArr; SVPWM_Update &rArr; SVPWM_CalculateDuty &rArr; FOC_MathLut_Atan2 &rArr; FOC_MathLut_AtanRatio
</UL>
<BR>[Calls]<UL><LI><a href="#[f4]">&gt;&gt;</a>&nbsp;&nbsp;&nbsp;FOC_ControlApplyElectricalAngleCore
</UL>
<BR>[Called By]<UL><LI><a href="#[f3]">&gt;&gt;</a>&nbsp;&nbsp;&nbsp;FOC_EstimateDirectionAndPolePairs
<LI><a href="#[ed]">&gt;&gt;</a>&nbsp;&nbsp;&nbsp;FOC_CalibrateElectricalAngleAndDirection
<LI><a href="#[ef]">&gt;&gt;</a>&nbsp;&nbsp;&nbsp;FOC_SampleLockedMechanicalAngle
</UL>

<P><STRONG><a name="[fa]"></a>FOC_ControlApplyElectricalAngleRuntime</STRONG> (Thumb, 16 bytes, Stack size 24 bytes, foc_ctrl_actuation.o(i.FOC_ControlApplyElectricalAngleRuntime))
<BR><BR>[Stack]<UL><LI>Max Depth = 192<LI>Call Chain = FOC_ControlApplyElectricalAngleRuntime &rArr; FOC_ControlApplyElectricalAngleCore &rArr; SVPWM_Update &rArr; SVPWM_CalculateDuty &rArr; FOC_MathLut_Atan2 &rArr; FOC_MathLut_AtanRatio
</UL>
<BR>[Calls]<UL><LI><a href="#[f4]">&gt;&gt;</a>&nbsp;&nbsp;&nbsp;FOC_ControlApplyElectricalAngleCore
</UL>
<BR>[Called By]<UL><LI><a href="#[101]">&gt;&gt;</a>&nbsp;&nbsp;&nbsp;FOC_ControlExecutor_RunISR_CurrentLoopCore
<LI><a href="#[fb]">&gt;&gt;</a>&nbsp;&nbsp;&nbsp;FOC_ControlApplyPhaseOutputRuntime
</UL>

<P><STRONG><a name="[fb]"></a>FOC_ControlApplyPhaseOutputRuntime</STRONG> (Thumb, 130 bytes, Stack size 24 bytes, foc_ctrl_actuation.o(i.FOC_ControlApplyPhaseOutputRuntime))
<BR><BR>[Stack]<UL><LI>Max Depth = 216<LI>Call Chain = FOC_ControlApplyPhaseOutputRuntime &rArr; FOC_ControlApplyElectricalAngleRuntime &rArr; FOC_ControlApplyElectricalAngleCore &rArr; SVPWM_Update &rArr; SVPWM_CalculateDuty &rArr; FOC_MathLut_Atan2 &rArr; FOC_MathLut_AtanRatio
</UL>
<BR>[Calls]<UL><LI><a href="#[fc]">&gt;&gt;</a>&nbsp;&nbsp;&nbsp;SVPWM_ApplyDirectDuty
<LI><a href="#[fa]">&gt;&gt;</a>&nbsp;&nbsp;&nbsp;FOC_ControlApplyElectricalAngleRuntime
</UL>
<BR>[Called By]<UL><LI><a href="#[e5]">&gt;&gt;</a>&nbsp;&nbsp;&nbsp;FOC_ControlExecutor_RunISR_PwmOnly
<LI><a href="#[e4]">&gt;&gt;</a>&nbsp;&nbsp;&nbsp;FOC_ControlExecutor_FullStop
</UL>

<P><STRONG><a name="[132]"></a>FOC_ControlConfigResetDefault</STRONG> (Thumb, 78 bytes, Stack size 0 bytes, foc_ctrl_cfg.o(i.FOC_ControlConfigResetDefault))
<BR><BR>[Called By]<UL><LI><a href="#[11f]">&gt;&gt;</a>&nbsp;&nbsp;&nbsp;FOC_MotorInit
</UL>

<P><STRONG><a name="[e4]"></a>FOC_ControlExecutor_FullStop</STRONG> (Thumb, 148 bytes, Stack size 32 bytes, foc_ctrl_executor.o(i.FOC_ControlExecutor_FullStop))
<BR><BR>[Stack]<UL><LI>Max Depth = 248<LI>Call Chain = FOC_ControlExecutor_FullStop &rArr; FOC_ControlApplyPhaseOutputRuntime &rArr; FOC_ControlApplyElectricalAngleRuntime &rArr; FOC_ControlApplyElectricalAngleCore &rArr; SVPWM_Update &rArr; SVPWM_CalculateDuty &rArr; FOC_MathLut_Atan2 &rArr; FOC_MathLut_AtanRatio
</UL>
<BR>[Calls]<UL><LI><a href="#[fd]">&gt;&gt;</a>&nbsp;&nbsp;&nbsp;FOC_PIDReset
<LI><a href="#[fe]">&gt;&gt;</a>&nbsp;&nbsp;&nbsp;FOC_ControlRecordPhaseOutputZero
<LI><a href="#[fb]">&gt;&gt;</a>&nbsp;&nbsp;&nbsp;FOC_ControlApplyPhaseOutputRuntime
</UL>
<BR>[Called By]<UL><LI><a href="#[ce]">&gt;&gt;</a>&nbsp;&nbsp;&nbsp;FOC_ControlExecutor_SafeOutput
<LI><a href="#[e5]">&gt;&gt;</a>&nbsp;&nbsp;&nbsp;FOC_ControlExecutor_RunISR_PwmOnly
<LI><a href="#[e3]">&gt;&gt;</a>&nbsp;&nbsp;&nbsp;FOC_ControlExecutor_RunISR_CurrentLoop
<LI><a href="#[4a]">&gt;&gt;</a>&nbsp;&nbsp;&nbsp;FOC_App_OnPwmUpdateISR
</UL>

<P><STRONG><a name="[110]"></a>FOC_ControlExecutor_Init</STRONG> (Thumb, 8 bytes, Stack size 0 bytes, foc_ctrl_executor.o(i.FOC_ControlExecutor_Init))
<BR><BR>[Called By]<UL><LI><a href="#[11f]">&gt;&gt;</a>&nbsp;&nbsp;&nbsp;FOC_MotorInit
<LI><a href="#[10b]">&gt;&gt;</a>&nbsp;&nbsp;&nbsp;FOC_ControlPlatform_InitHardware
</UL>

<P><STRONG><a name="[cc]"></a>FOC_ControlExecutor_PublishControlRef</STRONG> (Thumb, 58 bytes, Stack size 8 bytes, foc_ctrl_executor.o(i.FOC_ControlExecutor_PublishControlRef))
<BR><BR>[Stack]<UL><LI>Max Depth = 8<LI>Call Chain = FOC_ControlExecutor_PublishControlRef
</UL>
<BR>[Calls]<UL><LI><a href="#[ff]">&gt;&gt;</a>&nbsp;&nbsp;&nbsp;FOC_Platform_MemoryBarrier
</UL>
<BR>[Called By]<UL><LI><a href="#[4c]">&gt;&gt;</a>&nbsp;&nbsp;&nbsp;FOC_App_ControlTrigger
</UL>

<P><STRONG><a name="[cb]"></a>FOC_ControlExecutor_RunCycle</STRONG> (Thumb, 58 bytes, Stack size 16 bytes, foc_ctrl_executor.o(i.FOC_ControlExecutor_RunCycle))
<BR><BR>[Stack]<UL><LI>Max Depth = 136<LI>Call Chain = FOC_ControlExecutor_RunCycle &rArr; FOC_ControlExecutor_RunOuterLoop &rArr; FOC_SpeedOuterLoopStep &rArr; FOC_Accel_ApplySpeedLimit &rArr; __hardfp_fmaxf
</UL>
<BR>[Calls]<UL><LI><a href="#[100]">&gt;&gt;</a>&nbsp;&nbsp;&nbsp;FOC_ControlExecutor_RunOuterLoop
</UL>
<BR>[Called By]<UL><LI><a href="#[4c]">&gt;&gt;</a>&nbsp;&nbsp;&nbsp;FOC_App_ControlTrigger
</UL>

<P><STRONG><a name="[e3]"></a>FOC_ControlExecutor_RunISR_CurrentLoop</STRONG> (Thumb, 36 bytes, Stack size 0 bytes, foc_ctrl_executor.o(i.FOC_ControlExecutor_RunISR_CurrentLoop))
<BR><BR>[Stack]<UL><LI>Max Depth = 312<LI>Call Chain = FOC_ControlExecutor_RunISR_CurrentLoop &rArr; FOC_ControlExecutor_RunISR_CurrentLoopCore &rArr; FOC_SourceMgr_Select &rArr; SourceMgr_CommitSwitch &rArr; SourceMgr_SyncOuterLoopOnSwitch &rArr; FOC_SourceMgr_ReadSourceAngle &rArr; FOC_ControlMechanicalToElectricalAngle
</UL>
<BR>[Calls]<UL><LI><a href="#[e4]">&gt;&gt;</a>&nbsp;&nbsp;&nbsp;FOC_ControlExecutor_FullStop
<LI><a href="#[101]">&gt;&gt;</a>&nbsp;&nbsp;&nbsp;FOC_ControlExecutor_RunISR_CurrentLoopCore
</UL>
<BR>[Called By]<UL><LI><a href="#[49]">&gt;&gt;</a>&nbsp;&nbsp;&nbsp;FOC_App_OnCurrentLoopISR
</UL>

<P><STRONG><a name="[e5]"></a>FOC_ControlExecutor_RunISR_PwmOnly</STRONG> (Thumb, 64 bytes, Stack size 16 bytes, foc_ctrl_executor.o(i.FOC_ControlExecutor_RunISR_PwmOnly))
<BR><BR>[Stack]<UL><LI>Max Depth = 264<LI>Call Chain = FOC_ControlExecutor_RunISR_PwmOnly &rArr; FOC_ControlExecutor_FullStop &rArr; FOC_ControlApplyPhaseOutputRuntime &rArr; FOC_ControlApplyElectricalAngleRuntime &rArr; FOC_ControlApplyElectricalAngleCore &rArr; SVPWM_Update &rArr; SVPWM_CalculateDuty &rArr; FOC_MathLut_Atan2 &rArr; FOC_MathLut_AtanRatio
</UL>
<BR>[Calls]<UL><LI><a href="#[e4]">&gt;&gt;</a>&nbsp;&nbsp;&nbsp;FOC_ControlExecutor_FullStop
<LI><a href="#[fb]">&gt;&gt;</a>&nbsp;&nbsp;&nbsp;FOC_ControlApplyPhaseOutputRuntime
</UL>
<BR>[Called By]<UL><LI><a href="#[4a]">&gt;&gt;</a>&nbsp;&nbsp;&nbsp;FOC_App_OnPwmUpdateISR
</UL>

<P><STRONG><a name="[100]"></a>FOC_ControlExecutor_RunOuterLoop</STRONG> (Thumb, 154 bytes, Stack size 40 bytes, foc_ctrl_executor.o(i.FOC_ControlExecutor_RunOuterLoop))
<BR><BR>[Stack]<UL><LI>Max Depth = 120<LI>Call Chain = FOC_ControlExecutor_RunOuterLoop &rArr; FOC_SpeedOuterLoopStep &rArr; FOC_Accel_ApplySpeedLimit &rArr; __hardfp_fmaxf
</UL>
<BR>[Calls]<UL><LI><a href="#[109]">&gt;&gt;</a>&nbsp;&nbsp;&nbsp;FOC_SpeedOuterLoopStep
<LI><a href="#[fd]">&gt;&gt;</a>&nbsp;&nbsp;&nbsp;FOC_PIDReset
</UL>
<BR>[Called By]<UL><LI><a href="#[cb]">&gt;&gt;</a>&nbsp;&nbsp;&nbsp;FOC_ControlExecutor_RunCycle
</UL>

<P><STRONG><a name="[ce]"></a>FOC_ControlExecutor_SafeOutput</STRONG> (Thumb, 4 bytes, Stack size 0 bytes, foc_ctrl_executor.o(i.FOC_ControlExecutor_SafeOutput))
<BR><BR>[Stack]<UL><LI>Max Depth = 248<LI>Call Chain = FOC_ControlExecutor_SafeOutput &rArr; FOC_ControlExecutor_FullStop &rArr; FOC_ControlApplyPhaseOutputRuntime &rArr; FOC_ControlApplyElectricalAngleRuntime &rArr; FOC_ControlApplyElectricalAngleCore &rArr; SVPWM_Update &rArr; SVPWM_CalculateDuty &rArr; FOC_MathLut_Atan2 &rArr; FOC_MathLut_AtanRatio
</UL>
<BR>[Calls]<UL><LI><a href="#[e4]">&gt;&gt;</a>&nbsp;&nbsp;&nbsp;FOC_ControlExecutor_FullStop
</UL>
<BR>[Called By]<UL><LI><a href="#[ca]">&gt;&gt;</a>&nbsp;&nbsp;&nbsp;FOC_App_HandleResult
</UL>

<P><STRONG><a name="[10a]"></a>FOC_ControlMechanicalToElectricalAngle</STRONG> (Thumb, 72 bytes, Stack size 8 bytes, foc_ctrl_actuation.o(i.FOC_ControlMechanicalToElectricalAngle))
<BR><BR>[Stack]<UL><LI>Max Depth = 8<LI>Call Chain = FOC_ControlMechanicalToElectricalAngle
</UL>
<BR>[Calls]<UL><LI><a href="#[f5]">&gt;&gt;</a>&nbsp;&nbsp;&nbsp;Math_WrapRad
<LI><a href="#[af]">&gt;&gt;</a>&nbsp;&nbsp;&nbsp;Math_WrapRadDelta
</UL>
<BR>[Called By]<UL><LI><a href="#[ad]">&gt;&gt;</a>&nbsp;&nbsp;&nbsp;FOC_SourceMgr_ReadSourceAngle
</UL>

<P><STRONG><a name="[10b]"></a>FOC_ControlPlatform_InitHardware</STRONG> (Thumb, 58 bytes, Stack size 8 bytes, foc_ctrl_init.o(i.FOC_ControlPlatform_InitHardware))
<BR><BR>[Stack]<UL><LI>Max Depth = 240<LI>Call Chain = FOC_ControlPlatform_InitHardware &rArr; Sensor_ReadEncoder &rArr; FOC_Platform_ReadMechanicalAngleRad &rArr; AS5600_ReadAngleRadOk &rArr; AS5600_ReadAngleOk &rArr; AS5600_ReadAngle &rArr; AS5600_ReadRegister16 &rArr; I2C0_ReadBytes &rArr; I2C0_SendAddress &rArr; I2C0_WaitFlag &rArr; I2C0_Config &rArr; i2c_clock_config &rArr; rcu_clock_freq_get
</UL>
<BR>[Calls]<UL><LI><a href="#[c9]">&gt;&gt;</a>&nbsp;&nbsp;&nbsp;Sensor_ReadVBUS
<LI><a href="#[c8]">&gt;&gt;</a>&nbsp;&nbsp;&nbsp;Sensor_ReadEncoder
<LI><a href="#[10e]">&gt;&gt;</a>&nbsp;&nbsp;&nbsp;Sensor_SetZeroOffset
<LI><a href="#[10c]">&gt;&gt;</a>&nbsp;&nbsp;&nbsp;Sensor_InitSnapshot
<LI><a href="#[10d]">&gt;&gt;</a>&nbsp;&nbsp;&nbsp;Sensor_Init
<LI><a href="#[10f]">&gt;&gt;</a>&nbsp;&nbsp;&nbsp;SVPWM_Init
<LI><a href="#[110]">&gt;&gt;</a>&nbsp;&nbsp;&nbsp;FOC_ControlExecutor_Init
</UL>
<BR>[Called By]<UL><LI><a href="#[d3]">&gt;&gt;</a>&nbsp;&nbsp;&nbsp;FOC_Init_Runtime
</UL>

<P><STRONG><a name="[fe]"></a>FOC_ControlRecordPhaseOutputZero</STRONG> (Thumb, 48 bytes, Stack size 8 bytes, foc_ctrl_actuation.o(i.FOC_ControlRecordPhaseOutputZero))
<BR><BR>[Stack]<UL><LI>Max Depth = 8<LI>Call Chain = FOC_ControlRecordPhaseOutputZero
</UL>
<BR>[Called By]<UL><LI><a href="#[e4]">&gt;&gt;</a>&nbsp;&nbsp;&nbsp;FOC_ControlExecutor_FullStop
</UL>

<P><STRONG><a name="[103]"></a>FOC_ControlRequiresCurrentSample</STRONG> (Thumb, 4 bytes, Stack size 0 bytes, foc_ctrl_current_loop.o(i.FOC_ControlRequiresCurrentSample))
<BR><BR>[Called By]<UL><LI><a href="#[101]">&gt;&gt;</a>&nbsp;&nbsp;&nbsp;FOC_ControlExecutor_RunISR_CurrentLoopCore
</UL>

<P><STRONG><a name="[111]"></a>FOC_Control_ApplyConfig</STRONG> (Thumb, 96 bytes, Stack size 16 bytes, foc_ctrl_cfg.o(i.FOC_Control_ApplyConfig))
<BR><BR>[Stack]<UL><LI>Max Depth = 16<LI>Call Chain = FOC_Control_ApplyConfig
</UL>
<BR>[Calls]<UL><LI><a href="#[112]">&gt;&gt;</a>&nbsp;&nbsp;&nbsp;Sensor_ADCSampleTimeOffset
</UL>
<BR>[Called By]<UL><LI><a href="#[d4]">&gt;&gt;</a>&nbsp;&nbsp;&nbsp;FOC_Init_MotorAndCalib
</UL>

<P><STRONG><a name="[108]"></a>FOC_CurrentControlStep</STRONG> (Thumb, 238 bytes, Stack size 48 bytes, foc_ctrl_current_loop.o(i.FOC_CurrentControlStep))
<BR><BR>[Stack]<UL><LI>Max Depth = 192<LI>Call Chain = FOC_CurrentControlStep &rArr; FOC_CurrentControlSoftSwitchStep &rArr; FOC_CurrentControlClosedLoopStep &rArr; FOC_CurrentLoopComputeIqMeasured &rArr; Math_ParkTransform
</UL>
<BR>[Calls]<UL><LI><a href="#[11a]">&gt;&gt;</a>&nbsp;&nbsp;&nbsp;Math_NormalizeDt
<LI><a href="#[118]">&gt;&gt;</a>&nbsp;&nbsp;&nbsp;FOC_CurrentLoopEstimateOpenLoopResistanceModel
<LI><a href="#[114]">&gt;&gt;</a>&nbsp;&nbsp;&nbsp;FOC_CurrentLoopComputeIqMeasured
<LI><a href="#[116]">&gt;&gt;</a>&nbsp;&nbsp;&nbsp;FOC_CurrentControlSoftSwitchStep
<LI><a href="#[113]">&gt;&gt;</a>&nbsp;&nbsp;&nbsp;FOC_CurrentControlClosedLoopStep
<LI><a href="#[f5]">&gt;&gt;</a>&nbsp;&nbsp;&nbsp;Math_WrapRad
</UL>
<BR>[Called By]<UL><LI><a href="#[101]">&gt;&gt;</a>&nbsp;&nbsp;&nbsp;FOC_ControlExecutor_RunISR_CurrentLoopCore
</UL>

<P><STRONG><a name="[f3]"></a>FOC_EstimateDirectionAndPolePairs</STRONG> (Thumb, 386 bytes, Stack size 104 bytes, foc_ctrl_param_learn.o(i.FOC_EstimateDirectionAndPolePairs))
<BR><BR>[Stack]<UL><LI>Max Depth = 344<LI>Call Chain = FOC_EstimateDirectionAndPolePairs &rArr; FOC_SampleLockedMechanicalAngle &rArr; FOC_Platform_ReadMechanicalAngleRad &rArr; AS5600_ReadAngleRadOk &rArr; AS5600_ReadAngleOk &rArr; AS5600_ReadAngle &rArr; AS5600_ReadRegister16 &rArr; I2C0_ReadBytes &rArr; I2C0_SendAddress &rArr; I2C0_WaitFlag &rArr; I2C0_Config &rArr; i2c_clock_config &rArr; rcu_clock_freq_get
</UL>
<BR>[Calls]<UL><LI><a href="#[f2]">&gt;&gt;</a>&nbsp;&nbsp;&nbsp;FOC_Platform_WaitMs
<LI><a href="#[ef]">&gt;&gt;</a>&nbsp;&nbsp;&nbsp;FOC_SampleLockedMechanicalAngle
<LI><a href="#[f1]">&gt;&gt;</a>&nbsp;&nbsp;&nbsp;FOC_ControlApplyElectricalAngleDirect
<LI><a href="#[af]">&gt;&gt;</a>&nbsp;&nbsp;&nbsp;Math_WrapRadDelta
</UL>
<BR>[Called By]<UL><LI><a href="#[ed]">&gt;&gt;</a>&nbsp;&nbsp;&nbsp;FOC_CalibrateElectricalAngleAndDirection
</UL>

<P><STRONG><a name="[11c]"></a>FOC_FilterMath_KalmanAngleInit</STRONG> (Thumb, 70 bytes, Stack size 24 bytes, foc_filter_math.o(i.FOC_FilterMath_KalmanAngleInit))
<BR><BR>[Stack]<UL><LI>Max Depth = 24<LI>Call Chain = FOC_FilterMath_KalmanAngleInit
</UL>
<BR>[Calls]<UL><LI><a href="#[f5]">&gt;&gt;</a>&nbsp;&nbsp;&nbsp;Math_WrapRad
</UL>
<BR>[Called By]<UL><LI><a href="#[10c]">&gt;&gt;</a>&nbsp;&nbsp;&nbsp;Sensor_InitSnapshot
</UL>

<P><STRONG><a name="[11d]"></a>FOC_FilterMath_KalmanAngleReset</STRONG> (Thumb, 32 bytes, Stack size 8 bytes, foc_filter_math.o(i.FOC_FilterMath_KalmanAngleReset))
<BR><BR>[Stack]<UL><LI>Max Depth = 8<LI>Call Chain = FOC_FilterMath_KalmanAngleReset
</UL>
<BR>[Calls]<UL><LI><a href="#[f5]">&gt;&gt;</a>&nbsp;&nbsp;&nbsp;Math_WrapRad
</UL>
<BR>[Called By]<UL><LI><a href="#[c8]">&gt;&gt;</a>&nbsp;&nbsp;&nbsp;Sensor_ReadEncoder
</UL>

<P><STRONG><a name="[11e]"></a>FOC_FilterMath_KalmanAngleStep</STRONG> (Thumb, 198 bytes, Stack size 8 bytes, foc_filter_math.o(i.FOC_FilterMath_KalmanAngleStep))
<BR><BR>[Stack]<UL><LI>Max Depth = 8<LI>Call Chain = FOC_FilterMath_KalmanAngleStep
</UL>
<BR>[Calls]<UL><LI><a href="#[f5]">&gt;&gt;</a>&nbsp;&nbsp;&nbsp;Math_WrapRad
</UL>
<BR>[Called By]<UL><LI><a href="#[c8]">&gt;&gt;</a>&nbsp;&nbsp;&nbsp;Sensor_ReadEncoder
</UL>

<P><STRONG><a name="[1a6]"></a>FOC_FilterMath_KalmanInit</STRONG> (Thumb, 46 bytes, Stack size 0 bytes, foc_filter_math.o(i.FOC_FilterMath_KalmanInit))
<BR><BR>[Called By]<UL><LI><a href="#[10c]">&gt;&gt;</a>&nbsp;&nbsp;&nbsp;Sensor_InitSnapshot
</UL>

<P><STRONG><a name="[1a7]"></a>FOC_FilterMath_KalmanStep</STRONG> (Thumb, 114 bytes, Stack size 0 bytes, foc_filter_math.o(i.FOC_FilterMath_KalmanStep))
<BR><BR>[Called By]<UL><LI><a href="#[104]">&gt;&gt;</a>&nbsp;&nbsp;&nbsp;Sensor_ReadCurrent
</UL>

<P><STRONG><a name="[c7]"></a>FOC_Indicator_Update</STRONG> (Thumb, 126 bytes, Stack size 16 bytes, foc_indicator.o(i.FOC_Indicator_Update))
<BR><BR>[Stack]<UL><LI>Max Depth = 16<LI>Call Chain = FOC_Indicator_Update
</UL>
<BR>[Calls]<UL><LI><a href="#[d2]">&gt;&gt;</a>&nbsp;&nbsp;&nbsp;FOC_Platform_SetIndicator
</UL>
<BR>[Called By]<UL><LI><a href="#[cf]">&gt;&gt;</a>&nbsp;&nbsp;&nbsp;FOC_App_Init
<LI><a href="#[4c]">&gt;&gt;</a>&nbsp;&nbsp;&nbsp;FOC_App_ControlTrigger
</UL>

<P><STRONG><a name="[d4]"></a>FOC_Init_MotorAndCalib</STRONG> (Thumb, 66 bytes, Stack size 16 bytes, foc_init.o(i.FOC_Init_MotorAndCalib))
<BR><BR>[Stack]<UL><LI>Max Depth = 496<LI>Call Chain = FOC_Init_MotorAndCalib &rArr; FOC_MotorInit &rArr; FOC_CalibrateElectricalAngleAndDirection &rArr; FOC_EstimateDirectionAndPolePairs &rArr; FOC_SampleLockedMechanicalAngle &rArr; FOC_Platform_ReadMechanicalAngleRad &rArr; AS5600_ReadAngleRadOk &rArr; AS5600_ReadAngleOk &rArr; AS5600_ReadAngle &rArr; AS5600_ReadRegister16 &rArr; I2C0_ReadBytes &rArr; I2C0_SendAddress &rArr; I2C0_WaitFlag &rArr; I2C0_Config &rArr; i2c_clock_config &rArr; rcu_clock_freq_get
</UL>
<BR>[Calls]<UL><LI><a href="#[11f]">&gt;&gt;</a>&nbsp;&nbsp;&nbsp;FOC_MotorInit
<LI><a href="#[111]">&gt;&gt;</a>&nbsp;&nbsp;&nbsp;FOC_Control_ApplyConfig
</UL>
<BR>[Called By]<UL><LI><a href="#[cf]">&gt;&gt;</a>&nbsp;&nbsp;&nbsp;FOC_App_Init
</UL>

<P><STRONG><a name="[d3]"></a>FOC_Init_Runtime</STRONG> (Thumb, 188 bytes, Stack size 56 bytes, foc_init.o(i.FOC_Init_Runtime))
<BR><BR>[Stack]<UL><LI>Max Depth = 296<LI>Call Chain = FOC_Init_Runtime &rArr; FOC_ControlPlatform_InitHardware &rArr; Sensor_ReadEncoder &rArr; FOC_Platform_ReadMechanicalAngleRad &rArr; AS5600_ReadAngleRadOk &rArr; AS5600_ReadAngleOk &rArr; AS5600_ReadAngle &rArr; AS5600_ReadRegister16 &rArr; I2C0_ReadBytes &rArr; I2C0_SendAddress &rArr; I2C0_WaitFlag &rArr; I2C0_Config &rArr; i2c_clock_config &rArr; rcu_clock_freq_get
</UL>
<BR>[Calls]<UL><LI><a href="#[128]">&gt;&gt;</a>&nbsp;&nbsp;&nbsp;FOC_Platform_SetPwmUpdateCallback
<LI><a href="#[121]">&gt;&gt;</a>&nbsp;&nbsp;&nbsp;FOC_Platform_SetControlTickCallback
<LI><a href="#[ec]">&gt;&gt;</a>&nbsp;&nbsp;&nbsp;FOC_Platform_SetControlInterruptsEnabled
<LI><a href="#[120]">&gt;&gt;</a>&nbsp;&nbsp;&nbsp;FOC_Platform_ControlTickSourceInit
<LI><a href="#[123]">&gt;&gt;</a>&nbsp;&nbsp;&nbsp;FOC_Platform_CommInit
<LI><a href="#[129]">&gt;&gt;</a>&nbsp;&nbsp;&nbsp;FOC_Platform_AuxTimerInit
<LI><a href="#[124]">&gt;&gt;</a>&nbsp;&nbsp;&nbsp;FOC_OutputMgr_Init
<LI><a href="#[10b]">&gt;&gt;</a>&nbsp;&nbsp;&nbsp;FOC_ControlPlatform_InitHardware
<LI><a href="#[126]">&gt;&gt;</a>&nbsp;&nbsp;&nbsp;FOC_Protocol_Init
<LI><a href="#[122]">&gt;&gt;</a>&nbsp;&nbsp;&nbsp;ControlScheduler_SetCallback
<LI><a href="#[a5]">&gt;&gt;</a>&nbsp;&nbsp;&nbsp;ControlScheduler_Init
<LI><a href="#[127]">&gt;&gt;</a>&nbsp;&nbsp;&nbsp;DebugStream_Init
<LI><a href="#[125]">&gt;&gt;</a>&nbsp;&nbsp;&nbsp;FIFO_Init
</UL>
<BR>[Called By]<UL><LI><a href="#[cf]">&gt;&gt;</a>&nbsp;&nbsp;&nbsp;FOC_App_Init
</UL>

<P><STRONG><a name="[d6]"></a>FOC_Init_Verify</STRONG> (Thumb, 190 bytes, Stack size 8 bytes, foc_init.o(i.FOC_Init_Verify))
<BR><BR>[Stack]<UL><LI>Max Depth = 72<LI>Call Chain = FOC_Init_Verify &rArr; FOC_Platform_WriteDebugText &rArr; USART0_SlowWriter_SendData &rArr; dma_transfer_number_config
</UL>
<BR>[Calls]<UL><LI><a href="#[f0]">&gt;&gt;</a>&nbsp;&nbsp;&nbsp;FOC_Platform_WriteDebugText
</UL>
<BR>[Called By]<UL><LI><a href="#[cf]">&gt;&gt;</a>&nbsp;&nbsp;&nbsp;FOC_App_Init
</UL>

<P><STRONG><a name="[11f]"></a>FOC_MotorInit</STRONG> (Thumb, 546 bytes, Stack size 48 bytes, foc_ctrl_init.o(i.FOC_MotorInit))
<BR><BR>[Stack]<UL><LI>Max Depth = 480<LI>Call Chain = FOC_MotorInit &rArr; FOC_CalibrateElectricalAngleAndDirection &rArr; FOC_EstimateDirectionAndPolePairs &rArr; FOC_SampleLockedMechanicalAngle &rArr; FOC_Platform_ReadMechanicalAngleRad &rArr; AS5600_ReadAngleRadOk &rArr; AS5600_ReadAngleOk &rArr; AS5600_ReadAngle &rArr; AS5600_ReadRegister16 &rArr; I2C0_ReadBytes &rArr; I2C0_SendAddress &rArr; I2C0_WaitFlag &rArr; I2C0_Config &rArr; i2c_clock_config &rArr; rcu_clock_freq_get
</UL>
<BR>[Calls]<UL><LI><a href="#[ed]">&gt;&gt;</a>&nbsp;&nbsp;&nbsp;FOC_CalibrateElectricalAngleAndDirection
<LI><a href="#[110]">&gt;&gt;</a>&nbsp;&nbsp;&nbsp;FOC_ControlExecutor_Init
<LI><a href="#[132]">&gt;&gt;</a>&nbsp;&nbsp;&nbsp;FOC_ControlConfigResetDefault
<LI><a href="#[ee]">&gt;&gt;</a>&nbsp;&nbsp;&nbsp;Math_ClampFloat
</UL>
<BR>[Called By]<UL><LI><a href="#[d4]">&gt;&gt;</a>&nbsp;&nbsp;&nbsp;FOC_Init_MotorAndCalib
</UL>

<P><STRONG><a name="[e1]"></a>FOC_OutputMgr_FlushQueue</STRONG> (Thumb, 50 bytes, Stack size 112 bytes, foc_output_mgr.o(i.FOC_OutputMgr_FlushQueue))
<BR><BR>[Stack]<UL><LI>Max Depth = 176<LI>Call Chain = FOC_OutputMgr_FlushQueue &rArr; FOC_Platform_WriteDebugText &rArr; USART0_SlowWriter_SendData &rArr; dma_transfer_number_config
</UL>
<BR>[Calls]<UL><LI><a href="#[f0]">&gt;&gt;</a>&nbsp;&nbsp;&nbsp;FOC_Platform_WriteDebugText
<LI><a href="#[c2]">&gt;&gt;</a>&nbsp;&nbsp;&nbsp;FIFO_Dequeue
<LI><a href="#[dc]">&gt;&gt;</a>&nbsp;&nbsp;&nbsp;FIFO_Count
</UL>
<BR>[Called By]<UL><LI><a href="#[d8]">&gt;&gt;</a>&nbsp;&nbsp;&nbsp;FOC_App_Loop
</UL>

<P><STRONG><a name="[124]"></a>FOC_OutputMgr_Init</STRONG> (Thumb, 44 bytes, Stack size 8 bytes, foc_output_mgr.o(i.FOC_OutputMgr_Init))
<BR><BR>[Stack]<UL><LI>Max Depth = 8<LI>Call Chain = FOC_OutputMgr_Init
</UL>
<BR>[Calls]<UL><LI><a href="#[125]">&gt;&gt;</a>&nbsp;&nbsp;&nbsp;FIFO_Init
</UL>
<BR>[Called By]<UL><LI><a href="#[d3]">&gt;&gt;</a>&nbsp;&nbsp;&nbsp;FOC_Init_Runtime
</UL>

<P><STRONG><a name="[e8]"></a>FOC_OutputMgr_PollSources</STRONG> (Thumb, 82 bytes, Stack size 96 bytes, foc_output_mgr.o(i.FOC_OutputMgr_PollSources))
<BR><BR>[Stack]<UL><LI>Max Depth = 112<LI>Call Chain = FOC_OutputMgr_PollSources &rArr; FOC_Platform_CommSource_ReadFrame &rArr; USART2_ReadFrame
</UL>
<BR>[Calls]<UL><LI><a href="#[133]">&gt;&gt;</a>&nbsp;&nbsp;&nbsp;FOC_Platform_CommSource_ReadFrame
<LI><a href="#[c4]">&gt;&gt;</a>&nbsp;&nbsp;&nbsp;FIFO_Enqueue
</UL>
<BR>[Called By]<UL><LI><a href="#[4d]">&gt;&gt;</a>&nbsp;&nbsp;&nbsp;FOC_App_ServiceTrigger
</UL>

<P><STRONG><a name="[d9]"></a>FOC_OutputMgr_ProcessMonitorElements</STRONG> (Thumb, 268 bytes, Stack size 128 bytes, foc_output_mgr.o(i.FOC_OutputMgr_ProcessMonitorElements))
<BR><BR>[Stack]<UL><LI>Max Depth = 192<LI>Call Chain = FOC_OutputMgr_ProcessMonitorElements &rArr; DebugStream_FormatSemanticLine &rArr; __2snprintf
</UL>
<BR>[Calls]<UL><LI><a href="#[c4]">&gt;&gt;</a>&nbsp;&nbsp;&nbsp;FIFO_Enqueue
<LI><a href="#[c2]">&gt;&gt;</a>&nbsp;&nbsp;&nbsp;FIFO_Dequeue
<LI><a href="#[b1]">&gt;&gt;</a>&nbsp;&nbsp;&nbsp;DebugStream_FormatSemanticLine
<LI><a href="#[b0]">&gt;&gt;</a>&nbsp;&nbsp;&nbsp;DebugStream_FormatInvalidLine
<LI><a href="#[a9]">&gt;&gt;</a>&nbsp;&nbsp;&nbsp;DebugStream_AppendOscValue
<LI><a href="#[134]">&gt;&gt;</a>&nbsp;&nbsp;&nbsp;strlen
<LI><a href="#[c3]">&gt;&gt;</a>&nbsp;&nbsp;&nbsp;__aeabi_memcpy
<LI><a href="#[ab]">&gt;&gt;</a>&nbsp;&nbsp;&nbsp;__2snprintf
</UL>
<BR>[Called By]<UL><LI><a href="#[d8]">&gt;&gt;</a>&nbsp;&nbsp;&nbsp;FOC_App_Loop
</UL>

<P><STRONG><a name="[cd]"></a>FOC_OutputMgr_WriteDirect</STRONG> (Thumb, 10 bytes, Stack size 0 bytes, foc_output_mgr.o(i.FOC_OutputMgr_WriteDirect))
<BR><BR>[Stack]<UL><LI>Max Depth = 64<LI>Call Chain = FOC_OutputMgr_WriteDirect &rArr; FOC_Platform_WriteDebugText &rArr; USART0_SlowWriter_SendData &rArr; dma_transfer_number_config
</UL>
<BR>[Calls]<UL><LI><a href="#[f0]">&gt;&gt;</a>&nbsp;&nbsp;&nbsp;FOC_Platform_WriteDebugText
</UL>
<BR>[Called By]<UL><LI><a href="#[d7]">&gt;&gt;</a>&nbsp;&nbsp;&nbsp;FOC_OutputMgr_WriteStartupInfo
<LI><a href="#[ca]">&gt;&gt;</a>&nbsp;&nbsp;&nbsp;FOC_App_HandleResult
</UL>

[...]
<LI><a href="#[1cc]">&gt;&gt;</a>&nbsp;&nbsp;&nbsp;IsInRange
</UL>
<BR>[Called By]<UL><LI><a href="#[ba]">&gt;&gt;</a>&nbsp;&nbsp;&nbsp;ExecutePCommand
</UL>

<P><STRONG><a name="[f4]"></a>FOC_ControlApplyElectricalAngleCore</STRONG> (Thumb, 264 bytes, Stack size 48 bytes, foc_ctrl_actuation.o(i.FOC_ControlApplyElectricalAngleCore))
<BR><BR>[Stack]<UL><LI>Max Depth = 168<LI>Call Chain = FOC_ControlApplyElectricalAngleCore &rArr; SVPWM_Update &rArr; SVPWM_CalculateDuty &rArr; FOC_MathLut_Atan2 &rArr; FOC_MathLut_AtanRatio
</UL>
<BR>[Calls]<UL><LI><a href="#[f9]">&gt;&gt;</a>&nbsp;&nbsp;&nbsp;SVPWM_Update
<LI><a href="#[f5]">&gt;&gt;</a>&nbsp;&nbsp;&nbsp;Math_WrapRad
<LI><a href="#[f7]">&gt;&gt;</a>&nbsp;&nbsp;&nbsp;Math_InverseParkTransform
<LI><a href="#[f8]">&gt;&gt;</a>&nbsp;&nbsp;&nbsp;Math_InverseClarkeTransform
<LI><a href="#[ee]">&gt;&gt;</a>&nbsp;&nbsp;&nbsp;Math_ClampFloat
<LI><a href="#[f6]">&gt;&gt;</a>&nbsp;&nbsp;&nbsp;__hardfp_sqrtf
</UL>
<BR>[Called By]<UL><LI><a href="#[fa]">&gt;&gt;</a>&nbsp;&nbsp;&nbsp;FOC_ControlApplyElectricalAngleRuntime
<LI><a href="#[f1]">&gt;&gt;</a>&nbsp;&nbsp;&nbsp;FOC_ControlApplyElectricalAngleDirect
</UL>

<P><STRONG><a name="[12a]"></a>FOC_MathLut_Atan2</STRONG> (Thumb, 204 bytes, Stack size 24 bytes, foc_ctrl_actuation.o(i.FOC_MathLut_Atan2))
<BR><BR>[Stack]<UL><LI>Max Depth = 32<LI>Call Chain = FOC_MathLut_Atan2 &rArr; FOC_MathLut_AtanRatio
</UL>
<BR>[Calls]<UL><LI><a href="#[12b]">&gt;&gt;</a>&nbsp;&nbsp;&nbsp;FOC_MathLut_AtanRatio
</UL>
<BR>[Called By]<UL><LI><a href="#[ef]">&gt;&gt;</a>&nbsp;&nbsp;&nbsp;FOC_SampleLockedMechanicalAngle
</UL>

<P><STRONG><a name="[12b]"></a>FOC_MathLut_AtanRatio</STRONG> (Thumb, 54 bytes, Stack size 8 bytes, foc_ctrl_actuation.o(i.FOC_MathLut_AtanRatio))
<BR><BR>[Stack]<UL><LI>Max Depth = 8<LI>Call Chain = FOC_MathLut_AtanRatio
</UL>
<BR>[Calls]<UL><LI><a href="#[12e]">&gt;&gt;</a>&nbsp;&nbsp;&nbsp;FOC_MathLut_ClampIndex
</UL>
<BR>[Called By]<UL><LI><a href="#[12a]">&gt;&gt;</a>&nbsp;&nbsp;&nbsp;FOC_MathLut_Atan2
</UL>

<P><STRONG><a name="[12e]"></a>FOC_MathLut_ClampIndex</STRONG> (Thumb, 20 bytes, Stack size 0 bytes, foc_ctrl_actuation.o(i.FOC_MathLut_ClampIndex))
<BR><BR>[Called By]<UL><LI><a href="#[130]">&gt;&gt;</a>&nbsp;&nbsp;&nbsp;FOC_MathLut_Sin
<LI><a href="#[12b]">&gt;&gt;</a>&nbsp;&nbsp;&nbsp;FOC_MathLut_AtanRatio
</UL>

<P><STRONG><a name="[130]"></a>FOC_MathLut_Sin</STRONG> (Thumb, 174 bytes, Stack size 8 bytes, foc_ctrl_actuation.o(i.FOC_MathLut_Sin))
<BR><BR>[Stack]<UL><LI>Max Depth = 8<LI>Call Chain = FOC_MathLut_Sin
</UL>
<BR>[Calls]<UL><LI><a href="#[12e]">&gt;&gt;</a>&nbsp;&nbsp;&nbsp;FOC_MathLut_ClampIndex
</UL>
<BR>[Called By]<UL><LI><a href="#[ef]">&gt;&gt;</a>&nbsp;&nbsp;&nbsp;FOC_SampleLockedMechanicalAngle
</UL>

<P><STRONG><a name="[113]"></a>FOC_CurrentControlClosedLoopStep</STRONG> (Thumb, 68 bytes, Stack size 24 bytes, foc_ctrl_current_loop.o(i.FOC_CurrentControlClosedLoopStep))
<BR><BR>[Stack]<UL><LI>Max Depth = 64<LI>Call Chain = FOC_CurrentControlClosedLoopStep &rArr; FOC_CurrentLoopComputeIqMeasured &rArr; Math_ParkTransform
</UL>
<BR>[Calls]<UL><LI><a href="#[115]">&gt;&gt;</a>&nbsp;&nbsp;&nbsp;FOC_CurrentLoopPIDRun
<LI><a href="#[114]">&gt;&gt;</a>&nbsp;&nbsp;&nbsp;FOC_CurrentLoopComputeIqMeasured
</UL>
<BR>[Called By]<UL><LI><a href="#[108]">&gt;&gt;</a>&nbsp;&nbsp;&nbsp;FOC_CurrentControlStep
<LI><a href="#[116]">&gt;&gt;</a>&nbsp;&nbsp;&nbsp;FOC_CurrentControlSoftSwitchStep
</UL>

<P><STRONG><a name="[116]"></a>FOC_CurrentControlSoftSwitchStep</STRONG> (Thumb, 264 bytes, Stack size 80 bytes, foc_ctrl_current_loop.o(i.FOC_CurrentControlSoftSwitchStep))
<BR><BR>[Stack]<UL><LI>Max Depth = 144<LI>Call Chain = FOC_CurrentControlSoftSwitchStep &rArr; FOC_CurrentControlClosedLoopStep &rArr; FOC_CurrentLoopComputeIqMeasured &rArr; Math_ParkTransform
</UL>
<BR>[Calls]<UL><LI><a href="#[119]">&gt;&gt;</a>&nbsp;&nbsp;&nbsp;FOC_CurrentSoftSwitchUpdateBlend
<LI><a href="#[117]">&gt;&gt;</a>&nbsp;&nbsp;&nbsp;FOC_CurrentSoftSwitchResolveActiveMode
<LI><a href="#[118]">&gt;&gt;</a>&nbsp;&nbsp;&nbsp;FOC_CurrentLoopEstimateOpenLoopResistanceModel
<LI><a href="#[114]">&gt;&gt;</a>&nbsp;&nbsp;&nbsp;FOC_CurrentLoopComputeIqMeasured
<LI><a href="#[113]">&gt;&gt;</a>&nbsp;&nbsp;&nbsp;FOC_CurrentControlClosedLoopStep
</UL>
<BR>[Called By]<UL><LI><a href="#[108]">&gt;&gt;</a>&nbsp;&nbsp;&nbsp;FOC_CurrentControlStep
</UL>

<P><STRONG><a name="[114]"></a>FOC_CurrentLoopComputeIqMeasured</STRONG> (Thumb, 30 bytes, Stack size 8 bytes, foc_ctrl_current_loop.o(i.FOC_CurrentLoopComputeIqMeasured))
<BR><BR>[Stack]<UL><LI>Max Depth = 40<LI>Call Chain = FOC_CurrentLoopComputeIqMeasured &rArr; Math_ParkTransform
</UL>
<BR>[Calls]<UL><LI><a href="#[11b]">&gt;&gt;</a>&nbsp;&nbsp;&nbsp;Math_ParkTransform
</UL>
<BR>[Called By]<UL><LI><a href="#[108]">&gt;&gt;</a>&nbsp;&nbsp;&nbsp;FOC_CurrentControlStep
<LI><a href="#[116]">&gt;&gt;</a>&nbsp;&nbsp;&nbsp;FOC_CurrentControlSoftSwitchStep
<LI><a href="#[113]">&gt;&gt;</a>&nbsp;&nbsp;&nbsp;FOC_CurrentControlClosedLoopStep
</UL>

<P><STRONG><a name="[118]"></a>FOC_CurrentLoopEstimateOpenLoopResistanceModel</STRONG> (Thumb, 154 bytes, Stack size 48 bytes, foc_ctrl_current_loop.o(i.FOC_CurrentLoopEstimateOpenLoopResistanceModel))
<BR><BR>[Stack]<UL><LI>Max Depth = 48<LI>Call Chain = FOC_CurrentLoopEstimateOpenLoopResistanceModel
</UL>
<BR>[Calls]<UL><LI><a href="#[ee]">&gt;&gt;</a>&nbsp;&nbsp;&nbsp;Math_ClampFloat
</UL>
<BR>[Called By]<UL><LI><a href="#[108]">&gt;&gt;</a>&nbsp;&nbsp;&nbsp;FOC_CurrentControlStep
<LI><a href="#[116]">&gt;&gt;</a>&nbsp;&nbsp;&nbsp;FOC_CurrentControlSoftSwitchStep
</UL>

<P><STRONG><a name="[115]"></a>FOC_CurrentLoopPIDRun</STRONG> (Thumb, 162 bytes, Stack size 16 bytes, foc_ctrl_current_loop.o(i.FOC_CurrentLoopPIDRun))
<BR><BR>[Stack]<UL><LI>Max Depth = 16<LI>Call Chain = FOC_CurrentLoopPIDRun
</UL>
<BR>[Calls]<UL><LI><a href="#[11a]">&gt;&gt;</a>&nbsp;&nbsp;&nbsp;Math_NormalizeDt
<LI><a href="#[ee]">&gt;&gt;</a>&nbsp;&nbsp;&nbsp;Math_ClampFloat
</UL>
<BR>[Called By]<UL><LI><a href="#[113]">&gt;&gt;</a>&nbsp;&nbsp;&nbsp;FOC_CurrentControlClosedLoopStep
</UL>

<P><STRONG><a name="[117]"></a>FOC_CurrentSoftSwitchResolveActiveMode</STRONG> (Thumb, 138 bytes, Stack size 32 bytes, foc_ctrl_current_loop.o(i.FOC_CurrentSoftSwitchResolveActiveMode))
<BR><BR>[Stack]<UL><LI>Max Depth = 32<LI>Call Chain = FOC_CurrentSoftSwitchResolveActiveMode
</UL>
<BR>[Calls]<UL><LI><a href="#[ee]">&gt;&gt;</a>&nbsp;&nbsp;&nbsp;Math_ClampFloat
</UL>
<BR>[Called By]<UL><LI><a href="#[116]">&gt;&gt;</a>&nbsp;&nbsp;&nbsp;FOC_CurrentControlSoftSwitchStep
</UL>

<P><STRONG><a name="[119]"></a>FOC_CurrentSoftSwitchUpdateBlend</STRONG> (Thumb, 128 bytes, Stack size 24 bytes, foc_ctrl_current_loop.o(i.FOC_CurrentSoftSwitchUpdateBlend))
<BR><BR>[Stack]<UL><LI>Max Depth = 24<LI>Call Chain = FOC_CurrentSoftSwitchUpdateBlend
</UL>
<BR>[Calls]<UL><LI><a href="#[ee]">&gt;&gt;</a>&nbsp;&nbsp;&nbsp;Math_ClampFloat
</UL>
<BR>[Called By]<UL><LI><a href="#[116]">&gt;&gt;</a>&nbsp;&nbsp;&nbsp;FOC_CurrentControlSoftSwitchStep
</UL>

<P><STRONG><a name="[101]"></a>FOC_ControlExecutor_RunISR_CurrentLoopCore</STRONG> (Thumb, 248 bytes, Stack size 96 bytes, foc_ctrl_executor.o(i.FOC_ControlExecutor_RunISR_CurrentLoopCore))
<BR><BR>[Stack]<UL><LI>Max Depth = 312<LI>Call Chain = FOC_ControlExecutor_RunISR_CurrentLoopCore &rArr; FOC_SourceMgr_Select &rArr; SourceMgr_CommitSwitch &rArr; SourceMgr_SyncOuterLoopOnSwitch &rArr; FOC_SourceMgr_ReadSourceAngle &rArr; FOC_ControlMechanicalToElectricalAngle
</UL>
<BR>[Calls]<UL><LI><a href="#[a8]">&gt;&gt;</a>&nbsp;&nbsp;&nbsp;FOC_Platform_ReadCycleCounter
<LI><a href="#[104]">&gt;&gt;</a>&nbsp;&nbsp;&nbsp;Sensor_ReadCurrent
<LI><a href="#[105]">&gt;&gt;</a>&nbsp;&nbsp;&nbsp;Math_ClarkeTransform
<LI><a href="#[106]">&gt;&gt;</a>&nbsp;&nbsp;&nbsp;FOC_SourceMgr_Select
<LI><a href="#[107]">&gt;&gt;</a>&nbsp;&nbsp;&nbsp;FOC_SourceMgr_Publish
<LI><a href="#[108]">&gt;&gt;</a>&nbsp;&nbsp;&nbsp;FOC_CurrentControlStep
<LI><a href="#[103]">&gt;&gt;</a>&nbsp;&nbsp;&nbsp;FOC_ControlRequiresCurrentSample
<LI><a href="#[fa]">&gt;&gt;</a>&nbsp;&nbsp;&nbsp;FOC_ControlApplyElectricalAngleRuntime
<LI><a href="#[102]">&gt;&gt;</a>&nbsp;&nbsp;&nbsp;__aeabi_memcpy4
</UL>
<BR>[Called By]<UL><LI><a href="#[e3]">&gt;&gt;</a>&nbsp;&nbsp;&nbsp;FOC_ControlExecutor_RunISR_CurrentLoop
</UL>

<P><STRONG><a name="[135]"></a>FOC_PIDRunCore</STRONG> (Thumb, 210 bytes, Stack size 16 bytes, foc_ctrl_outer_loop.o(i.FOC_PIDRunCore))
<BR><BR>[Stack]<UL><LI>Max Depth = 16<LI>Call Chain = FOC_PIDRunCore
</UL>
<BR>[Calls]<UL><LI><a href="#[11a]">&gt;&gt;</a>&nbsp;&nbsp;&nbsp;Math_NormalizeDt
<LI><a href="#[ee]">&gt;&gt;</a>&nbsp;&nbsp;&nbsp;Math_ClampFloat
</UL>
<BR>[Called By]<UL><LI><a href="#[109]">&gt;&gt;</a>&nbsp;&nbsp;&nbsp;FOC_SpeedOuterLoopStep
</UL>

<P><STRONG><a name="[185]"></a>FOC_MathLut_Sin</STRONG> (Thumb, 182 bytes, Stack size 0 bytes, foc_math_transforms.o(i.FOC_MathLut_Sin))
<BR><BR>[Called By]<UL><LI><a href="#[184]">&gt;&gt;</a>&nbsp;&nbsp;&nbsp;Math_CosLut
<LI><a href="#[11b]">&gt;&gt;</a>&nbsp;&nbsp;&nbsp;Math_ParkTransform
<LI><a href="#[f7]">&gt;&gt;</a>&nbsp;&nbsp;&nbsp;Math_InverseParkTransform
</UL>

<P><STRONG><a name="[184]"></a>Math_CosLut</STRONG> (Thumb, 12 bytes, Stack size 0 bytes, foc_math_transforms.o(i.Math_CosLut))
<BR><BR>[Calls]<UL><LI><a href="#[185]">&gt;&gt;</a>&nbsp;&nbsp;&nbsp;FOC_MathLut_Sin
</UL>
<BR>[Called By]<UL><LI><a href="#[11b]">&gt;&gt;</a>&nbsp;&nbsp;&nbsp;Math_ParkTransform
<LI><a href="#[f7]">&gt;&gt;</a>&nbsp;&nbsp;&nbsp;Math_InverseParkTransform
</UL>

<P><STRONG><a name="[12c]"></a>FOC_MathLut_Atan2</STRONG> (Thumb, 204 bytes, Stack size 24 bytes, foc_svpwm.o(i.FOC_MathLut_Atan2))
<BR><BR>[Stack]<UL><LI>Max Depth = 32<LI>Call Chain = FOC_MathLut_Atan2 &rArr; FOC_MathLut_AtanRatio
</UL>
<BR>[Calls]<UL><LI><a href="#[12d]">&gt;&gt;</a>&nbsp;&nbsp;&nbsp;FOC_MathLut_AtanRatio
</UL>
<BR>[Called By]<UL><LI><a href="#[1a3]">&gt;&gt;</a>&nbsp;&nbsp;&nbsp;SVPWM_CalculateDuty
</UL>

<P><STRONG><a name="[12d]"></a>FOC_MathLut_AtanRatio</STRONG> (Thumb, 54 bytes, Stack size 8 bytes, foc_svpwm.o(i.FOC_MathLut_AtanRatio))
<BR><BR>[Stack]<UL><LI>Max Depth = 8<LI>Call Chain = FOC_MathLut_AtanRatio
</UL>
<BR>[Calls]<UL><LI><a href="#[12f]">&gt;&gt;</a>&nbsp;&nbsp;&nbsp;FOC_MathLut_ClampIndex
</UL>
<BR>[Called By]<UL><LI><a href="#[12c]">&gt;&gt;</a>&nbsp;&nbsp;&nbsp;FOC_MathLut_Atan2
</UL>

<P><STRONG><a name="[12f]"></a>FOC_MathLut_ClampIndex</STRONG> (Thumb, 20 bytes, Stack size 0 bytes, foc_svpwm.o(i.FOC_MathLut_ClampIndex))
<BR><BR>[Called By]<UL><LI><a href="#[131]">&gt;&gt;</a>&nbsp;&nbsp;&nbsp;FOC_MathLut_Sin
<LI><a href="#[12d]">&gt;&gt;</a>&nbsp;&nbsp;&nbsp;FOC_MathLut_AtanRatio
</UL>

<P><STRONG><a name="[131]"></a>FOC_MathLut_Sin</STRONG> (Thumb, 174 bytes, Stack size 8 bytes, foc_svpwm.o(i.FOC_MathLut_Sin))
<BR><BR>[Stack]<UL><LI>Max Depth = 8<LI>Call Chain = FOC_MathLut_Sin
</UL>
<BR>[Calls]<UL><LI><a href="#[12f]">&gt;&gt;</a>&nbsp;&nbsp;&nbsp;FOC_MathLut_ClampIndex
</UL>
<BR>[Called By]<UL><LI><a href="#[1a5]">&gt;&gt;</a>&nbsp;&nbsp;&nbsp;SVPWM_Sin
</UL>

<P><STRONG><a name="[1a3]"></a>SVPWM_CalculateDuty</STRONG> (Thumb, 588 bytes, Stack size 64 bytes, foc_svpwm.o(i.SVPWM_CalculateDuty))
<BR><BR>[Stack]<UL><LI>Max Depth = 96<LI>Call Chain = SVPWM_CalculateDuty &rArr; FOC_MathLut_Atan2 &rArr; FOC_MathLut_AtanRatio
</UL>
<BR>[Calls]<UL><LI><a href="#[f6]">&gt;&gt;</a>&nbsp;&nbsp;&nbsp;__hardfp_sqrtf
<LI><a href="#[1a5]">&gt;&gt;</a>&nbsp;&nbsp;&nbsp;SVPWM_Sin
<LI><a href="#[1a4]">&gt;&gt;</a>&nbsp;&nbsp;&nbsp;SVPWM_DetermineSector
<LI><a href="#[1a2]">&gt;&gt;</a>&nbsp;&nbsp;&nbsp;SVPWM_Clamp01
<LI><a href="#[12c]">&gt;&gt;</a>&nbsp;&nbsp;&nbsp;FOC_MathLut_Atan2
</UL>
<BR>[Called By]<UL><LI><a href="#[f9]">&gt;&gt;</a>&nbsp;&nbsp;&nbsp;SVPWM_Update
</UL>

<P><STRONG><a name="[1a2]"></a>SVPWM_Clamp01</STRONG> (Thumb, 32 bytes, Stack size 0 bytes, foc_svpwm.o(i.SVPWM_Clamp01))
<BR><BR>[Called By]<UL><LI><a href="#[fc]">&gt;&gt;</a>&nbsp;&nbsp;&nbsp;SVPWM_ApplyDirectDuty
<LI><a href="#[1a3]">&gt;&gt;</a>&nbsp;&nbsp;&nbsp;SVPWM_CalculateDuty
</UL>

<P><STRONG><a name="[1a4]"></a>SVPWM_DetermineSector</STRONG> (Thumb, 114 bytes, Stack size 0 bytes, foc_svpwm.o(i.SVPWM_DetermineSector))
<BR><BR>[Called By]<UL><LI><a href="#[1a3]">&gt;&gt;</a>&nbsp;&nbsp;&nbsp;SVPWM_CalculateDuty
</UL>

<P><STRONG><a name="[1a5]"></a>SVPWM_Sin</STRONG> (Thumb, 4 bytes, Stack size 0 bytes, foc_svpwm.o(i.SVPWM_Sin))
<BR><BR>[Stack]<UL><LI>Max Depth = 8<LI>Call Chain = SVPWM_Sin &rArr; FOC_MathLut_Sin
</UL>
<BR>[Calls]<UL><LI><a href="#[131]">&gt;&gt;</a>&nbsp;&nbsp;&nbsp;FOC_MathLut_Sin
</UL>
<BR>[Called By]<UL><LI><a href="#[1a3]">&gt;&gt;</a>&nbsp;&nbsp;&nbsp;SVPWM_CalculateDuty
</UL>

<P><STRONG><a name="[165]"></a>SourceMgr_CommitSwitch</STRONG> (Thumb, 132 bytes, Stack size 40 bytes, foc_ctrl_source_mgr.o(i.SourceMgr_CommitSwitch))
<BR><BR>[Stack]<UL><LI>Max Depth = 128<LI>Call Chain = SourceMgr_CommitSwitch &rArr; SourceMgr_SyncOuterLoopOnSwitch &rArr; FOC_SourceMgr_ReadSourceAngle &rArr; FOC_ControlMechanicalToElectricalAngle
</UL>
<BR>[Calls]<UL><LI><a href="#[ad]">&gt;&gt;</a>&nbsp;&nbsp;&nbsp;FOC_SourceMgr_ReadSourceAngle
<LI><a href="#[1a8]">&gt;&gt;</a>&nbsp;&nbsp;&nbsp;SourceMgr_SyncOuterLoopOnSwitch
<LI><a href="#[15e]">&gt;&gt;</a>&nbsp;&nbsp;&nbsp;SourceMgr_ReadCtx
<LI><a href="#[1a9]">&gt;&gt;</a>&nbsp;&nbsp;&nbsp;SourceMgr_PrimePidOutput
</UL>
<BR>[Called By]<UL><LI><a href="#[106]">&gt;&gt;</a>&nbsp;&nbsp;&nbsp;FOC_SourceMgr_Select
</UL>

<P><STRONG><a name="[15f]"></a>SourceMgr_GetSwitchSpeedAbs</STRONG> (Thumb, 92 bytes, Stack size 32 bytes, foc_ctrl_source_mgr.o(i.SourceMgr_GetSwitchSpeedAbs))
<BR><BR>[Stack]<UL><LI>Max Depth = 40<LI>Call Chain = SourceMgr_GetSwitchSpeedAbs &rArr; SourceMgr_ReadCtx
</UL>
<BR>[Calls]<UL><LI><a href="#[ae]">&gt;&gt;</a>&nbsp;&nbsp;&nbsp;FOC_SourceMgr_ReadSourceSpeed
<LI><a href="#[15e]">&gt;&gt;</a>&nbsp;&nbsp;&nbsp;SourceMgr_ReadCtx
</UL>
<BR>[Called By]<UL><LI><a href="#[106]">&gt;&gt;</a>&nbsp;&nbsp;&nbsp;FOC_SourceMgr_Select
</UL>

<P><STRONG><a name="[162]"></a>SourceMgr_LowMotionAbove</STRONG> (Thumb, 76 bytes, Stack size 40 bytes, foc_ctrl_source_mgr.o(i.SourceMgr_LowMotionAbove))
<BR><BR>[Stack]<UL><LI>Max Depth = 48<LI>Call Chain = SourceMgr_LowMotionAbove &rArr; SourceMgr_ReadCtx
</UL>
<BR>[Calls]<UL><LI><a href="#[ae]">&gt;&gt;</a>&nbsp;&nbsp;&nbsp;FOC_SourceMgr_ReadSourceSpeed
<LI><a href="#[15e]">&gt;&gt;</a>&nbsp;&nbsp;&nbsp;SourceMgr_ReadCtx
</UL>
<BR>[Called By]<UL><LI><a href="#[106]">&gt;&gt;</a>&nbsp;&nbsp;&nbsp;FOC_SourceMgr_Select
</UL>

<P><STRONG><a name="[1a9]"></a>SourceMgr_PrimePidOutput</STRONG> (Thumb, 126 bytes, Stack size 16 bytes, foc_ctrl_source_mgr.o(i.SourceMgr_PrimePidOutput))
<BR><BR>[Stack]<UL><LI>Max Depth = 16<LI>Call Chain = SourceMgr_PrimePidOutput
</UL>
<BR>[Calls]<UL><LI><a href="#[ee]">&gt;&gt;</a>&nbsp;&nbsp;&nbsp;Math_ClampFloat
</UL>
<BR>[Called By]<UL><LI><a href="#[1a8]">&gt;&gt;</a>&nbsp;&nbsp;&nbsp;SourceMgr_SyncOuterLoopOnSwitch
<LI><a href="#[165]">&gt;&gt;</a>&nbsp;&nbsp;&nbsp;SourceMgr_CommitSwitch
</UL>

<P><STRONG><a name="[15e]"></a>SourceMgr_ReadCtx</STRONG> (Thumb, 20 bytes, Stack size 8 bytes, foc_ctrl_source_mgr.o(i.SourceMgr_ReadCtx))
<BR><BR>[Stack]<UL><LI>Max Depth = 8<LI>Call Chain = SourceMgr_ReadCtx
</UL>
<BR>[Called By]<UL><LI><a href="#[106]">&gt;&gt;</a>&nbsp;&nbsp;&nbsp;FOC_SourceMgr_Select
<LI><a href="#[107]">&gt;&gt;</a>&nbsp;&nbsp;&nbsp;FOC_SourceMgr_Publish
<LI><a href="#[1a8]">&gt;&gt;</a>&nbsp;&nbsp;&nbsp;SourceMgr_SyncOuterLoopOnSwitch
<LI><a href="#[162]">&gt;&gt;</a>&nbsp;&nbsp;&nbsp;SourceMgr_LowMotionAbove
<LI><a href="#[15f]">&gt;&gt;</a>&nbsp;&nbsp;&nbsp;SourceMgr_GetSwitchSpeedAbs
<LI><a href="#[165]">&gt;&gt;</a>&nbsp;&nbsp;&nbsp;SourceMgr_CommitSwitch
</UL>

<P><STRONG><a name="[167]"></a>SourceMgr_SetFixedSource</STRONG> (Thumb, 34 bytes, Stack size 0 bytes, foc_ctrl_source_mgr.o(i.SourceMgr_SetFixedSource))
<BR><BR>[Called By]<UL><LI><a href="#[106]">&gt;&gt;</a>&nbsp;&nbsp;&nbsp;FOC_SourceMgr_Select
</UL>

<P><STRONG><a name="[164]"></a>SourceMgr_SourceValid</STRONG> (Thumb, 14 bytes, Stack size 0 bytes, foc_ctrl_source_mgr.o(i.SourceMgr_SourceValid))
<BR><BR>[Called By]<UL><LI><a href="#[106]">&gt;&gt;</a>&nbsp;&nbsp;&nbsp;FOC_SourceMgr_Select
</UL>

<P><STRONG><a name="[160]"></a>SourceMgr_SpeedModeAllows</STRONG> (Thumb, 10 bytes, Stack size 0 bytes, foc_ctrl_source_mgr.o(i.SourceMgr_SpeedModeAllows))
<BR><BR>[Called By]<UL><LI><a href="#[106]">&gt;&gt;</a>&nbsp;&nbsp;&nbsp;FOC_SourceMgr_Select
<LI><a href="#[161]">&gt;&gt;</a>&nbsp;&nbsp;&nbsp;SourceMgr_TargetInHighRegion
</UL>

<P><STRONG><a name="[163]"></a>SourceMgr_StateAcquireReady</STRONG> (Thumb, 16 bytes, Stack size 0 bytes, foc_ctrl_source_mgr.o(i.SourceMgr_StateAcquireReady))
<BR><BR>[Called By]<UL><LI><a href="#[106]">&gt;&gt;</a>&nbsp;&nbsp;&nbsp;FOC_SourceMgr_Select
</UL>

<P><STRONG><a name="[166]"></a>SourceMgr_StateHoldValid</STRONG> (Thumb, 16 bytes, Stack size 0 bytes, foc_ctrl_source_mgr.o(i.SourceMgr_StateHoldValid))
<BR><BR>[Called By]<UL><LI><a href="#[106]">&gt;&gt;</a>&nbsp;&nbsp;&nbsp;FOC_SourceMgr_Select
</UL>

<P><STRONG><a name="[1a8]"></a>SourceMgr_SyncOuterLoopOnSwitch</STRONG> (Thumb, 166 bytes, Stack size 56 bytes, foc_ctrl_source_mgr.o(i.SourceMgr_SyncOuterLoopOnSwitch))
<BR><BR>[Stack]<UL><LI>Max Depth = 88<LI>Call Chain = SourceMgr_SyncOuterLoopOnSwitch &rArr; FOC_SourceMgr_ReadSourceAngle &rArr; FOC_ControlMechanicalToElectricalAngle
</UL>
<BR>[Calls]<UL><LI><a href="#[ae]">&gt;&gt;</a>&nbsp;&nbsp;&nbsp;FOC_SourceMgr_ReadSourceSpeed
<LI><a href="#[ad]">&gt;&gt;</a>&nbsp;&nbsp;&nbsp;FOC_SourceMgr_ReadSourceAngle
<LI><a href="#[15e]">&gt;&gt;</a>&nbsp;&nbsp;&nbsp;SourceMgr_ReadCtx
<LI><a href="#[1a9]">&gt;&gt;</a>&nbsp;&nbsp;&nbsp;SourceMgr_PrimePidOutput
</UL>
<BR>[Called By]<UL><LI><a href="#[165]">&gt;&gt;</a>&nbsp;&nbsp;&nbsp;SourceMgr_CommitSwitch
</UL>

<P><STRONG><a name="[161]"></a>SourceMgr_TargetInHighRegion</STRONG> (Thumb, 44 bytes, Stack size 8 bytes, foc_ctrl_source_mgr.o(i.SourceMgr_TargetInHighRegion))
<BR><BR>[Stack]<UL><LI>Max Depth = 8<LI>Call Chain = SourceMgr_TargetInHighRegion
</UL>
<BR>[Calls]<UL><LI><a href="#[160]">&gt;&gt;</a>&nbsp;&nbsp;&nbsp;SourceMgr_SpeedModeAllows
</UL>
<BR>[Called By]<UL><LI><a href="#[106]">&gt;&gt;</a>&nbsp;&nbsp;&nbsp;FOC_SourceMgr_Select
</UL>

<P><STRONG><a name="[15d]"></a>SourceMgr_UpdateEncoderServices</STRONG> (Thumb, 30 bytes, Stack size 0 bytes, foc_ctrl_source_mgr.o(i.SourceMgr_UpdateEncoderServices))
<BR><BR>[Called By]<UL><LI><a href="#[d5]">&gt;&gt;</a>&nbsp;&nbsp;&nbsp;FOC_SourceMgr_Init
<LI><a href="#[107]">&gt;&gt;</a>&nbsp;&nbsp;&nbsp;FOC_SourceMgr_Publish
</UL>

<P><STRONG><a name="[1ce]"></a>_printf_core</STRONG> (Thumb, 996 bytes, Stack size 104 bytes, printf8.o(i._printf_core), UNUSED)
<BR><BR>[Calls]<UL><LI><a href="#[55]">&gt;&gt;</a>&nbsp;&nbsp;&nbsp;__aeabi_uldivmod
<LI><a href="#[1d1]">&gt;&gt;</a>&nbsp;&nbsp;&nbsp;_printf_pre_padding
<LI><a href="#[1d2]">&gt;&gt;</a>&nbsp;&nbsp;&nbsp;_printf_post_padding
</UL>
<BR>[Called By]<UL><LI><a href="#[1cd]">&gt;&gt;</a>&nbsp;&nbsp;&nbsp;__0snprintf$8
</UL>

<P><STRONG><a name="[1d2]"></a>_printf_post_padding</STRONG> (Thumb, 36 bytes, Stack size 24 bytes, printf8.o(i._printf_post_padding), UNUSED)
<BR><BR>[Called By]<UL><LI><a href="#[1ce]">&gt;&gt;</a>&nbsp;&nbsp;&nbsp;_printf_core
</UL>

<P><STRONG><a name="[1d1]"></a>_printf_pre_padding</STRONG> (Thumb, 46 bytes, Stack size 24 bytes, printf8.o(i._printf_pre_padding), UNUSED)
<BR><BR>[Called By]<UL><LI><a href="#[1ce]">&gt;&gt;</a>&nbsp;&nbsp;&nbsp;_printf_core
</UL>

<P><STRONG><a name="[4f]"></a>_snputc</STRONG> (Thumb, 22 bytes, Stack size 0 bytes, printf8.o(i._snputc))
<BR>[Address Reference Count : 1]<UL><LI> printf8.o(i.__0snprintf$8)
</UL><P>
<H3>
Undefined Global Symbols
</H3><HR></body></html>
