<html>
<body>
<pre>
<h1>µVision Build Log</h1>
<h2>Tool Versions:</h2>
IDE-Version: ¦ÌVision V5.28.0.0
Copyright (C) 2019 ARM Ltd and ARM Germany GmbH. All rights reserved.
License Information: 1 1, 1, LIC=8VR63-A0Y0H-ADCKK-ZYUH8-M43UU-CYS43
 
Tool Versions:
Toolchain:       MDK-ARM Plus  Version: 5.28.0.0
Toolchain Path:  D:\Keil_v5_ARM\ARM\ARMCC\Bin
C Compiler:      Armcc.exe V5.06 update 6 (build 750)
Assembler:       Armasm.exe V5.06 update 6 (build 750)
Linker/Locator:  ArmLink.exe V5.06 update 6 (build 750)
Library Manager: ArmAr.exe V5.06 update 6 (build 750)
Hex Converter:   FromElf.exe V5.06 update 6 (build 750)
CPU DLL:         SARMCM3.DLL V5.28.0.0
Dialog DLL:      DCM.DLL V1.17.3.0
Target DLL:      STLink\ST-LINKIII-KEIL_SWO.dll V3.0.6.0
Dialog DLL:      TCM.DLL V1.36.2.0
 
<h2>Project:</h2>
D:\project\GD32F3 project\FOC_VSCODE\examples\GD32F303_FOCExplore\software\Project.uvprojx
Project File Date:  08/13/2026

<h2>Output:</h2>
*** Using Compiler 'V5.06 update 6 (build 750)', folder: 'D:\Keil_v5_ARM\ARM\ARMCC\Bin'
Build target 'GD32F30X_CL'
compiling gd32f30x_crc.c...
compiling foc_platform_api.c...
compiling gd32f30x_pmu.c...
compiling gd32f30x_bkp.c...
compiling gd32f30x_dbg.c...
compiling gd32f30x_exmc.c...
compiling main.c...
compiling gd32f30x_i2c.c...
compiling gd32f30x_ctc.c...
compiling gd32f30x_rcu.c...
compiling gd32f30x_dma.c...
compiling systick.c...
compiling gd32f30x_dac.c...
compiling gd32f30x_gpio.c...
compiling gd32f30x_misc.c...
compiling gd32f30x_exti.c...
compiling gd32f30x_rtc.c...
compiling gd32f30x_fwdgt.c...
compiling gd32f30x_enet.c...
compiling system_gd32f30x.c...
compiling gd32f30x_spi.c...
compiling gd32f30x_sdio.c...
compiling gd32f30x_can.c...
compiling gd32f30x_adc.c...
compiling gd32f30x_fmc.c...
compiling gd32f30x_it.c...
compiling gd32f30x_usart.c...
compiling timer1.c...
compiling gd32f30x_wwdgt.c...
compiling LED.c...
compiling timer2.c...
compiling foc_queue.c...
compiling foc_task_scheduler.c...
compiling gd32f30x_timer.c...
compiling pwm.c...
compiling as5600.c...
compiling foc_output_mgr.c...
compiling foc_app.c...
compiling i2c0.c...
compiling foc_protocol_output.c...
compiling adc.c...
compiling foc_debug_stream.c...
compiling foc_protocol_handler.c...
compiling timer3.c...
compiling foc_ctrl_cfg.c...
compiling auxtimer.c...
compiling usart2.c...
compiling foc_ctrl_actuation.c...
compiling timer5.c...
compiling foc_ctrl_compensation.c...
compiling foc_ctrl_current_loop.c...
compiling foc_ctrl_executor.c...
compiling foc_protocol_parser.c...
compiling usart0.c...
compiling foc_ctrl_param_learn.c...
compiling foc_ctrl_outer_loop.c...
compiling foc_math_transforms.c...
compiling foc_ctrl_init.c...
compiling foc_sensor.c...
compiling foc_indicator.c...
compiling foc_svpwm.c...
compiling foc_init.c...
compiling foc_ctrl_estim_smo.c...
compiling foc_ctrl_estim_hfi.c...
compiling foc_ctrl_openloop.c...
compiling foc_ctrl_sens_cogging_calib.c...
compiling foc_ctrl_source_mgr.c...
compiling foc_ctrl_sens_reinit.c...
compiling foc_filter_math.c...
linking...
Program Size: Code=33318 RO-data=14094 RW-data=96 ZI-data=7296  
FromELF: creating hex file...
".\output\Project.axf" - 0 Error(s), 0 Warning(s).

<h2>Software Packages used:</h2>

Package Vendor: ARM
                http://www.keil.com/pack/ARM.CMSIS.5.5.1.pack
                ARM.CMSIS.5.5.1
                CMSIS (Cortex Microcontroller Software Interface Standard)
   * Component: CORE Version: 5.2.0

Package Vendor: GigaDevice
                https://gd32mcu.com/data/documents/pack/GigaDevice.GD32F30x_DFP.2.2.1.pack
                GigaDevice.GD32F30x_DFP.2.2.1
                GigaDevice GD32F30x Series Device Support and Examples

<h2>Collection of Component include folders:</h2>
  .\RTE\_GD32F30X_CL
  C:\Users\MSI-NB\AppData\Local\Arm\Packs\ARM\CMSIS\5.5.1\CMSIS\Core\Include
  C:\Users\MSI-NB\AppData\Local\Arm\Packs\GigaDevice\GD32F30x_DFP\2.2.1\Device\Include

<h2>Collection of Component Files used:</h2>

   * Component: ARM::CMSIS:CORE:5.2.0
Build Time Elapsed:  00:00:03
</pre>
</body>
</html>
