Component: ARM Compiler 5.06 update 6 (build 750) Tool: armlink [4d35ed]

==============================================================================

Section Cross References

    foc_platform_api.o(i.FOC_Platform_CommInit) refers to usart1.o(i.USART1_Init) for USART1_Init
    foc_platform_api.o(i.FOC_Platform_CommInit) refers to usart2.o(i.USART2_Init) for USART2_Init
    foc_platform_api.o(i.FOC_Platform_CommSource1_IsFrameReady) refers to usart1.o(i.USART1_IsFrameReady) for USART1_IsFrameReady
    foc_platform_api.o(i.FOC_Platform_CommSource1_ReadFrame) refers to usart1.o(i.USART1_ReadFrame) for USART1_ReadFrame
    foc_platform_api.o(i.FOC_Platform_CommSource2_IsFrameReady) refers to usart2.o(i.USART2_IsFrameReady) for USART2_IsFrameReady
    foc_platform_api.o(i.FOC_Platform_CommSource2_ReadFrame) refers to usart2.o(i.USART2_ReadFrame) for USART2_ReadFrame
    foc_platform_api.o(i.FOC_Platform_ControlTickSourceInit) refers to timer1.o(i.Timer1_Init) for Timer1_Init
    foc_platform_api.o(i.FOC_Platform_IndicatorInit) refers to led.o(i.LED_Init) for LED_Init
    foc_platform_api.o(i.FOC_Platform_PWMInit) refers to pwm.o(i.PWM_Init) for PWM_Init
    foc_platform_api.o(i.FOC_Platform_PWMSetDutyCycleTripleFloat) refers to pwm.o(i.PWM_SetDutyCycleTripleFloat) for PWM_SetDutyCycleTripleFloat
    foc_platform_api.o(i.FOC_Platform_PWMStart) refers to pwm.o(i.PWM_Start) for PWM_Start
    foc_platform_api.o(i.FOC_Platform_ReadMechanicalAngleRad) refers to as5600.o(i.AS5600_ReadAngleRadOk) for AS5600_ReadAngleRadOk
    foc_platform_api.o(i.FOC_Platform_ReadPhaseCurrent) refers to adc.o(i.ADC_ReadPhaseCurrentABOk) for ADC_ReadPhaseCurrentABOk
    foc_platform_api.o(i.FOC_Platform_ReadVbusVoltage) refers to adc.o(i.ADC2_ReadVbus) for ADC2_ReadVbus
    foc_platform_api.o(i.FOC_Platform_RuntimeInit) refers to systick.o(i.systick_config) for systick_config
    foc_platform_api.o(i.FOC_Platform_SensorInputInit) refers to as5600.o(i.AS5600_Init) for AS5600_Init
    foc_platform_api.o(i.FOC_Platform_SensorInputInit) refers to timer2.o(i.Timer2_Init) for Timer2_Init
    foc_platform_api.o(i.FOC_Platform_SensorInputInit) refers to timer2.o(i.Timer2_Start) for Timer2_Start
    foc_platform_api.o(i.FOC_Platform_SensorInputInit) refers to timer3.o(i.Timer3_Init) for Timer3_Init
    foc_platform_api.o(i.FOC_Platform_SensorInputInit) refers to timer3.o(i.Timer3_Start) for Timer3_Start
    foc_platform_api.o(i.FOC_Platform_SensorInputInit) refers to adc.o(i.ADC_Init) for ADC_Init
    foc_platform_api.o(i.FOC_Platform_SensorInputInit) refers to adc.o(i.ADC_Start) for ADC_Start
    foc_platform_api.o(i.FOC_Platform_SetControlRuntimeInterrupts) refers to timer1.o(i.Timer1_SetUpdateInterruptEnabled) for Timer1_SetUpdateInterruptEnabled
    foc_platform_api.o(i.FOC_Platform_SetControlRuntimeInterrupts) refers to pwm.o(i.PWM_SetUpdateInterruptEnabled) for PWM_SetUpdateInterruptEnabled
    foc_platform_api.o(i.FOC_Platform_SetControlTickCallback) refers to timer1.o(i.Timer1_SetCallback) for Timer1_SetCallback
    foc_platform_api.o(i.FOC_Platform_SetIndicator) refers to led.o(i.LED_SetState) for LED_SetState
    foc_platform_api.o(i.FOC_Platform_SetPwmUpdateCallback) refers to pwm.o(i.PWM_SetUpdateCallback) for PWM_SetUpdateCallback
    foc_platform_api.o(i.FOC_Platform_SetSensorSampleOffsetPercent) refers to timer3.o(i.Timer3_SetSampleOffsetPercent) for Timer3_SetSampleOffsetPercent
    foc_platform_api.o(i.FOC_Platform_StartControlTickSource) refers to timer1.o(i.Timer1_Start) for Timer1_Start
    foc_platform_api.o(i.FOC_Platform_WaitMs) refers to systick.o(i.delay_1ms) for delay_1ms
    foc_platform_api.o(i.FOC_Platform_WriteDebugText) refers to usart1.o(i.USART1_SendString) for USART1_SendString
    foc_platform_api.o(i.FOC_Platform_WriteStatusByte) refers to usart1.o(i.USART1_SendByte) for USART1_SendByte
    gd32f30x_it.o(i.ADC0_1_IRQHandler) refers to adc.o(i.ADC_IRQHandler_Internal) for ADC_IRQHandler_Internal
    gd32f30x_it.o(i.DMA0_Channel0_IRQHandler) refers to adc.o(i.ADC_DMA_IRQHandler_Internal) for ADC_DMA_IRQHandler_Internal
    gd32f30x_it.o(i.SysTick_Handler) refers to systick.o(i.delay_decrement) for delay_decrement
    gd32f30x_it.o(i.TIMER0_UP_IRQHandler) refers to pwm.o(i.PWM_Timer0Update_IRQHandler_Internal) for PWM_Timer0Update_IRQHandler_Internal
    gd32f30x_it.o(i.TIMER1_IRQHandler) refers to timer1.o(i.Timer1_IRQHandler_Internal) for Timer1_IRQHandler_Internal
    gd32f30x_it.o(i.TIMER2_IRQHandler) refers to timer2.o(i.Timer2_IRQHandler_Internal) for Timer2_IRQHandler_Internal
    gd32f30x_it.o(i.USART1_IRQHandler) refers to usart1.o(i.USART1_IRQHandler_Internal) for USART1_IRQHandler_Internal
    gd32f30x_it.o(i.USART2_IRQHandler) refers to usart2.o(i.USART2_IRQHandler_Internal) for USART2_IRQHandler_Internal
    main.o(i.main) refers to gd32f30x_rcu.o(i.rcu_periph_clock_enable) for rcu_periph_clock_enable
    main.o(i.main) refers to gd32f30x_gpio.o(i.gpio_pin_remap_config) for gpio_pin_remap_config
[...]
    FOC_Service_VerifyInitChecks             0x08004695   Thumb Code   148  foc_service_handler.o(i.FOC_Service_VerifyInitChecks)
    FOC_SpeedAngleOuterLoopStep              0x0800476d   Thumb Code   392  foc_ctrl_outer_loop.o(i.FOC_SpeedAngleOuterLoopStep)
    FOC_SpeedOuterLoopStep                   0x08004905   Thumb Code    98  foc_ctrl_outer_loop.o(i.FOC_SpeedOuterLoopStep)
    HardFault_Handler                        0x08004a9d   Thumb Code     2  gd32f30x_it.o(i.HardFault_Handler)
    I2C0_Init                                0x08004b09   Thumb Code    44  i2c0.o(i.I2C0_Init)
    I2C0_ReadBytes                           0x08004b39   Thumb Code   214  i2c0.o(i.I2C0_ReadBytes)
    I2C0_Unlock                              0x08004c81   Thumb Code   130  i2c0.o(i.I2C0_Unlock)
    LED_Init                                 0x08004da9   Thumb Code    66  led.o(i.LED_Init)
    LED_SetState                             0x08004df1   Thumb Code    10  led.o(i.LED_SetState)
    Math_ClampFloat                          0x08004dfb   Thumb Code    32  foc_math_transforms.o(i.Math_ClampFloat)
    Math_ClarkeTransform                     0x08004e1d   Thumb Code    22  foc_math_transforms.o(i.Math_ClarkeTransform)
    Math_FirstOrderLpf                       0x08004e49   Thumb Code    72  foc_math_transforms.o(i.Math_FirstOrderLpf)
    Math_InverseClarkeTransform              0x08004e95   Thumb Code    38  foc_math_transforms.o(i.Math_InverseClarkeTransform)
    Math_InverseParkTransform                0x08004ec1   Thumb Code    72  foc_math_transforms.o(i.Math_InverseParkTransform)
    Math_ParkTransform                       0x08004f09   Thumb Code    72  foc_math_transforms.o(i.Math_ParkTransform)
    Math_WrapRad                             0x08004f51   Thumb Code    38  foc_math_transforms.o(i.Math_WrapRad)
    Math_WrapRadDelta                        0x08004f81   Thumb Code    38  foc_math_transforms.o(i.Math_WrapRadDelta)
    MemManage_Handler                        0x08004fb5   Thumb Code     2  gd32f30x_it.o(i.MemManage_Handler)
    NMI_Handler                              0x08004fb7   Thumb Code     2  gd32f30x_it.o(i.NMI_Handler)
    PWM_EnableComplementaryOutputs           0x0800501d   Thumb Code     8  pwm.o(i.PWM_EnableComplementaryOutputs)
    PWM_Init                                 0x080050b9   Thumb Code    78  pwm.o(i.PWM_Init)
    PWM_SetDeadTime                          0x08005111   Thumb Code    60  pwm.o(i.PWM_SetDeadTime)
    PWM_SetDutyCycle                         0x08005151   Thumb Code    60  pwm.o(i.PWM_SetDutyCycle)
    PWM_SetDutyCycleTripleFloat              0x08005195   Thumb Code    82  pwm.o(i.PWM_SetDutyCycleTripleFloat)
    PWM_SetUpdateCallback                    0x080051f1   Thumb Code     6  pwm.o(i.PWM_SetUpdateCallback)
    PWM_SetUpdateInterruptEnabled            0x080051fd   Thumb Code    46  pwm.o(i.PWM_SetUpdateInterruptEnabled)
    PWM_Start                                0x08005231   Thumb Code     6  pwm.o(i.PWM_Start)
    PWM_Timer0Update_IRQHandler_Internal     0x0800523d   Thumb Code    40  pwm.o(i.PWM_Timer0Update_IRQHandler_Internal)
    PendSV_Handler                           0x080053cd   Thumb Code     2  gd32f30x_it.o(i.PendSV_Handler)
    ProtocolCore_ExtractFrame                0x080053cf   Thumb Code    68  foc_protocol_parser.o(i.ProtocolCore_ExtractFrame)
    ProtocolCore_IsDriverAddressedToLocal    0x08005413   Thumb Code    16  foc_protocol_parser.o(i.ProtocolCore_IsDriverAddressedToLocal)
    ProtocolCore_IsDriverIdFormatValid       0x08005423   Thumb Code    18  foc_protocol_parser.o(i.ProtocolCore_IsDriverIdFormatValid)
    ProtocolCore_ParseFrame                  0x08005435   Thumb Code   162  foc_protocol_parser.o(i.ProtocolCore_ParseFrame)
    ProtocolCore_ParseSignedFloat            0x080054dd   Thumb Code   142  foc_protocol_parser.o(i.ProtocolCore_ParseSignedFloat)
    ProtocolCore_ParseStateValue             0x08005575   Thumb Code    40  foc_protocol_parser.o(i.ProtocolCore_ParseStateValue)
    ProtocolText_FormatParamLine             0x0800559d   Thumb Code   108  foc_protocol_parser.o(i.ProtocolText_FormatParamLine)
    ProtocolText_FormatStateLine             0x08005631   Thumb Code    40  foc_protocol_parser.o(i.ProtocolText_FormatStateLine)
    ProtocolText_GetParamName                0x08005679   Thumb Code   100  foc_protocol_parser.o(i.ProtocolText_GetParamName)
    ProtocolText_GetStateName                0x080057e9   Thumb Code    28  foc_protocol_parser.o(i.ProtocolText_GetStateName)
    ProtocolText_IsIntegerParam              0x08005851   Thumb Code    24  foc_protocol_parser.o(i.ProtocolText_IsIntegerParam)
    Reset_LED                                0x08005945   Thumb Code    32  led.o(i.Reset_LED)
    SVC_Handler                              0x08005969   Thumb Code     2  gd32f30x_it.o(i.SVC_Handler)
    SVPWM_ApplyDirectDuty                    0x0800596d   Thumb Code   148  foc_svpwm.o(i.SVPWM_ApplyDirectDuty)
    SVPWM_Init                               0x08005d1d   Thumb Code    56  foc_svpwm.o(i.SVPWM_Init)
    SVPWM_InterpolationISR                   0x08005d59   Thumb Code   116  foc_svpwm.o(i.SVPWM_InterpolationISR)
    SVPWM_SetRuntimeDutyTarget               0x08005dcd   Thumb Code   180  foc_svpwm.o(i.SVPWM_SetRuntimeDutyTarget)
    SVPWM_UpdateDirect                       0x08005e85   Thumb Code    42  foc_svpwm.o(i.SVPWM_UpdateDirect)
    SVPWM_UpdateRuntime                      0x08005eaf   Thumb Code    42  foc_svpwm.o(i.SVPWM_UpdateRuntime)
    Sensor_ADCSampleTimeOffset               0x08005ed9   Thumb Code     4  foc_sensor.o(i.Sensor_ADCSampleTimeOffset)
    Sensor_AccumulateEcycle                  0x08005edd   Thumb Code   292  foc_sensor.o(i.Sensor_AccumulateEcycle)
    Sensor_Init                              0x08006019   Thumb Code    30  foc_sensor.o(i.Sensor_Init)
    Sensor_InitSnapshot                      0x08006039   Thumb Code   110  foc_sensor.o(i.Sensor_InitSnapshot)
    Sensor_ReadCurrent                       0x080060c1   Thumb Code   126  foc_sensor.o(i.Sensor_ReadCurrent)
    Sensor_ReadEncoder                       0x08006145   Thumb Code   150  foc_sensor.o(i.Sensor_ReadEncoder)
    Sensor_ReadVBUS                          0x080061e5   Thumb Code    60  foc_sensor.o(i.Sensor_ReadVBUS)
    Sensor_SetZeroOffset                     0x08006225   Thumb Code   164  foc_sensor.o(i.Sensor_SetZeroOffset)
    Sensor_SyncCurrentSnapshot               0x080062d1   Thumb Code    64  foc_sensor.o(i.Sensor_SyncCurrentSnapshot)
    Set_LED                                  0x08006311   Thumb Code    32  led.o(i.Set_LED)
    SysTick_Handler                          0x08006335   Thumb Code     4  gd32f30x_it.o(i.SysTick_Handler)
    SystemInit                               0x08006339   Thumb Code   210  system_gd32f30x.o(i.SystemInit)
    TIMER0_UP_IRQHandler                     0x08006419   Thumb Code     4  gd32f30x_it.o(i.TIMER0_UP_IRQHandler)
    TIMER1_IRQHandler                        0x0800641d   Thumb Code     4  gd32f30x_it.o(i.TIMER1_IRQHandler)
    TIMER2_IRQHandler                        0x08006421   Thumb Code     4  gd32f30x_it.o(i.TIMER2_IRQHandler)
    TIMER3_IRQHandler                        0x08006425   Thumb Code    62  timer3.o(i.TIMER3_IRQHandler)
    Timer1_IRQHandler_Internal               0x0800646d   Thumb Code    70  timer1.o(i.Timer1_IRQHandler_Internal)
    Timer1_Init                              0x080064bd   Thumb Code   124  timer1.o(i.Timer1_Init)
    Timer1_SetCallback                       0x08006541   Thumb Code     6  timer1.o(i.Timer1_SetCallback)
    Timer1_SetUpdateInterruptEnabled         0x0800654d   Thumb Code    48  timer1.o(i.Timer1_SetUpdateInterruptEnabled)
    Timer1_Start                             0x0800657d   Thumb Code    18  timer1.o(i.Timer1_Start)
    Timer2_IRQHandler_Internal               0x08006595   Thumb Code    40  timer2.o(i.Timer2_IRQHandler_Internal)
    Timer2_Init                              0x080065c5   Thumb Code    96  timer2.o(i.Timer2_Init)
    Timer2_Start                             0x0800662d   Thumb Code    16  timer2.o(i.Timer2_Start)
    Timer3_Init                              0x08006645   Thumb Code   234  timer3.o(i.Timer3_Init)
    Timer3_SetSampleOffsetPercent            0x0800673d   Thumb Code    54  timer3.o(i.Timer3_SetSampleOffsetPercent)
    Timer3_Start                             0x08006781   Thumb Code    16  timer3.o(i.Timer3_Start)
    USART1_ClearBuffers                      0x08006799   Thumb Code    72  usart1.o(i.USART1_ClearBuffers)
    USART1_IRQHandler                        0x080068f9   Thumb Code     4  gd32f30x_it.o(i.USART1_IRQHandler)
    USART1_IRQHandler_Internal               0x080068fd   Thumb Code   136  usart1.o(i.USART1_IRQHandler_Internal)
    USART1_Init                              0x08006999   Thumb Code   240  usart1.o(i.USART1_Init)
    USART1_ReadFrame                         0x08006a9d   Thumb Code    48  usart1.o(i.USART1_ReadFrame)
    USART1_SendByte                          0x08006ad5   Thumb Code    12  usart1.o(i.USART1_SendByte)
    USART1_SendData                          0x08006ae1   Thumb Code    64  usart1.o(i.USART1_SendData)
    USART1_SendString                        0x08006b25   Thumb Code    26  usart1.o(i.USART1_SendString)
    USART2_ClearBuffers                      0x08006b41   Thumb Code    72  usart2.o(i.USART2_ClearBuffers)
    USART2_IRQHandler                        0x08006c15   Thumb Code     4  gd32f30x_it.o(i.USART2_IRQHandler)
    USART2_IRQHandler_Internal               0x08006c19   Thumb Code   136  usart2.o(i.USART2_IRQHandler_Internal)
    USART2_Init                              0x08006cb5   Thumb Code   242  usart2.o(i.USART2_Init)
    USART2_ReadFrame                         0x08006dbd   Thumb Code    48  usart2.o(i.USART2_ReadFrame)
    UsageFault_Handler                       0x08006df5   Thumb Code     2  gd32f30x_it.o(i.UsageFault_Handler)
    __ARM_fpclassify                         0x08006f71   Thumb Code    48  fpclassify.o(i.__ARM_fpclassify)
    __hardfp_fmodf                           0x08006fa1   Thumb Code   176  fmodf.o(i.__hardfp_fmodf)
    __hardfp_sqrt                            0x08007051   Thumb Code   122  sqrt.o(i.__hardfp_sqrt)
    __hardfp_sqrtf                           0x080070cb   Thumb Code    58  sqrtf.o(i.__hardfp_sqrtf)
    __mathlib_flt_invalid                    0x08007105   Thumb Code    10  funder.o(i.__mathlib_flt_invalid)
    _is_digit                                0x08007115   Thumb Code    14  __printf_wp.o(i._is_digit)
    adc_calibration_enable                   0x08007123   Thumb Code    30  gd32f30x_adc.o(i.adc_calibration_enable)
    adc_channel_length_config                0x08007141   Thumb Code    54  gd32f30x_adc.o(i.adc_channel_length_config)
    adc_data_alignment_config                0x08007177   Thumb Code    20  gd32f30x_adc.o(i.adc_data_alignment_config)
    adc_deinit                               0x0800718d   Thumb Code    54  gd32f30x_adc.o(i.adc_deinit)
    adc_dma_mode_enable                      0x080071c9   Thumb Code    10  gd32f30x_adc.o(i.adc_dma_mode_enable)
    adc_enable                               0x080071d3   Thumb Code    16  gd32f30x_adc.o(i.adc_enable)
    adc_external_trigger_config              0x080071e3   Thumb Code    54  gd32f30x_adc.o(i.adc_external_trigger_config)
    adc_external_trigger_source_config       0x08007219   Thumb Code    32  gd32f30x_adc.o(i.adc_external_trigger_source_config)
    adc_flag_clear                           0x08007239   Thumb Code     6  gd32f30x_adc.o(i.adc_flag_clear)
    adc_flag_get                             0x0800723f   Thumb Code    14  gd32f30x_adc.o(i.adc_flag_get)
    adc_interrupt_enable                     0x0800724d   Thumb Code    38  gd32f30x_adc.o(i.adc_interrupt_enable)
    adc_interrupt_flag_clear                 0x08007273   Thumb Code     6  gd32f30x_adc.o(i.adc_interrupt_flag_clear)
    adc_interrupt_flag_get                   0x08007279   Thumb Code    62  gd32f30x_adc.o(i.adc_interrupt_flag_get)
    adc_mode_config                          0x080072b9   Thumb Code    18  gd32f30x_adc.o(i.adc_mode_config)
    adc_oversample_mode_config               0x080072d1   Thumb Code    44  gd32f30x_adc.o(i.adc_oversample_mode_config)
    adc_oversample_mode_enable               0x080072fd   Thumb Code    12  gd32f30x_adc.o(i.adc_oversample_mode_enable)
    adc_resolution_config                    0x08007309   Thumb Code    18  gd32f30x_adc.o(i.adc_resolution_config)
    adc_routine_channel_config               0x0800731b   Thumb Code   126  gd32f30x_adc.o(i.adc_routine_channel_config)
    adc_routine_data_read                    0x08007399   Thumb Code     6  gd32f30x_adc.o(i.adc_routine_data_read)
    adc_software_trigger_enable              0x0800739f   Thumb Code    26  gd32f30x_adc.o(i.adc_software_trigger_enable)
    adc_special_function_config              0x080073b9   Thumb Code    82  gd32f30x_adc.o(i.adc_special_function_config)
    delay_1ms                                0x0800740d   Thumb Code    12  systick.o(i.delay_1ms)
    delay_decrement                          0x0800741d   Thumb Code    22  systick.o(i.delay_decrement)
    dma_channel_disable                      0x08007439   Thumb Code    32  gd32f30x_dma.o(i.dma_channel_disable)
    dma_channel_enable                       0x08007459   Thumb Code    32  gd32f30x_dma.o(i.dma_channel_enable)
    dma_circulation_disable                  0x08007479   Thumb Code    32  gd32f30x_dma.o(i.dma_circulation_disable)
    dma_circulation_enable                   0x08007499   Thumb Code    32  gd32f30x_dma.o(i.dma_circulation_enable)
    dma_deinit                               0x080074b9   Thumb Code    54  gd32f30x_dma.o(i.dma_deinit)
    dma_flag_clear                           0x080074ef   Thumb Code    12  gd32f30x_dma.o(i.dma_flag_clear)
    dma_flag_get                             0x080074fb   Thumb Code    14  gd32f30x_dma.o(i.dma_flag_get)
    dma_init                                 0x08007509   Thumb Code   120  gd32f30x_dma.o(i.dma_init)
    dma_interrupt_enable                     0x08007581   Thumb Code    32  gd32f30x_dma.o(i.dma_interrupt_enable)
    dma_interrupt_flag_clear                 0x080075a1   Thumb Code    12  gd32f30x_dma.o(i.dma_interrupt_flag_clear)
    dma_interrupt_flag_get                   0x080075ad   Thumb Code    76  gd32f30x_dma.o(i.dma_interrupt_flag_get)
    dma_memory_address_config                0x080075f9   Thumb Code    28  gd32f30x_dma.o(i.dma_memory_address_config)
    dma_periph_address_config                0x08007615   Thumb Code    28  gd32f30x_dma.o(i.dma_periph_address_config)
    dma_struct_para_init                     0x08007649   Thumb Code    26  gd32f30x_dma.o(i.dma_struct_para_init)
    dma_transfer_number_config               0x08007663   Thumb Code    30  gd32f30x_dma.o(i.dma_transfer_number_config)
    dma_transfer_number_get                  0x08007681   Thumb Code    26  gd32f30x_dma.o(i.dma_transfer_number_get)
    gpio_bit_reset                           0x0800769b   Thumb Code     4  gd32f30x_gpio.o(i.gpio_bit_reset)
    gpio_bit_set                             0x0800769f   Thumb Code     4  gd32f30x_gpio.o(i.gpio_bit_set)
    gpio_init                                0x080076a3   Thumb Code   160  gd32f30x_gpio.o(i.gpio_init)
    gpio_output_bit_get                      0x08007743   Thumb Code    10  gd32f30x_gpio.o(i.gpio_output_bit_get)
    gpio_pin_remap_config                    0x0800774d   Thumb Code    82  gd32f30x_gpio.o(i.gpio_pin_remap_config)
    i2c_ack_config                           0x080077a5   Thumb Code    12  gd32f30x_i2c.o(i.i2c_ack_config)
    i2c_clock_config                         0x080077b1   Thumb Code   242  gd32f30x_i2c.o(i.i2c_clock_config)
    i2c_data_receive                         0x080078b1   Thumb Code     6  gd32f30x_i2c.o(i.i2c_data_receive)
    i2c_data_transmit                        0x080078b7   Thumb Code     4  gd32f30x_i2c.o(i.i2c_data_transmit)
    i2c_deinit                               0x080078bd   Thumb Code    42  gd32f30x_i2c.o(i.i2c_deinit)
    i2c_disable                              0x080078ed   Thumb Code    10  gd32f30x_i2c.o(i.i2c_disable)
    i2c_enable                               0x080078f7   Thumb Code    10  gd32f30x_i2c.o(i.i2c_enable)
    i2c_flag_clear                           0x08007901   Thumb Code    34  gd32f30x_i2c.o(i.i2c_flag_clear)
    i2c_flag_get                             0x08007923   Thumb Code    22  gd32f30x_i2c.o(i.i2c_flag_get)
    i2c_master_addressing                    0x08007939   Thumb Code    18  gd32f30x_i2c.o(i.i2c_master_addressing)
    i2c_mode_addr_config                     0x0800794b   Thumb Code    22  gd32f30x_i2c.o(i.i2c_mode_addr_config)
    i2c_software_reset_config                0x08007961   Thumb Code    12  gd32f30x_i2c.o(i.i2c_software_reset_config)
    i2c_start_on_bus                         0x0800796d   Thumb Code    10  gd32f30x_i2c.o(i.i2c_start_on_bus)
    i2c_stop_on_bus                          0x08007977   Thumb Code    10  gd32f30x_i2c.o(i.i2c_stop_on_bus)
    main                                     0x08007981   Thumb Code    30  main.o(i.main)
    nvic_irq_disable                         0x080079a5   Thumb Code    22  gd32f30x_misc.o(i.nvic_irq_disable)
    nvic_irq_enable                          0x080079bd   Thumb Code   154  gd32f30x_misc.o(i.nvic_irq_enable)
    nvic_priority_group_set                  0x08007a5d   Thumb Code    10  gd32f30x_misc.o(i.nvic_priority_group_set)
    rcu_clock_freq_get                       0x08007a71   Thumb Code   222  gd32f30x_rcu.o(i.rcu_clock_freq_get)
    rcu_periph_clock_enable                  0x08007b6d   Thumb Code    22  gd32f30x_rcu.o(i.rcu_periph_clock_enable)
    rcu_periph_reset_disable                 0x08007b89   Thumb Code    22  gd32f30x_rcu.o(i.rcu_periph_reset_disable)
    rcu_periph_reset_enable                  0x08007ba5   Thumb Code    22  gd32f30x_rcu.o(i.rcu_periph_reset_enable)
    systick_config                           0x08007c7d   Thumb Code    60  systick.o(i.systick_config)
    timer_auto_reload_shadow_enable          0x08007cbd   Thumb Code    10  gd32f30x_timer.o(i.timer_auto_reload_shadow_enable)
    timer_break_config                       0x08007cc7   Thumb Code    32  gd32f30x_timer.o(i.timer_break_config)
    timer_break_struct_para_init             0x08007ce7   Thumb Code    18  gd32f30x_timer.o(i.timer_break_struct_para_init)
    timer_channel_output_config              0x08007cf9   Thumb Code   458  gd32f30x_timer.o(i.timer_channel_output_config)
    timer_channel_output_mode_config         0x08007ecd   Thumb Code    78  gd32f30x_timer.o(i.timer_channel_output_mode_config)
    timer_channel_output_pulse_value_config  0x08007f1b   Thumb Code    30  gd32f30x_timer.o(i.timer_channel_output_pulse_value_config)
    timer_channel_output_shadow_config       0x08007f39   Thumb Code    78  gd32f30x_timer.o(i.timer_channel_output_shadow_config)
    timer_channel_output_struct_para_init    0x08007f87   Thumb Code    16  gd32f30x_timer.o(i.timer_channel_output_struct_para_init)
    timer_counter_value_config               0x08007f97   Thumb Code     4  gd32f30x_timer.o(i.timer_counter_value_config)
    timer_deinit                             0x08007f9d   Thumb Code   110  gd32f30x_timer.o(i.timer_deinit)
    timer_enable                             0x08008015   Thumb Code    10  gd32f30x_timer.o(i.timer_enable)
    timer_init                               0x08008021   Thumb Code   120  gd32f30x_timer.o(i.timer_init)
    timer_input_trigger_source_select        0x080080b5   Thumb Code    16  gd32f30x_timer.o(i.timer_input_trigger_source_select)
    timer_interrupt_disable                  0x080080c5   Thumb Code     8  gd32f30x_timer.o(i.timer_interrupt_disable)
    timer_interrupt_enable                   0x080080cd   Thumb Code     8  gd32f30x_timer.o(i.timer_interrupt_enable)
    timer_interrupt_flag_clear               0x080080d5   Thumb Code     6  gd32f30x_timer.o(i.timer_interrupt_flag_clear)
    timer_interrupt_flag_get                 0x080080db   Thumb Code    22  gd32f30x_timer.o(i.timer_interrupt_flag_get)
    timer_master_output_trigger_source_select 0x080080f1   Thumb Code    16  gd32f30x_timer.o(i.timer_master_output_trigger_source_select)
    timer_master_slave_mode_config           0x08008101   Thumb Code    24  gd32f30x_timer.o(i.timer_master_slave_mode_config)
    timer_primary_output_config              0x08008119   Thumb Code    20  gd32f30x_timer.o(i.timer_primary_output_config)
    timer_slave_mode_select                  0x0800812d   Thumb Code    16  gd32f30x_timer.o(i.timer_slave_mode_select)
    usart_baudrate_set                       0x0800813d   Thumb Code    76  gd32f30x_usart.o(i.usart_baudrate_set)
    usart_deinit                             0x08008191   Thumb Code    80  gd32f30x_usart.o(i.usart_deinit)
    usart_dma_receive_config                 0x080081e9   Thumb Code    20  gd32f30x_usart.o(i.usart_dma_receive_config)
    usart_dma_transmit_config                0x080081fd   Thumb Code    20  gd32f30x_usart.o(i.usart_dma_transmit_config)
    usart_enable                             0x08008211   Thumb Code    10  gd32f30x_usart.o(i.usart_enable)
    usart_flag_get                           0x0800821b   Thumb Code    26  gd32f30x_usart.o(i.usart_flag_get)
    usart_hardware_flow_cts_config           0x08008235   Thumb Code    20  gd32f30x_usart.o(i.usart_hardware_flow_cts_config)
    usart_hardware_flow_rts_config           0x08008249   Thumb Code    20  gd32f30x_usart.o(i.usart_hardware_flow_rts_config)
    usart_interrupt_disable                  0x0800825d   Thumb Code    20  gd32f30x_usart.o(i.usart_interrupt_disable)
    usart_interrupt_enable                   0x08008271   Thumb Code    20  gd32f30x_usart.o(i.usart_interrupt_enable)
    usart_interrupt_flag_get                 0x08008285   Thumb Code    50  gd32f30x_usart.o(i.usart_interrupt_flag_get)
    usart_parity_config                      0x080082b7   Thumb Code    16  gd32f30x_usart.o(i.usart_parity_config)
    usart_receive_config                     0x080082c7   Thumb Code    20  gd32f30x_usart.o(i.usart_receive_config)
    usart_stop_bit_set                       0x080082db   Thumb Code    16  gd32f30x_usart.o(i.usart_stop_bit_set)
    usart_transmit_config                    0x080082eb   Thumb Code    20  gd32f30x_usart.o(i.usart_transmit_config)
    usart_word_length_set                    0x080082ff   Thumb Code    16  gd32f30x_usart.o(i.usart_word_length_set)
    _get_lc_numeric                          0x08008311   Thumb Code    44  lc_numeric_c.o(locale$$code)
    __aeabi_d2f                              0x0800833d   Thumb Code     0  d2f.o(x$fpl$d2f)
    _d2f                                     0x0800833d   Thumb Code    98  d2f.o(x$fpl$d2f)
    __fpl_dnaninf                            0x0800839f   Thumb Code   156  dnaninf.o(x$fpl$dnaninf)
    __fpl_dretinf                            0x0800843b   Thumb Code    12  dretinf.o(x$fpl$dretinf)
    _dsqrt                                   0x08008449   Thumb Code   404  dsqrt_umaal.o(x$fpl$dsqrt)
    __aeabi_f2d                              0x080085e1   Thumb Code     0  f2d.o(x$fpl$f2d)
    _f2d                                     0x080085e1   Thumb Code    86  f2d.o(x$fpl$f2d)
    __fpl_fnaninf                            0x08008637   Thumb Code   140  fnaninf.o(x$fpl$fnaninf)
    _fp_init                                 0x080086c3   Thumb Code    10  fpinit.o(x$fpl$fpinit)
    __fplib_config_fpu_vfp                   0x080086cb   Thumb Code     0  fpinit.o(x$fpl$fpinit)
    __fplib_config_pureend_doubles           0x080086cb   Thumb Code     0  fpinit.o(x$fpl$fpinit)
    _frem                                    0x080086cd   Thumb Code   240  frem_clz.o(x$fpl$frem)
    __fpl_fretinf                            0x080087c1   Thumb Code    10  fretinf.o(x$fpl$fretinf)
    _printf_fp_dec                           0x080087cb   Thumb Code     4  printf1.o(x$fpl$printf1)
    __I$use$fp                               0x080087ce   Number         0  usenofp.o(x$fpl$usenofp)
    Region$$Table$$Base                      0x0800be44   Number         0  anon$$obj.o(Region$$Table)
    Region$$Table$$Limit                     0x0800be64   Number         0  anon$$obj.o(Region$$Table)
    SystemCoreClock                          0x20000008   Data           4  system_gd32f30x.o(.data)
    __libspace_start                         0x200012c4   Data          96  libspace.o(.bss)
    __temporary_stack_top$libspace           0x20001324   Data           0  libspace.o(.bss)



==============================================================================

Memory Map of the image

  Image Entry point : 0x08000131

  Load Region LR_IROM1 (Base: 0x08000000, Size: 0x0000bed0, Max: 0x00040000, ABSOLUTE)

    Execution Region ER_IROM1 (Exec base: 0x08000000, Load base: 0x08000000, Size: 0x0000be80, Max: 0x00040000, ABSOLUTE)

    Exec Addr    Load Addr    Size         Type   Attr      Idx    E Section Name        Object

    0x08000000   0x08000000   0x00000130   Data   RO         4525    RESET               startup_gd32f30x_hd.o
    0x08000130   0x08000130   0x00000008   Code   RO         6641  * !!!main             c_w.l(__main.o)
    0x08000138   0x08000138   0x00000034   Code   RO         6938    !!!scatter          c_w.l(__scatter.o)
    0x0800016c   0x0800016c   0x0000001a   Code   RO         6940    !!handler_copy      c_w.l(__scatter_copy.o)
    0x08000186   0x08000186   0x00000002   PAD
    0x08000188   0x08000188   0x0000001c   Code   RO         6942    !!handler_zi        c_w.l(__scatter_zi.o)
    0x080001a4   0x080001a4   0x00000000   Code   RO         6630    .ARM.Collect$$_printf_percent$$00000000  c_w.l(_printf_percent.o)
    0x080001a4   0x080001a4   0x00000006   Code   RO         6629    .ARM.Collect$$_printf_percent$$00000003  c_w.l(_printf_f.o)
    0x080001aa   0x080001aa   0x00000006   Code   RO         6627    .ARM.Collect$$_printf_percent$$00000009  c_w.l(_printf_d.o)
    0x080001b0   0x080001b0   0x00000006   Code   RO         6628    .ARM.Collect$$_printf_percent$$0000000A  c_w.l(_printf_u.o)
    0x080001b6   0x080001b6   0x00000006   Code   RO         6626    .ARM.Collect$$_printf_percent$$0000000C  c_w.l(_printf_x.o)
    0x080001bc   0x080001bc   0x00000006   Code   RO         6624    .ARM.Collect$$_printf_percent$$00000013  c_w.l(_printf_c.o)
    0x080001c2   0x080001c2   0x00000006   Code   RO         6625    .ARM.Collect$$_printf_percent$$00000014  c_w.l(_printf_s.o)
    0x080001c8   0x080001c8   0x00000004   Code   RO         6700    .ARM.Collect$$_printf_percent$$00000017  c_w.l(_printf_percent_end.o)
    0x080001cc   0x080001cc   0x00000002   Code   RO         6811    .ARM.Collect$$libinit$$00000000  c_w.l(libinit.o)
    0x080001ce   0x080001ce   0x00000004   Code   RO         6812    .ARM.Collect$$libinit$$00000001  c_w.l(libinit2.o)
    0x080001d2   0x080001d2   0x00000000   Code   RO         6815    .ARM.Collect$$libinit$$00000004  c_w.l(libinit2.o)
    0x080001d2   0x080001d2   0x00000000   Code   RO         6818    .ARM.Collect$$libinit$$0000000A  c_w.l(libinit2.o)
    0x080001d2   0x080001d2   0x00000000   Code   RO         6820    .ARM.Collect$$libinit$$0000000C  c_w.l(libinit2.o)
    0x080001d2   0x080001d2   0x00000000   Code   RO         6822    .ARM.Collect$$libinit$$0000000E  c_w.l(libinit2.o)
    0x080001d2   0x080001d2   0x00000006   Code   RO         6823    .ARM.Collect$$libinit$$0000000F  c_w.l(libinit2.o)
    0x080001d8   0x080001d8   0x00000000   Code   RO         6825    .ARM.Collect$$libinit$$00000011  c_w.l(libinit2.o)
    0x080001d8   0x080001d8   0x00000000   Code   RO         6827    .ARM.Collect$$libinit$$00000013  c_w.l(libinit2.o)
    0x080001d8   0x080001d8   0x00000000   Code   RO         6829    .ARM.Collect$$libinit$$00000015  c_w.l(libinit2.o)
    0x080001d8   0x080001d8   0x0000000a   Code   RO         6830    .ARM.Collect$$libinit$$00000016  c_w.l(libinit2.o)
    0x080001e2   0x080001e2   0x00000000   Code   RO         6831    .ARM.Collect$$libinit$$00000017  c_w.l(libinit2.o)
    0x080001e2   0x080001e2   0x00000000   Code   RO         6833    .ARM.Collect$$libinit$$00000019  c_w.l(libinit2.o)
    0x080001e2   0x080001e2   0x00000000   Code   RO         6835    .ARM.Collect$$libinit$$0000001B  c_w.l(libinit2.o)
    0x080001e2   0x080001e2   0x00000000   Code   RO         6837    .ARM.Collect$$libinit$$0000001D  c_w.l(libinit2.o)
    0x080001e2   0x080001e2   0x00000000   Code   RO         6839    .ARM.Collect$$libinit$$0000001F  c_w.l(libinit2.o)
    0x080001e2   0x080001e2   0x00000000   Code   RO         6841    .ARM.Collect$$libinit$$00000021  c_w.l(libinit2.o)
    0x080001e2   0x080001e2   0x00000000   Code   RO         6843    .ARM.Collect$$libinit$$00000023  c_w.l(libinit2.o)
    0x080001e2   0x080001e2   0x00000000   Code   RO         6845    .ARM.Collect$$libinit$$00000025  c_w.l(libinit2.o)
    0x080001e2   0x080001e2   0x00000000   Code   RO         6849    .ARM.Collect$$libinit$$0000002C  c_w.l(libinit2.o)
    0x080001e2   0x080001e2   0x00000000   Code   RO         6851    .ARM.Collect$$libinit$$0000002E  c_w.l(libinit2.o)
    0x080001e2   0x080001e2   0x00000000   Code   RO         6853    .ARM.Collect$$libinit$$00000030  c_w.l(libinit2.o)
    0x080001e2   0x080001e2   0x00000000   Code   RO         6855    .ARM.Collect$$libinit$$00000032  c_w.l(libinit2.o)
    0x080001e2   0x080001e2   0x00000002   Code   RO         6856    .ARM.Collect$$libinit$$00000033  c_w.l(libinit2.o)
    0x080001e4   0x080001e4   0x00000002   Code   RO         6886    .ARM.Collect$$libshutdown$$00000000  c_w.l(libshutdown.o)
    0x080001e6   0x080001e6   0x00000000   Code   RO         6897    .ARM.Collect$$libshutdown$$00000002  c_w.l(libshutdown2.o)
    0x080001e6   0x080001e6   0x00000000   Code   RO         6899    .ARM.Collect$$libshutdown$$00000004  c_w.l(libshutdown2.o)
    0x080001e6   0x080001e6   0x00000000   Code   RO         6902    .ARM.Collect$$libshutdown$$00000007  c_w.l(libshutdown2.o)
    0x080001e6   0x080001e6   0x00000000   Code   RO         6905    .ARM.Collect$$libshutdown$$0000000A  c_w.l(libshutdown2.o)
    0x080001e6   0x080001e6   0x00000000   Code   RO         6907    .ARM.Collect$$libshutdown$$0000000C  c_w.l(libshutdown2.o)
    0x080001e6   0x080001e6   0x00000000   Code   RO         6910    .ARM.Collect$$libshutdown$$0000000F  c_w.l(libshutdown2.o)
    0x080001e6   0x080001e6   0x00000002   Code   RO         6911    .ARM.Collect$$libshutdown$$00000010  c_w.l(libshutdown2.o)
    0x080001e8   0x080001e8   0x00000000   Code   RO         6685    .ARM.Collect$$rtentry$$00000000  c_w.l(__rtentry.o)
    0x080001e8   0x080001e8   0x00000000   Code   RO         6733    .ARM.Collect$$rtentry$$00000002  c_w.l(__rtentry2.o)
    0x080001e8   0x080001e8   0x00000006   Code   RO         6745    .ARM.Collect$$rtentry$$00000004  c_w.l(__rtentry4.o)
    0x080001ee   0x080001ee   0x00000000   Code   RO         6735    .ARM.Collect$$rtentry$$00000009  c_w.l(__rtentry2.o)
    0x080001ee   0x080001ee   0x00000004   Code   RO         6736    .ARM.Collect$$rtentry$$0000000A  c_w.l(__rtentry2.o)
    0x080001f2   0x080001f2   0x00000000   Code   RO         6738    .ARM.Collect$$rtentry$$0000000C  c_w.l(__rtentry2.o)
    0x080001f2   0x080001f2   0x00000008   Code   RO         6739    .ARM.Collect$$rtentry$$0000000D  c_w.l(__rtentry2.o)
    0x080001fa   0x080001fa   0x00000002   Code   RO         6857    .ARM.Collect$$rtexit$$00000000  c_w.l(rtexit.o)
    0x080001fc   0x080001fc   0x00000000   Code   RO         6864    .ARM.Collect$$rtexit$$00000002  c_w.l(rtexit2.o)
    0x080001fc   0x080001fc   0x00000004   Code   RO         6865    .ARM.Collect$$rtexit$$00000003  c_w.l(rtexit2.o)
    0x08000200   0x08000200   0x00000006   Code   RO         6866    .ARM.Collect$$rtexit$$00000004  c_w.l(rtexit2.o)
    0x08000206   0x08000206   0x00000002   PAD
    0x08000208   0x08000208   0x00000040   Code   RO         4526    .text               startup_gd32f30x_hd.o
    0x08000248   0x08000248   0x00000038   Code   RO         6571    .text               c_w.l(__2snprintf.o)
    0x08000280   0x08000280   0x0000004e   Code   RO         6577    .text               c_w.l(_printf_pad.o)
    0x080002ce   0x080002ce   0x00000052   Code   RO         6579    .text               c_w.l(_printf_str.o)
    0x08000320   0x08000320   0x00000078   Code   RO         6581    .text               c_w.l(_printf_dec.o)
    0x08000398   0x08000398   0x00000058   Code   RO         6586    .text               c_w.l(_printf_hex_int.o)
    0x080003f0   0x080003f0   0x00000188   Code   RO         6621    .text               c_w.l(__printf_flags_ss_wp.o)
    0x08000578   0x08000578   0x0000003e   Code   RO         6631    .text               c_w.l(strlen.o)
    0x080005b6   0x080005b6   0x0000008a   Code   RO         6633    .text               c_w.l(rt_memcpy_v6.o)
    0x08000640   0x08000640   0x00000064   Code   RO         6635    .text               c_w.l(rt_memcpy_w.o)
    0x080006a4   0x080006a4   0x00000044   Code   RO         6637    .text               c_w.l(rt_memclr.o)
    0x080006e8   0x080006e8   0x00000006   Code   RO         6639    .text               c_w.l(heapauxi.o)
    0x080006ee   0x080006ee   0x00000016   Code   RO         6686    .text               c_w.l(_rserrno.o)
    0x08000704   0x08000704   0x000000b2   Code   RO         6688    .text               c_w.l(_printf_intcommon.o)
    0x080007b6   0x080007b6   0x0000041e   Code   RO         6690    .text               c_w.l(_printf_fp_dec.o)
    0x08000bd4   0x08000bd4   0x00000030   Code   RO         6692    .text               c_w.l(_printf_char_common.o)
    0x08000c04   0x08000c04   0x0000000a   Code   RO         6694    .text               c_w.l(_sputc.o)
    0x08000c0e   0x08000c0e   0x00000010   Code   RO         6696    .text               c_w.l(_snputc.o)
    0x08000c1e   0x08000c1e   0x0000002c   Code   RO         6698    .text               c_w.l(_printf_char.o)
    0x08000c4a   0x08000c4a   0x0000004e   Code   RO         6701    .text               c_w.l(rt_memclr_w.o)
    0x08000c98   0x08000c98   0x00000008   Code   RO         6750    .text               c_w.l(rt_locale_intlibspace.o)
    0x08000ca0   0x08000ca0   0x00000008   Code   RO         6755    .text               c_w.l(rt_errno_addr_intlibspace.o)
    0x08000ca8   0x08000ca8   0x0000008a   Code   RO         6757    .text               c_w.l(lludiv10.o)
    0x08000d32   0x08000d32   0x00000002   PAD
    0x08000d34   0x08000d34   0x00000080   Code   RO         6759    .text               c_w.l(_printf_fp_infnan.o)
    0x08000db4   0x08000db4   0x000000e4   Code   RO         6763    .text               c_w.l(bigflt0.o)
    0x08000e98   0x08000e98   0x00000008   Code   RO         6797    .text               c_w.l(libspace.o)
    0x08000ea0   0x08000ea0   0x0000004a   Code   RO         6800    .text               c_w.l(sys_stackheap_outer.o)
    0x08000eea   0x08000eea   0x00000012   Code   RO         6802    .text               c_w.l(exit.o)
    0x08000efc   0x08000efc   0x00000080   Code   RO         6804    .text               c_w.l(strcmpv7m.o)
    0x08000f7c   0x08000f7c   0x0000000c   Code   RO         6876    .text               c_w.l(sys_exit.o)
    0x08000f88   0x08000f88   0x00000002   Code   RO         6887    .text               c_w.l(use_no_semi.o)
    0x08000f8a   0x08000f8a   0x00000000   Code   RO         6889    .text               c_w.l(indicate_semi.o)
    0x08000f8a   0x08000f8a   0x0000003e   Code   RO         6766    CL$$btod_d2e        c_w.l(btod.o)
    0x08000fc8   0x08000fc8   0x00000046   Code   RO         6768    CL$$btod_d2e_denorm_low  c_w.l(btod.o)
    0x0800100e   0x0800100e   0x00000060   Code   RO         6767    CL$$btod_d2e_norm_op1  c_w.l(btod.o)
    0x0800106e   0x0800106e   0x00000338   Code   RO         6776    CL$$btod_div_common  c_w.l(btod.o)
    0x080013a6   0x080013a6   0x000000dc   Code   RO         6773    CL$$btod_e2e        c_w.l(btod.o)
    0x08001482   0x08001482   0x0000002a   Code   RO         6770    CL$$btod_ediv       c_w.l(btod.o)
    0x080014ac   0x080014ac   0x0000002a   Code   RO         6769    CL$$btod_emul       c_w.l(btod.o)
    0x080014d6   0x080014d6   0x00000244   Code   RO         6775    CL$$btod_mult_common  c_w.l(btod.o)
    0x0800171a   0x0800171a   0x00000004   Code   RO          368    i.ADC0_1_IRQHandler  gd32f30x_it.o
    0x0800171e   0x0800171e   0x00000002   PAD
    0x08001720   0x08001720   0x00000070   Code   RO         4894    i.ADC2_Config       adc.o
    0x08001790   0x08001790   0x000000b4   Code   RO         4895    i.ADC2_ReadVbus     adc.o
    0x08001844   0x08001844   0x00000100   Code   RO         4896    i.ADC_Config        adc.o
    0x08001944   0x08001944   0x00000024   Code   RO         4897    i.ADC_CurrentRawToVoltage  adc.o
    0x08001968   0x08001968   0x00000078   Code   RO         4898    i.ADC_DMA_Config    adc.o
    0x080019e0   0x080019e0   0x0000004c   Code   RO         4899    i.ADC_DMA_IRQHandler_Internal  adc.o
    0x08001a2c   0x08001a2c   0x000000f0   Code   RO         4900    i.ADC_GetAverageSample  adc.o
    0x08001b1c   0x08001b1c   0x00000024   Code   RO         4901    i.ADC_IRQHandler_Internal  adc.o
    0x08001b40   0x08001b40   0x000000ac   Code   RO         4902    i.ADC_Init          adc.o
    0x08001bec   0x08001bec   0x00000038   Code   RO         4903    i.ADC_ReadPhaseCurrentAB  adc.o
    0x08001c24   0x08001c24   0x00000010   Code   RO         4904    i.ADC_ReadPhaseCurrentABOk  adc.o
    0x08001c34   0x08001c34   0x00000098   Code   RO         4905    i.ADC_Start         adc.o
    0x08001ccc   0x08001ccc   0x0000001c   Code   RO         4906    i.ADC_VoltageToCurrentPhaseA  adc.o
    0x08001ce8   0x08001ce8   0x0000001c   Code   RO         4907    i.ADC_VoltageToCurrentPhaseB  adc.o
    0x08001d04   0x08001d04   0x00000004   Code   RO         4790    i.AS5600_Init       as5600.o
    0x08001d08   0x08001d08   0x00000018   Code   RO         4791    i.AS5600_RawAngleToRad  as5600.o
    0x08001d20   0x08001d20   0x00000008   Code   RO         4794    i.AS5600_ReadAngle  as5600.o
    0x08001d28   0x08001d28   0x00000010   Code   RO         4795    i.AS5600_ReadAngleOk  as5600.o
    0x08001d38   0x08001d38   0x00000024   Code   RO         4796    i.AS5600_ReadAngleRadOk  as5600.o
    0x08001d5c   0x08001d5c   0x0000002a   Code   RO         4799    i.AS5600_ReadRegister16  as5600.o
    0x08001d86   0x08001d86   0x00000002   Code   RO          369    i.BusFault_Handler  gd32f30x_it.o
    0x08001d88   0x08001d88   0x00000018   Code   RO         5633    i.ControlScheduler_ClearAllCallbacks  foc_task_scheduler.o
    0x08001da0   0x08001da0   0x00000010   Code   RO         5635    i.ControlScheduler_EnableDWT  foc_task_scheduler.o
    0x08001db0   0x08001db0   0x00000008   Code   RO         5636    i.ControlScheduler_GetExecutionCycles  foc_task_scheduler.o
    0x08001db8   0x08001db8   0x00000012   Code   RO         5638    i.ControlScheduler_Init  foc_task_scheduler.o
    0x08001dca   0x08001dca   0x0000006c   Code   RO         5640    i.ControlScheduler_RunTick  foc_task_scheduler.o
    0x08001e36   0x08001e36   0x00000010   Code   RO         5641    i.ControlScheduler_SetCallback  foc_task_scheduler.o
    0x08001e46   0x08001e46   0x00000004   Code   RO          370    i.DMA0_Channel0_IRQHandler  gd32f30x_it.o
    0x08001e4a   0x08001e4a   0x00000002   Code   RO          371    i.DebugMon_Handler  gd32f30x_it.o
    0x08001e4c   0x08001e4c   0x0000004c   Code   RO         5543    i.DebugStream_AppendOscValue  foc_debug_stream.o
    0x08001e98   0x08001e98   0x0000001e   Code   RO         5544    i.DebugStream_ComputePeriodTicks  foc_debug_stream.o
    0x08001eb6   0x08001eb6   0x00000002   PAD
    0x08001eb8   0x08001eb8   0x00000214   Code   RO         5546    i.DebugStream_FormatSemanticLine  foc_debug_stream.o
    0x080020cc   0x080020cc   0x0000001c   Code   RO         5548    i.DebugStream_Init  foc_debug_stream.o
    0x080020e8   0x080020e8   0x0000013c   Code   RO         5549    i.DebugStream_PollNextValue  foc_debug_stream.o
    0x08002224   0x08002224   0x00000118   Code   RO         5550    i.DebugStream_PollSemantic  foc_debug_stream.o
    0x0800233c   0x0800233c   0x00000008   Code   RO         5551    i.DebugStream_SetExecutionCycles  foc_debug_stream.o
    0x08002344   0x08002344   0x000000bc   Code   RO         5692    i.ExecutePCommand   foc_protocol_handler.o
    0x08002400   0x08002400   0x000000dc   Code   RO         5693    i.ExecuteSCommand   foc_protocol_handler.o
    0x080024dc   0x080024dc   0x0000004c   Code   RO         6168    i.Executor_SafeOutput  foc_ctrl_executor.o
    0x08002528   0x08002528   0x00000008   Code   RO         5603    i.FIFO_Count        foc_queue.o
    0x08002530   0x08002530   0x0000003e   Code   RO         5604    i.FIFO_Dequeue      foc_queue.o
    0x0800256e   0x0800256e   0x00000042   Code   RO         5605    i.FIFO_Enqueue      foc_queue.o
    0x080025b0   0x080025b0   0x00000016   Code   RO         5606    i.FIFO_Init         foc_queue.o
    0x080025c6   0x080025c6   0x00000002   PAD
    0x080025c8   0x080025c8   0x00000108   Code   RO         6257    i.FOC_AngleHoldPIDRun  foc_ctrl_outer_loop.o
    0x080026d0   0x080026d0   0x000000a8   Code   RO         5314    i.FOC_App_ControlTrigger  foc_app.o
    0x08002778   0x08002778   0x000000e4   Code   RO         5315    i.FOC_App_Init      foc_app.o
    0x0800285c   0x0800285c   0x0000029c   Code   RO         5316    i.FOC_App_Loop      foc_app.o
    0x08002af8   0x08002af8   0x00000068   Code   RO         5317    i.FOC_App_MonitorTrigger  foc_app.o
    0x08002b60   0x08002b60   0x0000000c   Code   RO         5318    i.FOC_App_OnPwmUpdateISR  foc_app.o
    0x08002b6c   0x08002b6c   0x000000a8   Code   RO         5319    i.FOC_App_OutputStartupInfo  foc_app.o
    0x08002c14   0x08002c14   0x00000080   Code   RO         5320    i.FOC_App_PollCommSources  foc_app.o
    0x08002c94   0x08002c94   0x00000024   Code   RO         5321    i.FOC_App_SchedTickBridge  foc_app.o
    0x08002cb8   0x08002cb8   0x00000018   Code   RO         5322    i.FOC_App_ServiceTrigger  foc_app.o
    0x08002cd0   0x08002cd0   0x00000010   Code   RO         5323    i.FOC_App_Start     foc_app.o
    0x08002ce0   0x08002ce0   0x00000010   Code   RO         5324    i.FOC_App_UpdateIndicators  foc_app.o
    0x08002cf0   0x08002cf0   0x00000168   Code   RO         6223    i.FOC_CalibrateElectricalAngleAndDirection  foc_ctrl_init.o
    0x08002e58   0x08002e58   0x000000dc   Code   RO         5882    i.FOC_ControlApplyElectricalAngleCore  foc_ctrl_actuation.o
    0x08002f34   0x08002f34   0x00000006   Code   RO         5883    i.FOC_ControlApplyElectricalAngleDirect  foc_ctrl_actuation.o
    0x08002f3a   0x08002f3a   0x00000006   Code   RO         5884    i.FOC_ControlApplyElectricalAngleRuntime  foc_ctrl_actuation.o
    0x08002f40   0x08002f40   0x00000074   Code   RO         5955    i.FOC_ControlConfigResetDefault  foc_ctrl_cfg.o
    0x08002fb4   0x08002fb4   0x0000000c   Code   RO         6169    i.FOC_ControlExecutor_Init  foc_ctrl_executor.o
    0x08002fc0   0x08002fc0   0x00000078   Code   RO         6170    i.FOC_ControlExecutor_RunCycle  foc_ctrl_executor.o
    0x08003038   0x08003038   0x000000ac   Code   RO         6171    i.FOC_ControlExecutor_RunISR  foc_ctrl_executor.o
    0x080030e4   0x080030e4   0x000000ba   Code   RO         6172    i.FOC_ControlExecutor_RunOuterLoop  foc_ctrl_executor.o
    0x0800319e   0x0800319e   0x00000006   Code   RO         6173    i.FOC_ControlExecutor_SafeOutput  foc_ctrl_executor.o
    0x080031a4   0x080031a4   0x00000094   Code   RO         5885    i.FOC_ControlMechanicalToElectricalAngle  foc_ctrl_actuation.o
    0x08003238   0x08003238   0x00000058   Code   RO         6224    i.FOC_ControlPlatform_InitHardware  foc_ctrl_init.o
    0x08003290   0x08003290   0x00000014   Code   RO         6258    i.FOC_ControlRebaseMechanicalAngleAccum  foc_ctrl_outer_loop.o
    0x080032a4   0x080032a4   0x00000004   Code   RO         6098    i.FOC_ControlRequiresCurrentSample  foc_ctrl_current_loop.o
    0x080032a8   0x080032a8   0x0000000a   Code   RO         6259    i.FOC_ControlResetSpeedLoopState  foc_ctrl_outer_loop.o
    0x080032b2   0x080032b2   0x00000002   PAD
    0x080032b4   0x080032b4   0x00000088   Code   RO         5972    i.FOC_Control_ApplyConfig  foc_ctrl_cfg.o
    0x0800333c   0x0800333c   0x0000000a   Code   RO         6099    i.FOC_CurrentControlApplyElectricalAngleDirect  foc_ctrl_current_loop.o
    0x08003346   0x08003346   0x00000002   PAD
    0x08003348   0x08003348   0x00000054   Code   RO         6100    i.FOC_CurrentControlClosedLoopStep  foc_ctrl_current_loop.o
    0x0800339c   0x0800339c   0x00000090   Code   RO         6101    i.FOC_CurrentControlOpenLoopStep  foc_ctrl_current_loop.o
    0x0800342c   0x0800342c   0x00000108   Code   RO         6102    i.FOC_CurrentControlSoftSwitchStep  foc_ctrl_current_loop.o
    0x08003534   0x08003534   0x000000dc   Code   RO         6103    i.FOC_CurrentControlStep  foc_ctrl_current_loop.o
    0x08003610   0x08003610   0x00000088   Code   RO         6104    i.FOC_CurrentLoopComputeIqMeasured  foc_ctrl_current_loop.o
    0x08003698   0x08003698   0x000000a0   Code   RO         6105    i.FOC_CurrentLoopEstimateOpenLoopResistanceModel  foc_ctrl_current_loop.o
    0x08003738   0x08003738   0x000000b4   Code   RO         6106    i.FOC_CurrentLoopPIDRun  foc_ctrl_current_loop.o
    0x080037ec   0x080037ec   0x00000094   Code   RO         6107    i.FOC_CurrentSoftSwitchResolveActiveMode  foc_ctrl_current_loop.o
    0x08003880   0x08003880   0x00000088   Code   RO         6108    i.FOC_CurrentSoftSwitchUpdateBlend  foc_ctrl_current_loop.o
    0x08003908   0x08003908   0x00000154   Code   RO         6312    i.FOC_EstimateDirectionAndPolePairs  foc_ctrl_param_learn.o
    0x08003a5c   0x08003a5c   0x000000e4   Code   RO         5886    i.FOC_MathLut_Atan2  foc_ctrl_actuation.o
    0x08003b40   0x08003b40   0x000000e4   Code   RO         6476    i.FOC_MathLut_Atan2  foc_svpwm.o
    0x08003c24   0x08003c24   0x00000044   Code   RO         5887    i.FOC_MathLut_AtanRatio  foc_ctrl_actuation.o
    0x08003c68   0x08003c68   0x00000044   Code   RO         6477    i.FOC_MathLut_AtanRatio  foc_svpwm.o
    0x08003cac   0x08003cac   0x00000014   Code   RO         5888    i.FOC_MathLut_ClampIndex  foc_ctrl_actuation.o
    0x08003cc0   0x08003cc0   0x00000014   Code   RO         6478    i.FOC_MathLut_ClampIndex  foc_svpwm.o
    0x08003cd4   0x08003cd4   0x000000c8   Code   RO         5889    i.FOC_MathLut_Sin   foc_ctrl_actuation.o
    0x08003d9c   0x08003d9c   0x000000d0   Code   RO         6330    i.FOC_MathLut_Sin   foc_math_transforms.o
    0x08003e6c   0x08003e6c   0x000000c8   Code   RO         6479    i.FOC_MathLut_Sin   foc_svpwm.o
    0x08003f34   0x08003f34   0x000001f0   Code   RO         6225    i.FOC_MotorInit     foc_ctrl_init.o
    0x08004124   0x08004124   0x00000014   Code   RO         6109    i.FOC_NormalizeDt   foc_ctrl_current_loop.o
    0x08004138   0x08004138   0x00000014   Code   RO         6260    i.FOC_NormalizeDt   foc_ctrl_outer_loop.o
    0x0800414c   0x0800414c   0x00000032   Code   RO         5453    i.FOC_OutputMgr_FlushQueue  foc_output_mgr.o
    0x0800417e   0x0800417e   0x0000002c   Code   RO         5455    i.FOC_OutputMgr_Init  foc_output_mgr.o
    0x080041aa   0x080041aa   0x0000000a   Code   RO         5456    i.FOC_OutputMgr_WriteDirect  foc_output_mgr.o
    0x080041b4   0x080041b4   0x00000024   Code   RO         5973    i.FOC_PIDInit       foc_ctrl_cfg.o
    0x080041d8   0x080041d8   0x000000e4   Code   RO         6261    i.FOC_PIDRunCore    foc_ctrl_outer_loop.o
    0x080042bc   0x080042bc   0x0000000e   Code   RO            3    i.FOC_Platform_CommInit  foc_platform_api.o
    0x080042ca   0x080042ca   0x00000004   Code   RO            5    i.FOC_Platform_CommSource1_ReadFrame  foc_platform_api.o
    0x080042ce   0x080042ce   0x00000004   Code   RO            7    i.FOC_Platform_CommSource2_ReadFrame  foc_platform_api.o
    0x080042d2   0x080042d2   0x00000004   Code   RO            9    i.FOC_Platform_CommSource3_ReadFrame  foc_platform_api.o
    0x080042d6   0x080042d6   0x00000004   Code   RO           11    i.FOC_Platform_CommSource4_ReadFrame  foc_platform_api.o
    0x080042da   0x080042da   0x0000000a   Code   RO           12    i.FOC_Platform_ControlTickSourceInit  foc_platform_api.o
    0x080042e4   0x080042e4   0x00000024   Code   RO           13    i.FOC_Platform_EnableCycleCounter  foc_platform_api.o
    0x08004308   0x08004308   0x00000004   Code   RO           14    i.FOC_Platform_IndicatorInit  foc_platform_api.o
    0x0800430c   0x0800430c   0x00000004   Code   RO           15    i.FOC_Platform_PWMInit  foc_platform_api.o
    0x08004310   0x08004310   0x00000004   Code   RO           16    i.FOC_Platform_PWMSetDutyCycleTripleFloat  foc_platform_api.o
    0x08004314   0x08004314   0x00000004   Code   RO           17    i.FOC_Platform_PWMStart  foc_platform_api.o
    0x08004318   0x08004318   0x0000000c   Code   RO           18    i.FOC_Platform_ReadCycleCounter  foc_platform_api.o
    0x08004324   0x08004324   0x00000004   Code   RO           19    i.FOC_Platform_ReadMechanicalAngleRad  foc_platform_api.o
    0x08004328   0x08004328   0x0000000c   Code   RO           20    i.FOC_Platform_ReadPhaseCurrent  foc_platform_api.o
    0x08004334   0x08004334   0x00000004   Code   RO           21    i.FOC_Platform_ReadVbusVoltage  foc_platform_api.o
    0x08004338   0x08004338   0x00000004   Code   RO           22    i.FOC_Platform_RuntimeInit  foc_platform_api.o
    0x0800433c   0x0800433c   0x0000003c   Code   RO           23    i.FOC_Platform_SensorInputInit  foc_platform_api.o
    0x08004378   0x08004378   0x00000012   Code   RO           24    i.FOC_Platform_SetControlRuntimeInterrupts  foc_platform_api.o
    0x0800438a   0x0800438a   0x00000004   Code   RO           25    i.FOC_Platform_SetControlTickCallback  foc_platform_api.o
    0x0800438e   0x0800438e   0x00000004   Code   RO           26    i.FOC_Platform_SetIndicator  foc_platform_api.o
    0x08004392   0x08004392   0x00000004   Code   RO           27    i.FOC_Platform_SetPwmUpdateCallback  foc_platform_api.o
    0x08004396   0x08004396   0x00000004   Code   RO           28    i.FOC_Platform_SetSensorSampleOffsetPercent  foc_platform_api.o
    0x0800439a   0x0800439a   0x00000004   Code   RO           29    i.FOC_Platform_StartControlTickSource  foc_platform_api.o
    0x0800439e   0x0800439e   0x00000004   Code   RO           31    i.FOC_Platform_WaitMs  foc_platform_api.o
    0x080043a2   0x080043a2   0x00000004   Code   RO           32    i.FOC_Platform_WriteDebugText  foc_platform_api.o
    0x080043a6   0x080043a6   0x00000004   Code   RO           33    i.FOC_Platform_WriteStatusByte  foc_platform_api.o
    0x080043aa   0x080043aa   0x00000006   Code   RO         5694    i.FOC_Protocol_Commit  foc_protocol_handler.o
    0x080043b0   0x080043b0   0x0000000c   Code   RO         5695    i.FOC_Protocol_GetTelemetry  foc_protocol_handler.o
    0x080043bc   0x080043bc   0x00000048   Code   RO         5696    i.FOC_Protocol_Init  foc_protocol_handler.o
    0x08004404   0x08004404   0x00000068   Code   RO         5771    i.FOC_Protocol_OutputDiag  foc_protocol_output.o
    0x0800446c   0x0800446c   0x00000018   Code   RO         5772    i.FOC_Protocol_OutputParam  foc_protocol_output.o
    0x08004484   0x08004484   0x0000001a   Code   RO         5773    i.FOC_Protocol_OutputState  foc_protocol_output.o
    0x0800449e   0x0800449e   0x0000001c   Code   RO         5697    i.FOC_Protocol_ProcessSingle  foc_protocol_handler.o
    0x080044ba   0x080044ba   0x00000004   Code   RO         5774    i.FOC_Protocol_WriteStatus  foc_protocol_output.o
    0x080044be   0x080044be   0x0000000a   Code   RO         5775    i.FOC_Protocol_WriteText  foc_protocol_output.o
    0x080044c8   0x080044c8   0x0000000c   Code   RO         5974    i.FOC_ResetSoftSwitchBlendInit  foc_ctrl_cfg.o
    0x080044d4   0x080044d4   0x00000018   Code   RO         6262    i.FOC_ResetSpeedState  foc_ctrl_outer_loop.o
    0x080044ec   0x080044ec   0x000000a8   Code   RO         5890    i.FOC_SampleLockedMechanicalAngle  foc_ctrl_actuation.o
    0x08004594   0x08004594   0x0000001c   Code   RO         5489    i.FOC_Service_ApplyCfgDirty  foc_service_handler.o
    0x080045b0   0x080045b0   0x00000048   Code   RO         5490    i.FOC_Service_HandleControlResult  foc_service_handler.o
    0x080045f8   0x080045f8   0x00000030   Code   RO         5491    i.FOC_Service_InitMotor  foc_service_handler.o
    0x08004628   0x08004628   0x0000000a   Code   RO         5492    i.FOC_Service_Process  foc_service_handler.o
    0x08004632   0x08004632   0x00000060   Code   RO         5493    i.FOC_Service_UpdateIndicators  foc_service_handler.o
    0x08004692   0x08004692   0x00000002   PAD
    0x08004694   0x08004694   0x000000d8   Code   RO         5494    i.FOC_Service_VerifyInitChecks  foc_service_handler.o
    0x0800476c   0x0800476c   0x00000198   Code   RO         6263    i.FOC_SpeedAngleOuterLoopStep  foc_ctrl_outer_loop.o
    0x08004904   0x08004904   0x00000068   Code   RO         6264    i.FOC_SpeedOuterLoopStep  foc_ctrl_outer_loop.o
    0x0800496c   0x0800496c   0x00000098   Code   RO         6265    i.FOC_UpdateSpeedAngleError  foc_ctrl_outer_loop.o
    0x08004a04   0x08004a04   0x00000098   Code   RO         5698    i.HandleSystemCommand  foc_protocol_handler.o
    0x08004a9c   0x08004a9c   0x00000002   Code   RO          372    i.HardFault_Handler  gd32f30x_it.o
    0x08004a9e   0x08004a9e   0x0000000e   Code   RO         4999    i.I2C0_BusyDelayLoops  i2c0.o
    0x08004aac   0x08004aac   0x0000005c   Code   RO         5001    i.I2C0_Config       i2c0.o
    0x08004b08   0x08004b08   0x00000030   Code   RO         5002    i.I2C0_Init         i2c0.o
    0x08004b38   0x08004b38   0x000000dc   Code   RO         5004    i.I2C0_ReadBytes    i2c0.o
    0x08004c14   0x08004c14   0x00000034   Code   RO         5005    i.I2C0_SendAddress  i2c0.o
    0x08004c48   0x08004c48   0x00000020   Code   RO         5006    i.I2C0_SendStart    i2c0.o
    0x08004c68   0x08004c68   0x00000018   Code   RO         5007    i.I2C0_SendStop     i2c0.o
    0x08004c80   0x08004c80   0x00000088   Code   RO         5008    i.I2C0_Unlock       i2c0.o
    0x08004d08   0x08004d08   0x00000030   Code   RO         5009    i.I2C0_WaitFlag     i2c0.o
    0x08004d38   0x08004d38   0x00000020   Code   RO         5010    i.I2C0_WaitStopClear  i2c0.o
    0x08004d58   0x08004d58   0x0000001c   Code   RO         5699    i.IsInRange         foc_protocol_handler.o
    0x08004d74   0x08004d74   0x00000034   Code   RO         6399    i.Kalman_Init       foc_sensor.o
    0x08004da8   0x08004da8   0x00000048   Code   RO         4748    i.LED_Init          led.o
    0x08004df0   0x08004df0   0x0000000a   Code   RO         4749    i.LED_SetState      led.o
    0x08004dfa   0x08004dfa   0x00000020   Code   RO         6331    i.Math_ClampFloat   foc_math_transforms.o
    0x08004e1a   0x08004e1a   0x00000002   PAD
    0x08004e1c   0x08004e1c   0x0000001c   Code   RO         6332    i.Math_ClarkeTransform  foc_math_transforms.o
    0x08004e38   0x08004e38   0x00000010   Code   RO         6333    i.Math_CosLut       foc_math_transforms.o
    0x08004e48   0x08004e48   0x0000004c   Code   RO         6334    i.Math_FirstOrderLpf  foc_math_transforms.o
    0x08004e94   0x08004e94   0x0000002c   Code   RO         6335    i.Math_InverseClarkeTransform  foc_math_transforms.o
    0x08004ec0   0x08004ec0   0x00000048   Code   RO         6336    i.Math_InverseParkTransform  foc_math_transforms.o
    0x08004f08   0x08004f08   0x00000048   Code   RO         6337    i.Math_ParkTransform  foc_math_transforms.o
    0x08004f50   0x08004f50   0x00000030   Code   RO         6338    i.Math_WrapRad      foc_math_transforms.o
    0x08004f80   0x08004f80   0x00000034   Code   RO         6339    i.Math_WrapRadDelta  foc_math_transforms.o
    0x08004fb4   0x08004fb4   0x00000002   Code   RO          373    i.MemManage_Handler  gd32f30x_it.o
    0x08004fb6   0x08004fb6   0x00000002   Code   RO          374    i.NMI_Handler       gd32f30x_it.o
    0x08004fb8   0x08004fb8   0x00000020   Code   RO          507    i.NVIC_SetPriority  systick.o
    0x08004fd8   0x08004fd8   0x00000044   Code   RO         4636    i.PWM_CalculateCompareValueFloat  pwm.o
    0x0800501c   0x0800501c   0x0000000c   Code   RO         4638    i.PWM_EnableComplementaryOutputs  pwm.o
    0x08005028   0x08005028   0x00000090   Code   RO         4639    i.PWM_GPIO_Config   pwm.o
    0x080050b8   0x080050b8   0x00000058   Code   RO         4641    i.PWM_Init          pwm.o
    0x08005110   0x08005110   0x00000040   Code   RO         4642    i.PWM_SetDeadTime   pwm.o
    0x08005150   0x08005150   0x00000044   Code   RO         4643    i.PWM_SetDutyCycle  pwm.o
    0x08005194   0x08005194   0x0000005c   Code   RO         4645    i.PWM_SetDutyCycleTripleFloat  pwm.o
    0x080051f0   0x080051f0   0x0000000c   Code   RO         4646    i.PWM_SetUpdateCallback  pwm.o
    0x080051fc   0x080051fc   0x00000034   Code   RO         4647    i.PWM_SetUpdateInterruptEnabled  pwm.o
    0x08005230   0x08005230   0x0000000c   Code   RO         4648    i.PWM_Start         pwm.o
    0x0800523c   0x0800523c   0x00000030   Code   RO         4650    i.PWM_Timer0Update_IRQHandler_Internal  pwm.o
    0x0800526c   0x0800526c   0x000000d8   Code   RO         4651    i.PWM_Timer_Config  pwm.o
    0x08005344   0x08005344   0x00000088   Code   RO         5700    i.ParseAndDispatchFrame  foc_protocol_handler.o
    0x080053cc   0x080053cc   0x00000002   Code   RO          375    i.PendSV_Handler    gd32f30x_it.o
    0x080053ce   0x080053ce   0x00000044   Code   RO         5812    i.ProtocolCore_ExtractFrame  foc_protocol_parser.o
    0x08005412   0x08005412   0x00000010   Code   RO         5813    i.ProtocolCore_IsDriverAddressedToLocal  foc_protocol_parser.o
    0x08005422   0x08005422   0x00000012   Code   RO         5814    i.ProtocolCore_IsDriverIdFormatValid  foc_protocol_parser.o
    0x08005434   0x08005434   0x000000a8   Code   RO         5815    i.ProtocolCore_ParseFrame  foc_protocol_parser.o
    0x080054dc   0x080054dc   0x00000098   Code   RO         5816    i.ProtocolCore_ParseSignedFloat  foc_protocol_parser.o
    0x08005574   0x08005574   0x00000028   Code   RO         5817    i.ProtocolCore_ParseStateValue  foc_protocol_parser.o
    0x0800559c   0x0800559c   0x00000094   Code   RO         5818    i.ProtocolText_FormatParamLine  foc_protocol_parser.o
    0x08005630   0x08005630   0x00000048   Code   RO         5819    i.ProtocolText_FormatStateLine  foc_protocol_parser.o
    0x08005678   0x08005678   0x00000170   Code   RO         5820    i.ProtocolText_GetParamName  foc_protocol_parser.o
    0x080057e8   0x080057e8   0x00000068   Code   RO         5821    i.ProtocolText_GetStateName  foc_protocol_parser.o
    0x08005850   0x08005850   0x00000018   Code   RO         5822    i.ProtocolText_IsIntegerParam  foc_protocol_parser.o
    0x08005868   0x08005868   0x00000090   Code   RO         5701    i.ReadParam         foc_protocol_handler.o
    0x080058f8   0x080058f8   0x00000034   Code   RO         5702    i.ReadState         foc_protocol_handler.o
    0x0800592c   0x0800592c   0x00000018   Code   RO         6175    i.ResetPIDState     foc_ctrl_executor.o
    0x08005944   0x08005944   0x00000024   Code   RO         4750    i.Reset_LED         led.o
    0x08005968   0x08005968   0x00000002   Code   RO          376    i.SVC_Handler       gd32f30x_it.o
    0x0800596a   0x0800596a   0x00000002   PAD
    0x0800596c   0x0800596c   0x00000098   Code   RO         6480    i.SVPWM_ApplyDirectDuty  foc_svpwm.o
    0x08005a04   0x08005a04   0x00000278   Code   RO         6481    i.SVPWM_CalculateDuty  foc_svpwm.o
    0x08005c7c   0x08005c7c   0x00000024   Code   RO         6482    i.SVPWM_Clamp01     foc_svpwm.o
    0x08005ca0   0x08005ca0   0x0000007c   Code   RO         6483    i.SVPWM_DetermineSector  foc_svpwm.o
    0x08005d1c   0x08005d1c   0x0000003c   Code   RO         6485    i.SVPWM_Init        foc_svpwm.o
    0x08005d58   0x08005d58   0x00000074   Code   RO         6486    i.SVPWM_InterpolationISR  foc_svpwm.o
    0x08005dcc   0x08005dcc   0x000000b4   Code   RO         6487    i.SVPWM_SetRuntimeDutyTarget  foc_svpwm.o
    0x08005e80   0x08005e80   0x00000004   Code   RO         6488    i.SVPWM_Sin         foc_svpwm.o
    0x08005e84   0x08005e84   0x0000002a   Code   RO         6489    i.SVPWM_UpdateDirect  foc_svpwm.o
    0x08005eae   0x08005eae   0x0000002a   Code   RO         6490    i.SVPWM_UpdateRuntime  foc_svpwm.o
    0x08005ed8   0x08005ed8   0x00000004   Code   RO         6400    i.Sensor_ADCSampleTimeOffset  foc_sensor.o
    0x08005edc   0x08005edc   0x0000013c   Code   RO         6401    i.Sensor_AccumulateEcycle  foc_sensor.o
    0x08006018   0x08006018   0x0000001e   Code   RO         6403    i.Sensor_Init       foc_sensor.o
    0x08006036   0x08006036   0x00000002   PAD
    0x08006038   0x08006038   0x00000088   Code   RO         6404    i.Sensor_InitSnapshot  foc_sensor.o
    0x080060c0   0x080060c0   0x00000084   Code   RO         6406    i.Sensor_ReadCurrent  foc_sensor.o
    0x08006144   0x08006144   0x000000a0   Code   RO         6407    i.Sensor_ReadEncoder  foc_sensor.o
    0x080061e4   0x080061e4   0x00000040   Code   RO         6408    i.Sensor_ReadVBUS   foc_sensor.o
    0x08006224   0x08006224   0x000000ac   Code   RO         6409    i.Sensor_SetZeroOffset  foc_sensor.o
    0x080062d0   0x080062d0   0x00000040   Code   RO         6410    i.Sensor_SyncCurrentSnapshot  foc_sensor.o
    0x08006310   0x08006310   0x00000024   Code   RO         4751    i.Set_LED           led.o
    0x08006334   0x08006334   0x00000004   Code   RO          377    i.SysTick_Handler   gd32f30x_it.o
    0x08006338   0x08006338   0x000000e0   Code   RO          557    i.SystemInit        system_gd32f30x.o
    0x08006418   0x08006418   0x00000004   Code   RO          378    i.TIMER0_UP_IRQHandler  gd32f30x_it.o
    0x0800641c   0x0800641c   0x00000004   Code   RO          379    i.TIMER1_IRQHandler  gd32f30x_it.o
    0x08006420   0x08006420   0x00000004   Code   RO          380    i.TIMER2_IRQHandler  gd32f30x_it.o
    0x08006424   0x08006424   0x00000048   Code   RO         5267    i.TIMER3_IRQHandler  timer3.o
    0x0800646c   0x0800646c   0x00000050   Code   RO         4581    i.Timer1_IRQHandler_Internal  timer1.o
    0x080064bc   0x080064bc   0x00000084   Code   RO         4582    i.Timer1_Init       timer1.o
    0x08006540   0x08006540   0x0000000c   Code   RO         4583    i.Timer1_SetCallback  timer1.o
    0x0800654c   0x0800654c   0x00000030   Code   RO         4584    i.Timer1_SetUpdateInterruptEnabled  timer1.o
    0x0800657c   0x0800657c   0x00000018   Code   RO         4585    i.Timer1_Start      timer1.o
    0x08006594   0x08006594   0x00000030   Code   RO         4532    i.Timer2_IRQHandler_Internal  timer2.o
    0x080065c4   0x080065c4   0x00000068   Code   RO         4533    i.Timer2_Init       timer2.o
    0x0800662c   0x0800662c   0x00000018   Code   RO         4535    i.Timer2_Start      timer2.o
    0x08006644   0x08006644   0x000000f8   Code   RO         5268    i.Timer3_Init       timer3.o
    0x0800673c   0x0800673c   0x00000044   Code   RO         5269    i.Timer3_SetSampleOffsetPercent  timer3.o
    0x08006780   0x08006780   0x00000018   Code   RO         5270    i.Timer3_Start      timer3.o
    0x08006798   0x08006798   0x00000054   Code   RO         5093    i.USART1_ClearBuffers  usart1.o
    0x080067ec   0x080067ec   0x00000080   Code   RO         5094    i.USART1_DMARxConfig  usart1.o
    0x0800686c   0x0800686c   0x0000008c   Code   RO         5095    i.USART1_DMATxTransfer  usart1.o
    0x080068f8   0x080068f8   0x00000004   Code   RO          381    i.USART1_IRQHandler  gd32f30x_it.o
    0x080068fc   0x080068fc   0x0000009c   Code   RO         5096    i.USART1_IRQHandler_Internal  usart1.o
    0x08006998   0x08006998   0x00000104   Code   RO         5097    i.USART1_Init       usart1.o
    0x08006a9c   0x08006a9c   0x00000038   Code   RO         5099    i.USART1_ReadFrame  usart1.o
    0x08006ad4   0x08006ad4   0x0000000c   Code   RO         5100    i.USART1_SendByte   usart1.o
    0x08006ae0   0x08006ae0   0x00000044   Code   RO         5101    i.USART1_SendData   usart1.o
    0x08006b24   0x08006b24   0x0000001a   Code   RO         5102    i.USART1_SendString  usart1.o
    0x08006b3e   0x08006b3e   0x00000002   PAD
    0x08006b40   0x08006b40   0x00000054   Code   RO         5183    i.USART2_ClearBuffers  usart2.o
    0x08006b94   0x08006b94   0x00000080   Code   RO         5184    i.USART2_DMARxConfig  usart2.o
    0x08006c14   0x08006c14   0x00000004   Code   RO          382    i.USART2_IRQHandler  gd32f30x_it.o
    0x08006c18   0x08006c18   0x0000009c   Code   RO         5186    i.USART2_IRQHandler_Internal  usart2.o
    0x08006cb4   0x08006cb4   0x00000108   Code   RO         5187    i.USART2_Init       usart2.o
    0x08006dbc   0x08006dbc   0x00000038   Code   RO         5189    i.USART2_ReadFrame  usart2.o
    0x08006df4   0x08006df4   0x00000002   Code   RO          383    i.UsageFault_Handler  gd32f30x_it.o
    0x08006df6   0x08006df6   0x00000002   PAD
    0x08006df8   0x08006df8   0x00000178   Code   RO         5703    i.WriteParam        foc_protocol_handler.o
    0x08006f70   0x08006f70   0x00000030   Code   RO         6795    i.__ARM_fpclassify  m_wm.l(fpclassify.o)
    0x08006fa0   0x08006fa0   0x000000b0   Code   RO         6649    i.__hardfp_fmodf    m_wm.l(fmodf.o)
    0x08007050   0x08007050   0x0000007a   Code   RO         6661    i.__hardfp_sqrt     m_wm.l(sqrt.o)
    0x080070ca   0x080070ca   0x0000003a   Code   RO         6673    i.__hardfp_sqrtf    m_wm.l(sqrtf.o)
    0x08007104   0x08007104   0x00000010   Code   RO         6721    i.__mathlib_flt_invalid  m_wm.l(funder.o)
    0x08007114   0x08007114   0x0000000e   Code   RO         6614    i._is_digit         c_w.l(__printf_wp.o)
    0x08007122   0x08007122   0x0000001e   Code   RO          599    i.adc_calibration_enable  gd32f30x_adc.o
    0x08007140   0x08007140   0x00000036   Code   RO          600    i.adc_channel_length_config  gd32f30x_adc.o
    0x08007176   0x08007176   0x00000014   Code   RO          601    i.adc_data_alignment_config  gd32f30x_adc.o
    0x0800718a   0x0800718a   0x00000002   PAD
    0x0800718c   0x0800718c   0x0000003c   Code   RO          602    i.adc_deinit        gd32f30x_adc.o
    0x080071c8   0x080071c8   0x0000000a   Code   RO          606    i.adc_dma_mode_enable  gd32f30x_adc.o
    0x080071d2   0x080071d2   0x00000010   Code   RO          607    i.adc_enable        gd32f30x_adc.o
    0x080071e2   0x080071e2   0x00000036   Code   RO          608    i.adc_external_trigger_config  gd32f30x_adc.o
    0x08007218   0x08007218   0x00000020   Code   RO          609    i.adc_external_trigger_source_config  gd32f30x_adc.o
    0x08007238   0x08007238   0x00000006   Code   RO          610    i.adc_flag_clear    gd32f30x_adc.o
    0x0800723e   0x0800723e   0x0000000e   Code   RO          611    i.adc_flag_get      gd32f30x_adc.o
    0x0800724c   0x0800724c   0x00000026   Code   RO          616    i.adc_interrupt_enable  gd32f30x_adc.o
    0x08007272   0x08007272   0x00000006   Code   RO          617    i.adc_interrupt_flag_clear  gd32f30x_adc.o
    0x08007278   0x08007278   0x0000003e   Code   RO          618    i.adc_interrupt_flag_get  gd32f30x_adc.o
    0x080072b6   0x080072b6   0x00000002   PAD
    0x080072b8   0x080072b8   0x00000018   Code   RO          619    i.adc_mode_config   gd32f30x_adc.o
    0x080072d0   0x080072d0   0x0000002c   Code   RO          620    i.adc_oversample_mode_config  gd32f30x_adc.o
    0x080072fc   0x080072fc   0x0000000c   Code   RO          622    i.adc_oversample_mode_enable  gd32f30x_adc.o
    0x08007308   0x08007308   0x00000012   Code   RO          623    i.adc_resolution_config  gd32f30x_adc.o
    0x0800731a   0x0800731a   0x0000007e   Code   RO          624    i.adc_routine_channel_config  gd32f30x_adc.o
    0x08007398   0x08007398   0x00000006   Code   RO          625    i.adc_routine_data_read  gd32f30x_adc.o
    0x0800739e   0x0800739e   0x0000001a   Code   RO          626    i.adc_software_trigger_enable  gd32f30x_adc.o
    0x080073b8   0x080073b8   0x00000052   Code   RO          627    i.adc_special_function_config  gd32f30x_adc.o
    0x0800740a   0x0800740a   0x00000002   PAD
    0x0800740c   0x0800740c   0x00000010   Code   RO          508    i.delay_1ms         systick.o
    0x0800741c   0x0800741c   0x0000001c   Code   RO          509    i.delay_decrement   systick.o
    0x08007438   0x08007438   0x00000020   Code   RO         1539    i.dma_channel_disable  gd32f30x_dma.o
    0x08007458   0x08007458   0x00000020   Code   RO         1540    i.dma_channel_enable  gd32f30x_dma.o
    0x08007478   0x08007478   0x00000020   Code   RO         1541    i.dma_circulation_disable  gd32f30x_dma.o
    0x08007498   0x08007498   0x00000020   Code   RO         1542    i.dma_circulation_enable  gd32f30x_dma.o
    0x080074b8   0x080074b8   0x00000036   Code   RO         1543    i.dma_deinit        gd32f30x_dma.o
    0x080074ee   0x080074ee   0x0000000c   Code   RO         1544    i.dma_flag_clear    gd32f30x_dma.o
    0x080074fa   0x080074fa   0x0000000e   Code   RO         1545    i.dma_flag_get      gd32f30x_dma.o
    0x08007508   0x08007508   0x00000078   Code   RO         1546    i.dma_init          gd32f30x_dma.o
    0x08007580   0x08007580   0x00000020   Code   RO         1548    i.dma_interrupt_enable  gd32f30x_dma.o
    0x080075a0   0x080075a0   0x0000000c   Code   RO         1549    i.dma_interrupt_flag_clear  gd32f30x_dma.o
    0x080075ac   0x080075ac   0x0000004c   Code   RO         1550    i.dma_interrupt_flag_get  gd32f30x_dma.o
    0x080075f8   0x080075f8   0x0000001c   Code   RO         1551    i.dma_memory_address_config  gd32f30x_dma.o
    0x08007614   0x08007614   0x0000001c   Code   RO         1557    i.dma_periph_address_config  gd32f30x_dma.o
    0x08007630   0x08007630   0x00000018   Code   RO         1558    i.dma_periph_and_channel_check  gd32f30x_dma.o
    0x08007648   0x08007648   0x0000001a   Code   RO         1563    i.dma_struct_para_init  gd32f30x_dma.o
    0x08007662   0x08007662   0x0000001e   Code   RO         1565    i.dma_transfer_number_config  gd32f30x_dma.o
    0x08007680   0x08007680   0x0000001a   Code   RO         1566    i.dma_transfer_number_get  gd32f30x_dma.o
    0x0800769a   0x0800769a   0x00000004   Code   RO         2263    i.gpio_bit_reset    gd32f30x_gpio.o
    0x0800769e   0x0800769e   0x00000004   Code   RO         2264    i.gpio_bit_set      gd32f30x_gpio.o
    0x080076a2   0x080076a2   0x000000a0   Code   RO         2273    i.gpio_init         gd32f30x_gpio.o
    0x08007742   0x08007742   0x0000000a   Code   RO         2276    i.gpio_output_bit_get  gd32f30x_gpio.o
    0x0800774c   0x0800774c   0x00000058   Code   RO         2279    i.gpio_pin_remap_config  gd32f30x_gpio.o
    0x080077a4   0x080077a4   0x0000000c   Code   RO         2390    i.i2c_ack_config    gd32f30x_i2c.o
    0x080077b0   0x080077b0   0x00000100   Code   RO         2392    i.i2c_clock_config  gd32f30x_i2c.o
    0x080078b0   0x080078b0   0x00000006   Code   RO         2393    i.i2c_data_receive  gd32f30x_i2c.o
    0x080078b6   0x080078b6   0x00000004   Code   RO         2394    i.i2c_data_transmit  gd32f30x_i2c.o
    0x080078ba   0x080078ba   0x00000002   PAD
    0x080078bc   0x080078bc   0x00000030   Code   RO         2395    i.i2c_deinit        gd32f30x_i2c.o
    0x080078ec   0x080078ec   0x0000000a   Code   RO         2396    i.i2c_disable       gd32f30x_i2c.o
    0x080078f6   0x080078f6   0x0000000a   Code   RO         2401    i.i2c_enable        gd32f30x_i2c.o
    0x08007900   0x08007900   0x00000022   Code   RO         2402    i.i2c_flag_clear    gd32f30x_i2c.o
    0x08007922   0x08007922   0x00000016   Code   RO         2403    i.i2c_flag_get      gd32f30x_i2c.o
    0x08007938   0x08007938   0x00000012   Code   RO         2408    i.i2c_master_addressing  gd32f30x_i2c.o
    0x0800794a   0x0800794a   0x00000016   Code   RO         2409    i.i2c_mode_addr_config  gd32f30x_i2c.o
    0x08007960   0x08007960   0x0000000c   Code   RO         2417    i.i2c_software_reset_config  gd32f30x_i2c.o
    0x0800796c   0x0800796c   0x0000000a   Code   RO         2418    i.i2c_start_on_bus  gd32f30x_i2c.o
    0x08007976   0x08007976   0x0000000a   Code   RO         2419    i.i2c_stop_on_bus   gd32f30x_i2c.o
    0x08007980   0x08007980   0x00000024   Code   RO          487    i.main              main.o
    0x080079a4   0x080079a4   0x00000016   Code   RO         2596    i.nvic_irq_disable  gd32f30x_misc.o
    0x080079ba   0x080079ba   0x00000002   PAD
    0x080079bc   0x080079bc   0x000000a0   Code   RO         2597    i.nvic_irq_enable   gd32f30x_misc.o
    0x08007a5c   0x08007a5c   0x00000014   Code   RO         2598    i.nvic_priority_group_set  gd32f30x_misc.o
    0x08007a70   0x08007a70   0x000000fc   Code   RO         2836    i.rcu_clock_freq_get  gd32f30x_rcu.o
    0x08007b6c   0x08007b6c   0x0000001c   Code   RO         2854    i.rcu_periph_clock_enable  gd32f30x_rcu.o
    0x08007b88   0x08007b88   0x0000001c   Code   RO         2857    i.rcu_periph_reset_disable  gd32f30x_rcu.o
    0x08007ba4   0x08007ba4   0x0000001c   Code   RO         2858    i.rcu_periph_reset_enable  gd32f30x_rcu.o
    0x08007bc0   0x08007bc0   0x000000bc   Code   RO          559    i.system_clock_120m_hxtal  system_gd32f30x.o
    0x08007c7c   0x08007c7c   0x00000040   Code   RO          510    i.systick_config    systick.o
    0x08007cbc   0x08007cbc   0x0000000a   Code   RO         3717    i.timer_auto_reload_shadow_enable  gd32f30x_timer.o
    0x08007cc6   0x08007cc6   0x00000020   Code   RO         3721    i.timer_break_config  gd32f30x_timer.o
    0x08007ce6   0x08007ce6   0x00000012   Code   RO         3724    i.timer_break_struct_para_init  gd32f30x_timer.o
    0x08007cf8   0x08007cf8   0x000001d4   Code   RO         3734    i.timer_channel_output_config  gd32f30x_timer.o
    0x08007ecc   0x08007ecc   0x0000004e   Code   RO         3736    i.timer_channel_output_mode_config  gd32f30x_timer.o
    0x08007f1a   0x08007f1a   0x0000001e   Code   RO         3738    i.timer_channel_output_pulse_value_config  gd32f30x_timer.o
    0x08007f38   0x08007f38   0x0000004e   Code   RO         3739    i.timer_channel_output_shadow_config  gd32f30x_timer.o
    0x08007f86   0x08007f86   0x00000010   Code   RO         3741    i.timer_channel_output_struct_para_init  gd32f30x_timer.o
    0x08007f96   0x08007f96   0x00000004   Code   RO         3746    i.timer_counter_value_config  gd32f30x_timer.o
    0x08007f9a   0x08007f9a   0x00000002   PAD
    0x08007f9c   0x08007f9c   0x00000078   Code   RO         3747    i.timer_deinit      gd32f30x_timer.o
    0x08008014   0x08008014   0x0000000a   Code   RO         3752    i.timer_enable      gd32f30x_timer.o
    0x0800801e   0x0800801e   0x00000002   PAD
    0x08008020   0x08008020   0x00000094   Code   RO         3762    i.timer_init        gd32f30x_timer.o
    0x080080b4   0x080080b4   0x00000010   Code   RO         3765    i.timer_input_trigger_source_select  gd32f30x_timer.o
    0x080080c4   0x080080c4   0x00000008   Code   RO         3768    i.timer_interrupt_disable  gd32f30x_timer.o
    0x080080cc   0x080080cc   0x00000008   Code   RO         3769    i.timer_interrupt_enable  gd32f30x_timer.o
    0x080080d4   0x080080d4   0x00000006   Code   RO         3770    i.timer_interrupt_flag_clear  gd32f30x_timer.o
    0x080080da   0x080080da   0x00000016   Code   RO         3771    i.timer_interrupt_flag_get  gd32f30x_timer.o
    0x080080f0   0x080080f0   0x00000010   Code   RO         3772    i.timer_master_output_trigger_source_select  gd32f30x_timer.o
    0x08008100   0x08008100   0x00000018   Code   RO         3773    i.timer_master_slave_mode_config  gd32f30x_timer.o
    0x08008118   0x08008118   0x00000014   Code   RO         3777    i.timer_primary_output_config  gd32f30x_timer.o
    0x0800812c   0x0800812c   0x00000010   Code   RO         3781    i.timer_slave_mode_select  gd32f30x_timer.o
    0x0800813c   0x0800813c   0x00000054   Code   RO         4156    i.usart_baudrate_set  gd32f30x_usart.o
    0x08008190   0x08008190   0x00000058   Code   RO         4161    i.usart_deinit      gd32f30x_usart.o
    0x080081e8   0x080081e8   0x00000014   Code   RO         4163    i.usart_dma_receive_config  gd32f30x_usart.o
    0x080081fc   0x080081fc   0x00000014   Code   RO         4164    i.usart_dma_transmit_config  gd32f30x_usart.o
    0x08008210   0x08008210   0x0000000a   Code   RO         4165    i.usart_enable      gd32f30x_usart.o
    0x0800821a   0x0800821a   0x0000001a   Code   RO         4167    i.usart_flag_get    gd32f30x_usart.o
    0x08008234   0x08008234   0x00000014   Code   RO         4171    i.usart_hardware_flow_cts_config  gd32f30x_usart.o
    0x08008248   0x08008248   0x00000014   Code   RO         4172    i.usart_hardware_flow_rts_config  gd32f30x_usart.o
    0x0800825c   0x0800825c   0x00000014   Code   RO         4173    i.usart_interrupt_disable  gd32f30x_usart.o
    0x08008270   0x08008270   0x00000014   Code   RO         4174    i.usart_interrupt_enable  gd32f30x_usart.o
    0x08008284   0x08008284   0x00000032   Code   RO         4176    i.usart_interrupt_flag_get  gd32f30x_usart.o
    0x080082b6   0x080082b6   0x00000010   Code   RO         4187    i.usart_parity_config  gd32f30x_usart.o
    0x080082c6   0x080082c6   0x00000014   Code   RO         4189    i.usart_receive_config  gd32f30x_usart.o
    0x080082da   0x080082da   0x00000010   Code   RO         4199    i.usart_stop_bit_set  gd32f30x_usart.o
    0x080082ea   0x080082ea   0x00000014   Code   RO         4203    i.usart_transmit_config  gd32f30x_usart.o
    0x080082fe   0x080082fe   0x00000010   Code   RO         4204    i.usart_word_length_set  gd32f30x_usart.o
    0x0800830e   0x0800830e   0x00000002   PAD
    0x08008310   0x08008310   0x0000002c   Code   RO         6789    locale$$code        c_w.l(lc_numeric_c.o)
    0x0800833c   0x0800833c   0x00000062   Code   RO         6643    x$fpl$d2f           fz_wm.l(d2f.o)
    0x0800839e   0x0800839e   0x0000009c   Code   RO         6705    x$fpl$dnaninf       fz_wm.l(dnaninf.o)
    0x0800843a   0x0800843a   0x0000000c   Code   RO         6707    x$fpl$dretinf       fz_wm.l(dretinf.o)
    0x08008446   0x08008446   0x00000002   PAD
    0x08008448   0x08008448   0x00000198   Code   RO         6709    x$fpl$dsqrt         fz_wm.l(dsqrt_umaal.o)
    0x080085e0   0x080085e0   0x00000056   Code   RO         6645    x$fpl$f2d           fz_wm.l(f2d.o)
    0x08008636   0x08008636   0x0000008c   Code   RO         6711    x$fpl$fnaninf       fz_wm.l(fnaninf.o)
    0x080086c2   0x080086c2   0x0000000a   Code   RO         6861    x$fpl$fpinit        fz_wm.l(fpinit.o)
    0x080086cc   0x080086cc   0x000000f4   Code   RO         6713    x$fpl$frem          fz_wm.l(frem_clz.o)
    0x080087c0   0x080087c0   0x0000000a   Code   RO         6715    x$fpl$fretinf       fz_wm.l(fretinf.o)
    0x080087ca   0x080087ca   0x00000004   Code   RO         6647    x$fpl$printf1       fz_wm.l(printf1.o)
    0x080087ce   0x080087ce   0x00000000   Code   RO         6717    x$fpl$usenofp       fz_wm.l(usenofp.o)
    0x080087ce   0x080087ce   0x0000141a   Data   RO         5891    .constdata          foc_ctrl_actuation.o
    0x08009be8   0x08009be8   0x00000c48   Data   RO         6340    .constdata          foc_math_transforms.o
    0x0800a830   0x0800a830   0x0000141a   Data   RO         6491    .constdata          foc_svpwm.o
    0x0800bc4a   0x0800bc4a   0x00000028   Data   RO         6587    .constdata          c_w.l(_printf_hex_int.o)
    0x0800bc72   0x0800bc72   0x00000011   Data   RO         6622    .constdata          c_w.l(__printf_flags_ss_wp.o)
    0x0800bc83   0x0800bc83   0x00000001   PAD
    0x0800bc84   0x0800bc84   0x00000094   Data   RO         6764    .constdata          c_w.l(bigflt0.o)
    0x0800bd18   0x0800bd18   0x000000e3   Data   RO         5326    .conststring        foc_app.o
    0x0800bdfb   0x0800bdfb   0x00000001   PAD
    0x0800bdfc   0x0800bdfc   0x00000048   Data   RO         6226    .conststring        foc_ctrl_init.o
    0x0800be44   0x0800be44   0x00000020   Data   RO         6936    Region$$Table       anon$$obj.o
    0x0800be64   0x0800be64   0x0000001c   Data   RO         6788    locale$$data        c_w.l(lc_numeric_c.o)


    Execution Region RW_IRAM1 (Exec base: 0x20000000, Load base: 0x0800be80, Size: 0x00002328, Max: 0x0000c000, ABSOLUTE)

    Exec Addr    Load Addr    Size         Type   Attr      Idx    E Section Name        Object

    0x20000000   0x0800be80   0x00000008   Data   RW          512    .data               systick.o
    0x20000008   0x0800be88   0x00000004   Data   RW          560    .data               system_gd32f30x.o
    0x2000000c   0x0800be8c   0x00000008   Data   RW         4537    .data               timer2.o
    0x20000014   0x0800be94   0x00000008   Data   RW         4587    .data               timer1.o
    0x2000001c   0x0800be9c   0x0000000c   Data   RW         4652    .data               pwm.o
    0x20000028   0x0800bea8   0x00000002   Data   RW         4909    .data               adc.o
    0x2000002a   0x0800beaa   0x00000002   PAD
    0x2000002c   0x0800beac   0x0000000c   Data   RW         5106    .data               usart1.o
    0x20000038   0x0800beb8   0x0000000c   Data   RW         5195    .data               usart2.o
    0x20000044   0x0800bec4   0x00000004   Data   RW         5272    .data               timer3.o
    0x20000048   0x0800bec8   0x00000002   Data   RW         5327    .data               foc_app.o
    0x2000004a   0x0800beca   0x00000002   PAD
    0x2000004c   0x0800becc   0x00000004   Data   RW         5704    .data               foc_protocol_handler.o
    0x20000050        -       0x00000100   Zero   RW         4908    .bss                adc.o
    0x20000150        -       0x00000180   Zero   RW         5105    .bss                usart1.o
    0x200002d0        -       0x00000180   Zero   RW         5194    .bss                usart2.o
    0x20000450        -       0x00000e74   Zero   RW         5325    .bss                foc_app.o
    0x200012c4        -       0x00000060   Zero   RW         6798    .bss                c_w.l(libspace.o)
    0x20001324   0x0800bed0   0x00000004   PAD
    0x20001328        -       0x00000800   Zero   RW         4524    HEAP                startup_gd32f30x_hd.o
    0x20001b28        -       0x00000800   Zero   RW         4523    STACK               startup_gd32f30x_hd.o


==============================================================================

Image component sizes


      Code (inc. data)   RO Data    RW Data    ZI Data      Debug   Object Name

      1508        154          0          2        256      12598   adc.o
       130          6          0          0          0       6655   as5600.o
      1568        262        227          2       3700      22102   foc_app.o
      1064         94       5146          0          0      10312   foc_ctrl_actuation.o
       300         44          0          0          0       3452   foc_ctrl_cfg.o
      1506         78          0          0          0      12564   foc_ctrl_current_loop.o
       596         26          0          0          0       6455   foc_ctrl_executor.o
       944        134         72          0          0       4410   foc_ctrl_init.o
      1230         62          0          0          0       9664   foc_ctrl_outer_loop.o
       340         16          0          0          0       2736   foc_ctrl_param_learn.o
      1270        424          0          0          0       7414   foc_debug_stream.o
       648         70       3144          0          0       9808   foc_math_transforms.o
       104          0          0          0          0       2572   foc_output_mgr.o
       238         20          0          0          0      79446   foc_platform_api.o
      1414        208          0          4          0      12479   foc_protocol_handler.o
       168         62          0          0          0       4240   foc_protocol_output.o
      1178        442          0          0          0      10242   foc_protocol_parser.o
       158          0          0          0          0       3227   foc_queue.o
      1130         88          0          0          0       8935   foc_sensor.o
       470        114          0          0          0       5574   foc_service_handler.o
      1904        122       5146          0          0      14582   foc_svpwm.o
       190          0          0          0          0       4600   foc_task_scheduler.o
       740         12          0          0          0      14924   gd32f30x_adc.o
       610          6          0          0          0      13147   gd32f30x_dma.o
       266          6          0          0          0       3946   gd32f30x_gpio.o
       474         20          0          0          0       9707   gd32f30x_i2c.o
        48          0          0          0          0       8132   gd32f30x_it.o
       202         16          0          0          0      29422   gd32f30x_misc.o
       336         48          0          0          0       3376   gd32f30x_rcu.o
      1148         48          0          0          0      15640   gd32f30x_timer.o
       466         16          0          0          0      11137   gd32f30x_usart.o
       698         48          0          0          0       7603   i2c0.o
       154         14          0          0          0       2446   led.o
        36          6          0          0          0        519   main.o
       876         82          0         12          0       9586   pwm.o
        64         26        304          0       4096        968   startup_gd32f30x_hd.o
       412         32          0          4          0       3103   system_gd32f30x.o
       140         14          0          8          0      29250   systick.o
       296         30          0          8          0       4270   timer1.o
       176         24          0          8          0       2998   timer2.o
       412         46          0          4          0       3193   timer3.o
       930         92          0         12        384       8524   usart1.o
       688         80          0         12        384       5704   usart2.o

    ----------------------------------------------------------------------
     27268       3092      14072         80       8820     441662   Object Totals
         0          0         32          0          0          0   (incl. Generated)
        38          0          1          4          0          0   (incl. Padding)

    ----------------------------------------------------------------------

      Code (inc. data)   RO Data    RW Data    ZI Data      Debug   Library Member Name

        56          6          0          0          0         88   __2snprintf.o
         8          0          0          0          0         68   __main.o
       392          4         17          0          0         92   __printf_flags_ss_wp.o
        14          0          0          0          0         68   __printf_wp.o
         0          0          0          0          0          0   __rtentry.o
        12          0          0          0          0          0   __rtentry2.o
         6          0          0          0          0          0   __rtentry4.o
        52          8          0          0          0          0   __scatter.o
        26          0          0          0          0          0   __scatter_copy.o
        28          0          0          0          0          0   __scatter_zi.o
         6          0          0          0          0          0   _printf_c.o
        44          0          0          0          0        108   _printf_char.o
        48          6          0          0          0         96   _printf_char_common.o
         6          0          0          0          0          0   _printf_d.o
       120         16          0          0          0         92   _printf_dec.o
         6          0          0          0          0          0   _printf_f.o
      1054          0          0          0          0        216   _printf_fp_dec.o
       128         16          0          0          0         84   _printf_fp_infnan.o
        88          4         40          0          0         88   _printf_hex_int.o
       178          0          0          0          0         88   _printf_intcommon.o
        78          0          0          0          0        108   _printf_pad.o
         0          0          0          0          0          0   _printf_percent.o
         4          0          0          0          0          0   _printf_percent_end.o
         6          0          0          0          0          0   _printf_s.o
        82          0          0          0          0         80   _printf_str.o
         6          0          0          0          0          0   _printf_u.o
         6          0          0          0          0          0   _printf_x.o
        22          0          0          0          0        100   _rserrno.o
        16          0          0          0          0         68   _snputc.o
        10          0          0          0          0         68   _sputc.o
       228          4        148          0          0         96   bigflt0.o
      1936        128          0          0          0        672   btod.o
        18          0          0          0          0         80   exit.o
         6          0          0          0          0        152   heapauxi.o
         0          0          0          0          0          0   indicate_semi.o
        44         10         28          0          0         76   lc_numeric_c.o
         2          0          0          0          0          0   libinit.o
        22          0          0          0          0          0   libinit2.o
         2          0          0          0          0          0   libshutdown.o
         2          0          0          0          0          0   libshutdown2.o
         8          4          0          0         96         68   libspace.o
       138          0          0          0          0         80   lludiv10.o
         8          4          0          0          0         68   rt_errno_addr_intlibspace.o
         8          4          0          0          0         68   rt_locale_intlibspace.o
        68          0          0          0          0         68   rt_memclr.o
        78          0          0          0          0         80   rt_memclr_w.o
       138          0          0          0          0         68   rt_memcpy_v6.o
       100          0          0          0          0         80   rt_memcpy_w.o
         2          0          0          0          0          0   rtexit.o
        10          0          0          0          0          0   rtexit2.o
       128          0          0          0          0         68   strcmpv7m.o
        62          0          0          0          0         76   strlen.o
        12          4          0          0          0         68   sys_exit.o
        74          0          0          0          0         80   sys_stackheap_outer.o
         2          0          0          0          0         68   use_no_semi.o
        98          4          0          0          0        140   d2f.o
       156          4          0          0          0        140   dnaninf.o
        12          0          0          0          0        116   dretinf.o
       408         56          0          0          0        168   dsqrt_umaal.o
        86          4          0          0          0        132   f2d.o
       140          4          0          0          0        132   fnaninf.o
        10          0          0          0          0        116   fpinit.o
       244          8          0          0          0        132   frem_clz.o
        10          0          0          0          0        116   fretinf.o
         4          0          0          0          0        116   printf1.o
         0          0          0          0          0          0   usenofp.o
       176          0          0          0          0        168   fmodf.o
        48          0          0          0          0        124   fpclassify.o
        16          6          0          0          0        116   funder.o
       122          0          0          0          0        148   sqrt.o
        58          0          0          0          0        136   sqrtf.o

    ----------------------------------------------------------------------
      7194        304        234          0        100       5528   Library Totals
         8          0          1          0          4          0   (incl. Padding)

    ----------------------------------------------------------------------

      Code (inc. data)   RO Data    RW Data    ZI Data      Debug   Library Name

      5598        218        233          0         96       3528   c_w.l
      1168         80          0          0          0       1308   fz_wm.l
       420          6          0          0          0        692   m_wm.l

    ----------------------------------------------------------------------
      7194        304        234          0        100       5528   Library Totals

    ----------------------------------------------------------------------

==============================================================================


      Code (inc. data)   RO Data    RW Data    ZI Data      Debug   

     34462       3396      14306         80       8920     408914   Grand Totals
     34462       3396      14306         80       8920     408914   ELF Image Totals
     34462       3396      14306         80          0          0   ROM Totals

==============================================================================

    Total RO  Size (Code + RO Data)                48768 (  47.63kB)
    Total RW  Size (RW Data + ZI Data)              9000 (   8.79kB)
    Total ROM Size (Code + RO Data + RW Data)      48848 (  47.70kB)

==============================================================================

