Component: ARM Compiler 5.06 update 6 (build 750) Tool: armlink [4d35ed]

==============================================================================

Section Cross References

    foc_platform_api.o(i.FOC_Platform_CommInit) refers to usart1.o(i.USART1_Init) for USART1_Init
    foc_platform_api.o(i.FOC_Platform_CommInit) refers to usart2.o(i.USART2_Init) for USART2_Init
    foc_platform_api.o(i.FOC_Platform_CommSource1_IsFrameReady) refers to usart1.o(i.USART1_IsFrameReady) for USART1_IsFrameReady
    foc_platform_api.o(i.FOC_Platform_CommSource1_ReadFrame) refers to usart1.o(i.USART1_ReadFrame) for USART1_ReadFrame
    foc_platform_api.o(i.FOC_Platform_CommSource2_IsFrameReady) refers to usart2.o(i.USART2_IsFrameReady) for USART2_IsFrameReady
    foc_platform_api.o(i.FOC_Platform_CommSource2_ReadFrame) refers to usart2.o(i.USART2_ReadFrame) for USART2_ReadFrame
    foc_platform_api.o(i.FOC_Platform_ControlTickSourceInit) refers to timer1.o(i.Timer1_Init) for Timer1_Init
    foc_platform_api.o(i.FOC_Platform_IndicatorInit) refers to led.o(i.LED_Init) for LED_Init
    foc_platform_api.o(i.FOC_Platform_PWMInit) refers to pwm.o(i.PWM_Init) for PWM_Init
    foc_platform_api.o(i.FOC_Platform_PWMSetDutyCycleTripleFloat) refers to pwm.o(i.PWM_SetDutyCycleTripleFloat) for PWM_SetDutyCycleTripleFloat
    foc_platform_api.o(i.FOC_Platform_PWMStart) refers to pwm.o(i.PWM_Start) for PWM_Start
    foc_platform_api.o(i.FOC_Platform_ReadMechanicalAngleRad) refers to as5600.o(i.AS5600_ReadAngleRadOk) for AS5600_ReadAngleRadOk
    foc_platform_api.o(i.FOC_Platform_ReadPhaseCurrent) refers to adc.o(i.ADC_ReadPhaseCurrentABOk) for ADC_ReadPhaseCurrentABOk
    foc_platform_api.o(i.FOC_Platform_ReadPhaseCurrentFast) refers to adc.o(i.ADC_ReadPhaseCurrentABOk) for ADC_ReadPhaseCurrentABOk
    foc_platform_api.o(i.FOC_Platform_ReadVbusVoltage) refers to adc.o(i.ADC2_ReadVbus) for ADC2_ReadVbus
    foc_platform_api.o(i.FOC_Platform_RuntimeInit) refers to systick.o(i.systick_config) for systick_config
    foc_platform_api.o(i.FOC_Platform_SensorInputInit) refers to as5600.o(i.AS5600_Init) for AS5600_Init
    foc_platform_api.o(i.FOC_Platform_SensorInputInit) refers to timer2.o(i.Timer2_Init) for Timer2_Init
    foc_platform_api.o(i.FOC_Platform_SensorInputInit) refers to timer2.o(i.Timer2_Start) for Timer2_Start
    foc_platform_api.o(i.FOC_Platform_SensorInputInit) refers to timer3.o(i.Timer3_Init) for Timer3_Init
    foc_platform_api.o(i.FOC_Platform_SensorInputInit) refers to timer3.o(i.Timer3_Start) for Timer3_Start
    foc_platform_api.o(i.FOC_Platform_SensorInputInit) refers to adc.o(i.ADC_Init) for ADC_Init
    foc_platform_api.o(i.FOC_Platform_SensorInputInit) refers to adc.o(i.ADC_Start) for ADC_Start
    foc_platform_api.o(i.FOC_Platform_SetControlRuntimeInterrupts) refers to timer1.o(i.Timer1_SetUpdateInterruptEnabled) for Timer1_SetUpdateInterruptEnabled
    foc_platform_api.o(i.FOC_Platform_SetControlRuntimeInterrupts) refers to pwm.o(i.PWM_SetUpdateInterruptEnabled) for PWM_SetUpdateInterruptEnabled
    foc_platform_api.o(i.FOC_Platform_SetControlTickCallback) refers to timer1.o(i.Timer1_SetCallback) for Timer1_SetCallback
    foc_platform_api.o(i.FOC_Platform_SetIndicator) refers to led.o(i.LED_SetState) for LED_SetState
    foc_platform_api.o(i.FOC_Platform_SetPwmUpdateCallback) refers to pwm.o(i.PWM_SetUpdateCallback) for PWM_SetUpdateCallback
    foc_platform_api.o(i.FOC_Platform_SetSensorSampleOffsetPercent) refers to timer3.o(i.Timer3_SetSampleOffsetPercent) for Timer3_SetSampleOffsetPercent
    foc_platform_api.o(i.FOC_Platform_StartControlTickSource) refers to timer1.o(i.Timer1_Start) for Timer1_Start
    foc_platform_api.o(i.FOC_Platform_WaitMs) refers to systick.o(i.delay_1ms) for delay_1ms
    foc_platform_api.o(i.FOC_Platform_WriteDebugText) refers to usart1.o(i.USART1_SendString) for USART1_SendString
    foc_platform_api.o(i.FOC_Platform_WriteStatusByte) refers to usart1.o(i.USART1_SendByte) for USART1_SendByte
    gd32f30x_it.o(i.ADC0_1_IRQHandler) refers to adc.o(i.ADC_IRQHandler_Internal) for ADC_IRQHandler_Internal
    gd32f30x_it.o(i.DMA0_Channel0_IRQHandler) refers to adc.o(i.ADC_DMA_IRQHandler_Internal) for ADC_DMA_IRQHandler_Internal
    gd32f30x_it.o(i.SysTick_Handler) refers to systick.o(i.delay_decrement) for delay_decrement
    gd32f30x_it.o(i.TIMER0_UP_IRQHandler) refers to pwm.o(i.PWM_Timer0Update_IRQHandler_Internal) for PWM_Timer0Update_IRQHandler_Internal
    gd32f30x_it.o(i.TIMER1_IRQHandler) refers to timer1.o(i.Timer1_IRQHandler_Internal) for Timer1_IRQHandler_Internal
    gd32f30x_it.o(i.TIMER2_IRQHandler) refers to timer2.o(i.Timer2_IRQHandler_Internal) for Timer2_IRQHandler_Internal
    gd32f30x_it.o(i.USART1_IRQHandler) refers to usart1.o(i.USART1_IRQHandler_Internal) for USART1_IRQHandler_Internal
    gd32f30x_it.o(i.USART2_IRQHandler) refers to usart2.o(i.USART2_IRQHandler_Internal) for USART2_IRQHandler_Internal
[...]
    TIMER1_IRQHandler                        0x080087cd   Thumb Code     8  gd32f30x_it.o(i.TIMER1_IRQHandler)
    TIMER2_IRQHandler                        0x080087d5   Thumb Code     8  gd32f30x_it.o(i.TIMER2_IRQHandler)
    TIMER3_IRQHandler                        0x080087dd   Thumb Code    60  timer3.o(i.TIMER3_IRQHandler)
    Timer1_IRQHandler_Internal               0x08008821   Thumb Code    68  timer1.o(i.Timer1_IRQHandler_Internal)
    Timer1_Init                              0x0800886d   Thumb Code   126  timer1.o(i.Timer1_Init)
    Timer1_SetCallback                       0x080088f5   Thumb Code     6  timer1.o(i.Timer1_SetCallback)
    Timer1_SetUpdateInterruptEnabled         0x08008901   Thumb Code    42  timer1.o(i.Timer1_SetUpdateInterruptEnabled)
    Timer1_Start                             0x0800892d   Thumb Code    18  timer1.o(i.Timer1_Start)
    Timer2_IRQHandler_Internal               0x08008945   Thumb Code    38  timer2.o(i.Timer2_IRQHandler_Internal)
    Timer2_Init                              0x08008975   Thumb Code    96  timer2.o(i.Timer2_Init)
    Timer2_Start                             0x080089dd   Thumb Code    16  timer2.o(i.Timer2_Start)
    Timer3_Init                              0x080089f5   Thumb Code   232  timer3.o(i.Timer3_Init)
    Timer3_SetSampleOffsetPercent            0x08008aed   Thumb Code    76  timer3.o(i.Timer3_SetSampleOffsetPercent)
    Timer3_Start                             0x08008b49   Thumb Code    16  timer3.o(i.Timer3_Start)
    USART1_ClearBuffers                      0x08008b61   Thumb Code    48  usart1.o(i.USART1_ClearBuffers)
    USART1_IRQHandler                        0x08008da1   Thumb Code     8  gd32f30x_it.o(i.USART1_IRQHandler)
    USART1_IRQHandler_Internal               0x08008da9   Thumb Code    94  usart1.o(i.USART1_IRQHandler_Internal)
    USART1_Init                              0x08008e29   Thumb Code   160  usart1.o(i.USART1_Init)
    USART1_IsFrameReady                      0x08008ed5   Thumb Code     6  usart1.o(i.USART1_IsFrameReady)
    USART1_ReadFrame                         0x08008ee1   Thumb Code    62  usart1.o(i.USART1_ReadFrame)
    USART1_SendByte                          0x08008f31   Thumb Code    12  usart1.o(i.USART1_SendByte)
    USART1_SendData                          0x08008f3d   Thumb Code    68  usart1.o(i.USART1_SendData)
    USART1_SendString                        0x08008f85   Thumb Code    28  usart1.o(i.USART1_SendString)
    USART2_ClearBuffers                      0x08008fa1   Thumb Code    48  usart2.o(i.USART2_ClearBuffers)
    USART2_IRQHandler                        0x08009159   Thumb Code     8  gd32f30x_it.o(i.USART2_IRQHandler)
    USART2_IRQHandler_Internal               0x08009161   Thumb Code    94  usart2.o(i.USART2_IRQHandler_Internal)
    USART2_Init                              0x080091e1   Thumb Code   164  usart2.o(i.USART2_Init)
    USART2_IsFrameReady                      0x08009291   Thumb Code     6  usart2.o(i.USART2_IsFrameReady)
    USART2_ReadFrame                         0x0800929d   Thumb Code    62  usart2.o(i.USART2_ReadFrame)
    UsageFault_Handler                       0x080092ed   Thumb Code     4  gd32f30x_it.o(i.UsageFault_Handler)
    __ARM_fpclassify                         0x08009587   Thumb Code    48  fpclassify.o(i.__ARM_fpclassify)
    __hardfp_fmodf                           0x080095b7   Thumb Code   176  fmodf.o(i.__hardfp_fmodf)
    __hardfp_sqrt                            0x08009667   Thumb Code   122  sqrt.o(i.__hardfp_sqrt)
    __hardfp_sqrtf                           0x080096e1   Thumb Code    58  sqrtf.o(i.__hardfp_sqrtf)
    __mathlib_flt_invalid                    0x0800971d   Thumb Code    10  funder.o(i.__mathlib_flt_invalid)
    _is_digit                                0x0800972d   Thumb Code    14  __printf_wp.o(i._is_digit)
    adc_calibration_enable                   0x08009757   Thumb Code    42  gd32f30x_adc.o(i.adc_calibration_enable)
    adc_channel_length_config                0x08009781   Thumb Code    70  gd32f30x_adc.o(i.adc_channel_length_config)
    adc_data_alignment_config                0x080097c7   Thumb Code    22  gd32f30x_adc.o(i.adc_data_alignment_config)
    adc_deinit                               0x080097dd   Thumb Code    84  gd32f30x_adc.o(i.adc_deinit)
    adc_dma_mode_enable                      0x08009835   Thumb Code    10  gd32f30x_adc.o(i.adc_dma_mode_enable)
    adc_enable                               0x0800983f   Thumb Code    18  gd32f30x_adc.o(i.adc_enable)
    adc_external_trigger_config              0x08009851   Thumb Code    62  gd32f30x_adc.o(i.adc_external_trigger_config)
    adc_external_trigger_source_config       0x0800988f   Thumb Code    48  gd32f30x_adc.o(i.adc_external_trigger_source_config)
    adc_flag_clear                           0x080098bf   Thumb Code     6  gd32f30x_adc.o(i.adc_flag_clear)
    adc_flag_get                             0x080098c5   Thumb Code    14  gd32f30x_adc.o(i.adc_flag_get)
    adc_interrupt_enable                     0x080098d3   Thumb Code    44  gd32f30x_adc.o(i.adc_interrupt_enable)
    adc_interrupt_flag_clear                 0x080098ff   Thumb Code     6  gd32f30x_adc.o(i.adc_interrupt_flag_clear)
    adc_interrupt_flag_get                   0x08009905   Thumb Code    88  gd32f30x_adc.o(i.adc_interrupt_flag_get)
    adc_mode_config                          0x0800995d   Thumb Code    22  gd32f30x_adc.o(i.adc_mode_config)
    adc_oversample_mode_config               0x08009979   Thumb Code    58  gd32f30x_adc.o(i.adc_oversample_mode_config)
    adc_oversample_mode_enable               0x080099b3   Thumb Code    14  gd32f30x_adc.o(i.adc_oversample_mode_enable)
    adc_resolution_config                    0x080099c1   Thumb Code    20  gd32f30x_adc.o(i.adc_resolution_config)
    adc_routine_channel_config               0x080099d5   Thumb Code   172  gd32f30x_adc.o(i.adc_routine_channel_config)
    adc_routine_data_read                    0x08009a81   Thumb Code     8  gd32f30x_adc.o(i.adc_routine_data_read)
    adc_software_trigger_enable              0x08009a89   Thumb Code    30  gd32f30x_adc.o(i.adc_software_trigger_enable)
    adc_special_function_config              0x08009aa7   Thumb Code    90  gd32f30x_adc.o(i.adc_special_function_config)
    delay_1ms                                0x08009b01   Thumb Code    16  systick.o(i.delay_1ms)
    delay_decrement                          0x08009b15   Thumb Code    28  systick.o(i.delay_decrement)
    dma_channel_disable                      0x08009b39   Thumb Code    50  gd32f30x_dma.o(i.dma_channel_disable)
    dma_channel_enable                       0x08009b6b   Thumb Code    50  gd32f30x_dma.o(i.dma_channel_enable)
    dma_circulation_disable                  0x08009b9d   Thumb Code    50  gd32f30x_dma.o(i.dma_circulation_disable)
    dma_circulation_enable                   0x08009bcf   Thumb Code    50  gd32f30x_dma.o(i.dma_circulation_enable)
    dma_deinit                               0x08009c01   Thumb Code   112  gd32f30x_dma.o(i.dma_deinit)
    dma_flag_clear                           0x08009c71   Thumb Code    16  gd32f30x_dma.o(i.dma_flag_clear)
    dma_flag_get                             0x08009c81   Thumb Code    24  gd32f30x_dma.o(i.dma_flag_get)
    dma_init                                 0x08009c99   Thumb Code   302  gd32f30x_dma.o(i.dma_init)
    dma_interrupt_enable                     0x08009dc7   Thumb Code    50  gd32f30x_dma.o(i.dma_interrupt_enable)
    dma_interrupt_flag_clear                 0x08009df9   Thumb Code    16  gd32f30x_dma.o(i.dma_interrupt_flag_clear)
    dma_interrupt_flag_get                   0x08009e09   Thumb Code   132  gd32f30x_dma.o(i.dma_interrupt_flag_get)
    dma_memory_address_config                0x08009e8d   Thumb Code    36  gd32f30x_dma.o(i.dma_memory_address_config)
    dma_periph_address_config                0x08009eb1   Thumb Code    36  gd32f30x_dma.o(i.dma_periph_address_config)
    dma_struct_para_init                     0x08009eed   Thumb Code    28  gd32f30x_dma.o(i.dma_struct_para_init)
    dma_transfer_number_config               0x08009f09   Thumb Code    38  gd32f30x_dma.o(i.dma_transfer_number_config)
    dma_transfer_number_get                  0x08009f2f   Thumb Code    34  gd32f30x_dma.o(i.dma_transfer_number_get)
    gpio_bit_reset                           0x08009f65   Thumb Code     4  gd32f30x_gpio.o(i.gpio_bit_reset)
    gpio_bit_set                             0x08009f69   Thumb Code     4  gd32f30x_gpio.o(i.gpio_bit_set)
    gpio_init                                0x08009f6d   Thumb Code   188  gd32f30x_gpio.o(i.gpio_init)
    gpio_output_bit_get                      0x0800a029   Thumb Code    16  gd32f30x_gpio.o(i.gpio_output_bit_get)
    gpio_pin_remap_config                    0x0800a039   Thumb Code   138  gd32f30x_gpio.o(i.gpio_pin_remap_config)
    i2c_ack_config                           0x0800a0c9   Thumb Code    16  gd32f30x_i2c.o(i.i2c_ack_config)
    i2c_clock_config                         0x0800a0d9   Thumb Code   306  gd32f30x_i2c.o(i.i2c_clock_config)
    i2c_data_receive                         0x0800a219   Thumb Code     8  gd32f30x_i2c.o(i.i2c_data_receive)
    i2c_data_transmit                        0x0800a221   Thumb Code     6  gd32f30x_i2c.o(i.i2c_data_transmit)
    i2c_deinit                               0x0800a229   Thumb Code    60  gd32f30x_i2c.o(i.i2c_deinit)
    i2c_disable                              0x0800a269   Thumb Code    10  gd32f30x_i2c.o(i.i2c_disable)
    i2c_enable                               0x0800a273   Thumb Code    10  gd32f30x_i2c.o(i.i2c_enable)
    i2c_flag_clear                           0x0800a27d   Thumb Code    40  gd32f30x_i2c.o(i.i2c_flag_clear)
    i2c_flag_get                             0x0800a2a5   Thumb Code    30  gd32f30x_i2c.o(i.i2c_flag_get)
    i2c_master_addressing                    0x0800a2c3   Thumb Code    20  gd32f30x_i2c.o(i.i2c_master_addressing)
    i2c_mode_addr_config                     0x0800a2d7   Thumb Code    28  gd32f30x_i2c.o(i.i2c_mode_addr_config)
    i2c_software_reset_config                0x0800a2f3   Thumb Code    16  gd32f30x_i2c.o(i.i2c_software_reset_config)
    i2c_start_on_bus                         0x0800a303   Thumb Code    10  gd32f30x_i2c.o(i.i2c_start_on_bus)
    i2c_stop_on_bus                          0x0800a30d   Thumb Code    10  gd32f30x_i2c.o(i.i2c_stop_on_bus)
    main                                     0x0800a319   Thumb Code    32  main.o(i.main)
    nvic_irq_disable                         0x0800a33d   Thumb Code    22  gd32f30x_misc.o(i.nvic_irq_disable)
    nvic_irq_enable                          0x0800a359   Thumb Code   254  gd32f30x_misc.o(i.nvic_irq_enable)
    nvic_priority_group_set                  0x0800a461   Thumb Code    10  gd32f30x_misc.o(i.nvic_priority_group_set)
    rcu_clock_freq_get                       0x0800a475   Thumb Code   310  gd32f30x_rcu.o(i.rcu_clock_freq_get)
    rcu_periph_clock_enable                  0x0800a5cd   Thumb Code    28  gd32f30x_rcu.o(i.rcu_periph_clock_enable)
    rcu_periph_reset_disable                 0x0800a5ed   Thumb Code    28  gd32f30x_rcu.o(i.rcu_periph_reset_disable)
    rcu_periph_reset_enable                  0x0800a60d   Thumb Code    28  gd32f30x_rcu.o(i.rcu_periph_reset_enable)
    systick_config                           0x0800a751   Thumb Code    74  systick.o(i.systick_config)
    timer_auto_reload_shadow_enable          0x0800a7a1   Thumb Code    10  gd32f30x_timer.o(i.timer_auto_reload_shadow_enable)
    timer_break_config                       0x0800a7ab   Thumb Code    30  gd32f30x_timer.o(i.timer_break_config)
    timer_break_struct_para_init             0x0800a7c9   Thumb Code    18  gd32f30x_timer.o(i.timer_break_struct_para_init)
    timer_channel_output_config              0x0800a7dd   Thumb Code   484  gd32f30x_timer.o(i.timer_channel_output_config)
    timer_channel_output_mode_config         0x0800a9c9   Thumb Code    90  gd32f30x_timer.o(i.timer_channel_output_mode_config)
    timer_channel_output_pulse_value_config  0x0800aa23   Thumb Code    38  gd32f30x_timer.o(i.timer_channel_output_pulse_value_config)
    timer_channel_output_shadow_config       0x0800aa49   Thumb Code    90  gd32f30x_timer.o(i.timer_channel_output_shadow_config)
    timer_channel_output_struct_para_init    0x0800aaa3   Thumb Code    16  gd32f30x_timer.o(i.timer_channel_output_struct_para_init)
    timer_counter_value_config               0x0800aab3   Thumb Code     4  gd32f30x_timer.o(i.timer_counter_value_config)
    timer_deinit                             0x0800aab9   Thumb Code   210  gd32f30x_timer.o(i.timer_deinit)
    timer_enable                             0x0800ab95   Thumb Code    10  gd32f30x_timer.o(i.timer_enable)
    timer_init                               0x0800aba1   Thumb Code   122  gd32f30x_timer.o(i.timer_init)
    timer_input_trigger_source_select        0x0800ac39   Thumb Code    16  gd32f30x_timer.o(i.timer_input_trigger_source_select)
    timer_interrupt_disable                  0x0800ac49   Thumb Code     8  gd32f30x_timer.o(i.timer_interrupt_disable)
    timer_interrupt_enable                   0x0800ac51   Thumb Code     8  gd32f30x_timer.o(i.timer_interrupt_enable)
    timer_interrupt_flag_clear               0x0800ac59   Thumb Code     6  gd32f30x_timer.o(i.timer_interrupt_flag_clear)
    timer_interrupt_flag_get                 0x0800ac5f   Thumb Code    28  gd32f30x_timer.o(i.timer_interrupt_flag_get)
    timer_master_output_trigger_source_select 0x0800ac7b   Thumb Code    16  gd32f30x_timer.o(i.timer_master_output_trigger_source_select)
    timer_master_slave_mode_config           0x0800ac8b   Thumb Code    26  gd32f30x_timer.o(i.timer_master_slave_mode_config)
    timer_primary_output_config              0x0800aca5   Thumb Code    24  gd32f30x_timer.o(i.timer_primary_output_config)
    timer_slave_mode_select                  0x0800acbd   Thumb Code    16  gd32f30x_timer.o(i.timer_slave_mode_select)
    usart_baudrate_set                       0x0800accd   Thumb Code   136  gd32f30x_usart.o(i.usart_baudrate_set)
    usart_deinit                             0x0800ad5d   Thumb Code   136  gd32f30x_usart.o(i.usart_deinit)
    usart_dma_receive_config                 0x0800aded   Thumb Code    20  gd32f30x_usart.o(i.usart_dma_receive_config)
    usart_dma_transmit_config                0x0800ae01   Thumb Code    20  gd32f30x_usart.o(i.usart_dma_transmit_config)
    usart_enable                             0x0800ae15   Thumb Code    10  gd32f30x_usart.o(i.usart_enable)
    usart_flag_get                           0x0800ae1f   Thumb Code    32  gd32f30x_usart.o(i.usart_flag_get)
    usart_hardware_flow_cts_config           0x0800ae3f   Thumb Code    20  gd32f30x_usart.o(i.usart_hardware_flow_cts_config)
    usart_hardware_flow_rts_config           0x0800ae53   Thumb Code    20  gd32f30x_usart.o(i.usart_hardware_flow_rts_config)
    usart_interrupt_disable                  0x0800ae67   Thumb Code    26  gd32f30x_usart.o(i.usart_interrupt_disable)
    usart_interrupt_enable                   0x0800ae81   Thumb Code    26  gd32f30x_usart.o(i.usart_interrupt_enable)
    usart_interrupt_flag_get                 0x0800ae9b   Thumb Code    58  gd32f30x_usart.o(i.usart_interrupt_flag_get)
    usart_parity_config                      0x0800aed5   Thumb Code    16  gd32f30x_usart.o(i.usart_parity_config)
    usart_receive_config                     0x0800aee5   Thumb Code    20  gd32f30x_usart.o(i.usart_receive_config)
    usart_stop_bit_set                       0x0800aef9   Thumb Code    16  gd32f30x_usart.o(i.usart_stop_bit_set)
    usart_transmit_config                    0x0800af09   Thumb Code    20  gd32f30x_usart.o(i.usart_transmit_config)
    usart_word_length_set                    0x0800af1d   Thumb Code    16  gd32f30x_usart.o(i.usart_word_length_set)
    _get_lc_numeric                          0x0800af2d   Thumb Code    44  lc_numeric_c.o(locale$$code)
    __aeabi_d2f                              0x0800af59   Thumb Code     0  d2f.o(x$fpl$d2f)
    _d2f                                     0x0800af59   Thumb Code    98  d2f.o(x$fpl$d2f)
    __fpl_dnaninf                            0x0800afbb   Thumb Code   156  dnaninf.o(x$fpl$dnaninf)
    __fpl_dretinf                            0x0800b057   Thumb Code    12  dretinf.o(x$fpl$dretinf)
    _dsqrt                                   0x0800b065   Thumb Code   404  dsqrt_umaal.o(x$fpl$dsqrt)
    __aeabi_f2d                              0x0800b1fd   Thumb Code     0  f2d.o(x$fpl$f2d)
    _f2d                                     0x0800b1fd   Thumb Code    86  f2d.o(x$fpl$f2d)
    __fpl_fnaninf                            0x0800b253   Thumb Code   140  fnaninf.o(x$fpl$fnaninf)
    _fp_init                                 0x0800b2df   Thumb Code    10  fpinit.o(x$fpl$fpinit)
    __fplib_config_fpu_vfp                   0x0800b2e7   Thumb Code     0  fpinit.o(x$fpl$fpinit)
    __fplib_config_pureend_doubles           0x0800b2e7   Thumb Code     0  fpinit.o(x$fpl$fpinit)
    _frem                                    0x0800b2e9   Thumb Code   240  frem_clz.o(x$fpl$frem)
    __fpl_fretinf                            0x0800b3dd   Thumb Code    10  fretinf.o(x$fpl$fretinf)
    _printf_fp_dec                           0x0800b3e7   Thumb Code     4  printf1.o(x$fpl$printf1)
    __I$use$fp                               0x0800b3ea   Number         0  usenofp.o(x$fpl$usenofp)
    Region$$Table$$Base                      0x08010a98   Number         0  anon$$obj.o(Region$$Table)
    Region$$Table$$Limit                     0x08010ab8   Number         0  anon$$obj.o(Region$$Table)
    SystemCoreClock                          0x20000008   Data           4  system_gd32f30x.o(.data)
    __libspace_start                         0x20000e84   Data          96  libspace.o(.bss)
    __temporary_stack_top$libspace           0x20000ee4   Data           0  libspace.o(.bss)



==============================================================================

Memory Map of the image

  Image Entry point : 0x08000131

  Load Region LR_IROM1 (Base: 0x08000000, Size: 0x00010b28, Max: 0x00040000, ABSOLUTE)

    Execution Region ER_IROM1 (Exec base: 0x08000000, Load base: 0x08000000, Size: 0x00010ad4, Max: 0x00040000, ABSOLUTE)

    Exec Addr    Load Addr    Size         Type   Attr      Idx    E Section Name        Object

    0x08000000   0x08000000   0x00000130   Data   RO         4546    RESET               startup_gd32f30x_hd.o
    0x08000130   0x08000130   0x00000008   Code   RO         6878  * !!!main             c_w.l(__main.o)
    0x08000138   0x08000138   0x00000034   Code   RO         7177    !!!scatter          c_w.l(__scatter.o)
    0x0800016c   0x0800016c   0x0000001a   Code   RO         7179    !!handler_copy      c_w.l(__scatter_copy.o)
    0x08000186   0x08000186   0x00000002   PAD
    0x08000188   0x08000188   0x0000001c   Code   RO         7181    !!handler_zi        c_w.l(__scatter_zi.o)
    0x080001a4   0x080001a4   0x00000000   Code   RO         6869    .ARM.Collect$$_printf_percent$$00000000  c_w.l(_printf_percent.o)
    0x080001a4   0x080001a4   0x00000006   Code   RO         6868    .ARM.Collect$$_printf_percent$$00000003  c_w.l(_printf_f.o)
    0x080001aa   0x080001aa   0x00000006   Code   RO         6866    .ARM.Collect$$_printf_percent$$00000009  c_w.l(_printf_d.o)
    0x080001b0   0x080001b0   0x00000006   Code   RO         6867    .ARM.Collect$$_printf_percent$$0000000A  c_w.l(_printf_u.o)
    0x080001b6   0x080001b6   0x00000006   Code   RO         6865    .ARM.Collect$$_printf_percent$$0000000C  c_w.l(_printf_x.o)
    0x080001bc   0x080001bc   0x00000006   Code   RO         6863    .ARM.Collect$$_printf_percent$$00000013  c_w.l(_printf_c.o)
    0x080001c2   0x080001c2   0x00000006   Code   RO         6864    .ARM.Collect$$_printf_percent$$00000014  c_w.l(_printf_s.o)
    0x080001c8   0x080001c8   0x00000004   Code   RO         6937    .ARM.Collect$$_printf_percent$$00000017  c_w.l(_printf_percent_end.o)
    0x080001cc   0x080001cc   0x00000002   Code   RO         7050    .ARM.Collect$$libinit$$00000000  c_w.l(libinit.o)
    0x080001ce   0x080001ce   0x00000004   Code   RO         7051    .ARM.Collect$$libinit$$00000001  c_w.l(libinit2.o)
    0x080001d2   0x080001d2   0x00000000   Code   RO         7054    .ARM.Collect$$libinit$$00000004  c_w.l(libinit2.o)
    0x080001d2   0x080001d2   0x00000000   Code   RO         7057    .ARM.Collect$$libinit$$0000000A  c_w.l(libinit2.o)
    0x080001d2   0x080001d2   0x00000000   Code   RO         7059    .ARM.Collect$$libinit$$0000000C  c_w.l(libinit2.o)
    0x080001d2   0x080001d2   0x00000000   Code   RO         7061    .ARM.Collect$$libinit$$0000000E  c_w.l(libinit2.o)
    0x080001d2   0x080001d2   0x00000006   Code   RO         7062    .ARM.Collect$$libinit$$0000000F  c_w.l(libinit2.o)
    0x080001d8   0x080001d8   0x00000000   Code   RO         7064    .ARM.Collect$$libinit$$00000011  c_w.l(libinit2.o)
    0x080001d8   0x080001d8   0x00000000   Code   RO         7066    .ARM.Collect$$libinit$$00000013  c_w.l(libinit2.o)
    0x080001d8   0x080001d8   0x00000000   Code   RO         7068    .ARM.Collect$$libinit$$00000015  c_w.l(libinit2.o)
    0x080001d8   0x080001d8   0x0000000a   Code   RO         7069    .ARM.Collect$$libinit$$00000016  c_w.l(libinit2.o)
    0x080001e2   0x080001e2   0x00000000   Code   RO         7070    .ARM.Collect$$libinit$$00000017  c_w.l(libinit2.o)
    0x080001e2   0x080001e2   0x00000000   Code   RO         7072    .ARM.Collect$$libinit$$00000019  c_w.l(libinit2.o)
    0x080001e2   0x080001e2   0x00000000   Code   RO         7074    .ARM.Collect$$libinit$$0000001B  c_w.l(libinit2.o)
    0x080001e2   0x080001e2   0x00000000   Code   RO         7076    .ARM.Collect$$libinit$$0000001D  c_w.l(libinit2.o)
    0x080001e2   0x080001e2   0x00000000   Code   RO         7078    .ARM.Collect$$libinit$$0000001F  c_w.l(libinit2.o)
    0x080001e2   0x080001e2   0x00000000   Code   RO         7080    .ARM.Collect$$libinit$$00000021  c_w.l(libinit2.o)
    0x080001e2   0x080001e2   0x00000000   Code   RO         7082    .ARM.Collect$$libinit$$00000023  c_w.l(libinit2.o)
    0x080001e2   0x080001e2   0x00000000   Code   RO         7084    .ARM.Collect$$libinit$$00000025  c_w.l(libinit2.o)
    0x080001e2   0x080001e2   0x00000000   Code   RO         7088    .ARM.Collect$$libinit$$0000002C  c_w.l(libinit2.o)
    0x080001e2   0x080001e2   0x00000000   Code   RO         7090    .ARM.Collect$$libinit$$0000002E  c_w.l(libinit2.o)
    0x080001e2   0x080001e2   0x00000000   Code   RO         7092    .ARM.Collect$$libinit$$00000030  c_w.l(libinit2.o)
    0x080001e2   0x080001e2   0x00000000   Code   RO         7094    .ARM.Collect$$libinit$$00000032  c_w.l(libinit2.o)
    0x080001e2   0x080001e2   0x00000002   Code   RO         7095    .ARM.Collect$$libinit$$00000033  c_w.l(libinit2.o)
    0x080001e4   0x080001e4   0x00000002   Code   RO         7125    .ARM.Collect$$libshutdown$$00000000  c_w.l(libshutdown.o)
    0x080001e6   0x080001e6   0x00000000   Code   RO         7136    .ARM.Collect$$libshutdown$$00000002  c_w.l(libshutdown2.o)
    0x080001e6   0x080001e6   0x00000000   Code   RO         7138    .ARM.Collect$$libshutdown$$00000004  c_w.l(libshutdown2.o)
    0x080001e6   0x080001e6   0x00000000   Code   RO         7141    .ARM.Collect$$libshutdown$$00000007  c_w.l(libshutdown2.o)
    0x080001e6   0x080001e6   0x00000000   Code   RO         7144    .ARM.Collect$$libshutdown$$0000000A  c_w.l(libshutdown2.o)
    0x080001e6   0x080001e6   0x00000000   Code   RO         7146    .ARM.Collect$$libshutdown$$0000000C  c_w.l(libshutdown2.o)
    0x080001e6   0x080001e6   0x00000000   Code   RO         7149    .ARM.Collect$$libshutdown$$0000000F  c_w.l(libshutdown2.o)
    0x080001e6   0x080001e6   0x00000002   Code   RO         7150    .ARM.Collect$$libshutdown$$00000010  c_w.l(libshutdown2.o)
    0x080001e8   0x080001e8   0x00000000   Code   RO         6922    .ARM.Collect$$rtentry$$00000000  c_w.l(__rtentry.o)
    0x080001e8   0x080001e8   0x00000000   Code   RO         6972    .ARM.Collect$$rtentry$$00000002  c_w.l(__rtentry2.o)
    0x080001e8   0x080001e8   0x00000006   Code   RO         6984    .ARM.Collect$$rtentry$$00000004  c_w.l(__rtentry4.o)
    0x080001ee   0x080001ee   0x00000000   Code   RO         6974    .ARM.Collect$$rtentry$$00000009  c_w.l(__rtentry2.o)
    0x080001ee   0x080001ee   0x00000004   Code   RO         6975    .ARM.Collect$$rtentry$$0000000A  c_w.l(__rtentry2.o)
    0x080001f2   0x080001f2   0x00000000   Code   RO         6977    .ARM.Collect$$rtentry$$0000000C  c_w.l(__rtentry2.o)
    0x080001f2   0x080001f2   0x00000008   Code   RO         6978    .ARM.Collect$$rtentry$$0000000D  c_w.l(__rtentry2.o)
    0x080001fa   0x080001fa   0x00000002   Code   RO         7096    .ARM.Collect$$rtexit$$00000000  c_w.l(rtexit.o)
    0x080001fc   0x080001fc   0x00000000   Code   RO         7103    .ARM.Collect$$rtexit$$00000002  c_w.l(rtexit2.o)
    0x080001fc   0x080001fc   0x00000004   Code   RO         7104    .ARM.Collect$$rtexit$$00000003  c_w.l(rtexit2.o)
    0x08000200   0x08000200   0x00000006   Code   RO         7105    .ARM.Collect$$rtexit$$00000004  c_w.l(rtexit2.o)
    0x08000206   0x08000206   0x00000002   PAD
    0x08000208   0x08000208   0x00000040   Code   RO         4547    .text               startup_gd32f30x_hd.o
    0x08000248   0x08000248   0x00000038   Code   RO         6810    .text               c_w.l(__2snprintf.o)
    0x08000280   0x08000280   0x0000004e   Code   RO         6816    .text               c_w.l(_printf_pad.o)
    0x080002ce   0x080002ce   0x00000052   Code   RO         6818    .text               c_w.l(_printf_str.o)
    0x08000320   0x08000320   0x00000078   Code   RO         6820    .text               c_w.l(_printf_dec.o)
    0x08000398   0x08000398   0x00000058   Code   RO         6825    .text               c_w.l(_printf_hex_int.o)
    0x080003f0   0x080003f0   0x00000188   Code   RO         6860    .text               c_w.l(__printf_flags_ss_wp.o)
    0x08000578   0x08000578   0x0000003e   Code   RO         6870    .text               c_w.l(strlen.o)
    0x080005b6   0x080005b6   0x0000008a   Code   RO         6872    .text               c_w.l(rt_memcpy_v6.o)
    0x08000640   0x08000640   0x00000044   Code   RO         6874    .text               c_w.l(rt_memclr.o)
    0x08000684   0x08000684   0x00000006   Code   RO         6876    .text               c_w.l(heapauxi.o)
    0x0800068a   0x0800068a   0x00000016   Code   RO         6923    .text               c_w.l(_rserrno.o)
    0x080006a0   0x080006a0   0x000000b2   Code   RO         6925    .text               c_w.l(_printf_intcommon.o)
    0x08000752   0x08000752   0x0000041e   Code   RO         6927    .text               c_w.l(_printf_fp_dec.o)
    0x08000b70   0x08000b70   0x00000030   Code   RO         6929    .text               c_w.l(_printf_char_common.o)
    0x08000ba0   0x08000ba0   0x0000000a   Code   RO         6931    .text               c_w.l(_sputc.o)
    0x08000baa   0x08000baa   0x00000010   Code   RO         6933    .text               c_w.l(_snputc.o)
    0x08000bba   0x08000bba   0x0000002c   Code   RO         6935    .text               c_w.l(_printf_char.o)
    0x08000be6   0x08000be6   0x00000064   Code   RO         6938    .text               c_w.l(rt_memcpy_w.o)
    0x08000c4a   0x08000c4a   0x0000004e   Code   RO         6940    .text               c_w.l(rt_memclr_w.o)
    0x08000c98   0x08000c98   0x00000008   Code   RO         6989    .text               c_w.l(rt_locale_intlibspace.o)
    0x08000ca0   0x08000ca0   0x00000008   Code   RO         6994    .text               c_w.l(rt_errno_addr_intlibspace.o)
    0x08000ca8   0x08000ca8   0x0000008a   Code   RO         6996    .text               c_w.l(lludiv10.o)
    0x08000d32   0x08000d32   0x00000002   PAD
    0x08000d34   0x08000d34   0x00000080   Code   RO         6998    .text               c_w.l(_printf_fp_infnan.o)
    0x08000db4   0x08000db4   0x000000e4   Code   RO         7002    .text               c_w.l(bigflt0.o)
    0x08000e98   0x08000e98   0x00000008   Code   RO         7036    .text               c_w.l(libspace.o)
    0x08000ea0   0x08000ea0   0x0000004a   Code   RO         7039    .text               c_w.l(sys_stackheap_outer.o)
    0x08000eea   0x08000eea   0x00000012   Code   RO         7041    .text               c_w.l(exit.o)
    0x08000efc   0x08000efc   0x00000080   Code   RO         7043    .text               c_w.l(strcmpv7m.o)
    0x08000f7c   0x08000f7c   0x0000000c   Code   RO         7115    .text               c_w.l(sys_exit.o)
    0x08000f88   0x08000f88   0x00000002   Code   RO         7126    .text               c_w.l(use_no_semi.o)
    0x08000f8a   0x08000f8a   0x00000000   Code   RO         7128    .text               c_w.l(indicate_semi.o)
    0x08000f8a   0x08000f8a   0x0000003e   Code   RO         7005    CL$$btod_d2e        c_w.l(btod.o)
    0x08000fc8   0x08000fc8   0x00000046   Code   RO         7007    CL$$btod_d2e_denorm_low  c_w.l(btod.o)
    0x0800100e   0x0800100e   0x00000060   Code   RO         7006    CL$$btod_d2e_norm_op1  c_w.l(btod.o)
    0x0800106e   0x0800106e   0x00000338   Code   RO         7015    CL$$btod_div_common  c_w.l(btod.o)
    0x080013a6   0x080013a6   0x000000dc   Code   RO         7012    CL$$btod_e2e        c_w.l(btod.o)
    0x08001482   0x08001482   0x0000002a   Code   RO         7009    CL$$btod_ediv       c_w.l(btod.o)
    0x080014ac   0x080014ac   0x0000002a   Code   RO         7008    CL$$btod_emul       c_w.l(btod.o)
    0x080014d6   0x080014d6   0x00000244   Code   RO         7014    CL$$btod_mult_common  c_w.l(btod.o)
    0x0800171a   0x0800171a   0x00000008   Code   RO          374    i.ADC0_1_IRQHandler  gd32f30x_it.o
    0x08001722   0x08001722   0x00000002   PAD
    0x08001724   0x08001724   0x0000006c   Code   RO         4932    i.ADC2_Config       adc.o
    0x08001790   0x08001790   0x0000001c   Code   RO         4933    i.ADC2_GPIO_Config  adc.o
    0x080017ac   0x080017ac   0x000000b0   Code   RO         4934    i.ADC2_ReadVbus     adc.o
    0x0800185c   0x0800185c   0x000000f8   Code   RO         4935    i.ADC_Config        adc.o
    0x08001954   0x08001954   0x00000024   Code   RO         4936    i.ADC_CurrentRawToVoltage  adc.o
    0x08001978   0x08001978   0x0000007c   Code   RO         4937    i.ADC_DMA_Config    adc.o
    0x080019f4   0x080019f4   0x00000044   Code   RO         4938    i.ADC_DMA_IRQHandler_Internal  adc.o
    0x08001a38   0x08001a38   0x00000030   Code   RO         4939    i.ADC_GPIO_Config   adc.o
    0x08001a68   0x08001a68   0x00000154   Code   RO         4940    i.ADC_GetAverageSample  adc.o
    0x08001bbc   0x08001bbc   0x0000001c   Code   RO         4941    i.ADC_IRQHandler_Internal  adc.o
    0x08001bd8   0x08001bd8   0x00000084   Code   RO         4942    i.ADC_Init          adc.o
    0x08001c5c   0x08001c5c   0x00000040   Code   RO         4943    i.ADC_ReadPhaseCurrentAB  adc.o
    0x08001c9c   0x08001c9c   0x0000001c   Code   RO         4944    i.ADC_ReadPhaseCurrentABOk  adc.o
    0x08001cb8   0x08001cb8   0x00000094   Code   RO         4945    i.ADC_Start         adc.o
    0x08001d4c   0x08001d4c   0x00000020   Code   RO         4946    i.ADC_VoltageToCurrentPhaseA  adc.o
    0x08001d6c   0x08001d6c   0x00000020   Code   RO         4947    i.ADC_VoltageToCurrentPhaseB  adc.o
    0x08001d8c   0x08001d8c   0x00000008   Code   RO         4816    i.AS5600_CombineBytes  as5600.o
    0x08001d94   0x08001d94   0x00000008   Code   RO         4818    i.AS5600_Init       as5600.o
    0x08001d9c   0x08001d9c   0x00000018   Code   RO         4819    i.AS5600_RawAngleToRad  as5600.o
    0x08001db4   0x08001db4   0x0000000e   Code   RO         4822    i.AS5600_ReadAngle  as5600.o
    0x08001dc2   0x08001dc2   0x00000014   Code   RO         4823    i.AS5600_ReadAngleOk  as5600.o
    0x08001dd6   0x08001dd6   0x00000026   Code   RO         4824    i.AS5600_ReadAngleRadOk  as5600.o
    0x08001dfc   0x08001dfc   0x00000030   Code   RO         4827    i.AS5600_ReadRegister16  as5600.o
    0x08001e2c   0x08001e2c   0x0000003a   Code   RO         6612    i.ApplyZeroOffsets  foc_sensor.o
    0x08001e66   0x08001e66   0x00000004   Code   RO          375    i.BusFault_Handler  gd32f30x_it.o
    0x08001e6a   0x08001e6a   0x00000002   PAD
    0x08001e6c   0x08001e6c   0x00000050   Code   RO         5803    i.CoggingCalib_AngleDelta  foc_ctrl_compensation.o
    0x08001ebc   0x08001ebc   0x0000005c   Code   RO         5804    i.CoggingCalib_AngleToBin  foc_ctrl_compensation.o
    0x08001f18   0x08001f18   0x00000138   Code   RO         5805    i.CoggingCalib_Finish  foc_ctrl_compensation.o
    0x08002050   0x08002050   0x00000174   Code   RO         5806    i.CoggingCalib_FixBoundaryDiscontinuityQ15  foc_ctrl_compensation.o
    0x080021c4   0x080021c4   0x000000c4   Code   RO         5807    i.CoggingCalib_OpenLoopDriveStep  foc_ctrl_compensation.o
    0x08002288   0x08002288   0x00000076   Code   RO         5808    i.CoggingCalib_RemoveOutliersQ15  foc_ctrl_compensation.o
    0x080022fe   0x080022fe   0x00000020   Code   RO         6483    i.ControlScheduler_ClearAllCallbacks  foc_task_scheduler.o
    0x0800231e   0x0800231e   0x00000014   Code   RO         6485    i.ControlScheduler_EnableDWT  foc_task_scheduler.o
    0x08002332   0x08002332   0x0000000c   Code   RO         6486    i.ControlScheduler_GetExecutionCycles  foc_task_scheduler.o
    0x0800233e   0x0800233e   0x0000001a   Code   RO         6488    i.ControlScheduler_Init  foc_task_scheduler.o
    0x08002358   0x08002358   0x00000080   Code   RO         6490    i.ControlScheduler_RunTick  foc_task_scheduler.o
    0x080023d8   0x080023d8   0x00000014   Code   RO         6491    i.ControlScheduler_SetCallback  foc_task_scheduler.o
    0x080023ec   0x080023ec   0x00000008   Code   RO          376    i.DMA0_Channel0_IRQHandler  gd32f30x_it.o
    0x080023f4   0x080023f4   0x00000002   Code   RO          377    i.DebugMon_Handler  gd32f30x_it.o
    0x080023f6   0x080023f6   0x00000002   PAD
    0x080023f8   0x080023f8   0x00000074   Code   RO         6434    i.DebugStream_AppendOscParam  foc_debug_stream.o
    0x0800246c   0x0800246c   0x00000020   Code   RO         6435    i.DebugStream_ComputePeriodTicks  foc_debug_stream.o
    0x0800248c   0x0800248c   0x0000001c   Code   RO         6436    i.DebugStream_Init  foc_debug_stream.o
    0x080024a8   0x080024a8   0x0000001e   Code   RO         6437    i.DebugStream_IsOscInputValid  foc_debug_stream.o
    0x080024c6   0x080024c6   0x00000002   PAD
    0x080024c8   0x080024c8   0x000001b0   Code   RO         6438    i.DebugStream_OutputOscilloscopeFrame  foc_debug_stream.o
    0x08002678   0x08002678   0x00000378   Code   RO         6439    i.DebugStream_OutputSemanticTelemetry  foc_debug_stream.o
    0x080029f0   0x080029f0   0x0000009e   Code   RO         6440    i.DebugStream_Process  foc_debug_stream.o
    0x08002a8e   0x08002a8e   0x0000000a   Code   RO         6441    i.DebugStream_SetExecutionCycles  foc_debug_stream.o
    0x08002a98   0x08002a98   0x00000088   Code   RO         6193    i.ExecutePCommand   foc_protocol_handler.o
    0x08002b20   0x08002b20   0x000000a0   Code   RO         6194    i.ExecuteSCommand   foc_protocol_handler.o
    0x08002bc0   0x08002bc0   0x00000078   Code   RO         6012    i.Executor_CheckSensor  foc_ctrl_executor.o
    0x08002c38   0x08002c38   0x00000030   Code   RO         6013    i.Executor_CheckUndervoltage  foc_ctrl_executor.o
    0x08002c68   0x08002c68   0x00000040   Code   RO         6014    i.Executor_SafeOutput  foc_ctrl_executor.o
    0x08002ca8   0x08002ca8   0x00000178   Code   RO         6109    i.FOC_AngleHoldPIDRun  foc_ctrl_outer_loop.o
    0x08002e20   0x08002e20   0x00000034   Code   RO         5409    i.FOC_App_ControlTrigger  foc_app.o
    0x08002e54   0x08002e54   0x000001d4   Code   RO         5410    i.FOC_App_Init      foc_app.o
    0x08003028   0x08003028   0x00000068   Code   RO         5411    i.FOC_App_Loop      foc_app.o
    0x08003090   0x08003090   0x00000010   Code   RO         5412    i.FOC_App_MonitorTrigger  foc_app.o
    0x080030a0   0x080030a0   0x00000010   Code   RO         5413    i.FOC_App_OnPwmUpdateISR  foc_app.o
    0x080030b0   0x080030b0   0x00000010   Code   RO         5414    i.FOC_App_SchedTickBridge  foc_app.o
    0x080030c0   0x080030c0   0x00000014   Code   RO         5415    i.FOC_App_ServiceTrigger  foc_app.o
    0x080030d4   0x080030d4   0x0000000e   Code   RO         5416    i.FOC_App_Start     foc_app.o
    0x080030e2   0x080030e2   0x00000002   PAD
    0x080030e4   0x080030e4   0x000000a4   Code   RO         5417    i.FOC_App_UpdateIndicators  foc_app.o
    0x08003188   0x08003188   0x00000198   Code   RO         6079    i.FOC_CalibrateElectricalAngleAndDirection  foc_ctrl_init.o
    0x08003320   0x08003320   0x00000016   Code   RO         6174    i.FOC_ClampPolePairs  foc_ctrl_param_learn.o
    0x08003336   0x08003336   0x00000002   PAD
    0x08003338   0x08003338   0x000000fc   Code   RO         5811    i.FOC_CoggingCalibDumpTable  foc_ctrl_compensation.o
    0x08003434   0x08003434   0x0000020c   Code   RO         5812    i.FOC_CoggingCalibExportTable  foc_ctrl_compensation.o
    0x08003640   0x08003640   0x00000018   Code   RO         6015    i.FOC_CoggingCalibIsBusy  foc_ctrl_executor.o
    0x08003658   0x08003658   0x0000000c   Code   RO         5817    i.FOC_CoggingCalibRequestStart  foc_ctrl_compensation.o
    0x08003664   0x08003664   0x00000510   Code   RO         5818    i.FOC_CoggingCalibSampleStep  foc_ctrl_compensation.o
    0x08003b74   0x08003b74   0x000000d8   Code   RO         5819    i.FOC_CoggingCalibStart  foc_ctrl_compensation.o
    0x08003c4c   0x08003c4c   0x00000054   Code   RO         5820    i.FOC_ControlApplyCoggingCompensation  foc_ctrl_compensation.o
    0x08003ca0   0x08003ca0   0x0000014c   Code   RO         5605    i.FOC_ControlApplyElectricalAngleCore  foc_ctrl_actuation.o
    0x08003dec   0x08003dec   0x0000001e   Code   RO         5606    i.FOC_ControlApplyElectricalAngleDirect  foc_ctrl_actuation.o
    0x08003e0a   0x08003e0a   0x0000001e   Code   RO         5607    i.FOC_ControlApplyElectricalAngleRuntime  foc_ctrl_actuation.o
    0x08003e28   0x08003e28   0x000000ec   Code   RO         5821    i.FOC_ControlCoggingLookupIq  foc_ctrl_compensation.o
    0x08003f14   0x08003f14   0x000000dc   Code   RO         5678    i.FOC_ControlConfigResetDefault  foc_ctrl_cfg.o
    0x08003ff0   0x08003ff0   0x0000000e   Code   RO         6016    i.FOC_ControlExecutor_Init  foc_ctrl_executor.o
    0x08003ffe   0x08003ffe   0x000000b4   Code   RO         6017    i.FOC_ControlExecutor_RunCycle  foc_ctrl_executor.o
    0x080040b2   0x080040b2   0x00000002   PAD
    0x080040b4   0x080040b4   0x000000d8   Code   RO         6018    i.FOC_ControlExecutor_RunISR  foc_ctrl_executor.o
    0x0800418c   0x0800418c   0x000000e6   Code   RO         6019    i.FOC_ControlExecutor_RunOuterLoop  foc_ctrl_executor.o
    0x08004272   0x08004272   0x00000002   PAD
    0x08004274   0x08004274   0x0000003c   Code   RO         6020    i.FOC_ControlExecutor_Stop  foc_ctrl_executor.o
    0x080042b0   0x080042b0   0x00000050   Code   RO         5822    i.FOC_ControlLoadCoggingCompTableQ15  foc_ctrl_compensation.o
    0x08004300   0x08004300   0x000000b0   Code   RO         5608    i.FOC_ControlMechanicalToElectricalAngle  foc_ctrl_actuation.o
    0x080043b0   0x080043b0   0x00000016   Code   RO         6110    i.FOC_ControlRebaseMechanicalAngleAccum  foc_ctrl_outer_loop.o
    0x080043c6   0x080043c6   0x00000004   Code   RO         5937    i.FOC_ControlRequiresCurrentSample  foc_ctrl_current_loop.o
    0x080043ca   0x080043ca   0x00000012   Code   RO         6111    i.FOC_ControlResetSpeedLoopState  foc_ctrl_outer_loop.o
    0x080043dc   0x080043dc   0x000000f0   Code   RO         5695    i.FOC_Control_ApplyConfig  foc_ctrl_cfg.o
    0x080044cc   0x080044cc   0x00000022   Code   RO         5938    i.FOC_CurrentControlApplyElectricalAngleDirect  foc_ctrl_current_loop.o
    0x080044ee   0x080044ee   0x00000002   PAD
    0x080044f0   0x080044f0   0x00000064   Code   RO         5939    i.FOC_CurrentControlClosedLoopStep  foc_ctrl_current_loop.o
    0x08004554   0x08004554   0x000000a8   Code   RO         5940    i.FOC_CurrentControlOpenLoopStep  foc_ctrl_current_loop.o
    0x080045fc   0x080045fc   0x00000144   Code   RO         5941    i.FOC_CurrentControlSoftSwitchStep  foc_ctrl_current_loop.o
    0x08004740   0x08004740   0x000000c4   Code   RO         5942    i.FOC_CurrentControlStep  foc_ctrl_current_loop.o
    0x08004804   0x08004804   0x00000068   Code   RO         5943    i.FOC_CurrentLoopApplyOpenLoopResistanceModel  foc_ctrl_current_loop.o
    0x0800486c   0x0800486c   0x0000009c   Code   RO         5944    i.FOC_CurrentLoopComputeIqMeasured  foc_ctrl_current_loop.o
    0x08004908   0x08004908   0x000000b0   Code   RO         5945    i.FOC_CurrentLoopEstimateOpenLoopResistanceModel  foc_ctrl_current_loop.o
    0x080049b8   0x080049b8   0x000000e4   Code   RO         5946    i.FOC_CurrentLoopPIDRun  foc_ctrl_current_loop.o
    0x08004a9c   0x08004a9c   0x000000ac   Code   RO         5947    i.FOC_CurrentSoftSwitchResolveActiveMode  foc_ctrl_current_loop.o
    0x08004b48   0x08004b48   0x0000008c   Code   RO         5948    i.FOC_CurrentSoftSwitchUpdateBlend  foc_ctrl_current_loop.o
    0x08004bd4   0x08004bd4   0x00000194   Code   RO         6175    i.FOC_EstimateDirectionAndPolePairs  foc_ctrl_param_learn.o
    0x08004d68   0x08004d68   0x0000011c   Code   RO         5609    i.FOC_MathLut_Atan2  foc_ctrl_actuation.o
    0x08004e84   0x08004e84   0x0000011c   Code   RO         6708    i.FOC_MathLut_Atan2  foc_svpwm.o
    0x08004fa0   0x08004fa0   0x00000054   Code   RO         5610    i.FOC_MathLut_AtanRatio  foc_ctrl_actuation.o
    0x08004ff4   0x08004ff4   0x00000054   Code   RO         6709    i.FOC_MathLut_AtanRatio  foc_svpwm.o
    0x08005048   0x08005048   0x00000016   Code   RO         5611    i.FOC_MathLut_ClampIndex  foc_ctrl_actuation.o
    0x0800505e   0x0800505e   0x00000016   Code   RO         6710    i.FOC_MathLut_ClampIndex  foc_svpwm.o
    0x08005074   0x08005074   0x0000010c   Code   RO         5612    i.FOC_MathLut_Sin   foc_ctrl_actuation.o
    0x08005180   0x08005180   0x00000110   Code   RO         6543    i.FOC_MathLut_Sin   foc_math_transforms.o
    0x08005290   0x08005290   0x0000010c   Code   RO         6711    i.FOC_MathLut_Sin   foc_svpwm.o
    0x0800539c   0x0800539c   0x00000364   Code   RO         6080    i.FOC_MotorInit     foc_ctrl_init.o
    0x08005700   0x08005700   0x00000020   Code   RO         5949    i.FOC_NormalizeDt   foc_ctrl_current_loop.o
    0x08005720   0x08005720   0x00000020   Code   RO         6112    i.FOC_NormalizeDt   foc_ctrl_outer_loop.o
    0x08005740   0x08005740   0x00000052   Code   RO         5522    i.FOC_OutputMgr_FlushQueue  foc_output_mgr.o
    0x08005792   0x08005792   0x00000002   PAD
    0x08005794   0x08005794   0x00000034   Code   RO         5524    i.FOC_OutputMgr_Init  foc_output_mgr.o
    0x080057c8   0x080057c8   0x00000012   Code   RO         5525    i.FOC_OutputMgr_WriteDirect  foc_output_mgr.o
    0x080057da   0x080057da   0x00000002   PAD
    0x080057dc   0x080057dc   0x000000d0   Code   RO         5526    i.FOC_OutputMgr_WriteQueue  foc_output_mgr.o
    0x080058ac   0x080058ac   0x00000030   Code   RO         5696    i.FOC_PIDInit       foc_ctrl_cfg.o
    0x080058dc   0x080058dc   0x00000130   Code   RO         6113    i.FOC_PIDRunCore    foc_ctrl_outer_loop.o
    0x08005a0c   0x08005a0c   0x0000000c   Code   RO            3    i.FOC_Platform_CommInit  foc_platform_api.o
    0x08005a18   0x08005a18   0x00000008   Code   RO            4    i.FOC_Platform_CommSource1_IsFrameReady  foc_platform_api.o
    0x08005a20   0x08005a20   0x00000010   Code   RO            5    i.FOC_Platform_CommSource1_ReadFrame  foc_platform_api.o
    0x08005a30   0x08005a30   0x00000008   Code   RO            6    i.FOC_Platform_CommSource2_IsFrameReady  foc_platform_api.o
    0x08005a38   0x08005a38   0x00000010   Code   RO            7    i.FOC_Platform_CommSource2_ReadFrame  foc_platform_api.o
    0x08005a48   0x08005a48   0x00000004   Code   RO            8    i.FOC_Platform_CommSource3_IsFrameReady  foc_platform_api.o
    0x08005a4c   0x08005a4c   0x00000006   Code   RO            9    i.FOC_Platform_CommSource3_ReadFrame  foc_platform_api.o
    0x08005a52   0x08005a52   0x00000004   Code   RO           10    i.FOC_Platform_CommSource4_IsFrameReady  foc_platform_api.o
    0x08005a56   0x08005a56   0x00000006   Code   RO           11    i.FOC_Platform_CommSource4_ReadFrame  foc_platform_api.o
    0x08005a5c   0x08005a5c   0x0000000e   Code   RO           12    i.FOC_Platform_ControlTickSourceInit  foc_platform_api.o
    0x08005a6a   0x08005a6a   0x00000002   PAD
    0x08005a6c   0x08005a6c   0x00000028   Code   RO           13    i.FOC_Platform_EnableCycleCounter  foc_platform_api.o
    0x08005a94   0x08005a94   0x00000008   Code   RO           14    i.FOC_Platform_IndicatorInit  foc_platform_api.o
    0x08005a9c   0x08005a9c   0x00000010   Code   RO           15    i.FOC_Platform_PWMInit  foc_platform_api.o
    0x08005aac   0x08005aac   0x00000028   Code   RO           16    i.FOC_Platform_PWMSetDutyCycleTripleFloat  foc_platform_api.o
    0x08005ad4   0x08005ad4   0x00000008   Code   RO           17    i.FOC_Platform_PWMStart  foc_platform_api.o
    0x08005adc   0x08005adc   0x0000000c   Code   RO           18    i.FOC_Platform_ReadCycleCounter  foc_platform_api.o
    0x08005ae8   0x08005ae8   0x0000000c   Code   RO           19    i.FOC_Platform_ReadMechanicalAngleRad  foc_platform_api.o
    0x08005af4   0x08005af4   0x0000001a   Code   RO           20    i.FOC_Platform_ReadPhaseCurrent  foc_platform_api.o
    0x08005b0e   0x08005b0e   0x0000001a   Code   RO           21    i.FOC_Platform_ReadPhaseCurrentFast  foc_platform_api.o
    0x08005b28   0x08005b28   0x0000000c   Code   RO           22    i.FOC_Platform_ReadVbusVoltage  foc_platform_api.o
    0x08005b34   0x08005b34   0x00000008   Code   RO           23    i.FOC_Platform_RuntimeInit  foc_platform_api.o
    0x08005b3c   0x08005b3c   0x0000003c   Code   RO           24    i.FOC_Platform_SensorInputInit  foc_platform_api.o
    0x08005b78   0x08005b78   0x00000012   Code   RO           25    i.FOC_Platform_SetControlRuntimeInterrupts  foc_platform_api.o
    0x08005b8a   0x08005b8a   0x0000000c   Code   RO           26    i.FOC_Platform_SetControlTickCallback  foc_platform_api.o
    0x08005b96   0x08005b96   0x00000010   Code   RO           27    i.FOC_Platform_SetIndicator  foc_platform_api.o
    0x08005ba6   0x08005ba6   0x0000000c   Code   RO           28    i.FOC_Platform_SetPwmUpdateCallback  foc_platform_api.o
    0x08005bb2   0x08005bb2   0x00000018   Code   RO           29    i.FOC_Platform_SetSensorSampleOffsetPercent  foc_platform_api.o
    0x08005bca   0x08005bca   0x00000008   Code   RO           30    i.FOC_Platform_StartControlTickSource  foc_platform_api.o
    0x08005bd2   0x08005bd2   0x0000000c   Code   RO           32    i.FOC_Platform_WaitMs  foc_platform_api.o
    0x08005bde   0x08005bde   0x0000000c   Code   RO           33    i.FOC_Platform_WriteDebugText  foc_platform_api.o
    0x08005bea   0x08005bea   0x0000000c   Code   RO           34    i.FOC_Platform_WriteStatusByte  foc_platform_api.o
    0x08005bf6   0x08005bf6   0x00000006   Code   RO         6195    i.FOC_Protocol_Commit  foc_protocol_handler.o
    0x08005bfc   0x08005bfc   0x00000008   Code   RO         6196    i.FOC_Protocol_GetTelemetry  foc_protocol_handler.o
    0x08005c04   0x08005c04   0x00000050   Code   RO         6197    i.FOC_Protocol_Init  foc_protocol_handler.o
    0x08005c54   0x08005c54   0x00000078   Code   RO         6321    i.FOC_Protocol_OutputDiag  foc_protocol_output.o
    0x08005ccc   0x08005ccc   0x0000002a   Code   RO         6322    i.FOC_Protocol_OutputParam  foc_protocol_output.o
    0x08005cf6   0x08005cf6   0x0000001e   Code   RO         6323    i.FOC_Protocol_OutputState  foc_protocol_output.o
    0x08005d14   0x08005d14   0x00000042   Code   RO         6198    i.FOC_Protocol_Process  foc_protocol_handler.o
    0x08005d56   0x08005d56   0x0000000c   Code   RO         6324    i.FOC_Protocol_WriteStatus  foc_protocol_output.o
    0x08005d62   0x08005d62   0x00000012   Code   RO         6325    i.FOC_Protocol_WriteText  foc_protocol_output.o
    0x08005d74   0x08005d74   0x0000001c   Code   RO         6114    i.FOC_ResetPIDState  foc_ctrl_outer_loop.o
    0x08005d90   0x08005d90   0x0000000e   Code   RO         5697    i.FOC_ResetSoftSwitchBlendInit  foc_ctrl_cfg.o
    0x08005d9e   0x08005d9e   0x00000002   PAD
    0x08005da0   0x08005da0   0x00000028   Code   RO         6115    i.FOC_ResetSpeedState  foc_ctrl_outer_loop.o
    0x08005dc8   0x08005dc8   0x000000e4   Code   RO         5613    i.FOC_SampleLockedMechanicalAngle  foc_ctrl_actuation.o
    0x08005eac   0x08005eac   0x00000030   Code   RO         5566    i.FOC_Service_InitMotor  foc_service_handler.o
    0x08005edc   0x08005edc   0x000000aa   Code   RO         5567    i.FOC_Service_Process  foc_service_handler.o
    0x08005f86   0x08005f86   0x00000002   PAD
    0x08005f88   0x08005f88   0x00000104   Code   RO         5568    i.FOC_Service_ReInitMotor  foc_service_handler.o
    0x0800608c   0x0800608c   0x000000f4   Code   RO         5569    i.FOC_Service_VerifyInitChecks  foc_service_handler.o
    0x08006180   0x08006180   0x0000018c   Code   RO         6116    i.FOC_SpeedAngleOuterLoopStep  foc_ctrl_outer_loop.o
    0x0800630c   0x0800630c   0x0000007c   Code   RO         6117    i.FOC_SpeedOuterLoopStep  foc_ctrl_outer_loop.o
    0x08006388   0x08006388   0x00000064   Code   RO         6118    i.FOC_UpdateAccumulatedMechanicalAngle  foc_ctrl_outer_loop.o
    0x080063ec   0x080063ec   0x000000cc   Code   RO         6119    i.FOC_UpdateSpeedAngleError  foc_ctrl_outer_loop.o
    0x080064b8   0x080064b8   0x00000030   Code   RO         6199    i.FrameSource_IsReady  foc_protocol_handler.o
    0x080064e8   0x080064e8   0x00000044   Code   RO         6200    i.FrameSource_Read  foc_protocol_handler.o
    0x0800652c   0x0800652c   0x00000038   Code   RO         6201    i.FrameSource_TryReadReady  foc_protocol_handler.o
    0x08006564   0x08006564   0x0000011c   Code   RO         6202    i.HandleSystemCommand  foc_protocol_handler.o
    0x08006680   0x08006680   0x00000004   Code   RO          378    i.HardFault_Handler  gd32f30x_it.o
    0x08006684   0x08006684   0x00000014   Code   RO         5049    i.I2C0_BusyDelayLoops  i2c0.o
    0x08006698   0x08006698   0x0000005c   Code   RO         5051    i.I2C0_Config       i2c0.o
    0x080066f4   0x080066f4   0x00000028   Code   RO         5052    i.I2C0_GPIO_Config  i2c0.o
    0x0800671c   0x0800671c   0x0000000c   Code   RO         5053    i.I2C0_Init         i2c0.o
    0x08006728   0x08006728   0x000000f4   Code   RO         5055    i.I2C0_ReadBytes    i2c0.o
    0x0800681c   0x0800681c   0x00000038   Code   RO         5056    i.I2C0_SendAddress  i2c0.o
    0x08006854   0x08006854   0x00000028   Code   RO         5057    i.I2C0_SendStart    i2c0.o
    0x0800687c   0x0800687c   0x00000018   Code   RO         5058    i.I2C0_SendStop     i2c0.o
    0x08006894   0x08006894   0x0000008c   Code   RO         5059    i.I2C0_Unlock       i2c0.o
    0x08006920   0x08006920   0x00000030   Code   RO         5060    i.I2C0_WaitFlag     i2c0.o
    0x08006950   0x08006950   0x00000028   Code   RO         5061    i.I2C0_WaitStopClear  i2c0.o
    0x08006978   0x08006978   0x0000001c   Code   RO         6203    i.IsInRange         foc_protocol_handler.o
    0x08006994   0x08006994   0x00000034   Code   RO         6613    i.Kalman_Init       foc_sensor.o
    0x080069c8   0x080069c8   0x00000044   Code   RO         4774    i.LED_Init          led.o
    0x08006a0c   0x08006a0c   0x00000018   Code   RO         4775    i.LED_SetState      led.o
    0x08006a24   0x08006a24   0x0000002a   Code   RO         6544    i.Math_ClampFloat   foc_math_transforms.o
    0x08006a4e   0x08006a4e   0x00000002   PAD
    0x08006a50   0x08006a50   0x0000001c   Code   RO         6545    i.Math_ClarkeTransform  foc_math_transforms.o
    0x08006a6c   0x08006a6c   0x00000024   Code   RO         6546    i.Math_CosLut       foc_math_transforms.o
    0x08006a90   0x08006a90   0x00000058   Code   RO         6547    i.Math_FirstOrderLpf  foc_math_transforms.o
    0x08006ae8   0x08006ae8   0x00000034   Code   RO         6548    i.Math_InverseClarkeTransform  foc_math_transforms.o
    0x08006b1c   0x08006b1c   0x0000004c   Code   RO         6549    i.Math_InverseParkTransform  foc_math_transforms.o
    0x08006b68   0x08006b68   0x00000050   Code   RO         6550    i.Math_ParkTransform  foc_math_transforms.o
    0x08006bb8   0x08006bb8   0x0000003c   Code   RO         6551    i.Math_WrapRad      foc_math_transforms.o
    0x08006bf4   0x08006bf4   0x00000048   Code   RO         6552    i.Math_WrapRadDelta  foc_math_transforms.o
    0x08006c3c   0x08006c3c   0x00000004   Code   RO          379    i.MemManage_Handler  gd32f30x_it.o
    0x08006c40   0x08006c40   0x00000002   Code   RO          380    i.NMI_Handler       gd32f30x_it.o
    0x08006c42   0x08006c42   0x00000002   PAD
    0x08006c44   0x08006c44   0x00000028   Code   RO          513    i.NVIC_SetPriority  systick.o
    0x08006c6c   0x08006c6c   0x00000018   Code   RO         4657    i.PWM_CalculateCompareValue  pwm.o
    0x08006c84   0x08006c84   0x00000050   Code   RO         4658    i.PWM_CalculateCompareValueFloat  pwm.o
    0x08006cd4   0x08006cd4   0x00000010   Code   RO         4660    i.PWM_EnableComplementaryOutputs  pwm.o
    0x08006ce4   0x08006ce4   0x00000098   Code   RO         4661    i.PWM_GPIO_Config   pwm.o
    0x08006d7c   0x08006d7c   0x00000060   Code   RO         4663    i.PWM_Init          pwm.o
    0x08006ddc   0x08006ddc   0x00000044   Code   RO         4664    i.PWM_SetDeadTime   pwm.o
    0x08006e20   0x08006e20   0x00000058   Code   RO         4665    i.PWM_SetDutyCycle  pwm.o
    0x08006e78   0x08006e78   0x00000068   Code   RO         4667    i.PWM_SetDutyCycleTripleFloat  pwm.o
    0x08006ee0   0x08006ee0   0x0000000c   Code   RO         4668    i.PWM_SetUpdateCallback  pwm.o
    0x08006eec   0x08006eec   0x00000030   Code   RO         4669    i.PWM_SetUpdateInterruptEnabled  pwm.o
    0x08006f1c   0x08006f1c   0x00000010   Code   RO         4670    i.PWM_Start         pwm.o
    0x08006f2c   0x08006f2c   0x00000030   Code   RO         4672    i.PWM_Timer0Update_IRQHandler_Internal  pwm.o
    0x08006f5c   0x08006f5c   0x000000d8   Code   RO         4673    i.PWM_Timer_Config  pwm.o
    0x08007034   0x08007034   0x000000a6   Code   RO         6204    i.ParseAndDispatchFrame  foc_protocol_handler.o
    0x080070da   0x080070da   0x00000002   Code   RO          381    i.PendSV_Handler    gd32f30x_it.o
    0x080070dc   0x080070dc   0x00000054   Code   RO         6362    i.ProtocolCore_ExtractFrame  foc_protocol_parser.o
    0x08007130   0x08007130   0x00000016   Code   RO         6363    i.ProtocolCore_IsDriverAddressedToLocal  foc_protocol_parser.o
    0x08007146   0x08007146   0x0000001a   Code   RO         6364    i.ProtocolCore_IsDriverIdFormatValid  foc_protocol_parser.o
    0x08007160   0x08007160   0x000000c4   Code   RO         6365    i.ProtocolCore_ParseFrame  foc_protocol_parser.o
    0x08007224   0x08007224   0x000000d0   Code   RO         6366    i.ProtocolCore_ParseSignedFloat  foc_protocol_parser.o
    0x080072f4   0x080072f4   0x00000032   Code   RO         6367    i.ProtocolCore_ParseStateValue  foc_protocol_parser.o
    0x08007326   0x08007326   0x00000002   PAD
    0x08007328   0x08007328   0x000000a8   Code   RO         6368    i.ProtocolText_FormatParamLine  foc_protocol_parser.o
    0x080073d0   0x080073d0   0x00000058   Code   RO         6369    i.ProtocolText_FormatStateLine  foc_protocol_parser.o
    0x08007428   0x08007428   0x00000178   Code   RO         6370    i.ProtocolText_GetParamName  foc_protocol_parser.o
    0x080075a0   0x080075a0   0x0000006c   Code   RO         6371    i.ProtocolText_GetStateName  foc_protocol_parser.o
    0x0800760c   0x0800760c   0x00000022   Code   RO         6372    i.ProtocolText_IsIntegerParam  foc_protocol_parser.o
    0x0800762e   0x0800762e   0x00000012   Code   RO         5824    i.Q15ToFloat        foc_ctrl_compensation.o
    0x08007640   0x08007640   0x00000130   Code   RO         6205    i.ReadParam         foc_protocol_handler.o
    0x08007770   0x08007770   0x00000068   Code   RO         6206    i.ReadState         foc_protocol_handler.o
    0x080077d8   0x080077d8   0x00000040   Code   RO         6207    i.ReportAllParams   foc_protocol_handler.o
    0x08007818   0x08007818   0x00000038   Code   RO         6208    i.ReportAllStates   foc_protocol_handler.o
    0x08007850   0x08007850   0x00000024   Code   RO         6209    i.ReportSingleParam  foc_protocol_handler.o
    0x08007874   0x08007874   0x00000024   Code   RO         6210    i.ReportSingleState  foc_protocol_handler.o
    0x08007898   0x08007898   0x0000001c   Code   RO         6021    i.ResetPIDState     foc_ctrl_executor.o
    0x080078b4   0x080078b4   0x0000003c   Code   RO         4776    i.Reset_LED         led.o
    0x080078f0   0x080078f0   0x00000002   Code   RO          382    i.SVC_Handler       gd32f30x_it.o
    0x080078f2   0x080078f2   0x00000002   PAD
    0x080078f4   0x080078f4   0x000000b8   Code   RO         6712    i.SVPWM_ApplyDirectDuty  foc_svpwm.o
    0x080079ac   0x080079ac   0x00000020   Code   RO         6713    i.SVPWM_Atan2       foc_svpwm.o
    0x080079cc   0x080079cc   0x0000036c   Code   RO         6714    i.SVPWM_CalculateDuty  foc_svpwm.o
    0x08007d38   0x08007d38   0x00000034   Code   RO         6715    i.SVPWM_Clamp01     foc_svpwm.o
    0x08007d6c   0x08007d6c   0x0000008c   Code   RO         6716    i.SVPWM_DetermineSector  foc_svpwm.o
    0x08007df8   0x08007df8   0x0000004c   Code   RO         6718    i.SVPWM_Init        foc_svpwm.o
    0x08007e44   0x08007e44   0x0000008a   Code   RO         6719    i.SVPWM_InterpolationISR  foc_svpwm.o
    0x08007ece   0x08007ece   0x000000c2   Code   RO         6720    i.SVPWM_SetRuntimeDutyTarget  foc_svpwm.o
    0x08007f90   0x08007f90   0x00000018   Code   RO         6721    i.SVPWM_Sin         foc_svpwm.o
    0x08007fa8   0x08007fa8   0x0000003c   Code   RO         6722    i.SVPWM_Sqrt        foc_svpwm.o
    0x08007fe4   0x08007fe4   0x00000062   Code   RO         6723    i.SVPWM_UpdateDirect  foc_svpwm.o
    0x08008046   0x08008046   0x00000062   Code   RO         6724    i.SVPWM_UpdateRuntime  foc_svpwm.o
    0x080080a8   0x080080a8   0x00000018   Code   RO         6614    i.Sensor_ADCSampleTimeOffset  foc_sensor.o
    0x080080c0   0x080080c0   0x000000f0   Code   RO         6615    i.Sensor_AccumulateEcycle  foc_sensor.o
    0x080081b0   0x080081b0   0x000000a0   Code   RO         6616    i.Sensor_EcycleUpdateTwoPhase  foc_sensor.o
    0x08008250   0x08008250   0x00000020   Code   RO         6618    i.Sensor_Init       foc_sensor.o
    0x08008270   0x08008270   0x00000088   Code   RO         6619    i.Sensor_InitSnapshot  foc_sensor.o
    0x080082f8   0x080082f8   0x00000024   Code   RO         6621    i.Sensor_ReadAll    foc_sensor.o
    0x0800831c   0x0800831c   0x00000078   Code   RO         6622    i.Sensor_ReadCurrentFast  foc_sensor.o
    0x08008394   0x08008394   0x00000078   Code   RO         6623    i.Sensor_ReadCurrentSlow  foc_sensor.o
    0x0800840c   0x0800840c   0x0000005e   Code   RO         6624    i.Sensor_ReadEncoder  foc_sensor.o
    0x0800846a   0x0800846a   0x00000002   PAD
    0x0800846c   0x0800846c   0x0000004c   Code   RO         6625    i.Sensor_ReadVBUS   foc_sensor.o
    0x080084b8   0x080084b8   0x000000f0   Code   RO         6626    i.Sensor_SetZeroOffset  foc_sensor.o
    0x080085a8   0x080085a8   0x00000090   Code   RO         6627    i.Sensor_UpdateAngleLpf  foc_sensor.o
    0x08008638   0x08008638   0x0000003c   Code   RO         4777    i.Set_LED           led.o
    0x08008674   0x08008674   0x00000008   Code   RO          383    i.SysTick_Handler   gd32f30x_it.o
    0x0800867c   0x0800867c   0x00000148   Code   RO          563    i.SystemInit        system_gd32f30x.o
    0x080087c4   0x080087c4   0x00000008   Code   RO          384    i.TIMER0_UP_IRQHandler  gd32f30x_it.o
    0x080087cc   0x080087cc   0x00000008   Code   RO          385    i.TIMER1_IRQHandler  gd32f30x_it.o
    0x080087d4   0x080087d4   0x00000008   Code   RO          386    i.TIMER2_IRQHandler  gd32f30x_it.o
    0x080087dc   0x080087dc   0x00000044   Code   RO         5362    i.TIMER3_IRQHandler  timer3.o
    0x08008820   0x08008820   0x0000004c   Code   RO         4602    i.Timer1_IRQHandler_Internal  timer1.o
    0x0800886c   0x0800886c   0x00000088   Code   RO         4603    i.Timer1_Init       timer1.o
    0x080088f4   0x080088f4   0x0000000c   Code   RO         4604    i.Timer1_SetCallback  timer1.o
    0x08008900   0x08008900   0x0000002a   Code   RO         4605    i.Timer1_SetUpdateInterruptEnabled  timer1.o
    0x0800892a   0x0800892a   0x00000002   PAD
    0x0800892c   0x0800892c   0x00000018   Code   RO         4606    i.Timer1_Start      timer1.o
    0x08008944   0x08008944   0x00000030   Code   RO         4553    i.Timer2_IRQHandler_Internal  timer2.o
    0x08008974   0x08008974   0x00000068   Code   RO         4554    i.Timer2_Init       timer2.o
    0x080089dc   0x080089dc   0x00000018   Code   RO         4556    i.Timer2_Start      timer2.o
    0x080089f4   0x080089f4   0x000000f8   Code   RO         5363    i.Timer3_Init       timer3.o
    0x08008aec   0x08008aec   0x0000005c   Code   RO         5364    i.Timer3_SetSampleOffsetPercent  timer3.o
    0x08008b48   0x08008b48   0x00000018   Code   RO         5365    i.Timer3_Start      timer3.o
    0x08008b60   0x08008b60   0x00000048   Code   RO         5148    i.USART1_ClearBuffers  usart1.o
    0x08008ba8   0x08008ba8   0x0000008c   Code   RO         5149    i.USART1_DMARxConfig  usart1.o
    0x08008c34   0x08008c34   0x00000048   Code   RO         5150    i.USART1_DMARxRestart  usart1.o
    0x08008c7c   0x08008c7c   0x00000064   Code   RO         5151    i.USART1_DMATxConfig  usart1.o
    0x08008ce0   0x08008ce0   0x00000088   Code   RO         5152    i.USART1_DMATxTransfer  usart1.o
    0x08008d68   0x08008d68   0x0000001c   Code   RO         5153    i.USART1_DisableInterrupts  usart1.o
    0x08008d84   0x08008d84   0x0000001c   Code   RO         5154    i.USART1_EnableInterrupts  usart1.o
    0x08008da0   0x08008da0   0x00000008   Code   RO          387    i.USART1_IRQHandler  gd32f30x_it.o
    0x08008da8   0x08008da8   0x00000080   Code   RO         5155    i.USART1_IRQHandler_Internal  usart1.o
    0x08008e28   0x08008e28   0x000000ac   Code   RO         5156    i.USART1_Init       usart1.o
    0x08008ed4   0x08008ed4   0x0000000c   Code   RO         5157    i.USART1_IsFrameReady  usart1.o
    0x08008ee0   0x08008ee0   0x00000050   Code   RO         5158    i.USART1_ReadFrame  usart1.o
    0x08008f30   0x08008f30   0x0000000c   Code   RO         5159    i.USART1_SendByte   usart1.o
    0x08008f3c   0x08008f3c   0x00000048   Code   RO         5160    i.USART1_SendData   usart1.o
    0x08008f84   0x08008f84   0x0000001c   Code   RO         5161    i.USART1_SendString  usart1.o
    0x08008fa0   0x08008fa0   0x00000048   Code   RO         5258    i.USART2_ClearBuffers  usart2.o
    0x08008fe8   0x08008fe8   0x0000008c   Code   RO         5259    i.USART2_DMARxConfig  usart2.o
    0x08009074   0x08009074   0x00000048   Code   RO         5260    i.USART2_DMARxRestart  usart2.o
    0x080090bc   0x080090bc   0x00000064   Code   RO         5261    i.USART2_DMATxConfig  usart2.o
    0x08009120   0x08009120   0x0000001c   Code   RO         5263    i.USART2_DisableInterrupts  usart2.o
    0x0800913c   0x0800913c   0x0000001c   Code   RO         5264    i.USART2_EnableInterrupts  usart2.o
    0x08009158   0x08009158   0x00000008   Code   RO          388    i.USART2_IRQHandler  gd32f30x_it.o
    0x08009160   0x08009160   0x00000080   Code   RO         5265    i.USART2_IRQHandler_Internal  usart2.o
    0x080091e0   0x080091e0   0x000000b0   Code   RO         5266    i.USART2_Init       usart2.o
    0x08009290   0x08009290   0x0000000c   Code   RO         5267    i.USART2_IsFrameReady  usart2.o
    0x0800929c   0x0800929c   0x00000050   Code   RO         5268    i.USART2_ReadFrame  usart2.o
    0x080092ec   0x080092ec   0x00000004   Code   RO          389    i.UsageFault_Handler  gd32f30x_it.o
    0x080092f0   0x080092f0   0x0000022c   Code   RO         6211    i.WriteParam        foc_protocol_handler.o
    0x0800951c   0x0800951c   0x0000006a   Code   RO         6212    i.WriteState        foc_protocol_handler.o
    0x08009586   0x08009586   0x00000030   Code   RO         7034    i.__ARM_fpclassify  m_wm.l(fpclassify.o)
    0x080095b6   0x080095b6   0x000000b0   Code   RO         6886    i.__hardfp_fmodf    m_wm.l(fmodf.o)
    0x08009666   0x08009666   0x0000007a   Code   RO         6898    i.__hardfp_sqrt     m_wm.l(sqrt.o)
    0x080096e0   0x080096e0   0x0000003a   Code   RO         6910    i.__hardfp_sqrtf    m_wm.l(sqrtf.o)
    0x0800971a   0x0800971a   0x00000002   PAD
    0x0800971c   0x0800971c   0x00000010   Code   RO         6960    i.__mathlib_flt_invalid  m_wm.l(funder.o)
    0x0800972c   0x0800972c   0x0000000e   Code   RO         6853    i._is_digit         c_w.l(__printf_wp.o)
    0x0800973a   0x0800973a   0x0000001c   Code   RO          564    i._soft_delay_      system_gd32f30x.o
    0x08009756   0x08009756   0x0000002a   Code   RO          615    i.adc_calibration_enable  gd32f30x_adc.o
    0x08009780   0x08009780   0x00000046   Code   RO          616    i.adc_channel_length_config  gd32f30x_adc.o
    0x080097c6   0x080097c6   0x00000016   Code   RO          617    i.adc_data_alignment_config  gd32f30x_adc.o
    0x080097dc   0x080097dc   0x00000058   Code   RO          618    i.adc_deinit        gd32f30x_adc.o
    0x08009834   0x08009834   0x0000000a   Code   RO          622    i.adc_dma_mode_enable  gd32f30x_adc.o
    0x0800983e   0x0800983e   0x00000012   Code   RO          623    i.adc_enable        gd32f30x_adc.o
    0x08009850   0x08009850   0x0000003e   Code   RO          624    i.adc_external_trigger_config  gd32f30x_adc.o
    0x0800988e   0x0800988e   0x00000030   Code   RO          625    i.adc_external_trigger_source_config  gd32f30x_adc.o
    0x080098be   0x080098be   0x00000006   Code   RO          626    i.adc_flag_clear    gd32f30x_adc.o
    0x080098c4   0x080098c4   0x0000000e   Code   RO          627    i.adc_flag_get      gd32f30x_adc.o
    0x080098d2   0x080098d2   0x0000002c   Code   RO          632    i.adc_interrupt_enable  gd32f30x_adc.o
    0x080098fe   0x080098fe   0x00000006   Code   RO          633    i.adc_interrupt_flag_clear  gd32f30x_adc.o
    0x08009904   0x08009904   0x00000058   Code   RO          634    i.adc_interrupt_flag_get  gd32f30x_adc.o
    0x0800995c   0x0800995c   0x0000001c   Code   RO          635    i.adc_mode_config   gd32f30x_adc.o
    0x08009978   0x08009978   0x0000003a   Code   RO          636    i.adc_oversample_mode_config  gd32f30x_adc.o
    0x080099b2   0x080099b2   0x0000000e   Code   RO          638    i.adc_oversample_mode_enable  gd32f30x_adc.o
    0x080099c0   0x080099c0   0x00000014   Code   RO          639    i.adc_resolution_config  gd32f30x_adc.o
    0x080099d4   0x080099d4   0x000000ac   Code   RO          640    i.adc_routine_channel_config  gd32f30x_adc.o
    0x08009a80   0x08009a80   0x00000008   Code   RO          641    i.adc_routine_data_read  gd32f30x_adc.o
    0x08009a88   0x08009a88   0x0000001e   Code   RO          642    i.adc_software_trigger_enable  gd32f30x_adc.o
    0x08009aa6   0x08009aa6   0x0000005a   Code   RO          643    i.adc_special_function_config  gd32f30x_adc.o
    0x08009b00   0x08009b00   0x00000014   Code   RO          514    i.delay_1ms         systick.o
    0x08009b14   0x08009b14   0x00000024   Code   RO          515    i.delay_decrement   systick.o
    0x08009b38   0x08009b38   0x00000032   Code   RO         1556    i.dma_channel_disable  gd32f30x_dma.o
    0x08009b6a   0x08009b6a   0x00000032   Code   RO         1557    i.dma_channel_enable  gd32f30x_dma.o
    0x08009b9c   0x08009b9c   0x00000032   Code   RO         1558    i.dma_circulation_disable  gd32f30x_dma.o
    0x08009bce   0x08009bce   0x00000032   Code   RO         1559    i.dma_circulation_enable  gd32f30x_dma.o
    0x08009c00   0x08009c00   0x00000070   Code   RO         1560    i.dma_deinit        gd32f30x_dma.o
    0x08009c70   0x08009c70   0x00000010   Code   RO         1561    i.dma_flag_clear    gd32f30x_dma.o
    0x08009c80   0x08009c80   0x00000018   Code   RO         1562    i.dma_flag_get      gd32f30x_dma.o
    0x08009c98   0x08009c98   0x0000012e   Code   RO         1563    i.dma_init          gd32f30x_dma.o
    0x08009dc6   0x08009dc6   0x00000032   Code   RO         1565    i.dma_interrupt_enable  gd32f30x_dma.o
    0x08009df8   0x08009df8   0x00000010   Code   RO         1566    i.dma_interrupt_flag_clear  gd32f30x_dma.o
    0x08009e08   0x08009e08   0x00000084   Code   RO         1567    i.dma_interrupt_flag_get  gd32f30x_dma.o
    0x08009e8c   0x08009e8c   0x00000024   Code   RO         1568    i.dma_memory_address_config  gd32f30x_dma.o
    0x08009eb0   0x08009eb0   0x00000024   Code   RO         1574    i.dma_periph_address_config  gd32f30x_dma.o
    0x08009ed4   0x08009ed4   0x00000018   Code   RO         1575    i.dma_periph_and_channel_check  gd32f30x_dma.o
    0x08009eec   0x08009eec   0x0000001c   Code   RO         1580    i.dma_struct_para_init  gd32f30x_dma.o
    0x08009f08   0x08009f08   0x00000026   Code   RO         1582    i.dma_transfer_number_config  gd32f30x_dma.o
    0x08009f2e   0x08009f2e   0x00000022   Code   RO         1583    i.dma_transfer_number_get  gd32f30x_dma.o
    0x08009f50   0x08009f50   0x00000014   Code   RO         6213    i.g_telemetry       foc_protocol_handler.o
    0x08009f64   0x08009f64   0x00000004   Code   RO         2282    i.gpio_bit_reset    gd32f30x_gpio.o
    0x08009f68   0x08009f68   0x00000004   Code   RO         2283    i.gpio_bit_set      gd32f30x_gpio.o
    0x08009f6c   0x08009f6c   0x000000bc   Code   RO         2292    i.gpio_init         gd32f30x_gpio.o
    0x0800a028   0x0800a028   0x00000010   Code   RO         2295    i.gpio_output_bit_get  gd32f30x_gpio.o
    0x0800a038   0x0800a038   0x00000090   Code   RO         2298    i.gpio_pin_remap_config  gd32f30x_gpio.o
    0x0800a0c8   0x0800a0c8   0x00000010   Code   RO         2409    i.i2c_ack_config    gd32f30x_i2c.o
    0x0800a0d8   0x0800a0d8   0x00000140   Code   RO         2411    i.i2c_clock_config  gd32f30x_i2c.o
    0x0800a218   0x0800a218   0x00000008   Code   RO         2412    i.i2c_data_receive  gd32f30x_i2c.o
    0x0800a220   0x0800a220   0x00000006   Code   RO         2413    i.i2c_data_transmit  gd32f30x_i2c.o
    0x0800a226   0x0800a226   0x00000002   PAD
    0x0800a228   0x0800a228   0x00000040   Code   RO         2414    i.i2c_deinit        gd32f30x_i2c.o
    0x0800a268   0x0800a268   0x0000000a   Code   RO         2415    i.i2c_disable       gd32f30x_i2c.o
    0x0800a272   0x0800a272   0x0000000a   Code   RO         2420    i.i2c_enable        gd32f30x_i2c.o
    0x0800a27c   0x0800a27c   0x00000028   Code   RO         2421    i.i2c_flag_clear    gd32f30x_i2c.o
    0x0800a2a4   0x0800a2a4   0x0000001e   Code   RO         2422    i.i2c_flag_get      gd32f30x_i2c.o
    0x0800a2c2   0x0800a2c2   0x00000014   Code   RO         2427    i.i2c_master_addressing  gd32f30x_i2c.o
    0x0800a2d6   0x0800a2d6   0x0000001c   Code   RO         2428    i.i2c_mode_addr_config  gd32f30x_i2c.o
    0x0800a2f2   0x0800a2f2   0x00000010   Code   RO         2436    i.i2c_software_reset_config  gd32f30x_i2c.o
    0x0800a302   0x0800a302   0x0000000a   Code   RO         2437    i.i2c_start_on_bus  gd32f30x_i2c.o
    0x0800a30c   0x0800a30c   0x0000000a   Code   RO         2438    i.i2c_stop_on_bus   gd32f30x_i2c.o
    0x0800a316   0x0800a316   0x00000002   PAD
    0x0800a318   0x0800a318   0x00000024   Code   RO          493    i.main              main.o
    0x0800a33c   0x0800a33c   0x0000001c   Code   RO         2615    i.nvic_irq_disable  gd32f30x_misc.o
    0x0800a358   0x0800a358   0x00000108   Code   RO         2616    i.nvic_irq_enable   gd32f30x_misc.o
    0x0800a460   0x0800a460   0x00000014   Code   RO         2617    i.nvic_priority_group_set  gd32f30x_misc.o
    0x0800a474   0x0800a474   0x00000158   Code   RO         2855    i.rcu_clock_freq_get  gd32f30x_rcu.o
    0x0800a5cc   0x0800a5cc   0x00000020   Code   RO         2873    i.rcu_periph_clock_enable  gd32f30x_rcu.o
    0x0800a5ec   0x0800a5ec   0x00000020   Code   RO         2876    i.rcu_periph_reset_disable  gd32f30x_rcu.o
    0x0800a60c   0x0800a60c   0x00000020   Code   RO         2877    i.rcu_periph_reset_enable  gd32f30x_rcu.o
    0x0800a62c   0x0800a62c   0x0000011c   Code   RO          566    i.system_clock_120m_hxtal  system_gd32f30x.o
    0x0800a748   0x0800a748   0x00000008   Code   RO          567    i.system_clock_config  system_gd32f30x.o
    0x0800a750   0x0800a750   0x00000050   Code   RO          516    i.systick_config    systick.o
    0x0800a7a0   0x0800a7a0   0x0000000a   Code   RO         3737    i.timer_auto_reload_shadow_enable  gd32f30x_timer.o
    0x0800a7aa   0x0800a7aa   0x0000001e   Code   RO         3741    i.timer_break_config  gd32f30x_timer.o
    0x0800a7c8   0x0800a7c8   0x00000012   Code   RO         3744    i.timer_break_struct_para_init  gd32f30x_timer.o
    0x0800a7da   0x0800a7da   0x00000002   PAD
    0x0800a7dc   0x0800a7dc   0x000001ec   Code   RO         3754    i.timer_channel_output_config  gd32f30x_timer.o
    0x0800a9c8   0x0800a9c8   0x0000005a   Code   RO         3756    i.timer_channel_output_mode_config  gd32f30x_timer.o
    0x0800aa22   0x0800aa22   0x00000026   Code   RO         3758    i.timer_channel_output_pulse_value_config  gd32f30x_timer.o
    0x0800aa48   0x0800aa48   0x0000005a   Code   RO         3759    i.timer_channel_output_shadow_config  gd32f30x_timer.o
    0x0800aaa2   0x0800aaa2   0x00000010   Code   RO         3761    i.timer_channel_output_struct_para_init  gd32f30x_timer.o
    0x0800aab2   0x0800aab2   0x00000004   Code   RO         3766    i.timer_counter_value_config  gd32f30x_timer.o
    0x0800aab6   0x0800aab6   0x00000002   PAD
    0x0800aab8   0x0800aab8   0x000000dc   Code   RO         3767    i.timer_deinit      gd32f30x_timer.o
    0x0800ab94   0x0800ab94   0x0000000a   Code   RO         3772    i.timer_enable      gd32f30x_timer.o
    0x0800ab9e   0x0800ab9e   0x00000002   PAD
    0x0800aba0   0x0800aba0   0x00000098   Code   RO         3782    i.timer_init        gd32f30x_timer.o
    0x0800ac38   0x0800ac38   0x00000010   Code   RO         3785    i.timer_input_trigger_source_select  gd32f30x_timer.o
    0x0800ac48   0x0800ac48   0x00000008   Code   RO         3788    i.timer_interrupt_disable  gd32f30x_timer.o
    0x0800ac50   0x0800ac50   0x00000008   Code   RO         3789    i.timer_interrupt_enable  gd32f30x_timer.o
    0x0800ac58   0x0800ac58   0x00000006   Code   RO         3790    i.timer_interrupt_flag_clear  gd32f30x_timer.o
    0x0800ac5e   0x0800ac5e   0x0000001c   Code   RO         3791    i.timer_interrupt_flag_get  gd32f30x_timer.o
    0x0800ac7a   0x0800ac7a   0x00000010   Code   RO         3792    i.timer_master_output_trigger_source_select  gd32f30x_timer.o
    0x0800ac8a   0x0800ac8a   0x0000001a   Code   RO         3793    i.timer_master_slave_mode_config  gd32f30x_timer.o
    0x0800aca4   0x0800aca4   0x00000018   Code   RO         3797    i.timer_primary_output_config  gd32f30x_timer.o
    0x0800acbc   0x0800acbc   0x00000010   Code   RO         3801    i.timer_slave_mode_select  gd32f30x_timer.o
    0x0800accc   0x0800accc   0x00000090   Code   RO         4177    i.usart_baudrate_set  gd32f30x_usart.o
    0x0800ad5c   0x0800ad5c   0x00000090   Code   RO         4182    i.usart_deinit      gd32f30x_usart.o
    0x0800adec   0x0800adec   0x00000014   Code   RO         4184    i.usart_dma_receive_config  gd32f30x_usart.o
    0x0800ae00   0x0800ae00   0x00000014   Code   RO         4185    i.usart_dma_transmit_config  gd32f30x_usart.o
    0x0800ae14   0x0800ae14   0x0000000a   Code   RO         4186    i.usart_enable      gd32f30x_usart.o
    0x0800ae1e   0x0800ae1e   0x00000020   Code   RO         4188    i.usart_flag_get    gd32f30x_usart.o
    0x0800ae3e   0x0800ae3e   0x00000014   Code   RO         4192    i.usart_hardware_flow_cts_config  gd32f30x_usart.o
    0x0800ae52   0x0800ae52   0x00000014   Code   RO         4193    i.usart_hardware_flow_rts_config  gd32f30x_usart.o
    0x0800ae66   0x0800ae66   0x0000001a   Code   RO         4194    i.usart_interrupt_disable  gd32f30x_usart.o
    0x0800ae80   0x0800ae80   0x0000001a   Code   RO         4195    i.usart_interrupt_enable  gd32f30x_usart.o
    0x0800ae9a   0x0800ae9a   0x0000003a   Code   RO         4197    i.usart_interrupt_flag_get  gd32f30x_usart.o
    0x0800aed4   0x0800aed4   0x00000010   Code   RO         4208    i.usart_parity_config  gd32f30x_usart.o
    0x0800aee4   0x0800aee4   0x00000014   Code   RO         4210    i.usart_receive_config  gd32f30x_usart.o
    0x0800aef8   0x0800aef8   0x00000010   Code   RO         4220    i.usart_stop_bit_set  gd32f30x_usart.o
    0x0800af08   0x0800af08   0x00000014   Code   RO         4224    i.usart_transmit_config  gd32f30x_usart.o
    0x0800af1c   0x0800af1c   0x00000010   Code   RO         4225    i.usart_word_length_set  gd32f30x_usart.o
    0x0800af2c   0x0800af2c   0x0000002c   Code   RO         7028    locale$$code        c_w.l(lc_numeric_c.o)
    0x0800af58   0x0800af58   0x00000062   Code   RO         6880    x$fpl$d2f           fz_wm.l(d2f.o)
    0x0800afba   0x0800afba   0x0000009c   Code   RO         6944    x$fpl$dnaninf       fz_wm.l(dnaninf.o)
    0x0800b056   0x0800b056   0x0000000c   Code   RO         6946    x$fpl$dretinf       fz_wm.l(dretinf.o)
    0x0800b062   0x0800b062   0x00000002   PAD
    0x0800b064   0x0800b064   0x00000198   Code   RO         6948    x$fpl$dsqrt         fz_wm.l(dsqrt_umaal.o)
    0x0800b1fc   0x0800b1fc   0x00000056   Code   RO         6882    x$fpl$f2d           fz_wm.l(f2d.o)
    0x0800b252   0x0800b252   0x0000008c   Code   RO         6950    x$fpl$fnaninf       fz_wm.l(fnaninf.o)
    0x0800b2de   0x0800b2de   0x0000000a   Code   RO         7100    x$fpl$fpinit        fz_wm.l(fpinit.o)
    0x0800b2e8   0x0800b2e8   0x000000f4   Code   RO         6952    x$fpl$frem          fz_wm.l(frem_clz.o)
    0x0800b3dc   0x0800b3dc   0x0000000a   Code   RO         6954    x$fpl$fretinf       fz_wm.l(fretinf.o)
    0x0800b3e6   0x0800b3e6   0x00000004   Code   RO         6884    x$fpl$printf1       fz_wm.l(printf1.o)
    0x0800b3ea   0x0800b3ea   0x00000000   Code   RO         6956    x$fpl$usenofp       fz_wm.l(usenofp.o)
    0x0800b3ea   0x0800b3ea   0x0000141a   Data   RO         5614    .constdata          foc_ctrl_actuation.o
    0x0800c804   0x0800c804   0x0000181a   Data   RO         6081    .constdata          foc_ctrl_init.o
    0x0800e01e   0x0800e01e   0x0000141a   Data   RO         6553    .constdata          foc_math_transforms.o
    0x0800f438   0x0800f438   0x0000141a   Data   RO         6725    .constdata          foc_svpwm.o
    0x08010852   0x08010852   0x00000028   Data   RO         6826    .constdata          c_w.l(_printf_hex_int.o)
    0x0801087a   0x0801087a   0x00000011   Data   RO         6861    .constdata          c_w.l(__printf_flags_ss_wp.o)
    0x0801088b   0x0801088b   0x00000001   PAD
    0x0801088c   0x0801088c   0x00000094   Data   RO         7003    .constdata          c_w.l(bigflt0.o)
    0x08010920   0x08010920   0x00000082   Data   RO         5419    .conststring        foc_app.o
    0x080109a2   0x080109a2   0x00000002   PAD
    0x080109a4   0x080109a4   0x00000093   Data   RO         6082    .conststring        foc_ctrl_init.o
    0x08010a37   0x08010a37   0x00000001   PAD
    0x08010a38   0x08010a38   0x0000005f   Data   RO         6214    .conststring        foc_protocol_handler.o
    0x08010a97   0x08010a97   0x00000001   PAD
    0x08010a98   0x08010a98   0x00000020   Data   RO         7175    Region$$Table       anon$$obj.o
    0x08010ab8   0x08010ab8   0x0000001c   Data   RO         7027    locale$$data        c_w.l(lc_numeric_c.o)


    Execution Region RW_IRAM1 (Exec base: 0x20000000, Load base: 0x08010ad4, Size: 0x00001ee8, Max: 0x0000c000, ABSOLUTE)

    Exec Addr    Load Addr    Size         Type   Attr      Idx    E Section Name        Object

    0x20000000   0x08010ad4   0x00000008   Data   RW          518    .data               systick.o
    0x20000008   0x08010adc   0x00000004   Data   RW          568    .data               system_gd32f30x.o
    0x2000000c   0x08010ae0   0x00000005   Data   RW         4558    .data               timer2.o
    0x20000011   0x08010ae5   0x00000003   PAD
    0x20000014   0x08010ae8   0x00000005   Data   RW         4608    .data               timer1.o
    0x20000019   0x08010aed   0x00000003   PAD
    0x2000001c   0x08010af0   0x0000000c   Data   RW         4674    .data               pwm.o
    0x20000028   0x08010afc   0x00000002   Data   RW         4949    .data               adc.o
    0x2000002a   0x08010afe   0x00000002   PAD
    0x2000002c   0x08010b00   0x0000000c   Data   RW         5165    .data               usart1.o
    0x20000038   0x08010b0c   0x0000000d   Data   RW         5274    .data               usart2.o
    0x20000045   0x08010b19   0x00000001   PAD
    0x20000046   0x08010b1a   0x00000004   Data   RW         5367    .data               timer3.o
    0x2000004a   0x08010b1e   0x00000002   PAD
    0x2000004c   0x08010b20   0x00000004   Data   RW         5528    .data               foc_output_mgr.o
    0x20000050   0x08010b24   0x00000004   Data   RW         6215    .data               foc_protocol_handler.o
    0x20000054        -       0x00000100   Zero   RW         4948    .bss                adc.o
    0x20000154        -       0x00000180   Zero   RW         5164    .bss                usart1.o
    0x200002d4        -       0x00000180   Zero   RW         5273    .bss                usart2.o
    0x20000454        -       0x00000a30   Zero   RW         5418    .bss                foc_app.o
    0x20000e84        -       0x00000060   Zero   RW         7037    .bss                c_w.l(libspace.o)
    0x20000ee4   0x08010b28   0x00000004   PAD
    0x20000ee8        -       0x00000800   Zero   RW         4545    HEAP                startup_gd32f30x_hd.o
    0x200016e8        -       0x00000800   Zero   RW         4544    STACK               startup_gd32f30x_hd.o


==============================================================================

Image component sizes


      Code (inc. data)   RO Data    RW Data    ZI Data      Debug   Object Name

      1640        158          0          2        256      13298   adc.o
       160          6          0          0          0       6813   as5600.o
       870         96        130          0       2608      15102   foc_app.o
      1454         90       5146          0          0       9936   foc_ctrl_actuation.o
       522         40          0          0          0       3504   foc_ctrl_cfg.o
      3888        810          0          0          0      16650   foc_ctrl_compensation.o
      1834         80          0          0          0      13240   foc_ctrl_current_loop.o
       984         66          0          0          0       8657   foc_ctrl_executor.o
      1276        194       6317          0          0       5555   foc_ctrl_init.o
      1644         68          0          0          0      10696   foc_ctrl_outer_loop.o
       426         18          0          0          0       2992   foc_ctrl_param_learn.o
      1694        520          0          0          0       7310   foc_debug_stream.o
       806         60       5146          0          0       9556   foc_math_transforms.o
       360          8          0          4          0       3587   foc_output_mgr.o
       488         20          0          0          0      80206   foc_platform_api.o
      2388        202         95          4          0      19109   foc_protocol_handler.o
       222         60          0          0          0       3700   foc_protocol_output.o
      1360        446          0          0          0       9858   foc_protocol_parser.o
      1532         84          0          0          0      11121   foc_sensor.o
       722        180          0          0          0       3975   foc_service_handler.o
      2630        120       5146          0          0      14746   foc_svpwm.o
       238          0          0          0          0       4558   foc_task_scheduler.o
       938         10          0          0          0      14776   gd32f30x_adc.o
      1048          6          0          0          0      13199   gd32f30x_dma.o
       356          6          0          0          0       3874   gd32f30x_gpio.o
       588         18          0          0          0       9799   gd32f30x_i2c.o
        88          0          0          0          0       8372   gd32f30x_it.o
       312         26          0          0          0      29114   gd32f30x_misc.o
       440         46          0          0          0       3216   gd32f30x_rcu.o
      1318         48          0          0          0      15298   gd32f30x_timer.o
       608         16          0          0          0      11097   gd32f30x_usart.o
       756         46          0          0          0       7803   i2c0.o
       212         16          0          0          0       2252   led.o
        36          4          0          0          0        523   main.o
       968         88          0         12          0       9922   pwm.o
        64         26        304          0       4096        968   startup_gd32f30x_hd.o
       648         30          0          4          0       4079   system_gd32f30x.o
       176         26          0          8          0      29218   systick.o
       290         30          0          5          0       4178   timer1.o
       176         26          0          5          0       2986   timer2.o
       432         48          0          4          0       3233   timer3.o
      1080        170          0         12        384      10638   usart1.o
       836        158          0         13        384       7902   usart2.o

    ----------------------------------------------------------------------
     38558       4170      22320         84       7728     466616   Object Totals
         0          0         32          0          0          0   (incl. Generated)
        50          0          4         11          0          0   (incl. Padding)

    ----------------------------------------------------------------------

      Code (inc. data)   RO Data    RW Data    ZI Data      Debug   Library Member Name

        56          6          0          0          0         88   __2snprintf.o
         8          0          0          0          0         68   __main.o
       392          4         17          0          0         92   __printf_flags_ss_wp.o
        14          0          0          0          0         68   __printf_wp.o
         0          0          0          0          0          0   __rtentry.o
        12          0          0          0          0          0   __rtentry2.o
         6          0          0          0          0          0   __rtentry4.o
        52          8          0          0          0          0   __scatter.o
        26          0          0          0          0          0   __scatter_copy.o
        28          0          0          0          0          0   __scatter_zi.o
         6          0          0          0          0          0   _printf_c.o
        44          0          0          0          0        108   _printf_char.o
        48          6          0          0          0         96   _printf_char_common.o
         6          0          0          0          0          0   _printf_d.o
       120         16          0          0          0         92   _printf_dec.o
         6          0          0          0          0          0   _printf_f.o
      1054          0          0          0          0        216   _printf_fp_dec.o
       128         16          0          0          0         84   _printf_fp_infnan.o
        88          4         40          0          0         88   _printf_hex_int.o
       178          0          0          0          0         88   _printf_intcommon.o
        78          0          0          0          0        108   _printf_pad.o
         0          0          0          0          0          0   _printf_percent.o
         4          0          0          0          0          0   _printf_percent_end.o
         6          0          0          0          0          0   _printf_s.o
        82          0          0          0          0         80   _printf_str.o
         6          0          0          0          0          0   _printf_u.o
         6          0          0          0          0          0   _printf_x.o
        22          0          0          0          0        100   _rserrno.o
        16          0          0          0          0         68   _snputc.o
        10          0          0          0          0         68   _sputc.o
       228          4        148          0          0         96   bigflt0.o
      1936        128          0          0          0        672   btod.o
        18          0          0          0          0         80   exit.o
         6          0          0          0          0        152   heapauxi.o
         0          0          0          0          0          0   indicate_semi.o
        44         10         28          0          0         76   lc_numeric_c.o
         2          0          0          0          0          0   libinit.o
        22          0          0          0          0          0   libinit2.o
         2          0          0          0          0          0   libshutdown.o
         2          0          0          0          0          0   libshutdown2.o
         8          4          0          0         96         68   libspace.o
       138          0          0          0          0         80   lludiv10.o
         8          4          0          0          0         68   rt_errno_addr_intlibspace.o
         8          4          0          0          0         68   rt_locale_intlibspace.o
        68          0          0          0          0         68   rt_memclr.o
        78          0          0          0          0         80   rt_memclr_w.o
       138          0          0          0          0         68   rt_memcpy_v6.o
       100          0          0          0          0         80   rt_memcpy_w.o
         2          0          0          0          0          0   rtexit.o
        10          0          0          0          0          0   rtexit2.o
       128          0          0          0          0         68   strcmpv7m.o
        62          0          0          0          0         76   strlen.o
        12          4          0          0          0         68   sys_exit.o
        74          0          0          0          0         80   sys_stackheap_outer.o
         2          0          0          0          0         68   use_no_semi.o
        98          4          0          0          0        140   d2f.o
       156          4          0          0          0        140   dnaninf.o
        12          0          0          0          0        116   dretinf.o
       408         56          0          0          0        168   dsqrt_umaal.o
        86          4          0          0          0        132   f2d.o
       140          4          0          0          0        132   fnaninf.o
        10          0          0          0          0        116   fpinit.o
       244          8          0          0          0        132   frem_clz.o
        10          0          0          0          0        116   fretinf.o
         4          0          0          0          0        116   printf1.o
         0          0          0          0          0          0   usenofp.o
       176          0          0          0          0        168   fmodf.o
        48          0          0          0          0        124   fpclassify.o
        16          6          0          0          0        116   funder.o
       122          0          0          0          0        148   sqrt.o
        58          0          0          0          0        136   sqrtf.o

    ----------------------------------------------------------------------
      7196        304        234          0        100       5528   Library Totals
        10          0          1          0          4          0   (incl. Padding)

    ----------------------------------------------------------------------

      Code (inc. data)   RO Data    RW Data    ZI Data      Debug   Library Name

      5598        218        233          0         96       3528   c_w.l
      1168         80          0          0          0       1308   fz_wm.l
       420          6          0          0          0        692   m_wm.l

    ----------------------------------------------------------------------
      7196        304        234          0        100       5528   Library Totals

    ----------------------------------------------------------------------

==============================================================================


      Code (inc. data)   RO Data    RW Data    ZI Data      Debug   

     45754       4474      22554         84       7828     428568   Grand Totals
     45754       4474      22554         84       7828     428568   ELF Image Totals
     45754       4474      22554         84          0          0   ROM Totals

==============================================================================

    Total RO  Size (Code + RO Data)                68308 (  66.71kB)
    Total RW  Size (RW Data + ZI Data)              7912 (   7.73kB)
    Total ROM Size (Code + RO Data + RW Data)      68392 (  66.79kB)

==============================================================================

