Component: ARM Compiler 5.06 update 6 (build 750) Tool: armlink [4d35ed]

==============================================================================

Section Cross References

    control_scheduler.o(i.ControlScheduler_ClearAllCallbacks) refers to control_scheduler.o(.bss) for g_sched_callbacks
    control_scheduler.o(i.ControlScheduler_ClearCallback) refers to control_scheduler.o(.bss) for g_sched_callbacks
    control_scheduler.o(i.ControlScheduler_EnableDWT) refers to foc_platform_api.o(i.FOC_Platform_EnableCycleCounter) for FOC_Platform_EnableCycleCounter
    control_scheduler.o(i.ControlScheduler_GetExecutionCycles) refers to control_scheduler.o(.data) for g_sched_execution_cycles
    control_scheduler.o(i.ControlScheduler_GetTickCounter) refers to control_scheduler.o(.data) for g_sched_tick_counter
    control_scheduler.o(i.ControlScheduler_Init) refers to control_scheduler.o(i.ControlScheduler_ClearAllCallbacks) for ControlScheduler_ClearAllCallbacks
    control_scheduler.o(i.ControlScheduler_Init) refers to control_scheduler.o(.data) for g_sched_tick_counter
    control_scheduler.o(i.ControlScheduler_ResetTickCounter) refers to control_scheduler.o(.data) for g_sched_tick_counter
    control_scheduler.o(i.ControlScheduler_RunTick) refers to control_scheduler.o(i.ControlScheduler_EnableDWT) for ControlScheduler_EnableDWT
    control_scheduler.o(i.ControlScheduler_RunTick) refers to foc_platform_api.o(i.FOC_Platform_ReadCycleCounter) for FOC_Platform_ReadCycleCounter
    control_scheduler.o(i.ControlScheduler_RunTick) refers to control_scheduler.o(.data) for dwt_enabled
    control_scheduler.o(i.ControlScheduler_RunTick) refers to control_scheduler.o(.bss) for g_sched_callbacks
    control_scheduler.o(i.ControlScheduler_SetCallback) refers to control_scheduler.o(.bss) for g_sched_callbacks
    foc_app.o(i.FOC_App_ApplyPidRuntimeParams) refers to command_manager.o(i.CommandManager_GetCurrentPidKp) for CommandManager_GetCurrentPidKp
    foc_app.o(i.FOC_App_ApplyPidRuntimeParams) refers to command_manager.o(i.CommandManager_GetCurrentPidKi) for CommandManager_GetCurrentPidKi
    foc_app.o(i.FOC_App_ApplyPidRuntimeParams) refers to command_manager.o(i.CommandManager_GetCurrentPidKd) for CommandManager_GetCurrentPidKd
    foc_app.o(i.FOC_App_ApplyPidRuntimeParams) refers to command_manager.o(i.CommandManager_GetAnglePidKp) for CommandManager_GetAnglePidKp
    foc_app.o(i.FOC_App_ApplyPidRuntimeParams) refers to command_manager.o(i.CommandManager_GetAnglePidKi) for CommandManager_GetAnglePidKi
    foc_app.o(i.FOC_App_ApplyPidRuntimeParams) refers to command_manager.o(i.CommandManager_GetAnglePidKd) for CommandManager_GetAnglePidKd
    foc_app.o(i.FOC_App_ApplyPidRuntimeParams) refers to command_manager.o(i.CommandManager_GetSpeedPidKp) for CommandManager_GetSpeedPidKp
    foc_app.o(i.FOC_App_ApplyPidRuntimeParams) refers to command_manager.o(i.CommandManager_GetSpeedPidKi) for CommandManager_GetSpeedPidKi
    foc_app.o(i.FOC_App_ApplyPidRuntimeParams) refers to command_manager.o(i.CommandManager_GetSpeedPidKd) for CommandManager_GetSpeedPidKd
    foc_app.o(i.FOC_App_ApplyPidRuntimeParams) refers to foc_app.o(.bss) for g_torque_current_pid
    foc_app.o(i.FOC_App_Init) refers to _printf_percent.o(.ARM.Collect$$_printf_percent$$00000000) for _printf_percent
    foc_app.o(i.FOC_App_Init) refers to _printf_d.o(.ARM.Collect$$_printf_percent$$00000009) for _printf_d
    foc_app.o(i.FOC_App_Init) refers to _printf_f.o(.ARM.Collect$$_printf_percent$$00000003) for _printf_f
    foc_app.o(i.FOC_App_Init) refers to _printf_dec.o(.text) for _printf_int_dec
    foc_app.o(i.FOC_App_Init) refers to printf1.o(x$fpl$printf1) for _printf_fp_dec
    foc_app.o(i.FOC_App_Init) refers to foc_platform_api.o(i.FOC_Platform_RuntimeInit) for FOC_Platform_RuntimeInit
    foc_app.o(i.FOC_App_Init) refers to foc_platform_api.o(i.FOC_Platform_IndicatorInit) for FOC_Platform_IndicatorInit
    foc_app.o(i.FOC_App_Init) refers to foc_platform_api.o(i.FOC_Platform_SetHeartbeatIndicator) for FOC_Platform_SetHeartbeatIndicator
    foc_app.o(i.FOC_App_Init) refers to foc_platform_api.o(i.FOC_Platform_HighRateClockInit) for FOC_Platform_HighRateClockInit
    foc_app.o(i.FOC_App_Init) refers to foc_platform_api.o(i.FOC_Platform_ControlTickSourceInit) for FOC_Platform_ControlTickSourceInit
    foc_app.o(i.FOC_App_Init) refers to control_scheduler.o(i.ControlScheduler_Init) for ControlScheduler_Init
    foc_app.o(i.FOC_App_Init) refers to foc_platform_api.o(i.FOC_Platform_BindControlTickCallback) for FOC_Platform_BindControlTickCallback
    foc_app.o(i.FOC_App_Init) refers to control_scheduler.o(i.ControlScheduler_SetCallback) for ControlScheduler_SetCallback
    foc_app.o(i.FOC_App_Init) refers to foc_platform_api.o(i.FOC_Platform_TelemetryInit) for FOC_Platform_TelemetryInit
    foc_app.o(i.FOC_App_Init) refers to foc_platform_api.o(i.FOC_Platform_TelemetryWrite) for FOC_Platform_TelemetryWrite
[...]
    FOC_Platform_PWMStart                    0x08004819   Thumb Code     8  foc_platform_api.o(i.FOC_Platform_PWMStart)
    FOC_Platform_ReadCycleCounter            0x08004821   Thumb Code     6  foc_platform_api.o(i.FOC_Platform_ReadCycleCounter)
    FOC_Platform_ReadEncoderRawAngle         0x0800482d   Thumb Code    26  foc_platform_api.o(i.FOC_Platform_ReadEncoderRawAngle)
    FOC_Platform_ReadMechanicalAngleRad      0x08004849   Thumb Code    50  foc_platform_api.o(i.FOC_Platform_ReadMechanicalAngleRad)
    FOC_Platform_ReadPhaseCurrentAB          0x08004881   Thumb Code    50  foc_platform_api.o(i.FOC_Platform_ReadPhaseCurrentAB)
    FOC_Platform_RegisterHighRateCallback    0x080048b3   Thumb Code    12  foc_platform_api.o(i.FOC_Platform_RegisterHighRateCallback)
    FOC_Platform_ReportProtocolStatus        0x080048bf   Thumb Code    12  foc_platform_api.o(i.FOC_Platform_ReportProtocolStatus)
    FOC_Platform_RuntimeInit                 0x080048cb   Thumb Code     8  foc_platform_api.o(i.FOC_Platform_RuntimeInit)
    FOC_Platform_SensorInputInit             0x080048d5   Thumb Code    50  foc_platform_api.o(i.FOC_Platform_SensorInputInit)
    FOC_Platform_SetHeartbeatIndicator       0x08004911   Thumb Code    22  foc_platform_api.o(i.FOC_Platform_SetHeartbeatIndicator)
    FOC_Platform_SetSensorSampleOffsetPercent 0x08004929   Thumb Code    60  foc_platform_api.o(i.FOC_Platform_SetSensorSampleOffsetPercent)
    FOC_Platform_StartControlTickSource      0x08004971   Thumb Code     8  foc_platform_api.o(i.FOC_Platform_StartControlTickSource)
    FOC_Platform_StartHighRateClock          0x08004979   Thumb Code     8  foc_platform_api.o(i.FOC_Platform_StartHighRateClock)
    FOC_Platform_TelemetryInit               0x08004981   Thumb Code    12  foc_platform_api.o(i.FOC_Platform_TelemetryInit)
    FOC_Platform_TelemetryWrite              0x0800498d   Thumb Code    12  foc_platform_api.o(i.FOC_Platform_TelemetryWrite)
    FOC_Platform_TelemetryWriteByte          0x08004999   Thumb Code    12  foc_platform_api.o(i.FOC_Platform_TelemetryWriteByte)
    FOC_Platform_WaitMs                      0x080049a5   Thumb Code    22  foc_platform_api.o(i.FOC_Platform_WaitMs)
    FOC_SpeedAngleControlStep                0x08004ae5   Thumb Code   394  foc_control.o(i.FOC_SpeedAngleControlStep)
    FOC_TorqueControlStep                    0x08004c85   Thumb Code   204  foc_control.o(i.FOC_TorqueControlStep)
    HardFault_Handler                        0x08004ec1   Thumb Code     4  gd32f30x_it.o(i.HardFault_Handler)
    I2C0_Init                                0x08004f49   Thumb Code    12  i2c0.o(i.I2C0_Init)
    I2C0_ReadBytes                           0x08004f55   Thumb Code   238  i2c0.o(i.I2C0_ReadBytes)
    I2C0_Unlock                              0x080050c1   Thumb Code   124  i2c0.o(i.I2C0_Unlock)
    Kalman_Init                              0x080051b1   Thumb Code    42  sensor.o(i.Kalman_Init)
    Kalman_Update                            0x080051e5   Thumb Code   152  sensor.o(i.Kalman_Update)
    LED_Init                                 0x080052ad   Thumb Code    64  led.o(i.LED_Init)
    Math_ClampFloat                          0x080052f1   Thumb Code    42  math_transforms.o(i.Math_ClampFloat)
    Math_ClarkeTransform                     0x0800531d   Thumb Code    22  math_transforms.o(i.Math_ClarkeTransform)
    Math_InverseClarkeTransform              0x08005339   Thumb Code    46  math_transforms.o(i.Math_InverseClarkeTransform)
    Math_InverseParkTransform                0x0800536d   Thumb Code    76  math_transforms.o(i.Math_InverseParkTransform)
    Math_ParkTransform                       0x080053b9   Thumb Code    80  math_transforms.o(i.Math_ParkTransform)
    Math_WrapRad                             0x08005409   Thumb Code    54  math_transforms.o(i.Math_WrapRad)
    Math_WrapRadDelta                        0x08005445   Thumb Code    58  math_transforms.o(i.Math_WrapRadDelta)
    MemManage_Handler                        0x0800548d   Thumb Code     4  gd32f30x_it.o(i.MemManage_Handler)
    NMI_Handler                              0x08005525   Thumb Code     2  gd32f30x_it.o(i.NMI_Handler)
    PWM_EnableComplementaryOutputs           0x080055b9   Thumb Code    12  pwm.o(i.PWM_EnableComplementaryOutputs)
    PWM_Init                                 0x08005661   Thumb Code    86  pwm.o(i.PWM_Init)
    PWM_SetDeadTime                          0x080056c1   Thumb Code    62  pwm.o(i.PWM_SetDeadTime)
    PWM_SetDutyCycle                         0x08005705   Thumb Code    74  pwm.o(i.PWM_SetDutyCycle)
    PWM_SetDutyCycleTripleFloat              0x0800575d   Thumb Code    96  pwm.o(i.PWM_SetDutyCycleTripleFloat)
    PWM_Start                                0x080057c5   Thumb Code    10  pwm.o(i.PWM_Start)
    PendSV_Handler                           0x080058b5   Thumb Code     2  gd32f30x_it.o(i.PendSV_Handler)
    ProtocolParser_ClearUpdatedFlag          0x080058b9   Thumb Code    10  protocol_parser.o(i.ProtocolParser_ClearUpdatedFlag)
    ProtocolParser_GetLatestCommand          0x080058c9   Thumb Code     4  protocol_parser.o(i.ProtocolParser_GetLatestCommand)
    ProtocolParser_Process                   0x08005a29   Thumb Code    84  protocol_parser.o(i.ProtocolParser_Process)
    Reset_LED                                0x08005a85   Thumb Code    54  led.o(i.Reset_LED)
    SVC_Handler                              0x08005ac1   Thumb Code     2  gd32f30x_it.o(i.SVC_Handler)
    SVPWM_Init                               0x08005b85   Thumb Code   186  svpwm.o(i.SVPWM_Init)
    SVPWM_InterpolationISR                   0x08005c75   Thumb Code   162  svpwm.o(i.SVPWM_InterpolationISR)
    SVPWM_Update                             0x08005d45   Thumb Code  1140  svpwm.o(i.SVPWM_Update)
    Sensor_ADCSampleTimeOffset               0x080061b9   Thumb Code    24  sensor.o(i.Sensor_ADCSampleTimeOffset)
    Sensor_GetData                           0x080061d1   Thumb Code     4  sensor.o(i.Sensor_GetData)
    Sensor_Init                              0x080061d9   Thumb Code   118  sensor.o(i.Sensor_Init)
    Sensor_ReadAll                           0x0800632d   Thumb Code    12  sensor.o(i.Sensor_ReadAll)
    Sensor_SetZeroOffset                     0x0800638d   Thumb Code   182  sensor.o(i.Sensor_SetZeroOffset)
    Set_LED                                  0x08006461   Thumb Code    54  led.o(i.Set_LED)
    SysTick_Handler                          0x0800649d   Thumb Code     8  gd32f30x_it.o(i.SysTick_Handler)
    SystemInit                               0x080064a5   Thumb Code   316  system_gd32f30x.o(i.SystemInit)
    TIMER1_IRQHandler                        0x080065ed   Thumb Code     8  gd32f30x_it.o(i.TIMER1_IRQHandler)
    TIMER2_IRQHandler                        0x080065f5   Thumb Code     8  gd32f30x_it.o(i.TIMER2_IRQHandler)
    Timer1_IRQHandler_Internal               0x080065fd   Thumb Code    34  timer1.o(i.Timer1_IRQHandler_Internal)
    Timer1_Init                              0x08006625   Thumb Code    84  timer1.o(i.Timer1_Init)
    Timer1_SetCallback                       0x0800667d   Thumb Code     6  timer1.o(i.Timer1_SetCallback)
    Timer1_Start                             0x08006689   Thumb Code    18  timer1.o(i.Timer1_Start)
    Timer2_IRQHandler_Internal               0x080066a1   Thumb Code    38  timer2.o(i.Timer2_IRQHandler_Internal)
    Timer2_Init                              0x080066d1   Thumb Code    96  timer2.o(i.Timer2_Init)
    Timer2_SetCallback                       0x08006739   Thumb Code     6  timer2.o(i.Timer2_SetCallback)
    Timer2_Start                             0x08006745   Thumb Code    16  timer2.o(i.Timer2_Start)
    Timer3_Init                              0x0800675d   Thumb Code   178  timer3.o(i.Timer3_Init)
    Timer3_Start                             0x08006819   Thumb Code    16  timer3.o(i.Timer3_Start)
    USART1_ClearBuffers                      0x0800684d   Thumb Code    38  usart1.o(i.USART1_ClearBuffers)
    USART1_IRQHandler                        0x08006a1d   Thumb Code     8  gd32f30x_it.o(i.USART1_IRQHandler)
    USART1_IRQHandler_Internal               0x08006a25   Thumb Code     8  usart1.o(i.USART1_IRQHandler_Internal)
    USART1_Init                              0x08006a2d   Thumb Code   156  usart1.o(i.USART1_Init)
    USART1_SendByte                          0x08006ad5   Thumb Code    12  usart1.o(i.USART1_SendByte)
    USART1_SendData                          0x08006ae1   Thumb Code    68  usart1.o(i.USART1_SendData)
    USART1_SendString                        0x08006b29   Thumb Code    28  usart1.o(i.USART1_SendString)
    USART2_ClearBuffers                      0x08006b45   Thumb Code    66  usart2.o(i.USART2_ClearBuffers)
    USART2_IRQHandler                        0x08006da5   Thumb Code     8  gd32f30x_it.o(i.USART2_IRQHandler)
    USART2_IRQHandler_Internal               0x08006dad   Thumb Code    94  usart2.o(i.USART2_IRQHandler_Internal)
    USART2_Init                              0x08006e2d   Thumb Code   164  usart2.o(i.USART2_Init)
    USART2_ReadIdleFrame                     0x08006edd   Thumb Code    62  usart2.o(i.USART2_ReadIdleFrame)
    USART2_SendByte                          0x08006f2d   Thumb Code    12  usart2.o(i.USART2_SendByte)
    USART2_SendData                          0x08006f39   Thumb Code    68  usart2.o(i.USART2_SendData)
    USART2_SendString                        0x08006f81   Thumb Code    28  usart2.o(i.USART2_SendString)
    UsageFault_Handler                       0x08006f9d   Thumb Code     4  gd32f30x_it.o(i.UsageFault_Handler)
    __ARM_fpclassify                         0x08006fa1   Thumb Code    48  fpclassify.o(i.__ARM_fpclassify)
    __ARM_fpclassifyf                        0x08006fd1   Thumb Code    38  fpclassifyf.o(i.__ARM_fpclassifyf)
    __hardfp_atan2f                          0x08006ff9   Thumb Code   502  atan2f.o(i.__hardfp_atan2f)
    __hardfp_cosf                            0x08007249   Thumb Code   280  cosf.o(i.__hardfp_cosf)
    __hardfp_fmodf                           0x08007399   Thumb Code   176  fmodf.o(i.__hardfp_fmodf)
    __hardfp_sinf                            0x08007449   Thumb Code   344  sinf.o(i.__hardfp_sinf)
    __hardfp_sqrtf                           0x080075d9   Thumb Code    58  sqrtf.o(i.__hardfp_sqrtf)
    __mathlib_flt_infnan                     0x08007613   Thumb Code     6  funder.o(i.__mathlib_flt_infnan)
    __mathlib_flt_infnan2                    0x08007619   Thumb Code     6  funder.o(i.__mathlib_flt_infnan2)
    __mathlib_flt_invalid                    0x08007621   Thumb Code    10  funder.o(i.__mathlib_flt_invalid)
    __mathlib_flt_underflow                  0x08007631   Thumb Code    10  funder.o(i.__mathlib_flt_underflow)
    __mathlib_rredf2                         0x08007641   Thumb Code   316  rredf.o(i.__mathlib_rredf2)
    _is_digit                                0x08007795   Thumb Code    14  __printf_wp.o(i._is_digit)
    adc_calibration_enable                   0x080077bf   Thumb Code    42  gd32f30x_adc.o(i.adc_calibration_enable)
    adc_channel_length_config                0x080077e9   Thumb Code    70  gd32f30x_adc.o(i.adc_channel_length_config)
    adc_data_alignment_config                0x0800782f   Thumb Code    22  gd32f30x_adc.o(i.adc_data_alignment_config)
    adc_deinit                               0x08007845   Thumb Code    84  gd32f30x_adc.o(i.adc_deinit)
    adc_dma_mode_enable                      0x0800789d   Thumb Code    10  gd32f30x_adc.o(i.adc_dma_mode_enable)
    adc_enable                               0x080078a7   Thumb Code    18  gd32f30x_adc.o(i.adc_enable)
    adc_external_trigger_config              0x080078b9   Thumb Code    62  gd32f30x_adc.o(i.adc_external_trigger_config)
    adc_external_trigger_source_config       0x080078f7   Thumb Code    48  gd32f30x_adc.o(i.adc_external_trigger_source_config)
    adc_flag_clear                           0x08007927   Thumb Code     6  gd32f30x_adc.o(i.adc_flag_clear)
    adc_interrupt_enable                     0x0800792d   Thumb Code    44  gd32f30x_adc.o(i.adc_interrupt_enable)
    adc_interrupt_flag_clear                 0x08007959   Thumb Code     6  gd32f30x_adc.o(i.adc_interrupt_flag_clear)
    adc_interrupt_flag_get                   0x0800795f   Thumb Code    88  gd32f30x_adc.o(i.adc_interrupt_flag_get)
    adc_mode_config                          0x080079b9   Thumb Code    22  gd32f30x_adc.o(i.adc_mode_config)
    adc_resolution_config                    0x080079d5   Thumb Code    20  gd32f30x_adc.o(i.adc_resolution_config)
    adc_routine_channel_config               0x080079e9   Thumb Code   172  gd32f30x_adc.o(i.adc_routine_channel_config)
    adc_special_function_config              0x08007a95   Thumb Code    90  gd32f30x_adc.o(i.adc_special_function_config)
    delay_1ms                                0x08007af1   Thumb Code    16  systick.o(i.delay_1ms)
    delay_decrement                          0x08007b05   Thumb Code    28  systick.o(i.delay_decrement)
    dma_channel_disable                      0x08007b29   Thumb Code    50  gd32f30x_dma.o(i.dma_channel_disable)
    dma_channel_enable                       0x08007b5b   Thumb Code    50  gd32f30x_dma.o(i.dma_channel_enable)
    dma_circulation_disable                  0x08007b8d   Thumb Code    50  gd32f30x_dma.o(i.dma_circulation_disable)
    dma_circulation_enable                   0x08007bbf   Thumb Code    50  gd32f30x_dma.o(i.dma_circulation_enable)
    dma_deinit                               0x08007bf1   Thumb Code   112  gd32f30x_dma.o(i.dma_deinit)
    dma_flag_clear                           0x08007c61   Thumb Code    16  gd32f30x_dma.o(i.dma_flag_clear)
    dma_flag_get                             0x08007c71   Thumb Code    24  gd32f30x_dma.o(i.dma_flag_get)
    dma_init                                 0x08007c89   Thumb Code   302  gd32f30x_dma.o(i.dma_init)
    dma_interrupt_enable                     0x08007db7   Thumb Code    50  gd32f30x_dma.o(i.dma_interrupt_enable)
    dma_interrupt_flag_clear                 0x08007de9   Thumb Code    16  gd32f30x_dma.o(i.dma_interrupt_flag_clear)
    dma_interrupt_flag_get                   0x08007df9   Thumb Code   132  gd32f30x_dma.o(i.dma_interrupt_flag_get)
    dma_memory_address_config                0x08007e7d   Thumb Code    36  gd32f30x_dma.o(i.dma_memory_address_config)
    dma_periph_address_config                0x08007ea1   Thumb Code    36  gd32f30x_dma.o(i.dma_periph_address_config)
    dma_struct_para_init                     0x08007edd   Thumb Code    28  gd32f30x_dma.o(i.dma_struct_para_init)
    dma_transfer_number_config               0x08007ef9   Thumb Code    38  gd32f30x_dma.o(i.dma_transfer_number_config)
    dma_transfer_number_get                  0x08007f1f   Thumb Code    34  gd32f30x_dma.o(i.dma_transfer_number_get)
    fputc                                    0x08007f41   Thumb Code    26  fputc.o(i.fputc)
    gpio_bit_reset                           0x08007f5b   Thumb Code     4  gd32f30x_gpio.o(i.gpio_bit_reset)
    gpio_bit_set                             0x08007f5f   Thumb Code     4  gd32f30x_gpio.o(i.gpio_bit_set)
    gpio_init                                0x08007f63   Thumb Code   188  gd32f30x_gpio.o(i.gpio_init)
    i2c_ack_config                           0x0800801f   Thumb Code    16  gd32f30x_i2c.o(i.i2c_ack_config)
    i2c_clock_config                         0x08008031   Thumb Code   306  gd32f30x_i2c.o(i.i2c_clock_config)
    i2c_data_receive                         0x08008171   Thumb Code     8  gd32f30x_i2c.o(i.i2c_data_receive)
    i2c_data_transmit                        0x08008179   Thumb Code     6  gd32f30x_i2c.o(i.i2c_data_transmit)
    i2c_deinit                               0x08008181   Thumb Code    60  gd32f30x_i2c.o(i.i2c_deinit)
    i2c_disable                              0x080081c1   Thumb Code    10  gd32f30x_i2c.o(i.i2c_disable)
    i2c_enable                               0x080081cb   Thumb Code    10  gd32f30x_i2c.o(i.i2c_enable)
    i2c_flag_clear                           0x080081d5   Thumb Code    40  gd32f30x_i2c.o(i.i2c_flag_clear)
    i2c_flag_get                             0x080081fd   Thumb Code    30  gd32f30x_i2c.o(i.i2c_flag_get)
    i2c_master_addressing                    0x0800821b   Thumb Code    20  gd32f30x_i2c.o(i.i2c_master_addressing)
    i2c_mode_addr_config                     0x0800822f   Thumb Code    28  gd32f30x_i2c.o(i.i2c_mode_addr_config)
    i2c_software_reset_config                0x0800824b   Thumb Code    16  gd32f30x_i2c.o(i.i2c_software_reset_config)
    i2c_start_on_bus                         0x0800825b   Thumb Code    10  gd32f30x_i2c.o(i.i2c_start_on_bus)
    i2c_stop_on_bus                          0x08008265   Thumb Code    10  gd32f30x_i2c.o(i.i2c_stop_on_bus)
    main                                     0x0800826f   Thumb Code    16  main.o(i.main)
    nvic_irq_enable                          0x08008281   Thumb Code   254  gd32f30x_misc.o(i.nvic_irq_enable)
    nvic_priority_group_set                  0x08008389   Thumb Code    10  gd32f30x_misc.o(i.nvic_priority_group_set)
    rcu_clock_freq_get                       0x0800839d   Thumb Code   310  gd32f30x_rcu.o(i.rcu_clock_freq_get)
    rcu_periph_clock_enable                  0x080084f5   Thumb Code    28  gd32f30x_rcu.o(i.rcu_periph_clock_enable)
    rcu_periph_reset_disable                 0x08008515   Thumb Code    28  gd32f30x_rcu.o(i.rcu_periph_reset_disable)
    rcu_periph_reset_enable                  0x08008535   Thumb Code    28  gd32f30x_rcu.o(i.rcu_periph_reset_enable)
    systick_config                           0x08008679   Thumb Code    74  systick.o(i.systick_config)
    systick_get_tick                         0x080086c9   Thumb Code     6  systick.o(i.systick_get_tick)
    timer_auto_reload_shadow_enable          0x080086d5   Thumb Code    10  gd32f30x_timer.o(i.timer_auto_reload_shadow_enable)
    timer_break_config                       0x080086df   Thumb Code    30  gd32f30x_timer.o(i.timer_break_config)
    timer_break_struct_para_init             0x080086fd   Thumb Code    18  gd32f30x_timer.o(i.timer_break_struct_para_init)
    timer_channel_output_config              0x08008711   Thumb Code   484  gd32f30x_timer.o(i.timer_channel_output_config)
    timer_channel_output_mode_config         0x080088fd   Thumb Code    90  gd32f30x_timer.o(i.timer_channel_output_mode_config)
    timer_channel_output_pulse_value_config  0x08008957   Thumb Code    38  gd32f30x_timer.o(i.timer_channel_output_pulse_value_config)
    timer_channel_output_shadow_config       0x0800897d   Thumb Code    90  gd32f30x_timer.o(i.timer_channel_output_shadow_config)
    timer_channel_output_struct_para_init    0x080089d7   Thumb Code    16  gd32f30x_timer.o(i.timer_channel_output_struct_para_init)
    timer_counter_value_config               0x080089e7   Thumb Code     4  gd32f30x_timer.o(i.timer_counter_value_config)
    timer_deinit                             0x080089ed   Thumb Code   210  gd32f30x_timer.o(i.timer_deinit)
    timer_enable                             0x08008ac9   Thumb Code    10  gd32f30x_timer.o(i.timer_enable)
    timer_init                               0x08008ad5   Thumb Code   122  gd32f30x_timer.o(i.timer_init)
    timer_input_trigger_source_select        0x08008b6d   Thumb Code    16  gd32f30x_timer.o(i.timer_input_trigger_source_select)
    timer_interrupt_enable                   0x08008b7d   Thumb Code     8  gd32f30x_timer.o(i.timer_interrupt_enable)
    timer_interrupt_flag_clear               0x08008b85   Thumb Code     6  gd32f30x_timer.o(i.timer_interrupt_flag_clear)
    timer_interrupt_flag_get                 0x08008b8b   Thumb Code    28  gd32f30x_timer.o(i.timer_interrupt_flag_get)
    timer_master_output_trigger_source_select 0x08008ba7   Thumb Code    16  gd32f30x_timer.o(i.timer_master_output_trigger_source_select)
    timer_master_slave_mode_config           0x08008bb7   Thumb Code    26  gd32f30x_timer.o(i.timer_master_slave_mode_config)
    timer_primary_output_config              0x08008bd1   Thumb Code    24  gd32f30x_timer.o(i.timer_primary_output_config)
    timer_slave_mode_select                  0x08008be9   Thumb Code    16  gd32f30x_timer.o(i.timer_slave_mode_select)
    usart_baudrate_set                       0x08008bf9   Thumb Code   136  gd32f30x_usart.o(i.usart_baudrate_set)
    usart_data_receive                       0x08008c89   Thumb Code    10  gd32f30x_usart.o(i.usart_data_receive)
    usart_deinit                             0x08008c95   Thumb Code   136  gd32f30x_usart.o(i.usart_deinit)
    usart_dma_receive_config                 0x08008d25   Thumb Code    20  gd32f30x_usart.o(i.usart_dma_receive_config)
    usart_dma_transmit_config                0x08008d39   Thumb Code    20  gd32f30x_usart.o(i.usart_dma_transmit_config)
    usart_enable                             0x08008d4d   Thumb Code    10  gd32f30x_usart.o(i.usart_enable)
    usart_flag_get                           0x08008d57   Thumb Code    32  gd32f30x_usart.o(i.usart_flag_get)
    usart_hardware_flow_cts_config           0x08008d77   Thumb Code    20  gd32f30x_usart.o(i.usart_hardware_flow_cts_config)
    usart_hardware_flow_rts_config           0x08008d8b   Thumb Code    20  gd32f30x_usart.o(i.usart_hardware_flow_rts_config)
    usart_interrupt_disable                  0x08008d9f   Thumb Code    26  gd32f30x_usart.o(i.usart_interrupt_disable)
    usart_interrupt_enable                   0x08008db9   Thumb Code    26  gd32f30x_usart.o(i.usart_interrupt_enable)
    usart_interrupt_flag_clear               0x08008dd3   Thumb Code    18  gd32f30x_usart.o(i.usart_interrupt_flag_clear)
    usart_interrupt_flag_get                 0x08008de5   Thumb Code    58  gd32f30x_usart.o(i.usart_interrupt_flag_get)
    usart_parity_config                      0x08008e1f   Thumb Code    16  gd32f30x_usart.o(i.usart_parity_config)
    usart_receive_config                     0x08008e2f   Thumb Code    20  gd32f30x_usart.o(i.usart_receive_config)
    usart_stop_bit_set                       0x08008e43   Thumb Code    16  gd32f30x_usart.o(i.usart_stop_bit_set)
    usart_transmit_config                    0x08008e53   Thumb Code    20  gd32f30x_usart.o(i.usart_transmit_config)
    usart_word_length_set                    0x08008e67   Thumb Code    16  gd32f30x_usart.o(i.usart_word_length_set)
    _get_lc_numeric                          0x08008e79   Thumb Code    44  lc_numeric_c.o(locale$$code)
    __fpl_dretinf                            0x08008ea5   Thumb Code    12  dretinf.o(x$fpl$dretinf)
    __aeabi_f2d                              0x08008eb1   Thumb Code     0  f2d.o(x$fpl$f2d)
    _f2d                                     0x08008eb1   Thumb Code    86  f2d.o(x$fpl$f2d)
    __fpl_fnaninf                            0x08008f07   Thumb Code   140  fnaninf.o(x$fpl$fnaninf)
    _fp_init                                 0x08008f93   Thumb Code    10  fpinit.o(x$fpl$fpinit)
    __fplib_config_fpu_vfp                   0x08008f9b   Thumb Code     0  fpinit.o(x$fpl$fpinit)
    __fplib_config_pureend_doubles           0x08008f9b   Thumb Code     0  fpinit.o(x$fpl$fpinit)
    _frem                                    0x08008f9d   Thumb Code   240  frem_clz.o(x$fpl$frem)
    _printf_fp_dec                           0x08009091   Thumb Code     4  printf1.o(x$fpl$printf1)
    __I$use$fp                               0x08009094   Number         0  usenofp.o(x$fpl$usenofp)
    __stdin_name                             0x08009148   Data           4  sys_io.o(.constdata)
    __stdout_name                            0x0800914c   Data           4  sys_io.o(.constdata)
    __stderr_name                            0x08009150   Data           4  sys_io.o(.constdata)
    Region$$Table$$Base                      0x08009154   Number         0  anon$$obj.o(Region$$Table)
    Region$$Table$$Limit                     0x08009174   Number         0  anon$$obj.o(Region$$Table)
    SystemCoreClock                          0x20000074   Data           4  system_gd32f30x.o(.data)
    __aeabi_stdin                            0x200000b8   Data           4  stdio_streams.o(.data)
    __aeabi_stdout                           0x200000bc   Data           4  stdio_streams.o(.data)
    __aeabi_stderr                           0x200000c0   Data           4  stdio_streams.o(.data)
    __stdin                                  0x200005dc   Data          84  stdio_streams.o(.bss)
    __stdout                                 0x20000630   Data          84  stdio_streams.o(.bss)
    __stderr                                 0x20000684   Data          84  stdio_streams.o(.bss)
    __libspace_start                         0x200006d8   Data          96  libspace.o(.bss)
    __temporary_stack_top$libspace           0x20000738   Data           0  libspace.o(.bss)



==============================================================================

Memory Map of the image

  Image Entry point : 0x08000131

  Load Region LR_IROM1 (Base: 0x08000000, Size: 0x00009254, Max: 0x00040000, ABSOLUTE)

    Execution Region ER_IROM1 (Exec base: 0x08000000, Load base: 0x08000000, Size: 0x00009190, Max: 0x00040000, ABSOLUTE)

    Exec Addr    Load Addr    Size         Type   Attr      Idx    E Section Name        Object

    0x08000000   0x08000000   0x00000130   Data   RO         5229    RESET               startup_gd32f30x_hd.o
    0x08000130   0x08000130   0x00000008   Code   RO         6128  * !!!main             c_w.l(__main.o)
    0x08000138   0x08000138   0x00000034   Code   RO         6616    !!!scatter          c_w.l(__scatter.o)
    0x0800016c   0x0800016c   0x0000001a   Code   RO         6618    !!handler_copy      c_w.l(__scatter_copy.o)
    0x08000186   0x08000186   0x00000002   PAD
    0x08000188   0x08000188   0x0000001c   Code   RO         6620    !!handler_zi        c_w.l(__scatter_zi.o)
    0x080001a4   0x080001a4   0x00000000   Code   RO         6117    .ARM.Collect$$_printf_percent$$00000000  c_w.l(_printf_percent.o)
    0x080001a4   0x080001a4   0x00000006   Code   RO         6116    .ARM.Collect$$_printf_percent$$00000003  c_w.l(_printf_f.o)
    0x080001aa   0x080001aa   0x00000006   Code   RO         6114    .ARM.Collect$$_printf_percent$$00000009  c_w.l(_printf_d.o)
    0x080001b0   0x080001b0   0x00000006   Code   RO         6115    .ARM.Collect$$_printf_percent$$0000000A  c_w.l(_printf_u.o)
    0x080001b6   0x080001b6   0x00000006   Code   RO         6113    .ARM.Collect$$_printf_percent$$00000014  c_w.l(_printf_s.o)
    0x080001bc   0x080001bc   0x00000004   Code   RO         6211    .ARM.Collect$$_printf_percent$$00000017  c_w.l(_printf_percent_end.o)
    0x080001c0   0x080001c0   0x00000002   Code   RO         6417    .ARM.Collect$$libinit$$00000000  c_w.l(libinit.o)
    0x080001c2   0x080001c2   0x00000004   Code   RO         6418    .ARM.Collect$$libinit$$00000001  c_w.l(libinit2.o)
    0x080001c6   0x080001c6   0x00000000   Code   RO         6421    .ARM.Collect$$libinit$$00000004  c_w.l(libinit2.o)
    0x080001c6   0x080001c6   0x00000008   Code   RO         6422    .ARM.Collect$$libinit$$00000005  c_w.l(libinit2.o)
    0x080001ce   0x080001ce   0x00000000   Code   RO         6424    .ARM.Collect$$libinit$$0000000A  c_w.l(libinit2.o)
    0x080001ce   0x080001ce   0x00000000   Code   RO         6426    .ARM.Collect$$libinit$$0000000C  c_w.l(libinit2.o)
    0x080001ce   0x080001ce   0x00000000   Code   RO         6428    .ARM.Collect$$libinit$$0000000E  c_w.l(libinit2.o)
    0x080001ce   0x080001ce   0x00000006   Code   RO         6429    .ARM.Collect$$libinit$$0000000F  c_w.l(libinit2.o)
    0x080001d4   0x080001d4   0x00000000   Code   RO         6431    .ARM.Collect$$libinit$$00000011  c_w.l(libinit2.o)
    0x080001d4   0x080001d4   0x00000000   Code   RO         6433    .ARM.Collect$$libinit$$00000013  c_w.l(libinit2.o)
    0x080001d4   0x080001d4   0x00000000   Code   RO         6435    .ARM.Collect$$libinit$$00000015  c_w.l(libinit2.o)
    0x080001d4   0x080001d4   0x0000000a   Code   RO         6436    .ARM.Collect$$libinit$$00000016  c_w.l(libinit2.o)
    0x080001de   0x080001de   0x00000000   Code   RO         6437    .ARM.Collect$$libinit$$00000017  c_w.l(libinit2.o)
    0x080001de   0x080001de   0x00000000   Code   RO         6439    .ARM.Collect$$libinit$$00000019  c_w.l(libinit2.o)
    0x080001de   0x080001de   0x00000000   Code   RO         6441    .ARM.Collect$$libinit$$0000001B  c_w.l(libinit2.o)
    0x080001de   0x080001de   0x00000000   Code   RO         6443    .ARM.Collect$$libinit$$0000001D  c_w.l(libinit2.o)
    0x080001de   0x080001de   0x00000000   Code   RO         6445    .ARM.Collect$$libinit$$0000001F  c_w.l(libinit2.o)
    0x080001de   0x080001de   0x00000000   Code   RO         6447    .ARM.Collect$$libinit$$00000021  c_w.l(libinit2.o)
    0x080001de   0x080001de   0x00000000   Code   RO         6449    .ARM.Collect$$libinit$$00000023  c_w.l(libinit2.o)
    0x080001de   0x080001de   0x00000004   Code   RO         6450    .ARM.Collect$$libinit$$00000024  c_w.l(libinit2.o)
    0x080001e2   0x080001e2   0x00000000   Code   RO         6451    .ARM.Collect$$libinit$$00000025  c_w.l(libinit2.o)
    0x080001e2   0x080001e2   0x00000000   Code   RO         6455    .ARM.Collect$$libinit$$0000002C  c_w.l(libinit2.o)
    0x080001e2   0x080001e2   0x00000000   Code   RO         6457    .ARM.Collect$$libinit$$0000002E  c_w.l(libinit2.o)
    0x080001e2   0x080001e2   0x00000000   Code   RO         6459    .ARM.Collect$$libinit$$00000030  c_w.l(libinit2.o)
    0x080001e2   0x080001e2   0x00000000   Code   RO         6461    .ARM.Collect$$libinit$$00000032  c_w.l(libinit2.o)
    0x080001e2   0x080001e2   0x00000002   Code   RO         6462    .ARM.Collect$$libinit$$00000033  c_w.l(libinit2.o)
    0x080001e4   0x080001e4   0x00000002   Code   RO         6595    .ARM.Collect$$libshutdown$$00000000  c_w.l(libshutdown.o)
    0x080001e6   0x080001e6   0x00000000   Code   RO         6464    .ARM.Collect$$libshutdown$$00000002  c_w.l(libshutdown2.o)
    0x080001e6   0x080001e6   0x00000004   Code   RO         6465    .ARM.Collect$$libshutdown$$00000003  c_w.l(libshutdown2.o)
    0x080001ea   0x080001ea   0x00000000   Code   RO         6466    .ARM.Collect$$libshutdown$$00000004  c_w.l(libshutdown2.o)
    0x080001ea   0x080001ea   0x00000000   Code   RO         6469    .ARM.Collect$$libshutdown$$00000007  c_w.l(libshutdown2.o)
    0x080001ea   0x080001ea   0x00000000   Code   RO         6472    .ARM.Collect$$libshutdown$$0000000A  c_w.l(libshutdown2.o)
    0x080001ea   0x080001ea   0x00000000   Code   RO         6474    .ARM.Collect$$libshutdown$$0000000C  c_w.l(libshutdown2.o)
    0x080001ea   0x080001ea   0x00000000   Code   RO         6477    .ARM.Collect$$libshutdown$$0000000F  c_w.l(libshutdown2.o)
    0x080001ea   0x080001ea   0x00000002   Code   RO         6478    .ARM.Collect$$libshutdown$$00000010  c_w.l(libshutdown2.o)
    0x080001ec   0x080001ec   0x00000000   Code   RO         6194    .ARM.Collect$$rtentry$$00000000  c_w.l(__rtentry.o)
    0x080001ec   0x080001ec   0x00000000   Code   RO         6247    .ARM.Collect$$rtentry$$00000002  c_w.l(__rtentry2.o)
    0x080001ec   0x080001ec   0x00000006   Code   RO         6259    .ARM.Collect$$rtentry$$00000004  c_w.l(__rtentry4.o)
    0x080001f2   0x080001f2   0x00000000   Code   RO         6249    .ARM.Collect$$rtentry$$00000009  c_w.l(__rtentry2.o)
    0x080001f2   0x080001f2   0x00000004   Code   RO         6250    .ARM.Collect$$rtentry$$0000000A  c_w.l(__rtentry2.o)
    0x080001f6   0x080001f6   0x00000000   Code   RO         6252    .ARM.Collect$$rtentry$$0000000C  c_w.l(__rtentry2.o)
    0x080001f6   0x080001f6   0x00000008   Code   RO         6253    .ARM.Collect$$rtentry$$0000000D  c_w.l(__rtentry2.o)
    0x080001fe   0x080001fe   0x00000002   Code   RO         6484    .ARM.Collect$$rtexit$$00000000  c_w.l(rtexit.o)
    0x08000200   0x08000200   0x00000000   Code   RO         6538    .ARM.Collect$$rtexit$$00000002  c_w.l(rtexit2.o)
    0x08000200   0x08000200   0x00000004   Code   RO         6539    .ARM.Collect$$rtexit$$00000003  c_w.l(rtexit2.o)
    0x08000204   0x08000204   0x00000006   Code   RO         6540    .ARM.Collect$$rtexit$$00000004  c_w.l(rtexit2.o)
    0x0800020a   0x0800020a   0x00000002   PAD
    0x0800020c   0x0800020c   0x00000000   Code   RO         6544    .emb_text           c_w.l(maybetermalloc1.o)
    0x0800020c   0x0800020c   0x00000040   Code   RO         5230    .text               startup_gd32f30x_hd.o
    0x0800024c   0x0800024c   0x00000018   Code   RO         6083    .text               c_w.l(noretval__2printf.o)
    0x08000264   0x08000264   0x00000034   Code   RO         6085    .text               c_w.l(noretval__2snprintf.o)
    0x08000298   0x08000298   0x00000052   Code   RO         6089    .text               c_w.l(_printf_str.o)
    0x080002ea   0x080002ea   0x00000002   PAD
    0x080002ec   0x080002ec   0x00000078   Code   RO         6091    .text               c_w.l(_printf_dec.o)
    0x08000364   0x08000364   0x0000010e   Code   RO         6101    .text               c_w.l(__printf_wp.o)
    0x08000472   0x08000472   0x0000003e   Code   RO         6118    .text               c_w.l(strlen.o)
    0x080004b0   0x080004b0   0x0000008a   Code   RO         6120    .text               c_w.l(rt_memcpy_v6.o)
    0x0800053a   0x0800053a   0x00000044   Code   RO         6122    .text               c_w.l(rt_memclr.o)
    0x0800057e   0x0800057e   0x0000004e   Code   RO         6124    .text               c_w.l(rt_memclr_w.o)
    0x080005cc   0x080005cc   0x00000006   Code   RO         6126    .text               c_w.l(heapauxi.o)
    0x080005d2   0x080005d2   0x00000016   Code   RO         6195    .text               c_w.l(_rserrno.o)
    0x080005e8   0x080005e8   0x000000b2   Code   RO         6197    .text               c_w.l(_printf_intcommon.o)
    0x0800069a   0x0800069a   0x0000041e   Code   RO         6199    .text               c_w.l(_printf_fp_dec.o)
    0x08000ab8   0x08000ab8   0x00000030   Code   RO         6201    .text               c_w.l(_printf_char_common.o)
    0x08000ae8   0x08000ae8   0x0000000a   Code   RO         6203    .text               c_w.l(_sputc.o)
    0x08000af2   0x08000af2   0x00000010   Code   RO         6205    .text               c_w.l(_snputc.o)
    0x08000b02   0x08000b02   0x0000002c   Code   RO         6207    .text               c_w.l(_printf_char.o)
    0x08000b2e   0x08000b2e   0x00000002   PAD
    0x08000b30   0x08000b30   0x00000024   Code   RO         6209    .text               c_w.l(_printf_char_file.o)
    0x08000b54   0x08000b54   0x00000064   Code   RO         6218    .text               c_w.l(rt_memcpy_w.o)
    0x08000bb8   0x08000bb8   0x00000008   Code   RO         6264    .text               c_w.l(rt_locale_intlibspace.o)
    0x08000bc0   0x08000bc0   0x00000008   Code   RO         6269    .text               c_w.l(rt_errno_addr_intlibspace.o)
    0x08000bc8   0x08000bc8   0x0000008a   Code   RO         6271    .text               c_w.l(lludiv10.o)
    0x08000c52   0x08000c52   0x00000002   PAD
    0x08000c54   0x08000c54   0x00000080   Code   RO         6273    .text               c_w.l(_printf_fp_infnan.o)
    0x08000cd4   0x08000cd4   0x000000e4   Code   RO         6277    .text               c_w.l(bigflt0.o)
    0x08000db8   0x08000db8   0x00000008   Code   RO         6302    .text               c_w.l(ferror.o)
    0x08000dc0   0x08000dc0   0x00000138   Code   RO         6308    .text               c_w.l(initio.o)
    0x08000ef8   0x08000ef8   0x00000066   Code   RO         6323    .text               c_w.l(sys_io.o)
    0x08000f5e   0x08000f5e   0x00000002   PAD
    0x08000f60   0x08000f60   0x00000008   Code   RO         6328    .text               c_w.l(libspace.o)
    0x08000f68   0x08000f68   0x0000004a   Code   RO         6333    .text               c_w.l(sys_stackheap_outer.o)
    0x08000fb2   0x08000fb2   0x0000004e   Code   RO         6337    .text               c_w.l(h1_free.o)
    0x08001000   0x08001000   0x000001d6   Code   RO         6391    .text               c_w.l(flsbuf.o)
    0x080011d6   0x080011d6   0x00000046   Code   RO         6393    .text               c_w.l(setvbuf.o)
    0x0800121c   0x0800121c   0x000000ec   Code   RO         6396    .text               c_w.l(fopen.o)
    0x08001308   0x08001308   0x0000004c   Code   RO         6398    .text               c_w.l(fclose.o)
    0x08001354   0x08001354   0x00000012   Code   RO         6404    .text               c_w.l(exit.o)
    0x08001366   0x08001366   0x0000000e   Code   RO         6406    .text               c_w.l(defsig_rtred_outer.o)
    0x08001374   0x08001374   0x00000080   Code   RO         6410    .text               c_w.l(strcmpv7m.o)
    0x080013f4   0x080013f4   0x00000002   Code   RO         6481    .text               c_w.l(use_no_semi.o)
    0x080013f6   0x080013f6   0x00000000   Code   RO         6483    .text               c_w.l(indicate_semi.o)
    0x080013f6   0x080013f6   0x00000002   PAD
    0x080013f8   0x080013f8   0x00000008   Code   RO         6491    .text               c_w.l(rt_heap_descriptor_intlibspace.o)
    0x08001400   0x08001400   0x00000004   Code   RO         6493    .text               c_w.l(hguard.o)
    0x08001404   0x08001404   0x0000008a   Code   RO         6495    .text               c_w.l(init_alloc.o)
    0x0800148e   0x0800148e   0x0000005e   Code   RO         6501    .text               c_w.l(h1_alloc.o)
    0x080014ec   0x080014ec   0x000000f8   Code   RO         6517    .text               c_w.l(fseek.o)
    0x080015e4   0x080015e4   0x000000f0   Code   RO         6519    .text               c_w.l(stdio.o)
    0x080016d4   0x080016d4   0x0000000a   Code   RO         6525    .text               c_w.l(defsig_exit.o)
    0x080016de   0x080016de   0x00000002   PAD
    0x080016e0   0x080016e0   0x00000034   Code   RO         6527    .text               c_w.l(defsig_rtred_inner.o)
    0x08001714   0x08001714   0x0000000c   Code   RO         6535    .text               c_w.l(sys_exit.o)
    0x08001720   0x08001720   0x0000000e   Code   RO         6546    .text               c_w.l(h1_init.o)
    0x0800172e   0x0800172e   0x00000034   Code   RO         6548    .text               c_w.l(h1_extend.o)
    0x08001762   0x08001762   0x00000042   Code   RO         6558    .text               c_w.l(ftell.o)
    0x080017a4   0x080017a4   0x00000032   Code   RO         6566    .text               c_w.l(defsig_general.o)
    0x080017d6   0x080017d6   0x0000000e   Code   RO         6568    .text               c_w.l(defsig_rtmem_outer.o)
    0x080017e4   0x080017e4   0x0000000e   Code   RO         6581    .text               c_w.l(sys_wrch.o)
    0x080017f2   0x080017f2   0x00000002   PAD
    0x080017f4   0x080017f4   0x00000050   Code   RO         6589    .text               c_w.l(defsig_rtmem_inner.o)
    0x08001844   0x08001844   0x0000003e   Code   RO         6280    CL$$btod_d2e        c_w.l(btod.o)
    0x08001882   0x08001882   0x00000046   Code   RO         6282    CL$$btod_d2e_denorm_low  c_w.l(btod.o)
    0x080018c8   0x080018c8   0x00000060   Code   RO         6281    CL$$btod_d2e_norm_op1  c_w.l(btod.o)
    0x08001928   0x08001928   0x00000338   Code   RO         6290    CL$$btod_div_common  c_w.l(btod.o)
    0x08001c60   0x08001c60   0x000000dc   Code   RO         6287    CL$$btod_e2e        c_w.l(btod.o)
    0x08001d3c   0x08001d3c   0x0000002a   Code   RO         6284    CL$$btod_ediv       c_w.l(btod.o)
    0x08001d66   0x08001d66   0x0000002a   Code   RO         6283    CL$$btod_emul       c_w.l(btod.o)
    0x08001d90   0x08001d90   0x00000244   Code   RO         6289    CL$$btod_mult_common  c_w.l(btod.o)
    0x08001fd4   0x08001fd4   0x00000008   Code   RO          651    i.ADC0_1_IRQHandler  gd32f30x_it.o
    0x08001fdc   0x08001fdc   0x000000d4   Code   RO         5573    i.ADC_Config        adc.o
    0x080020b0   0x080020b0   0x0000007c   Code   RO         5574    i.ADC_DMA_Config    adc.o
    0x0800212c   0x0800212c   0x00000028   Code   RO         5575    i.ADC_DMA_IRQHandler_Internal  adc.o
    0x08002154   0x08002154   0x00000030   Code   RO         5577    i.ADC_GPIO_Config   adc.o
    0x08002184   0x08002184   0x00000160   Code   RO         5580    i.ADC_GetAverageSample  adc.o
    0x080022e4   0x080022e4   0x0000001c   Code   RO         5584    i.ADC_IRQHandler_Internal  adc.o
    0x08002300   0x08002300   0x0000006c   Code   RO         5585    i.ADC_Init          adc.o
    0x0800236c   0x0800236c   0x00000024   Code   RO         5587    i.ADC_RawToVoltage  adc.o
    0x08002390   0x08002390   0x000000a0   Code   RO         5589    i.ADC_Start         adc.o
    0x08002430   0x08002430   0x00000020   Code   RO         5591    i.ADC_VoltageToCurrent  adc.o
    0x08002450   0x08002450   0x00000008   Code   RO         5469    i.AS5600_CombineBytes  as5600.o
    0x08002458   0x08002458   0x00000008   Code   RO         5471    i.AS5600_Init       as5600.o
    0x08002460   0x08002460   0x0000000e   Code   RO         5475    i.AS5600_ReadAngle  as5600.o
    0x0800246e   0x0800246e   0x00000030   Code   RO         5478    i.AS5600_ReadRegister16  as5600.o
    0x0800249e   0x0800249e   0x00000004   Code   RO          652    i.BusFault_Handler  gd32f30x_it.o
    0x080024a2   0x080024a2   0x00000002   PAD
    0x080024a4   0x080024a4   0x0000011c   Code   RO          972    i.CommandManager_Execute  command_manager.o
    0x080025c0   0x080025c0   0x0000000c   Code   RO          973    i.CommandManager_GetAnglePidKd  command_manager.o
    0x080025cc   0x080025cc   0x0000000c   Code   RO          974    i.CommandManager_GetAnglePidKi  command_manager.o
    0x080025d8   0x080025d8   0x0000000c   Code   RO          975    i.CommandManager_GetAnglePidKp  command_manager.o
    0x080025e4   0x080025e4   0x0000000c   Code   RO          976    i.CommandManager_GetAngleSpeedRadS  command_manager.o
    0x080025f0   0x080025f0   0x0000000c   Code   RO          977    i.CommandManager_GetCurrentPidKd  command_manager.o
    0x080025fc   0x080025fc   0x0000000c   Code   RO          978    i.CommandManager_GetCurrentPidKi  command_manager.o
    0x08002608   0x08002608   0x0000000c   Code   RO          979    i.CommandManager_GetCurrentPidKp  command_manager.o
    0x08002614   0x08002614   0x0000000c   Code   RO          980    i.CommandManager_GetDebugHighDivider  command_manager.o
    0x08002620   0x08002620   0x0000000c   Code   RO          981    i.CommandManager_GetDebugLowDivider  command_manager.o
    0x0800262c   0x0800262c   0x00000280   Code   RO          982    i.CommandManager_GetParamName  command_manager.o
    0x080028ac   0x080028ac   0x00000008   Code   RO          983    i.CommandManager_GetRuntimeState  command_manager.o
    0x080028b4   0x080028b4   0x0000000c   Code   RO          984    i.CommandManager_GetSpeedPidKd  command_manager.o
    0x080028c0   0x080028c0   0x0000000c   Code   RO          985    i.CommandManager_GetSpeedPidKi  command_manager.o
    0x080028cc   0x080028cc   0x0000000c   Code   RO          986    i.CommandManager_GetSpeedPidKp  command_manager.o
    0x080028d8   0x080028d8   0x0000000c   Code   RO          987    i.CommandManager_GetTargetAngleRad  command_manager.o
    0x080028e4   0x080028e4   0x0000000c   Code   RO          989    i.CommandManager_IsDebugHighEnabled  command_manager.o
    0x080028f0   0x080028f0   0x0000000c   Code   RO          990    i.CommandManager_IsDebugLowEnabled  command_manager.o
    0x080028fc   0x080028fc   0x000000a8   Code   RO          991    i.CommandManager_Process  command_manager.o
    0x080029a4   0x080029a4   0x00000154   Code   RO          992    i.CommandManager_ReadParam  command_manager.o
    0x08002af8   0x08002af8   0x00000618   Code   RO          993    i.CommandManager_ReportAllParams  command_manager.o
    0x08003110   0x08003110   0x00000060   Code   RO          995    i.CommandManager_ReportSingleParam  command_manager.o
    0x08003170   0x08003170   0x000001ac   Code   RO          996    i.CommandManager_WriteParam  command_manager.o
    0x0800331c   0x0800331c   0x0000001c   Code   RO            1    i.ControlScheduler_ClearAllCallbacks  control_scheduler.o
    0x08003338   0x08003338   0x00000008   Code   RO            3    i.ControlScheduler_EnableDWT  control_scheduler.o
    0x08003340   0x08003340   0x0000000c   Code   RO            4    i.ControlScheduler_GetExecutionCycles  control_scheduler.o
    0x0800334c   0x0800334c   0x0000001c   Code   RO            6    i.ControlScheduler_Init  control_scheduler.o
    0x08003368   0x08003368   0x000000a8   Code   RO            8    i.ControlScheduler_RunTick  control_scheduler.o
    0x08003410   0x08003410   0x00000010   Code   RO            9    i.ControlScheduler_SetCallback  control_scheduler.o
    0x08003420   0x08003420   0x00000008   Code   RO          653    i.DMA0_Channel0_IRQHandler  gd32f30x_it.o
    0x08003428   0x08003428   0x00000002   Code   RO          654    i.DebugMon_Handler  gd32f30x_it.o
    0x0800342a   0x0800342a   0x00000002   PAD
    0x0800342c   0x0800342c   0x00000014   Code   RO         1132    i.DebugStream_Init  debug_stream.o
    0x08003440   0x08003440   0x000002a8   Code   RO         1133    i.DebugStream_OutputSemanticTelemetry  debug_stream.o
    0x080036e8   0x080036e8   0x00000154   Code   RO         1134    i.DebugStream_Process  debug_stream.o
    0x0800383c   0x0800383c   0x00000188   Code   RO          174    i.FOC_AngleHoldPIDRun  foc_control.o
    0x080039c4   0x080039c4   0x000000c4   Code   RO           81    i.FOC_App_ApplyPidRuntimeParams  foc_app.o
    0x08003a88   0x08003a88   0x000003c8   Code   RO           82    i.FOC_App_Init      foc_app.o
    0x08003e50   0x08003e50   0x00000040   Code   RO           83    i.FOC_App_Loop      foc_app.o
    0x08003e90   0x08003e90   0x00000008   Code   RO           84    i.FOC_App_Start     foc_app.o
    0x08003e98   0x08003e98   0x00000134   Code   RO         1157    i.FOC_CalibrateElectricalAngleAndDirection  foc_control_init.o
    0x08003fcc   0x08003fcc   0x00000016   Code   RO         1158    i.FOC_ClampPolePairs  foc_control_init.o
    0x08003fe2   0x08003fe2   0x00000002   PAD
    0x08003fe4   0x08003fe4   0x00000124   Code   RO          175    i.FOC_ControlApplyElectricalAngle  foc_control.o
    0x08004108   0x08004108   0x00000008   Code   RO          177    i.FOC_ControlGetRuntimeConfig  foc_control.o
    0x08004110   0x08004110   0x000000c4   Code   RO          178    i.FOC_ControlMechanicalToElectricalAngle  foc_control.o
    0x080041d4   0x080041d4   0x00000024   Code   RO          179    i.FOC_ControlSetAngleHoldIntegralLimit  foc_control.o
    0x080041f8   0x080041f8   0x00000024   Code   RO          180    i.FOC_ControlSetAngleHoldPidDeadbandRad  foc_control.o
    0x0800421c   0x0800421c   0x00000024   Code   RO          181    i.FOC_ControlSetMinMechAngleAccumDeltaRad  foc_control.o
    0x08004240   0x08004240   0x00000024   Code   RO          182    i.FOC_ControlSetSpeedAngleTransitionEndRad  foc_control.o
    0x08004264   0x08004264   0x00000024   Code   RO          183    i.FOC_ControlSetSpeedAngleTransitionStartRad  foc_control.o
    0x08004288   0x08004288   0x0000002c   Code   RO          184    i.FOC_CurrentLoopPIDRun  foc_control.o
    0x080042b4   0x080042b4   0x000000e0   Code   RO          185    i.FOC_CurrentLoopStep  foc_control.o
    0x08004394   0x08004394   0x00000190   Code   RO         1159    i.FOC_EstimateDirectionAndPolePairs  foc_control_init.o
    0x08004524   0x08004524   0x000000d8   Code   RO         1160    i.FOC_MotorInit     foc_control_init.o
    0x080045fc   0x080045fc   0x00000030   Code   RO          187    i.FOC_PIDInit       foc_control.o
    0x0800462c   0x0800462c   0x0000010c   Code   RO          189    i.FOC_PIDRunCore    foc_control.o
    0x08004738   0x08004738   0x0000000c   Code   RO          323    i.FOC_Platform_BindControlTickCallback  foc_platform_api.o
    0x08004744   0x08004744   0x00000008   Code   RO          324    i.FOC_Platform_CommandInit  foc_platform_api.o
    0x0800474c   0x0800474c   0x00000010   Code   RO          325    i.FOC_Platform_CommandReadFrame  foc_platform_api.o
    0x0800475c   0x0800475c   0x0000000c   Code   RO          327    i.FOC_Platform_CommandWrite  foc_platform_api.o
    0x08004768   0x08004768   0x0000000e   Code   RO          328    i.FOC_Platform_ControlTickSourceInit  foc_platform_api.o
    0x08004776   0x08004776   0x00000002   PAD
    0x08004778   0x08004778   0x00000030   Code   RO          329    i.FOC_Platform_EnableCycleCounter  foc_platform_api.o
    0x080047a8   0x080047a8   0x00000020   Code   RO          330    i.FOC_Platform_HighRateClockInit  foc_platform_api.o
    0x080047c8   0x080047c8   0x00000008   Code   RO          331    i.FOC_Platform_IndicatorInit  foc_platform_api.o
    0x080047d0   0x080047d0   0x00000010   Code   RO          332    i.FOC_Platform_PWMInit  foc_platform_api.o
    0x080047e0   0x080047e0   0x00000010   Code   RO          333    i.FOC_Platform_PWMSetDutyCycle  foc_platform_api.o
    0x080047f0   0x080047f0   0x00000028   Code   RO          334    i.FOC_Platform_PWMSetDutyCycleTripleFloat  foc_platform_api.o
    0x08004818   0x08004818   0x00000008   Code   RO          335    i.FOC_Platform_PWMStart  foc_platform_api.o
    0x08004820   0x08004820   0x0000000c   Code   RO          336    i.FOC_Platform_ReadCycleCounter  foc_platform_api.o
    0x0800482c   0x0800482c   0x0000001a   Code   RO          337    i.FOC_Platform_ReadEncoderRawAngle  foc_platform_api.o
    0x08004846   0x08004846   0x00000002   PAD
    0x08004848   0x08004848   0x00000038   Code   RO          338    i.FOC_Platform_ReadMechanicalAngleRad  foc_platform_api.o
    0x08004880   0x08004880   0x00000032   Code   RO          339    i.FOC_Platform_ReadPhaseCurrentAB  foc_platform_api.o
    0x080048b2   0x080048b2   0x0000000c   Code   RO          340    i.FOC_Platform_RegisterHighRateCallback  foc_platform_api.o
    0x080048be   0x080048be   0x0000000c   Code   RO          341    i.FOC_Platform_ReportProtocolStatus  foc_platform_api.o
    0x080048ca   0x080048ca   0x00000008   Code   RO          342    i.FOC_Platform_RuntimeInit  foc_platform_api.o
    0x080048d2   0x080048d2   0x00000002   PAD
    0x080048d4   0x080048d4   0x0000003c   Code   RO          343    i.FOC_Platform_SensorInputInit  foc_platform_api.o
    0x08004910   0x08004910   0x00000016   Code   RO          344    i.FOC_Platform_SetHeartbeatIndicator  foc_platform_api.o
    0x08004926   0x08004926   0x00000002   PAD
    0x08004928   0x08004928   0x00000048   Code   RO          345    i.FOC_Platform_SetSensorSampleOffsetPercent  foc_platform_api.o
    0x08004970   0x08004970   0x00000008   Code   RO          346    i.FOC_Platform_StartControlTickSource  foc_platform_api.o
    0x08004978   0x08004978   0x00000008   Code   RO          347    i.FOC_Platform_StartHighRateClock  foc_platform_api.o
    0x08004980   0x08004980   0x0000000c   Code   RO          348    i.FOC_Platform_TelemetryInit  foc_platform_api.o
    0x0800498c   0x0800498c   0x0000000c   Code   RO          349    i.FOC_Platform_TelemetryWrite  foc_platform_api.o
    0x08004998   0x08004998   0x0000000c   Code   RO          350    i.FOC_Platform_TelemetryWriteByte  foc_platform_api.o
    0x080049a4   0x080049a4   0x00000016   Code   RO          351    i.FOC_Platform_WaitMs  foc_platform_api.o
    0x080049ba   0x080049ba   0x0000000c   Code   RO         1161    i.FOC_ReadMechanicalAngleRad  foc_control_init.o
    0x080049c6   0x080049c6   0x00000002   PAD
    0x080049c8   0x080049c8   0x0000001c   Code   RO          190    i.FOC_ResetPIDState  foc_control.o
    0x080049e4   0x080049e4   0x0000002c   Code   RO          191    i.FOC_ResetSpeedState  foc_control.o
    0x08004a10   0x08004a10   0x000000d4   Code   RO         1162    i.FOC_SampleLockedMechanicalAngle  foc_control_init.o
    0x08004ae4   0x08004ae4   0x000001a0   Code   RO          192    i.FOC_SpeedAngleControlStep  foc_control.o
    0x08004c84   0x08004c84   0x000000d4   Code   RO          194    i.FOC_TorqueControlStep  foc_control.o
    0x08004d58   0x08004d58   0x0000006c   Code   RO          195    i.FOC_UpdateAccumulatedMechanicalAngle  foc_control.o
    0x08004dc4   0x08004dc4   0x000000fc   Code   RO          196    i.FOC_UpdateSpeedAngleError  foc_control.o
    0x08004ec0   0x08004ec0   0x00000004   Code   RO          655    i.HardFault_Handler  gd32f30x_it.o
    0x08004ec4   0x08004ec4   0x0000005c   Code   RO         5707    i.I2C0_Config       i2c0.o
    0x08004f20   0x08004f20   0x00000028   Code   RO         5708    i.I2C0_GPIO_Config  i2c0.o
    0x08004f48   0x08004f48   0x0000000c   Code   RO         5709    i.I2C0_Init         i2c0.o
    0x08004f54   0x08004f54   0x000000f4   Code   RO         5711    i.I2C0_ReadBytes    i2c0.o
    0x08005048   0x08005048   0x00000038   Code   RO         5712    i.I2C0_SendAddress  i2c0.o
    0x08005080   0x08005080   0x00000028   Code   RO         5713    i.I2C0_SendStart    i2c0.o
    0x080050a8   0x080050a8   0x00000018   Code   RO         5714    i.I2C0_SendStop     i2c0.o
    0x080050c0   0x080050c0   0x00000080   Code   RO         5715    i.I2C0_Unlock       i2c0.o
    0x08005140   0x08005140   0x0000003c   Code   RO         5716    i.I2C0_WaitFlag     i2c0.o
    0x0800517c   0x0800517c   0x00000034   Code   RO         5717    i.I2C0_WaitStopClear  i2c0.o
    0x080051b0   0x080051b0   0x00000034   Code   RO          819    i.Kalman_Init       sensor.o
    0x080051e4   0x080051e4   0x000000a0   Code   RO          820    i.Kalman_Update     sensor.o
    0x08005284   0x08005284   0x00000028   Code   RO           85    i.LED_Blink_1Hz     foc_app.o
    0x080052ac   0x080052ac   0x00000044   Code   RO         5433    i.LED_Init          led.o
    0x080052f0   0x080052f0   0x0000002a   Code   RO          771    i.Math_ClampFloat   math_transforms.o
    0x0800531a   0x0800531a   0x00000002   PAD
    0x0800531c   0x0800531c   0x0000001c   Code   RO          772    i.Math_ClarkeTransform  math_transforms.o
    0x08005338   0x08005338   0x00000034   Code   RO          773    i.Math_InverseClarkeTransform  math_transforms.o
    0x0800536c   0x0800536c   0x0000004c   Code   RO          774    i.Math_InverseParkTransform  math_transforms.o
    0x080053b8   0x080053b8   0x00000050   Code   RO          775    i.Math_ParkTransform  math_transforms.o
    0x08005408   0x08005408   0x0000003c   Code   RO          776    i.Math_WrapRad      math_transforms.o
    0x08005444   0x08005444   0x00000048   Code   RO          777    i.Math_WrapRadDelta  math_transforms.o
    0x0800548c   0x0800548c   0x00000004   Code   RO          656    i.MemManage_Handler  gd32f30x_it.o
    0x08005490   0x08005490   0x0000000c   Code   RO           86    i.Monitor_Task_Trigger  foc_app.o
    0x0800549c   0x0800549c   0x00000088   Code   RO           87    i.Motor_Control_Loop  foc_app.o
    0x08005524   0x08005524   0x00000002   Code   RO          657    i.NMI_Handler       gd32f30x_it.o
    0x08005526   0x08005526   0x00000002   PAD
    0x08005528   0x08005528   0x00000028   Code   RO          924    i.NVIC_SetPriority  systick.o
    0x08005550   0x08005550   0x00000018   Code   RO         5334    i.PWM_CalculateCompareValue  pwm.o
    0x08005568   0x08005568   0x00000050   Code   RO         5335    i.PWM_CalculateCompareValueFloat  pwm.o
    0x080055b8   0x080055b8   0x00000010   Code   RO         5337    i.PWM_EnableComplementaryOutputs  pwm.o
    0x080055c8   0x080055c8   0x00000098   Code   RO         5338    i.PWM_GPIO_Config   pwm.o
    0x08005660   0x08005660   0x00000060   Code   RO         5340    i.PWM_Init          pwm.o
    0x080056c0   0x080056c0   0x00000044   Code   RO         5341    i.PWM_SetDeadTime   pwm.o
    0x08005704   0x08005704   0x00000058   Code   RO         5342    i.PWM_SetDutyCycle  pwm.o
    0x0800575c   0x0800575c   0x00000068   Code   RO         5344    i.PWM_SetDutyCycleTripleFloat  pwm.o
    0x080057c4   0x080057c4   0x00000010   Code   RO         5345    i.PWM_Start         pwm.o
    0x080057d4   0x080057d4   0x000000e0   Code   RO         5347    i.PWM_Timer_Config  pwm.o
    0x080058b4   0x080058b4   0x00000002   Code   RO          658    i.PendSV_Handler    gd32f30x_it.o
    0x080058b6   0x080058b6   0x00000002   PAD
    0x080058b8   0x080058b8   0x00000010   Code   RO         1195    i.ProtocolParser_ClearUpdatedFlag  protocol_parser.o
    0x080058c8   0x080058c8   0x00000008   Code   RO         1196    i.ProtocolParser_GetLatestCommand  protocol_parser.o
    0x080058d0   0x080058d0   0x00000088   Code   RO         1199    i.ProtocolParser_ParseFrame  protocol_parser.o
    0x08005958   0x08005958   0x000000d0   Code   RO         1200    i.ProtocolParser_ParseSignedFloat  protocol_parser.o
    0x08005a28   0x08005a28   0x0000005c   Code   RO         1201    i.ProtocolParser_Process  protocol_parser.o
    0x08005a84   0x08005a84   0x0000003c   Code   RO         5434    i.Reset_LED         led.o
    0x08005ac0   0x08005ac0   0x00000002   Code   RO          659    i.SVC_Handler       gd32f30x_it.o
    0x08005ac2   0x08005ac2   0x00000002   PAD
    0x08005ac4   0x08005ac4   0x00000034   Code   RO          879    i.SVPWM_Clamp01     svpwm.o
    0x08005af8   0x08005af8   0x0000008c   Code   RO          880    i.SVPWM_DetermineSector  svpwm.o
    0x08005b84   0x08005b84   0x000000f0   Code   RO          882    i.SVPWM_Init        svpwm.o
    0x08005c74   0x08005c74   0x000000d0   Code   RO          883    i.SVPWM_InterpolationISR  svpwm.o
    0x08005d44   0x08005d44   0x00000474   Code   RO          884    i.SVPWM_Update      svpwm.o
    0x080061b8   0x080061b8   0x00000018   Code   RO          821    i.Sensor_ADCSampleTimeOffset  sensor.o
    0x080061d0   0x080061d0   0x00000008   Code   RO          822    i.Sensor_GetData    sensor.o
    0x080061d8   0x080061d8   0x00000090   Code   RO          823    i.Sensor_Init       sensor.o
    0x08006268   0x08006268   0x000000c4   Code   RO          824    i.Sensor_ReadADC    sensor.o
    0x0800632c   0x0800632c   0x0000000c   Code   RO          825    i.Sensor_ReadAll    sensor.o
    0x08006338   0x08006338   0x00000054   Code   RO          826    i.Sensor_ReadEncoder  sensor.o
    0x0800638c   0x0800638c   0x000000c8   Code   RO          827    i.Sensor_SetZeroOffset  sensor.o
    0x08006454   0x08006454   0x0000000c   Code   RO           88    i.Service_Task_Trigger  foc_app.o
    0x08006460   0x08006460   0x0000003c   Code   RO         5435    i.Set_LED           led.o
    0x0800649c   0x0800649c   0x00000008   Code   RO          660    i.SysTick_Handler   gd32f30x_it.o
    0x080064a4   0x080064a4   0x00000148   Code   RO         1246    i.SystemInit        system_gd32f30x.o
    0x080065ec   0x080065ec   0x00000008   Code   RO          661    i.TIMER1_IRQHandler  gd32f30x_it.o
    0x080065f4   0x080065f4   0x00000008   Code   RO          662    i.TIMER2_IRQHandler  gd32f30x_it.o
    0x080065fc   0x080065fc   0x00000028   Code   RO         5285    i.Timer1_IRQHandler_Internal  timer1.o
    0x08006624   0x08006624   0x00000058   Code   RO         5286    i.Timer1_Init       timer1.o
    0x0800667c   0x0800667c   0x0000000c   Code   RO         5287    i.Timer1_SetCallback  timer1.o
    0x08006688   0x08006688   0x00000018   Code   RO         5288    i.Timer1_Start      timer1.o
    0x080066a0   0x080066a0   0x00000030   Code   RO         5236    i.Timer2_IRQHandler_Internal  timer2.o
    0x080066d0   0x080066d0   0x00000068   Code   RO         5237    i.Timer2_Init       timer2.o
    0x08006738   0x08006738   0x0000000c   Code   RO         5238    i.Timer2_SetCallback  timer2.o
    0x08006744   0x08006744   0x00000018   Code   RO         5239    i.Timer2_Start      timer2.o
    0x0800675c   0x0800675c   0x000000bc   Code   RO         6042    i.Timer3_Init       timer3.o
    0x08006818   0x08006818   0x00000018   Code   RO         6043    i.Timer3_Start      timer3.o
    0x08006830   0x08006830   0x0000001a   Code   RO         5801    i.USART1_BufferIsFull  usart1.o
    0x0800684a   0x0800684a   0x00000002   PAD
    0x0800684c   0x0800684c   0x00000038   Code   RO         5802    i.USART1_ClearBuffers  usart1.o
    0x08006884   0x08006884   0x00000064   Code   RO         5803    i.USART1_DMATxConfig  usart1.o
    0x080068e8   0x080068e8   0x00000088   Code   RO         5804    i.USART1_DMATxTransfer  usart1.o
    0x08006970   0x08006970   0x0000001c   Code   RO         5805    i.USART1_DisableInterrupts  usart1.o
    0x0800698c   0x0800698c   0x0000001c   Code   RO         5806    i.USART1_EnableInterrupts  usart1.o
    0x080069a8   0x080069a8   0x00000074   Code   RO         5807    i.USART1_HandlerInternal  usart1.o
    0x08006a1c   0x08006a1c   0x00000008   Code   RO          663    i.USART1_IRQHandler  gd32f30x_it.o
    0x08006a24   0x08006a24   0x00000008   Code   RO         5808    i.USART1_IRQHandler_Internal  usart1.o
    0x08006a2c   0x08006a2c   0x000000a8   Code   RO         5809    i.USART1_Init       usart1.o
    0x08006ad4   0x08006ad4   0x0000000c   Code   RO         5812    i.USART1_SendByte   usart1.o
    0x08006ae0   0x08006ae0   0x00000048   Code   RO         5813    i.USART1_SendData   usart1.o
    0x08006b28   0x08006b28   0x0000001c   Code   RO         5814    i.USART1_SendString  usart1.o
    0x08006b44   0x08006b44   0x00000068   Code   RO         5910    i.USART2_ClearBuffers  usart2.o
    0x08006bac   0x08006bac   0x0000008c   Code   RO         5911    i.USART2_DMARxConfig  usart2.o
    0x08006c38   0x08006c38   0x00000048   Code   RO         5912    i.USART2_DMARxRestart  usart2.o
    0x08006c80   0x08006c80   0x00000064   Code   RO         5913    i.USART2_DMATxConfig  usart2.o
    0x08006ce4   0x08006ce4   0x00000088   Code   RO         5914    i.USART2_DMATxTransfer  usart2.o
    0x08006d6c   0x08006d6c   0x0000001c   Code   RO         5915    i.USART2_DisableInterrupts  usart2.o
    0x08006d88   0x08006d88   0x0000001c   Code   RO         5916    i.USART2_EnableInterrupts  usart2.o
    0x08006da4   0x08006da4   0x00000008   Code   RO          664    i.USART2_IRQHandler  gd32f30x_it.o
    0x08006dac   0x08006dac   0x00000080   Code   RO         5917    i.USART2_IRQHandler_Internal  usart2.o
    0x08006e2c   0x08006e2c   0x000000b0   Code   RO         5918    i.USART2_Init       usart2.o
    0x08006edc   0x08006edc   0x00000050   Code   RO         5922    i.USART2_ReadIdleFrame  usart2.o
    0x08006f2c   0x08006f2c   0x0000000c   Code   RO         5924    i.USART2_SendByte   usart2.o
    0x08006f38   0x08006f38   0x00000048   Code   RO         5925    i.USART2_SendData   usart2.o
    0x08006f80   0x08006f80   0x0000001c   Code   RO         5926    i.USART2_SendString  usart2.o
    0x08006f9c   0x08006f9c   0x00000004   Code   RO          665    i.UsageFault_Handler  gd32f30x_it.o
    0x08006fa0   0x08006fa0   0x00000030   Code   RO         6321    i.__ARM_fpclassify  m_wm.l(fpclassify.o)
    0x08006fd0   0x08006fd0   0x00000026   Code   RO         6227    i.__ARM_fpclassifyf  m_wm.l(fpclassifyf.o)
    0x08006ff6   0x08006ff6   0x00000002   PAD
    0x08006ff8   0x08006ff8   0x00000250   Code   RO         6134    i.__hardfp_atan2f   m_wm.l(atan2f.o)
    0x08007248   0x08007248   0x00000150   Code   RO         6146    i.__hardfp_cosf     m_wm.l(cosf.o)
    0x08007398   0x08007398   0x000000b0   Code   RO         6158    i.__hardfp_fmodf    m_wm.l(fmodf.o)
    0x08007448   0x08007448   0x00000190   Code   RO         6170    i.__hardfp_sinf     m_wm.l(sinf.o)
    0x080075d8   0x080075d8   0x0000003a   Code   RO         6182    i.__hardfp_sqrtf    m_wm.l(sqrtf.o)
    0x08007612   0x08007612   0x00000006   Code   RO         6230    i.__mathlib_flt_infnan  m_wm.l(funder.o)
    0x08007618   0x08007618   0x00000006   Code   RO         6231    i.__mathlib_flt_infnan2  m_wm.l(funder.o)
    0x0800761e   0x0800761e   0x00000002   PAD
    0x08007620   0x08007620   0x00000010   Code   RO         6232    i.__mathlib_flt_invalid  m_wm.l(funder.o)
    0x08007630   0x08007630   0x00000010   Code   RO         6235    i.__mathlib_flt_underflow  m_wm.l(funder.o)
    0x08007640   0x08007640   0x00000154   Code   RO         6243    i.__mathlib_rredf2  m_wm.l(rredf.o)
    0x08007794   0x08007794   0x0000000e   Code   RO         6103    i._is_digit         c_w.l(__printf_wp.o)
    0x080077a2   0x080077a2   0x0000001c   Code   RO         1247    i._soft_delay_      system_gd32f30x.o
    0x080077be   0x080077be   0x0000002a   Code   RO         1298    i.adc_calibration_enable  gd32f30x_adc.o
    0x080077e8   0x080077e8   0x00000046   Code   RO         1299    i.adc_channel_length_config  gd32f30x_adc.o
    0x0800782e   0x0800782e   0x00000016   Code   RO         1300    i.adc_data_alignment_config  gd32f30x_adc.o
    0x08007844   0x08007844   0x00000058   Code   RO         1301    i.adc_deinit        gd32f30x_adc.o
    0x0800789c   0x0800789c   0x0000000a   Code   RO         1305    i.adc_dma_mode_enable  gd32f30x_adc.o
    0x080078a6   0x080078a6   0x00000012   Code   RO         1306    i.adc_enable        gd32f30x_adc.o
    0x080078b8   0x080078b8   0x0000003e   Code   RO         1307    i.adc_external_trigger_config  gd32f30x_adc.o
    0x080078f6   0x080078f6   0x00000030   Code   RO         1308    i.adc_external_trigger_source_config  gd32f30x_adc.o
    0x08007926   0x08007926   0x00000006   Code   RO         1309    i.adc_flag_clear    gd32f30x_adc.o
    0x0800792c   0x0800792c   0x0000002c   Code   RO         1315    i.adc_interrupt_enable  gd32f30x_adc.o
    0x08007958   0x08007958   0x00000006   Code   RO         1316    i.adc_interrupt_flag_clear  gd32f30x_adc.o
    0x0800795e   0x0800795e   0x00000058   Code   RO         1317    i.adc_interrupt_flag_get  gd32f30x_adc.o
    0x080079b6   0x080079b6   0x00000002   PAD
    0x080079b8   0x080079b8   0x0000001c   Code   RO         1318    i.adc_mode_config   gd32f30x_adc.o
    0x080079d4   0x080079d4   0x00000014   Code   RO         1322    i.adc_resolution_config  gd32f30x_adc.o
    0x080079e8   0x080079e8   0x000000ac   Code   RO         1323    i.adc_routine_channel_config  gd32f30x_adc.o
    0x08007a94   0x08007a94   0x0000005a   Code   RO         1326    i.adc_special_function_config  gd32f30x_adc.o
    0x08007aee   0x08007aee   0x00000002   PAD
    0x08007af0   0x08007af0   0x00000014   Code   RO          925    i.delay_1ms         systick.o
    0x08007b04   0x08007b04   0x00000024   Code   RO          926    i.delay_decrement   systick.o
    0x08007b28   0x08007b28   0x00000032   Code   RO         2239    i.dma_channel_disable  gd32f30x_dma.o
    0x08007b5a   0x08007b5a   0x00000032   Code   RO         2240    i.dma_channel_enable  gd32f30x_dma.o
    0x08007b8c   0x08007b8c   0x00000032   Code   RO         2241    i.dma_circulation_disable  gd32f30x_dma.o
    0x08007bbe   0x08007bbe   0x00000032   Code   RO         2242    i.dma_circulation_enable  gd32f30x_dma.o
    0x08007bf0   0x08007bf0   0x00000070   Code   RO         2243    i.dma_deinit        gd32f30x_dma.o
    0x08007c60   0x08007c60   0x00000010   Code   RO         2244    i.dma_flag_clear    gd32f30x_dma.o
    0x08007c70   0x08007c70   0x00000018   Code   RO         2245    i.dma_flag_get      gd32f30x_dma.o
    0x08007c88   0x08007c88   0x0000012e   Code   RO         2246    i.dma_init          gd32f30x_dma.o
    0x08007db6   0x08007db6   0x00000032   Code   RO         2248    i.dma_interrupt_enable  gd32f30x_dma.o
    0x08007de8   0x08007de8   0x00000010   Code   RO         2249    i.dma_interrupt_flag_clear  gd32f30x_dma.o
    0x08007df8   0x08007df8   0x00000084   Code   RO         2250    i.dma_interrupt_flag_get  gd32f30x_dma.o
    0x08007e7c   0x08007e7c   0x00000024   Code   RO         2251    i.dma_memory_address_config  gd32f30x_dma.o
    0x08007ea0   0x08007ea0   0x00000024   Code   RO         2257    i.dma_periph_address_config  gd32f30x_dma.o
    0x08007ec4   0x08007ec4   0x00000018   Code   RO         2258    i.dma_periph_and_channel_check  gd32f30x_dma.o
    0x08007edc   0x08007edc   0x0000001c   Code   RO         2263    i.dma_struct_para_init  gd32f30x_dma.o
    0x08007ef8   0x08007ef8   0x00000026   Code   RO         2265    i.dma_transfer_number_config  gd32f30x_dma.o
    0x08007f1e   0x08007f1e   0x00000022   Code   RO         2266    i.dma_transfer_number_get  gd32f30x_dma.o
    0x08007f40   0x08007f40   0x0000001a   Code   RO         6305    i.fputc             c_w.l(fputc.o)
    0x08007f5a   0x08007f5a   0x00000004   Code   RO         2965    i.gpio_bit_reset    gd32f30x_gpio.o
    0x08007f5e   0x08007f5e   0x00000004   Code   RO         2966    i.gpio_bit_set      gd32f30x_gpio.o
    0x08007f62   0x08007f62   0x000000bc   Code   RO         2975    i.gpio_init         gd32f30x_gpio.o
    0x0800801e   0x0800801e   0x00000010   Code   RO         3092    i.i2c_ack_config    gd32f30x_i2c.o
    0x0800802e   0x0800802e   0x00000002   PAD
    0x08008030   0x08008030   0x00000140   Code   RO         3094    i.i2c_clock_config  gd32f30x_i2c.o
    0x08008170   0x08008170   0x00000008   Code   RO         3095    i.i2c_data_receive  gd32f30x_i2c.o
    0x08008178   0x08008178   0x00000006   Code   RO         3096    i.i2c_data_transmit  gd32f30x_i2c.o
    0x0800817e   0x0800817e   0x00000002   PAD
    0x08008180   0x08008180   0x00000040   Code   RO         3097    i.i2c_deinit        gd32f30x_i2c.o
    0x080081c0   0x080081c0   0x0000000a   Code   RO         3098    i.i2c_disable       gd32f30x_i2c.o
    0x080081ca   0x080081ca   0x0000000a   Code   RO         3103    i.i2c_enable        gd32f30x_i2c.o
    0x080081d4   0x080081d4   0x00000028   Code   RO         3104    i.i2c_flag_clear    gd32f30x_i2c.o
    0x080081fc   0x080081fc   0x0000001e   Code   RO         3105    i.i2c_flag_get      gd32f30x_i2c.o
    0x0800821a   0x0800821a   0x00000014   Code   RO         3110    i.i2c_master_addressing  gd32f30x_i2c.o
    0x0800822e   0x0800822e   0x0000001c   Code   RO         3111    i.i2c_mode_addr_config  gd32f30x_i2c.o
    0x0800824a   0x0800824a   0x00000010   Code   RO         3119    i.i2c_software_reset_config  gd32f30x_i2c.o
    0x0800825a   0x0800825a   0x0000000a   Code   RO         3120    i.i2c_start_on_bus  gd32f30x_i2c.o
    0x08008264   0x08008264   0x0000000a   Code   RO         3121    i.i2c_stop_on_bus   gd32f30x_i2c.o
    0x0800826e   0x0800826e   0x00000010   Code   RO          759    i.main              main.o
    0x0800827e   0x0800827e   0x00000002   PAD
    0x08008280   0x08008280   0x00000108   Code   RO         3299    i.nvic_irq_enable   gd32f30x_misc.o
    0x08008388   0x08008388   0x00000014   Code   RO         3300    i.nvic_priority_group_set  gd32f30x_misc.o
    0x0800839c   0x0800839c   0x00000158   Code   RO         3538    i.rcu_clock_freq_get  gd32f30x_rcu.o
    0x080084f4   0x080084f4   0x00000020   Code   RO         3556    i.rcu_periph_clock_enable  gd32f30x_rcu.o
    0x08008514   0x08008514   0x00000020   Code   RO         3559    i.rcu_periph_reset_disable  gd32f30x_rcu.o
    0x08008534   0x08008534   0x00000020   Code   RO         3560    i.rcu_periph_reset_enable  gd32f30x_rcu.o
    0x08008554   0x08008554   0x0000011c   Code   RO         1249    i.system_clock_120m_hxtal  system_gd32f30x.o
    0x08008670   0x08008670   0x00000008   Code   RO         1250    i.system_clock_config  system_gd32f30x.o
    0x08008678   0x08008678   0x00000050   Code   RO          927    i.systick_config    systick.o
    0x080086c8   0x080086c8   0x0000000c   Code   RO          928    i.systick_get_tick  systick.o
    0x080086d4   0x080086d4   0x0000000a   Code   RO         4420    i.timer_auto_reload_shadow_enable  gd32f30x_timer.o
    0x080086de   0x080086de   0x0000001e   Code   RO         4424    i.timer_break_config  gd32f30x_timer.o
    0x080086fc   0x080086fc   0x00000012   Code   RO         4427    i.timer_break_struct_para_init  gd32f30x_timer.o
    0x0800870e   0x0800870e   0x00000002   PAD
    0x08008710   0x08008710   0x000001ec   Code   RO         4437    i.timer_channel_output_config  gd32f30x_timer.o
    0x080088fc   0x080088fc   0x0000005a   Code   RO         4439    i.timer_channel_output_mode_config  gd32f30x_timer.o
    0x08008956   0x08008956   0x00000026   Code   RO         4441    i.timer_channel_output_pulse_value_config  gd32f30x_timer.o
    0x0800897c   0x0800897c   0x0000005a   Code   RO         4442    i.timer_channel_output_shadow_config  gd32f30x_timer.o
    0x080089d6   0x080089d6   0x00000010   Code   RO         4444    i.timer_channel_output_struct_para_init  gd32f30x_timer.o
    0x080089e6   0x080089e6   0x00000004   Code   RO         4449    i.timer_counter_value_config  gd32f30x_timer.o
    0x080089ea   0x080089ea   0x00000002   PAD
    0x080089ec   0x080089ec   0x000000dc   Code   RO         4450    i.timer_deinit      gd32f30x_timer.o
    0x08008ac8   0x08008ac8   0x0000000a   Code   RO         4455    i.timer_enable      gd32f30x_timer.o
    0x08008ad2   0x08008ad2   0x00000002   PAD
    0x08008ad4   0x08008ad4   0x00000098   Code   RO         4465    i.timer_init        gd32f30x_timer.o
    0x08008b6c   0x08008b6c   0x00000010   Code   RO         4468    i.timer_input_trigger_source_select  gd32f30x_timer.o
    0x08008b7c   0x08008b7c   0x00000008   Code   RO         4472    i.timer_interrupt_enable  gd32f30x_timer.o
    0x08008b84   0x08008b84   0x00000006   Code   RO         4473    i.timer_interrupt_flag_clear  gd32f30x_timer.o
    0x08008b8a   0x08008b8a   0x0000001c   Code   RO         4474    i.timer_interrupt_flag_get  gd32f30x_timer.o
    0x08008ba6   0x08008ba6   0x00000010   Code   RO         4475    i.timer_master_output_trigger_source_select  gd32f30x_timer.o
    0x08008bb6   0x08008bb6   0x0000001a   Code   RO         4476    i.timer_master_slave_mode_config  gd32f30x_timer.o
    0x08008bd0   0x08008bd0   0x00000018   Code   RO         4480    i.timer_primary_output_config  gd32f30x_timer.o
    0x08008be8   0x08008be8   0x00000010   Code   RO         4484    i.timer_slave_mode_select  gd32f30x_timer.o
    0x08008bf8   0x08008bf8   0x00000090   Code   RO         4860    i.usart_baudrate_set  gd32f30x_usart.o
    0x08008c88   0x08008c88   0x0000000a   Code   RO         4863    i.usart_data_receive  gd32f30x_usart.o
    0x08008c92   0x08008c92   0x00000002   PAD
    0x08008c94   0x08008c94   0x00000090   Code   RO         4865    i.usart_deinit      gd32f30x_usart.o
    0x08008d24   0x08008d24   0x00000014   Code   RO         4867    i.usart_dma_receive_config  gd32f30x_usart.o
    0x08008d38   0x08008d38   0x00000014   Code   RO         4868    i.usart_dma_transmit_config  gd32f30x_usart.o
    0x08008d4c   0x08008d4c   0x0000000a   Code   RO         4869    i.usart_enable      gd32f30x_usart.o
    0x08008d56   0x08008d56   0x00000020   Code   RO         4871    i.usart_flag_get    gd32f30x_usart.o
    0x08008d76   0x08008d76   0x00000014   Code   RO         4875    i.usart_hardware_flow_cts_config  gd32f30x_usart.o
    0x08008d8a   0x08008d8a   0x00000014   Code   RO         4876    i.usart_hardware_flow_rts_config  gd32f30x_usart.o
    0x08008d9e   0x08008d9e   0x0000001a   Code   RO         4877    i.usart_interrupt_disable  gd32f30x_usart.o
    0x08008db8   0x08008db8   0x0000001a   Code   RO         4878    i.usart_interrupt_enable  gd32f30x_usart.o
    0x08008dd2   0x08008dd2   0x00000012   Code   RO         4879    i.usart_interrupt_flag_clear  gd32f30x_usart.o
    0x08008de4   0x08008de4   0x0000003a   Code   RO         4880    i.usart_interrupt_flag_get  gd32f30x_usart.o
    0x08008e1e   0x08008e1e   0x00000010   Code   RO         4891    i.usart_parity_config  gd32f30x_usart.o
    0x08008e2e   0x08008e2e   0x00000014   Code   RO         4893    i.usart_receive_config  gd32f30x_usart.o
    0x08008e42   0x08008e42   0x00000010   Code   RO         4903    i.usart_stop_bit_set  gd32f30x_usart.o
    0x08008e52   0x08008e52   0x00000014   Code   RO         4907    i.usart_transmit_config  gd32f30x_usart.o
    0x08008e66   0x08008e66   0x00000010   Code   RO         4908    i.usart_word_length_set  gd32f30x_usart.o
    0x08008e76   0x08008e76   0x00000002   PAD
    0x08008e78   0x08008e78   0x0000002c   Code   RO         6317    locale$$code        c_w.l(lc_numeric_c.o)
    0x08008ea4   0x08008ea4   0x0000000c   Code   RO         6220    x$fpl$dretinf       fz_wm.l(dretinf.o)
    0x08008eb0   0x08008eb0   0x00000056   Code   RO         6130    x$fpl$f2d           fz_wm.l(f2d.o)
    0x08008f06   0x08008f06   0x0000008c   Code   RO         6222    x$fpl$fnaninf       fz_wm.l(fnaninf.o)
    0x08008f92   0x08008f92   0x0000000a   Code   RO         6533    x$fpl$fpinit        fz_wm.l(fpinit.o)
    0x08008f9c   0x08008f9c   0x000000f4   Code   RO         6224    x$fpl$frem          fz_wm.l(frem_clz.o)
    0x08009090   0x08009090   0x00000004   Code   RO         6132    x$fpl$printf1       fz_wm.l(printf1.o)
    0x08009094   0x08009094   0x00000000   Code   RO         6226    x$fpl$usenofp       fz_wm.l(usenofp.o)
    0x08009094   0x08009094   0x00000020   Data   RO         6244    .constdata          m_wm.l(rredf.o)
    0x080090b4   0x080090b4   0x00000094   Data   RO         6278    .constdata          c_w.l(bigflt0.o)
    0x08009148   0x08009148   0x00000004   Data   RO         6324    .constdata          c_w.l(sys_io.o)
    0x0800914c   0x0800914c   0x00000004   Data   RO         6325    .constdata          c_w.l(sys_io.o)
    0x08009150   0x08009150   0x00000004   Data   RO         6326    .constdata          c_w.l(sys_io.o)
    0x08009154   0x08009154   0x00000020   Data   RO         6614    Region$$Table       anon$$obj.o
    0x08009174   0x08009174   0x0000001c   Data   RO         6316    locale$$data        c_w.l(lc_numeric_c.o)


    Execution Region RW_IRAM1 (Exec base: 0x20000000, Load base: 0x08009190, Size: 0x00000f38, Max: 0x0000c000, ABSOLUTE)

    Exec Addr    Load Addr    Size         Type   Attr      Idx    E Section Name        Object

    0x20000000   0x08009190   0x00000009   Data   RW           11    .data               control_scheduler.o
    0x20000009   0x08009199   0x00000003   PAD
    0x2000000c   0x0800919c   0x00000007   Data   RW           90    .data               foc_app.o
    0x20000013   0x080091a3   0x00000001   PAD
    0x20000014   0x080091a4   0x00000020   Data   RW          197    .data               foc_control.o
    0x20000034   0x080091c4   0x00000002   Data   RW          352    .data               foc_platform_api.o
    0x20000036   0x080091c6   0x00000002   PAD
    0x20000038   0x080091c8   0x00000028   Data   RW          886    .data               svpwm.o
    0x20000060   0x080091f0   0x00000008   Data   RW          929    .data               systick.o
    0x20000068   0x080091f8   0x00000006   Data   RW          998    .data               command_manager.o
    0x2000006e   0x080091fe   0x00000004   Data   RW         1135    .data               debug_stream.o
    0x20000072   0x08009202   0x00000001   Data   RW         1203    .data               protocol_parser.o
    0x20000073   0x08009203   0x00000001   PAD
    0x20000074   0x08009204   0x00000004   Data   RW         1251    .data               system_gd32f30x.o
    0x20000078   0x08009208   0x00000005   Data   RW         5241    .data               timer2.o
    0x2000007d   0x0800920d   0x00000003   PAD
    0x20000080   0x08009210   0x00000005   Data   RW         5290    .data               timer1.o
    0x20000085   0x08009215   0x00000001   PAD
    0x20000086   0x08009216   0x00000006   Data   RW         5348    .data               pwm.o
    0x2000008c   0x0800921c   0x0000000c   Data   RW         5593    .data               adc.o
    0x20000098   0x08009228   0x0000000c   Data   RW         5817    .data               usart1.o
    0x200000a4   0x08009234   0x00000011   Data   RW         5930    .data               usart2.o
    0x200000b5   0x08009245   0x00000001   Data   RW         6045    .data               timer3.o
    0x200000b6   0x08009246   0x00000002   PAD
    0x200000b8   0x08009248   0x00000004   Data   RW         6215    .data               c_w.l(stdio_streams.o)
    0x200000bc   0x0800924c   0x00000004   Data   RW         6216    .data               c_w.l(stdio_streams.o)
    0x200000c0   0x08009250   0x00000004   Data   RW         6217    .data               c_w.l(stdio_streams.o)
    0x200000c4        -       0x00000010   Zero   RW           10    .bss                control_scheduler.o
    0x200000d4        -       0x000000b4   Zero   RW           89    .bss                foc_app.o
    0x20000188        -       0x00000084   Zero   RW          828    .bss                sensor.o
    0x2000020c        -       0x00000010   Zero   RW          885    .bss                svpwm.o
    0x2000021c        -       0x00000034   Zero   RW          997    .bss                command_manager.o
    0x20000250        -       0x0000002c   Zero   RW         1202    .bss                protocol_parser.o
    0x2000027c        -       0x00000060   Zero   RW         5592    .bss                adc.o
    0x200002dc        -       0x00000100   Zero   RW         5816    .bss                usart1.o
    0x200003dc        -       0x00000200   Zero   RW         5929    .bss                usart2.o
    0x200005dc        -       0x00000054   Zero   RW         6212    .bss                c_w.l(stdio_streams.o)
    0x20000630        -       0x00000054   Zero   RW         6213    .bss                c_w.l(stdio_streams.o)
    0x20000684        -       0x00000054   Zero   RW         6214    .bss                c_w.l(stdio_streams.o)
    0x200006d8        -       0x00000060   Zero   RW         6329    .bss                c_w.l(libspace.o)
    0x20000738        -       0x00000400   Zero   RW         5228    HEAP                startup_gd32f30x_hd.o
    0x20000b38        -       0x00000400   Zero   RW         5227    STACK               startup_gd32f30x_hd.o


==============================================================================

Image component sizes


      Code (inc. data)   RO Data    RW Data    ZI Data      Debug   Object Name

      1140        128          0         12         96       8136   adc.o
        78          0          0          0          0       4689   as5600.o
      3704       1650          0          6         52      15937   command_manager.o
       260         42          0          9         16      10842   control_scheduler.o
      1040        424          0          4          0       2989   debug_stream.o
      1436        598          0          7        180       8830   foc_app.o
      2712        196          0         32          0      16862   foc_control.o
      1170         40          0          0          0       6511   foc_control_init.o
       634         48          0          2          0      71600   foc_platform_api.o
       814         10          0          0          0      10705   gd32f30x_adc.o
      1048          6          0          0          0      12515   gd32f30x_dma.o
       196          0          0          0          0       2108   gd32f30x_gpio.o
       588         18          0          0          0       9259   gd32f30x_i2c.o
        80          0          0          0          0       7249   gd32f30x_it.o
       284         20          0          0          0      28303   gd32f30x_misc.o
       440         46          0          0          0       3068   gd32f30x_rcu.o
      1310         48          0          0          0      13844   gd32f30x_timer.o
       636         16          0          0          0      11755   gd32f30x_usart.o
       748         50          0          0          0       6707   i2c0.o
       188         16          0          0          0       1533   led.o
        16          0          0          0          0        479   main.o
       410         32          0          0          0       4999   math_transforms.o
       460         32          0          1         44       4349   protocol_parser.o
       868         68          0          6          0       7591   pwm.o
       880         82          0          0        132       6306   sensor.o
        64         26        304          0       2048        932   startup_gd32f30x_hd.o
      1780        198          0         40         16       5445   svpwm.o
       648         30          0          4          0       3847   system_gd32f30x.o
       188         32          0          8          0      29441   systick.o
       164         22          0          5          0       3127   timer1.o
       188         32          0          5          0       3219   timer2.o
       212         18          0          1          0       1677   timer3.o
       778         94          0         12        256       8377   usart1.o
      1104        178          0         17        512       9612   usart2.o

    ----------------------------------------------------------------------
     26312       4200        336        184       3352     342843   Object Totals
         0          0         32          0          0          0   (incl. Generated)
        46          0          0         13          0          0   (incl. Padding)

    ----------------------------------------------------------------------

      Code (inc. data)   RO Data    RW Data    ZI Data      Debug   Library Member Name

         8          0          0          0          0         68   __main.o
       284          0          0          0          0        156   __printf_wp.o
         0          0          0          0          0          0   __rtentry.o
        12          0          0          0          0          0   __rtentry2.o
         6          0          0          0          0          0   __rtentry4.o
        52          8          0          0          0          0   __scatter.o
        26          0          0          0          0          0   __scatter_copy.o
        28          0          0          0          0          0   __scatter_zi.o
        44          0          0          0          0        108   _printf_char.o
        48          6          0          0          0         96   _printf_char_common.o
        36          4          0          0          0         80   _printf_char_file.o
         6          0          0          0          0          0   _printf_d.o
       120         16          0          0          0         92   _printf_dec.o
         6          0          0          0          0          0   _printf_f.o
      1054          0          0          0          0        216   _printf_fp_dec.o
       128         16          0          0          0         84   _printf_fp_infnan.o
       178          0          0          0          0         88   _printf_intcommon.o
         0          0          0          0          0          0   _printf_percent.o
         4          0          0          0          0          0   _printf_percent_end.o
         6          0          0          0          0          0   _printf_s.o
        82          0          0          0          0         80   _printf_str.o
         6          0          0          0          0          0   _printf_u.o
        22          0          0          0          0        100   _rserrno.o
        16          0          0          0          0         68   _snputc.o
        10          0          0          0          0         68   _sputc.o
       228          4        148          0          0         96   bigflt0.o
      1936        128          0          0          0        672   btod.o
        10          0          0          0          0         68   defsig_exit.o
        50          0          0          0          0         88   defsig_general.o
        80         58          0          0          0         76   defsig_rtmem_inner.o
        14          0          0          0          0         80   defsig_rtmem_outer.o
        52         38          0          0          0         76   defsig_rtred_inner.o
        14          0          0          0          0         80   defsig_rtred_outer.o
        18          0          0          0          0         80   exit.o
        76          0          0          0          0         88   fclose.o
         8          0          0          0          0         68   ferror.o
       470          0          0          0          0         88   flsbuf.o
       236          4          0          0          0        128   fopen.o
        26          0          0          0          0         68   fputc.o
       248          6          0          0          0         84   fseek.o
        66          0          0          0          0         76   ftell.o
        94          0          0          0          0         80   h1_alloc.o
        52          0          0          0          0         68   h1_extend.o
        78          0          0          0          0         80   h1_free.o
        14          0          0          0          0         84   h1_init.o
         6          0          0          0          0        152   heapauxi.o
         4          0          0          0          0        136   hguard.o
         0          0          0          0          0          0   indicate_semi.o
       138          0          0          0          0        168   init_alloc.o
       312         46          0          0          0        112   initio.o
        44         10         28          0          0         76   lc_numeric_c.o
         2          0          0          0          0          0   libinit.o
        34          0          0          0          0          0   libinit2.o
         2          0          0          0          0          0   libshutdown.o
         6          0          0          0          0          0   libshutdown2.o
         8          4          0          0         96         68   libspace.o
       138          0          0          0          0         80   lludiv10.o
         0          0          0          0          0          0   maybetermalloc1.o
        24          4          0          0          0         84   noretval__2printf.o
        52          4          0          0          0         84   noretval__2snprintf.o
         8          4          0          0          0         68   rt_errno_addr_intlibspace.o
         8          4          0          0          0         68   rt_heap_descriptor_intlibspace.o
         8          4          0          0          0         68   rt_locale_intlibspace.o
        68          0          0          0          0         68   rt_memclr.o
        78          0          0          0          0         80   rt_memclr_w.o
       138          0          0          0          0         68   rt_memcpy_v6.o
       100          0          0          0          0         80   rt_memcpy_w.o
         2          0          0          0          0          0   rtexit.o
        10          0          0          0          0          0   rtexit2.o
        70          0          0          0          0         80   setvbuf.o
       240          6          0          0          0        156   stdio.o
         0          0          0         12        252          0   stdio_streams.o
       128          0          0          0          0         68   strcmpv7m.o
        62          0          0          0          0         76   strlen.o
        12          4          0          0          0         68   sys_exit.o
       102          0         12          0          0        240   sys_io.o
        74          0          0          0          0         80   sys_stackheap_outer.o
        14          0          0          0          0         76   sys_wrch.o
         2          0          0          0          0         68   use_no_semi.o
        12          0          0          0          0        116   dretinf.o
        86          4          0          0          0        132   f2d.o
       140          4          0          0          0        132   fnaninf.o
        10          0          0          0          0        116   fpinit.o
       244          8          0          0          0        132   frem_clz.o
         4          0          0          0          0        116   printf1.o
         0          0          0          0          0          0   usenofp.o
       592         90          0          0          0        184   atan2f.o
       336         56          0          0          0        136   cosf.o
       176          0          0          0          0        168   fmodf.o
        48          0          0          0          0        124   fpclassify.o
        38          0          0          0          0        116   fpclassifyf.o
        44         12          0          0          0        464   funder.o
       340         24         32          0          0        160   rredf.o
       400         56          0          0          0        212   sinf.o
        58          0          0          0          0        136   sqrtf.o

    ----------------------------------------------------------------------
     10396        632        220         12        348       8348   Library Totals
        22          0          0          0          0          0   (incl. Padding)

    ----------------------------------------------------------------------

      Code (inc. data)   RO Data    RW Data    ZI Data      Debug   Library Name

      7846        378        188         12        348       5904   c_w.l
       496         16          0          0          0        744   fz_wm.l
      2032        238         32          0          0       1700   m_wm.l

    ----------------------------------------------------------------------
     10396        632        220         12        348       8348   Library Totals

    ----------------------------------------------------------------------

==============================================================================


      Code (inc. data)   RO Data    RW Data    ZI Data      Debug   

     36708       4832        556        196       3700     316463   Grand Totals
     36708       4832        556        196       3700     316463   ELF Image Totals
     36708       4832        556        196          0          0   ROM Totals

==============================================================================

    Total RO  Size (Code + RO Data)                37264 (  36.39kB)
    Total RW  Size (RW Data + ZI Data)              3896 (   3.80kB)
    Total ROM Size (Code + RO Data + RW Data)      37460 (  36.58kB)

==============================================================================

