Component: ARM Compiler 5.06 update 6 (build 750) Tool: armlink [4d35ed]

==============================================================================

Section Cross References

    gd32f30x_it.o(i.ADC0_1_IRQHandler) refers to adc.o(i.ADC_IRQHandler_Internal) for ADC_IRQHandler_Internal
    gd32f30x_it.o(i.DMA0_Channel0_IRQHandler) refers to adc.o(i.ADC_DMA_IRQHandler_Internal) for ADC_DMA_IRQHandler_Internal
    gd32f30x_it.o(i.SysTick_Handler) refers to systick.o(i.delay_decrement) for delay_decrement
    gd32f30x_it.o(i.TIMER1_IRQHandler) refers to timer1.o(i.Timer1_IRQHandler_Internal) for Timer1_IRQHandler_Internal
    gd32f30x_it.o(i.USART1_IRQHandler) refers to usart1.o(i.USART1_IRQHandler_Internal) for USART1_IRQHandler_Internal
    main.o(i.LED_Blink_1Hz) refers to led.o(i.Set_LED) for Set_LED
    main.o(i.LED_Blink_1Hz) refers to led.o(i.Reset_LED) for Reset_LED
    main.o(i.LED_Blink_1Hz) refers to main.o(.data) for led3_state
    main.o(i.Motor_Control_Loop) refers to foc_control.o(i.FOC_TorqueControlStep) for FOC_TorqueControlStep
    main.o(i.Motor_Control_Loop) refers to sensor.o(i.Sensor_ReadAll) for Sensor_ReadAll
    main.o(i.Motor_Control_Loop) refers to main.o(.bss) for g_torque_current_loop
    main.o(i.main) refers to systick.o(i.systick_config) for systick_config
    main.o(i.main) refers to led.o(i.LED_Init) for LED_Init
    main.o(i.main) refers to led.o(i.Set_LED) for Set_LED
    main.o(i.main) refers to timer2.o(i.Timer2_Init) for Timer2_Init
    main.o(i.main) refers to timer2.o(i.Timer2_Start) for Timer2_Start
    main.o(i.main) refers to timer1_algorithm.o(i.Timer1_Algorithm_Init) for Timer1_Algorithm_Init
    main.o(i.main) refers to timer1_algorithm.o(i.Timer1_SetAlgorithmCallback) for Timer1_SetAlgorithmCallback
    main.o(i.main) refers to usart1.o(i.USART1_Init) for USART1_Init
    main.o(i.main) refers to usart1.o(i.USART1_SendString) for USART1_SendString
    main.o(i.main) refers to sensor.o(i.Sensor_Init) for Sensor_Init
    main.o(i.main) refers to svpwm.o(i.SVPWM_Init) for SVPWM_Init
    main.o(i.main) refers to foc_control.o(i.FOC_MotorInit) for FOC_MotorInit
    main.o(i.main) refers to f2d.o(.text) for __aeabi_f2d
    main.o(i.main) refers to printfa.o(i.__0printf) for __2printf
    main.o(i.main) refers to systick.o(i.delay_1ms) for delay_1ms
    main.o(i.main) refers to timer1_algorithm.o(i.Timer1_Algorithm_Start) for Timer1_Algorithm_Start
    main.o(i.main) refers to uart_debug.o(i.UART_Debug_OutputOscilloscope) for UART_Debug_OutputOscilloscope
    main.o(i.main) refers to main.o(i.LED_Blink_1Hz) for LED_Blink_1Hz
    main.o(i.main) refers to main.o(i.Motor_Control_Loop) for Motor_Control_Loop
    main.o(i.main) refers to main.o(.bss) for g_motor
    systick.o(i.delay_1ms) refers to systick.o(.data) for delay
    systick.o(i.delay_decrement) refers to systick.o(.data) for systick_tick
    systick.o(i.systick_config) refers to systick.o(i.NVIC_SetPriority) for NVIC_SetPriority
    systick.o(i.systick_config) refers to system_gd32f30x.o(.data) for SystemCoreClock
    systick.o(i.systick_get_tick) refers to systick.o(.data) for systick_tick
    timer1_algorithm.o(i.Timer1_Algorithm_Handler) refers to timer1_algorithm.o(i.Timer1_EnableDWT) for Timer1_EnableDWT
    timer1_algorithm.o(i.Timer1_Algorithm_Handler) refers to timer1_algorithm.o(.data) for dwt_enabled
    timer1_algorithm.o(i.Timer1_Algorithm_Handler) refers to timer1_algorithm.o(.bss) for algorithm_callbacks
    timer1_algorithm.o(i.Timer1_Algorithm_Init) refers to timer1.o(i.Timer1_Init) for Timer1_Init
    timer1_algorithm.o(i.Timer1_Algorithm_Init) refers to timer1.o(i.Timer1_SetCallback) for Timer1_SetCallback
    timer1_algorithm.o(i.Timer1_Algorithm_Init) refers to timer1_algorithm.o(i.Timer1_Algorithm_Handler) for Timer1_Algorithm_Handler
    timer1_algorithm.o(i.Timer1_Algorithm_Start) refers to timer1.o(i.Timer1_Start) for Timer1_Start
    timer1_algorithm.o(i.Timer1_Algorithm_Stop) refers to timer1.o(i.Timer1_Stop) for Timer1_Stop
    timer1_algorithm.o(i.Timer1_ClearAlgorithmCallback) refers to timer1_algorithm.o(.bss) for algorithm_callbacks
    timer1_algorithm.o(i.Timer1_ClearAllCallbacks) refers to timer1_algorithm.o(.bss) for algorithm_callbacks
    timer1_algorithm.o(i.Timer1_GetCounter) refers to timer1_algorithm.o(.data) for timer1_counter
    timer1_algorithm.o(i.Timer1_GetExecutionTime) refers to timer1_algorithm.o(.data) for algorithm_execution_time
    timer1_algorithm.o(i.Timer1_ResetCounter) refers to timer1_algorithm.o(.data) for timer1_counter
    timer1_algorithm.o(i.Timer1_SetAlgorithmCallback) refers to timer1_algorithm.o(.bss) for algorithm_callbacks
    sensor.o(i.Sensor_ADCSampleTimeOffset) refers to gd32f30x_timer.o(i.timer_channel_output_pulse_value_config) for timer_channel_output_pulse_value_config
    sensor.o(i.Sensor_ADCSampleTimeOffset) refers to sensor.o(.data) for timer_period
    sensor.o(i.Sensor_GetData) refers to sensor.o(.bss) for sensor_data
[...]
    i.__hardfp_sqrtf                         0x08003314   Section        0  sqrtf.o(i.__hardfp_sqrtf)
    i.__mathlib_flt_infnan                   0x0800334e   Section        0  funder.o(i.__mathlib_flt_infnan)
    i.__mathlib_flt_infnan2                  0x08003354   Section        0  funder.o(i.__mathlib_flt_infnan2)
    i.__mathlib_flt_invalid                  0x0800335c   Section        0  funder.o(i.__mathlib_flt_invalid)
    i.__mathlib_flt_underflow                0x0800336c   Section        0  funder.o(i.__mathlib_flt_underflow)
    i.__mathlib_rredf2                       0x0800337c   Section        0  rredf.o(i.__mathlib_rredf2)
    i.__scatterload_copy                     0x080034d0   Section       14  handlers.o(i.__scatterload_copy)
    i.__scatterload_null                     0x080034de   Section        2  handlers.o(i.__scatterload_null)
    i.__scatterload_zeroinit                 0x080034e0   Section       14  handlers.o(i.__scatterload_zeroinit)
    i.__set_errno                            0x080034f0   Section        0  errno.o(i.__set_errno)
    i._fp_digits                             0x080034fc   Section        0  printfa.o(i._fp_digits)
    _fp_digits                               0x080034fd   Thumb Code   366  printfa.o(i._fp_digits)
    i._printf_core                           0x08003680   Section        0  printfa.o(i._printf_core)
    _printf_core                             0x08003681   Thumb Code  1744  printfa.o(i._printf_core)
    i._printf_post_padding                   0x08003d5c   Section        0  printfa.o(i._printf_post_padding)
    _printf_post_padding                     0x08003d5d   Thumb Code    36  printfa.o(i._printf_post_padding)
    i._printf_pre_padding                    0x08003d80   Section        0  printfa.o(i._printf_pre_padding)
    _printf_pre_padding                      0x08003d81   Thumb Code    46  printfa.o(i._printf_pre_padding)
    i._soft_delay_                           0x08003dae   Section        0  system_gd32f30x.o(i._soft_delay_)
    _soft_delay_                             0x08003daf   Thumb Code    28  system_gd32f30x.o(i._soft_delay_)
    i.adc_calibration_enable                 0x08003dca   Section        0  gd32f30x_adc.o(i.adc_calibration_enable)
    i.adc_channel_length_config              0x08003df4   Section        0  gd32f30x_adc.o(i.adc_channel_length_config)
    i.adc_data_alignment_config              0x08003e3a   Section        0  gd32f30x_adc.o(i.adc_data_alignment_config)
    i.adc_deinit                             0x08003e50   Section        0  gd32f30x_adc.o(i.adc_deinit)
    i.adc_dma_mode_enable                    0x08003ea8   Section        0  gd32f30x_adc.o(i.adc_dma_mode_enable)
    i.adc_enable                             0x08003eb2   Section        0  gd32f30x_adc.o(i.adc_enable)
    i.adc_external_trigger_config            0x08003ec4   Section        0  gd32f30x_adc.o(i.adc_external_trigger_config)
    i.adc_external_trigger_source_config     0x08003f02   Section        0  gd32f30x_adc.o(i.adc_external_trigger_source_config)
    i.adc_flag_clear                         0x08003f32   Section        0  gd32f30x_adc.o(i.adc_flag_clear)
    i.adc_interrupt_enable                   0x08003f38   Section        0  gd32f30x_adc.o(i.adc_interrupt_enable)
    i.adc_interrupt_flag_clear               0x08003f64   Section        0  gd32f30x_adc.o(i.adc_interrupt_flag_clear)
    i.adc_interrupt_flag_get                 0x08003f6a   Section        0  gd32f30x_adc.o(i.adc_interrupt_flag_get)
    i.adc_mode_config                        0x08003fc4   Section        0  gd32f30x_adc.o(i.adc_mode_config)
    i.adc_resolution_config                  0x08003fe0   Section        0  gd32f30x_adc.o(i.adc_resolution_config)
    i.adc_routine_channel_config             0x08003ff4   Section        0  gd32f30x_adc.o(i.adc_routine_channel_config)
    i.adc_special_function_config            0x080040a0   Section        0  gd32f30x_adc.o(i.adc_special_function_config)
    i.delay_1ms                              0x080040fc   Section        0  systick.o(i.delay_1ms)
    i.delay_decrement                        0x08004110   Section        0  systick.o(i.delay_decrement)
    i.dma_channel_disable                    0x08004134   Section        0  gd32f30x_dma.o(i.dma_channel_disable)
    i.dma_channel_enable                     0x08004166   Section        0  gd32f30x_dma.o(i.dma_channel_enable)
    i.dma_circulation_enable                 0x08004198   Section        0  gd32f30x_dma.o(i.dma_circulation_enable)
    i.dma_deinit                             0x080041ca   Section        0  gd32f30x_dma.o(i.dma_deinit)
    i.dma_flag_clear                         0x0800423a   Section        0  gd32f30x_dma.o(i.dma_flag_clear)
    i.dma_init                               0x0800424a   Section        0  gd32f30x_dma.o(i.dma_init)
    i.dma_interrupt_enable                   0x08004378   Section        0  gd32f30x_dma.o(i.dma_interrupt_enable)
    i.dma_interrupt_flag_clear               0x080043aa   Section        0  gd32f30x_dma.o(i.dma_interrupt_flag_clear)
    i.dma_interrupt_flag_get                 0x080043ba   Section        0  gd32f30x_dma.o(i.dma_interrupt_flag_get)
    i.dma_memory_address_config              0x0800443e   Section        0  gd32f30x_dma.o(i.dma_memory_address_config)
    i.dma_periph_address_config              0x08004462   Section        0  gd32f30x_dma.o(i.dma_periph_address_config)
    i.dma_periph_and_channel_check           0x08004488   Section        0  gd32f30x_dma.o(i.dma_periph_and_channel_check)
    dma_periph_and_channel_check             0x08004489   Thumb Code    18  gd32f30x_dma.o(i.dma_periph_and_channel_check)
    i.dma_struct_para_init                   0x080044a0   Section        0  gd32f30x_dma.o(i.dma_struct_para_init)
    i.dma_transfer_number_config             0x080044bc   Section        0  gd32f30x_dma.o(i.dma_transfer_number_config)
    i.dma_transfer_number_get                0x080044e2   Section        0  gd32f30x_dma.o(i.dma_transfer_number_get)
    i.fputc                                  0x08004504   Section        0  uart_debug.o(i.fputc)
    i.gpio_bit_reset                         0x08004514   Section        0  gd32f30x_gpio.o(i.gpio_bit_reset)
    i.gpio_bit_set                           0x08004518   Section        0  gd32f30x_gpio.o(i.gpio_bit_set)
    i.gpio_bit_write                         0x0800451c   Section        0  gd32f30x_gpio.o(i.gpio_bit_write)
    i.gpio_init                              0x08004526   Section        0  gd32f30x_gpio.o(i.gpio_init)
    i.i2c_ack_config                         0x080045e2   Section        0  gd32f30x_i2c.o(i.i2c_ack_config)
    i.i2c_clock_config                       0x080045f4   Section        0  gd32f30x_i2c.o(i.i2c_clock_config)
    i.i2c_data_receive                       0x08004734   Section        0  gd32f30x_i2c.o(i.i2c_data_receive)
    i.i2c_data_transmit                      0x0800473c   Section        0  gd32f30x_i2c.o(i.i2c_data_transmit)
    i.i2c_deinit                             0x08004744   Section        0  gd32f30x_i2c.o(i.i2c_deinit)
    i.i2c_disable                            0x08004784   Section        0  gd32f30x_i2c.o(i.i2c_disable)
    i.i2c_enable                             0x0800478e   Section        0  gd32f30x_i2c.o(i.i2c_enable)
    i.i2c_flag_clear                         0x08004798   Section        0  gd32f30x_i2c.o(i.i2c_flag_clear)
    i.i2c_flag_get                           0x080047c0   Section        0  gd32f30x_i2c.o(i.i2c_flag_get)
    i.i2c_master_addressing                  0x080047de   Section        0  gd32f30x_i2c.o(i.i2c_master_addressing)
    i.i2c_mode_addr_config                   0x080047f2   Section        0  gd32f30x_i2c.o(i.i2c_mode_addr_config)
    i.i2c_software_reset_config              0x0800480e   Section        0  gd32f30x_i2c.o(i.i2c_software_reset_config)
    i.i2c_start_on_bus                       0x0800481e   Section        0  gd32f30x_i2c.o(i.i2c_start_on_bus)
    i.i2c_stop_on_bus                        0x08004828   Section        0  gd32f30x_i2c.o(i.i2c_stop_on_bus)
    i.main                                   0x08004834   Section        0  main.o(i.main)
    i.nvic_irq_enable                        0x08004b04   Section        0  gd32f30x_misc.o(i.nvic_irq_enable)
    i.nvic_priority_group_set                0x08004c0c   Section        0  gd32f30x_misc.o(i.nvic_priority_group_set)
    i.rcu_clock_freq_get                     0x08004c20   Section        0  gd32f30x_rcu.o(i.rcu_clock_freq_get)
    i.rcu_periph_clock_enable                0x08004d78   Section        0  gd32f30x_rcu.o(i.rcu_periph_clock_enable)
    i.rcu_periph_reset_disable               0x08004d98   Section        0  gd32f30x_rcu.o(i.rcu_periph_reset_disable)
    i.rcu_periph_reset_enable                0x08004db8   Section        0  gd32f30x_rcu.o(i.rcu_periph_reset_enable)
    i.system_clock_120m_hxtal                0x08004dd8   Section        0  system_gd32f30x.o(i.system_clock_120m_hxtal)
    system_clock_120m_hxtal                  0x08004dd9   Thumb Code   266  system_gd32f30x.o(i.system_clock_120m_hxtal)
    i.system_clock_config                    0x08004ef4   Section        0  system_gd32f30x.o(i.system_clock_config)
    system_clock_config                      0x08004ef5   Thumb Code     8  system_gd32f30x.o(i.system_clock_config)
    i.systick_config                         0x08004efc   Section        0  systick.o(i.systick_config)
    i.systick_get_tick                       0x08004f4c   Section        0  systick.o(i.systick_get_tick)
    i.timer_auto_reload_shadow_enable        0x08004f58   Section        0  gd32f30x_timer.o(i.timer_auto_reload_shadow_enable)
    i.timer_break_config                     0x08004f62   Section        0  gd32f30x_timer.o(i.timer_break_config)
    i.timer_break_struct_para_init           0x08004f80   Section        0  gd32f30x_timer.o(i.timer_break_struct_para_init)
    i.timer_channel_output_config            0x08004f94   Section        0  gd32f30x_timer.o(i.timer_channel_output_config)
    i.timer_channel_output_mode_config       0x08005180   Section        0  gd32f30x_timer.o(i.timer_channel_output_mode_config)
    i.timer_channel_output_pulse_value_config 0x080051da   Section        0  gd32f30x_timer.o(i.timer_channel_output_pulse_value_config)
    i.timer_channel_output_shadow_config     0x08005200   Section        0  gd32f30x_timer.o(i.timer_channel_output_shadow_config)
    i.timer_channel_output_struct_para_init  0x0800525a   Section        0  gd32f30x_timer.o(i.timer_channel_output_struct_para_init)
    i.timer_counter_value_config             0x0800526a   Section        0  gd32f30x_timer.o(i.timer_counter_value_config)
    i.timer_deinit                           0x08005270   Section        0  gd32f30x_timer.o(i.timer_deinit)
    i.timer_enable                           0x0800534c   Section        0  gd32f30x_timer.o(i.timer_enable)
    i.timer_init                             0x08005358   Section        0  gd32f30x_timer.o(i.timer_init)
    i.timer_input_trigger_source_select      0x080053f0   Section        0  gd32f30x_timer.o(i.timer_input_trigger_source_select)
    i.timer_interrupt_enable                 0x08005400   Section        0  gd32f30x_timer.o(i.timer_interrupt_enable)
    i.timer_interrupt_flag_clear             0x08005408   Section        0  gd32f30x_timer.o(i.timer_interrupt_flag_clear)
    i.timer_interrupt_flag_get               0x0800540e   Section        0  gd32f30x_timer.o(i.timer_interrupt_flag_get)
    i.timer_master_output_trigger_source_select 0x0800542a   Section        0  gd32f30x_timer.o(i.timer_master_output_trigger_source_select)
    i.timer_master_slave_mode_config         0x0800543a   Section        0  gd32f30x_timer.o(i.timer_master_slave_mode_config)
    i.timer_primary_output_config            0x08005454   Section        0  gd32f30x_timer.o(i.timer_primary_output_config)
    i.timer_slave_mode_select                0x0800546c   Section        0  gd32f30x_timer.o(i.timer_slave_mode_select)
    i.usart_baudrate_set                     0x0800547c   Section        0  gd32f30x_usart.o(i.usart_baudrate_set)
    i.usart_data_receive                     0x0800550c   Section        0  gd32f30x_usart.o(i.usart_data_receive)
    i.usart_data_transmit                    0x08005516   Section        0  gd32f30x_usart.o(i.usart_data_transmit)
    i.usart_deinit                           0x08005520   Section        0  gd32f30x_usart.o(i.usart_deinit)
    i.usart_enable                           0x080055b0   Section        0  gd32f30x_usart.o(i.usart_enable)
    i.usart_hardware_flow_cts_config         0x080055ba   Section        0  gd32f30x_usart.o(i.usart_hardware_flow_cts_config)
    i.usart_hardware_flow_rts_config         0x080055ce   Section        0  gd32f30x_usart.o(i.usart_hardware_flow_rts_config)
    i.usart_interrupt_disable                0x080055e2   Section        0  gd32f30x_usart.o(i.usart_interrupt_disable)
    i.usart_interrupt_enable                 0x080055fc   Section        0  gd32f30x_usart.o(i.usart_interrupt_enable)
    i.usart_interrupt_flag_clear             0x08005616   Section        0  gd32f30x_usart.o(i.usart_interrupt_flag_clear)
    i.usart_interrupt_flag_get               0x08005628   Section        0  gd32f30x_usart.o(i.usart_interrupt_flag_get)
    i.usart_parity_config                    0x08005662   Section        0  gd32f30x_usart.o(i.usart_parity_config)
    i.usart_receive_config                   0x08005672   Section        0  gd32f30x_usart.o(i.usart_receive_config)
    i.usart_stop_bit_set                     0x08005686   Section        0  gd32f30x_usart.o(i.usart_stop_bit_set)
    i.usart_transmit_config                  0x08005696   Section        0  gd32f30x_usart.o(i.usart_transmit_config)
    i.usart_word_length_set                  0x080056aa   Section        0  gd32f30x_usart.o(i.usart_word_length_set)
    .constdata                               0x080056bc   Section       32  rredf.o(.constdata)
    twooverpi                                0x080056bc   Data          32  rredf.o(.constdata)
    .data                                    0x20000000   Section        1  main.o(.data)
    led3_state                               0x20000000   Data           1  main.o(.data)
    .data                                    0x20000004   Section        8  systick.o(.data)
    delay                                    0x20000004   Data           4  systick.o(.data)
    systick_tick                             0x20000008   Data           4  systick.o(.data)
    .data                                    0x2000000c   Section        9  timer1_algorithm.o(.data)
    timer1_counter                           0x2000000c   Data           2  timer1_algorithm.o(.data)
    algorithm_execution_time                 0x20000010   Data           4  timer1_algorithm.o(.data)
    dwt_enabled                              0x20000014   Data           1  timer1_algorithm.o(.data)
    .data                                    0x20000016   Section        2  sensor.o(.data)
    timer_period                             0x20000016   Data           2  sensor.o(.data)
    .data                                    0x20000018   Section        4  system_gd32f30x.o(.data)
    .data                                    0x2000001c   Section        5  timer2.o(.data)
    timer2_callback                          0x2000001c   Data           4  timer2.o(.data)
    timer2_initialized                       0x20000020   Data           1  timer2.o(.data)
    .data                                    0x20000024   Section        5  timer1.o(.data)
    timer1_callback                          0x20000024   Data           4  timer1.o(.data)
    timer1_initialized                       0x20000028   Data           1  timer1.o(.data)
    .data                                    0x2000002a   Section        6  pwm.o(.data)
    current_duty                             0x2000002a   Data           3  pwm.o(.data)
    pwm_period                               0x2000002e   Data           2  pwm.o(.data)
    .data                                    0x20000030   Section       12  adc.o(.data)
    adc_initialized                          0x20000030   Data           1  adc.o(.data)
    dma_complete                             0x20000031   Data           1  adc.o(.data)
    adc_debug_pin_state                      0x20000032   Data           1  adc.o(.data)
    zero_offset_a                            0x20000034   Data           4  adc.o(.data)
    zero_offset_b                            0x20000038   Data           4  adc.o(.data)
    .data                                    0x2000003c   Section       16  usart1.o(.data)
    rx_head                                  0x2000003c   Data           2  usart1.o(.data)
    rx_tail                                  0x2000003e   Data           2  usart1.o(.data)
    tx_head                                  0x20000040   Data           2  usart1.o(.data)
    tx_tail                                  0x20000042   Data           2  usart1.o(.data)
    tx_busy                                  0x20000044   Data           1  usart1.o(.data)
    loopback_enabled                         0x20000045   Data           1  usart1.o(.data)
    rx_callback                              0x20000048   Data           4  usart1.o(.data)
    .data                                    0x2000004c   Section       16  usart2.o(.data)
    rx_head                                  0x2000004c   Data           2  usart2.o(.data)
    rx_tail                                  0x2000004e   Data           2  usart2.o(.data)
    tx_head                                  0x20000050   Data           2  usart2.o(.data)
    tx_tail                                  0x20000052   Data           2  usart2.o(.data)
    tx_busy                                  0x20000054   Data           1  usart2.o(.data)
    rx_callback                              0x20000058   Data           4  usart2.o(.data)
    .data                                    0x2000005c   Section        1  timer3.o(.data)
    timer3_initialized                       0x2000005c   Data           1  timer3.o(.data)
    .data                                    0x20000060   Section        4  stdout.o(.data)
    .data                                    0x20000064   Section        4  errno.o(.data)
    _errno                                   0x20000064   Data           4  errno.o(.data)
    .bss                                     0x20000068   Section      128  main.o(.bss)
    g_motor                                  0x20000068   Data          72  main.o(.bss)
    g_torque_current_loop                    0x200000b0   Data          56  main.o(.bss)
    .bss                                     0x200000e8   Section       16  timer1_algorithm.o(.bss)
    algorithm_callbacks                      0x200000e8   Data          16  timer1_algorithm.o(.bss)
    .bss                                     0x200000f8   Section      132  sensor.o(.bss)
    sensor_data                              0x200000f8   Data         132  sensor.o(.bss)
    .bss                                     0x2000017c   Section       16  svpwm.o(.bss)
    s_output                                 0x2000017c   Data          16  svpwm.o(.bss)
    .bss                                     0x2000018c   Section       96  adc.o(.bss)
    adc_buffer                               0x2000018c   Data          96  adc.o(.bss)
    .bss                                     0x200001ec   Section      256  usart1.o(.bss)
    rx_buffer                                0x200001ec   Data         128  usart1.o(.bss)
    tx_buffer                                0x2000026c   Data         128  usart1.o(.bss)
    .bss                                     0x200002ec   Section      256  usart2.o(.bss)
    rx_buffer                                0x200002ec   Data         128  usart2.o(.bss)
    tx_buffer                                0x2000036c   Data         128  usart2.o(.bss)
    STACK                                    0x200003f0   Section     1024  startup_gd32f30x_hd.o(STACK)

    Global Symbols

    Symbol Name                              Value     Ov Type        Size  Object(Section)

    BuildAttributes$$THM_ISAv4$E$P$D$K$B$S$7EM$VFPi3$EXTD16$VFPS$VFMA$PE$A:L22UL41UL21$X:L11$S22US41US21$IEEE1$IW$USESV6$~STKCKD$USESV7$~SHL$OTIME$ROPI$IEEEX$EBA8$MICROLIB$REQ8$PRES8$EABIv2 0x00000000   Number         0  anon$$obj.o ABSOLUTE
    __ARM_use_no_argv                        0x00000000   Number         0  main.o ABSOLUTE
    _printf_a                                0x00000000   Number         0  stubs.o ABSOLUTE
    _printf_c                                0x00000000   Number         0  stubs.o ABSOLUTE
    _printf_charcount                        0x00000000   Number         0  stubs.o ABSOLUTE
    _printf_d                                0x00000000   Number         0  stubs.o ABSOLUTE
    _printf_e                                0x00000000   Number         0  stubs.o ABSOLUTE
    _printf_f                                0x00000000   Number         0  stubs.o ABSOLUTE
    _printf_flags                            0x00000000   Number         0  stubs.o ABSOLUTE
    _printf_fp_dec                           0x00000000   Number         0  stubs.o ABSOLUTE
    _printf_fp_hex                           0x00000000   Number         0  stubs.o ABSOLUTE
    _printf_g                                0x00000000   Number         0  stubs.o ABSOLUTE
    _printf_i                                0x00000000   Number         0  stubs.o ABSOLUTE
    _printf_int_dec                          0x00000000   Number         0  stubs.o ABSOLUTE
    _printf_l                                0x00000000   Number         0  stubs.o ABSOLUTE
    _printf_lc                               0x00000000   Number         0  stubs.o ABSOLUTE
    _printf_ll                               0x00000000   Number         0  stubs.o ABSOLUTE
    _printf_lld                              0x00000000   Number         0  stubs.o ABSOLUTE
    _printf_lli                              0x00000000   Number         0  stubs.o ABSOLUTE
    _printf_llo                              0x00000000   Number         0  stubs.o ABSOLUTE
    _printf_llu                              0x00000000   Number         0  stubs.o ABSOLUTE
    _printf_llx                              0x00000000   Number         0  stubs.o ABSOLUTE
    _printf_longlong_dec                     0x00000000   Number         0  stubs.o ABSOLUTE
    _printf_longlong_hex                     0x00000000   Number         0  stubs.o ABSOLUTE
    _printf_longlong_oct                     0x00000000   Number         0  stubs.o ABSOLUTE
    _printf_ls                               0x00000000   Number         0  stubs.o ABSOLUTE
    _printf_mbtowc                           0x00000000   Number         0  stubs.o ABSOLUTE
    _printf_n                                0x00000000   Number         0  stubs.o ABSOLUTE
    _printf_o                                0x00000000   Number         0  stubs.o ABSOLUTE
    _printf_p                                0x00000000   Number         0  stubs.o ABSOLUTE
    _printf_percent                          0x00000000   Number         0  stubs.o ABSOLUTE
    _printf_pre_padding                      0x00000000   Number         0  stubs.o ABSOLUTE
    _printf_return_value                     0x00000000   Number         0  stubs.o ABSOLUTE
    _printf_s                                0x00000000   Number         0  stubs.o ABSOLUTE
    _printf_sizespec                         0x00000000   Number         0  stubs.o ABSOLUTE
    _printf_str                              0x00000000   Number         0  stubs.o ABSOLUTE
    _printf_truncate_signed                  0x00000000   Number         0  stubs.o ABSOLUTE
    _printf_truncate_unsigned                0x00000000   Number         0  stubs.o ABSOLUTE
    _printf_u                                0x00000000   Number         0  stubs.o ABSOLUTE
    _printf_wc                               0x00000000   Number         0  stubs.o ABSOLUTE
    _printf_wctomb                           0x00000000   Number         0  stubs.o ABSOLUTE
    _printf_widthprec                        0x00000000   Number         0  stubs.o ABSOLUTE
    _printf_x                                0x00000000   Number         0  stubs.o ABSOLUTE
    __cpp_initialize__aeabi_                  - Undefined Weak Reference
    __cxa_finalize                            - Undefined Weak Reference
    __decompress                              - Undefined Weak Reference
    _clock_init                               - Undefined Weak Reference
    _microlib_exit                            - Undefined Weak Reference
    __Vectors_Size                           0x00000130   Number         0  startup_gd32f30x_hd.o ABSOLUTE
    __Vectors                                0x08000000   Data           4  startup_gd32f30x_hd.o(RESET)
    __Vectors_End                            0x08000130   Data           0  startup_gd32f30x_hd.o(RESET)
    __main                                   0x08000131   Thumb Code     0  entry.o(.ARM.Collect$$$$00000000)
    _main_stk                                0x08000131   Thumb Code     0  entry2.o(.ARM.Collect$$$$00000001)
    _main_scatterload                        0x08000135   Thumb Code     0  entry5.o(.ARM.Collect$$$$00000004)
    __main_after_scatterload                 0x08000139   Thumb Code     0  entry5.o(.ARM.Collect$$$$00000004)
    _main_clock                              0x08000139   Thumb Code     0  entry7b.o(.ARM.Collect$$$$00000008)
    _main_cpp_init                           0x08000139   Thumb Code     0  entry8b.o(.ARM.Collect$$$$0000000A)
    _main_init                               0x08000139   Thumb Code     0  entry9a.o(.ARM.Collect$$$$0000000B)
    __rt_final_cpp                           0x08000141   Thumb Code     0  entry10a.o(.ARM.Collect$$$$0000000D)
    __rt_final_exit                          0x08000141   Thumb Code     0  entry11a.o(.ARM.Collect$$$$0000000F)
    Reset_Handler                            0x08000145   Thumb Code     8  startup_gd32f30x_hd.o(.text)
    ADC2_IRQHandler                          0x0800015f   Thumb Code     0  startup_gd32f30x_hd.o(.text)
    CAN0_EWMC_IRQHandler                     0x0800015f   Thumb Code     0  startup_gd32f30x_hd.o(.text)
    CAN0_RX1_IRQHandler                      0x0800015f   Thumb Code     0  startup_gd32f30x_hd.o(.text)
    DMA0_Channel1_IRQHandler                 0x0800015f   Thumb Code     0  startup_gd32f30x_hd.o(.text)
    DMA0_Channel2_IRQHandler                 0x0800015f   Thumb Code     0  startup_gd32f30x_hd.o(.text)
    DMA0_Channel3_IRQHandler                 0x0800015f   Thumb Code     0  startup_gd32f30x_hd.o(.text)
    DMA0_Channel4_IRQHandler                 0x0800015f   Thumb Code     0  startup_gd32f30x_hd.o(.text)
    DMA0_Channel5_IRQHandler                 0x0800015f   Thumb Code     0  startup_gd32f30x_hd.o(.text)
    DMA0_Channel6_IRQHandler                 0x0800015f   Thumb Code     0  startup_gd32f30x_hd.o(.text)
    DMA1_Channel0_IRQHandler                 0x0800015f   Thumb Code     0  startup_gd32f30x_hd.o(.text)
    DMA1_Channel1_IRQHandler                 0x0800015f   Thumb Code     0  startup_gd32f30x_hd.o(.text)
    DMA1_Channel2_IRQHandler                 0x0800015f   Thumb Code     0  startup_gd32f30x_hd.o(.text)
    DMA1_Channel3_4_IRQHandler               0x0800015f   Thumb Code     0  startup_gd32f30x_hd.o(.text)
    EXMC_IRQHandler                          0x0800015f   Thumb Code     0  startup_gd32f30x_hd.o(.text)
    EXTI0_IRQHandler                         0x0800015f   Thumb Code     0  startup_gd32f30x_hd.o(.text)
    EXTI10_15_IRQHandler                     0x0800015f   Thumb Code     0  startup_gd32f30x_hd.o(.text)
    EXTI1_IRQHandler                         0x0800015f   Thumb Code     0  startup_gd32f30x_hd.o(.text)
    EXTI2_IRQHandler                         0x0800015f   Thumb Code     0  startup_gd32f30x_hd.o(.text)
    EXTI3_IRQHandler                         0x0800015f   Thumb Code     0  startup_gd32f30x_hd.o(.text)
    EXTI4_IRQHandler                         0x0800015f   Thumb Code     0  startup_gd32f30x_hd.o(.text)
    EXTI5_9_IRQHandler                       0x0800015f   Thumb Code     0  startup_gd32f30x_hd.o(.text)
    FMC_IRQHandler                           0x0800015f   Thumb Code     0  startup_gd32f30x_hd.o(.text)
    I2C0_ER_IRQHandler                       0x0800015f   Thumb Code     0  startup_gd32f30x_hd.o(.text)
    I2C0_EV_IRQHandler                       0x0800015f   Thumb Code     0  startup_gd32f30x_hd.o(.text)
    I2C1_ER_IRQHandler                       0x0800015f   Thumb Code     0  startup_gd32f30x_hd.o(.text)
    I2C1_EV_IRQHandler                       0x0800015f   Thumb Code     0  startup_gd32f30x_hd.o(.text)
    LVD_IRQHandler                           0x0800015f   Thumb Code     0  startup_gd32f30x_hd.o(.text)
    RCU_CTC_IRQHandler                       0x0800015f   Thumb Code     0  startup_gd32f30x_hd.o(.text)
    RTC_Alarm_IRQHandler                     0x0800015f   Thumb Code     0  startup_gd32f30x_hd.o(.text)
    RTC_IRQHandler                           0x0800015f   Thumb Code     0  startup_gd32f30x_hd.o(.text)
    SDIO_IRQHandler                          0x0800015f   Thumb Code     0  startup_gd32f30x_hd.o(.text)
    SPI0_IRQHandler                          0x0800015f   Thumb Code     0  startup_gd32f30x_hd.o(.text)
    SPI1_IRQHandler                          0x0800015f   Thumb Code     0  startup_gd32f30x_hd.o(.text)
    SPI2_IRQHandler                          0x0800015f   Thumb Code     0  startup_gd32f30x_hd.o(.text)
    TAMPER_IRQHandler                        0x0800015f   Thumb Code     0  startup_gd32f30x_hd.o(.text)
    TIMER0_BRK_IRQHandler                    0x0800015f   Thumb Code     0  startup_gd32f30x_hd.o(.text)
    TIMER0_Channel_IRQHandler                0x0800015f   Thumb Code     0  startup_gd32f30x_hd.o(.text)
    TIMER0_TRG_CMT_IRQHandler                0x0800015f   Thumb Code     0  startup_gd32f30x_hd.o(.text)
    TIMER0_UP_IRQHandler                     0x0800015f   Thumb Code     0  startup_gd32f30x_hd.o(.text)
    TIMER2_IRQHandler                        0x0800015f   Thumb Code     0  startup_gd32f30x_hd.o(.text)
    TIMER3_IRQHandler                        0x0800015f   Thumb Code     0  startup_gd32f30x_hd.o(.text)
    TIMER4_IRQHandler                        0x0800015f   Thumb Code     0  startup_gd32f30x_hd.o(.text)
    TIMER5_IRQHandler                        0x0800015f   Thumb Code     0  startup_gd32f30x_hd.o(.text)
    TIMER6_IRQHandler                        0x0800015f   Thumb Code     0  startup_gd32f30x_hd.o(.text)
    TIMER7_BRK_IRQHandler                    0x0800015f   Thumb Code     0  startup_gd32f30x_hd.o(.text)
    TIMER7_Channel_IRQHandler                0x0800015f   Thumb Code     0  startup_gd32f30x_hd.o(.text)
    TIMER7_TRG_CMT_IRQHandler                0x0800015f   Thumb Code     0  startup_gd32f30x_hd.o(.text)
    TIMER7_UP_IRQHandler                     0x0800015f   Thumb Code     0  startup_gd32f30x_hd.o(.text)
    UART3_IRQHandler                         0x0800015f   Thumb Code     0  startup_gd32f30x_hd.o(.text)
    UART4_IRQHandler                         0x0800015f   Thumb Code     0  startup_gd32f30x_hd.o(.text)
    USART0_IRQHandler                        0x0800015f   Thumb Code     0  startup_gd32f30x_hd.o(.text)
    USBD_HP_CAN0_TX_IRQHandler               0x0800015f   Thumb Code     0  startup_gd32f30x_hd.o(.text)
    USBD_LP_CAN0_RX0_IRQHandler              0x0800015f   Thumb Code     0  startup_gd32f30x_hd.o(.text)
    USBD_WKUP_IRQHandler                     0x0800015f   Thumb Code     0  startup_gd32f30x_hd.o(.text)
    WWDGT_IRQHandler                         0x0800015f   Thumb Code     0  startup_gd32f30x_hd.o(.text)
    __aeabi_memset                           0x08000169   Thumb Code    14  memseta.o(.text)
    __aeabi_memset4                          0x08000169   Thumb Code     0  memseta.o(.text)
    __aeabi_memset8                          0x08000169   Thumb Code     0  memseta.o(.text)
    __aeabi_memclr                           0x08000177   Thumb Code     4  memseta.o(.text)
    __aeabi_memclr4                          0x08000177   Thumb Code     0  memseta.o(.text)
    __aeabi_memclr8                          0x08000177   Thumb Code     0  memseta.o(.text)
    _memset$wrapper                          0x0800017b   Thumb Code    18  memseta.o(.text)
    __aeabi_f2d                              0x0800018d   Thumb Code    38  f2d.o(.text)
    __aeabi_uidiv                            0x080001b3   Thumb Code     0  uidiv.o(.text)
    __aeabi_uidivmod                         0x080001b3   Thumb Code    44  uidiv.o(.text)
    __aeabi_uldivmod                         0x080001df   Thumb Code    98  uldiv.o(.text)
    __I$use$fp                               0x08000241   Thumb Code     0  iusefp.o(.text)
    __aeabi_dadd                             0x08000241   Thumb Code   322  dadd.o(.text)
    __aeabi_dsub                             0x08000383   Thumb Code     6  dadd.o(.text)
    __aeabi_drsub                            0x08000389   Thumb Code     6  dadd.o(.text)
    __aeabi_dmul                             0x0800038f   Thumb Code   228  dmul.o(.text)
    __aeabi_ddiv                             0x08000473   Thumb Code   222  ddiv.o(.text)
    __aeabi_d2ulz                            0x08000551   Thumb Code    48  dfixul.o(.text)
    __aeabi_cdrcmple                         0x08000581   Thumb Code    48  cdrcmple.o(.text)
    __scatterload                            0x080005b1   Thumb Code    28  init.o(.text)
    __scatterload_rt2                        0x080005b1   Thumb Code     0  init.o(.text)
    __aeabi_llsl                             0x080005d5   Thumb Code    30  llshl.o(.text)
    _ll_shift_l                              0x080005d5   Thumb Code     0  llshl.o(.text)
    __aeabi_llsr                             0x080005f3   Thumb Code    32  llushr.o(.text)
    _ll_ushift_r                             0x080005f3   Thumb Code     0  llushr.o(.text)
    __aeabi_lasr                             0x08000613   Thumb Code    36  llsshr.o(.text)
    _ll_sshift_r                             0x08000613   Thumb Code     0  llsshr.o(.text)
    _double_round                            0x08000637   Thumb Code    30  depilogue.o(.text)
    _double_epilogue                         0x08000655   Thumb Code   156  depilogue.o(.text)
    ADC0_1_IRQHandler                        0x080006f1   Thumb Code     8  gd32f30x_it.o(i.ADC0_1_IRQHandler)
    ADC_DMA_IRQHandler_Internal              0x08000849   Thumb Code    58  adc.o(i.ADC_DMA_IRQHandler_Internal)
    ADC_GetAverageSample                     0x080008c5   Thumb Code   330  adc.o(i.ADC_GetAverageSample)
    ADC_IRQHandler_Internal                  0x08000a25   Thumb Code    22  adc.o(i.ADC_IRQHandler_Internal)
    ADC_Init                                 0x08000a41   Thumb Code   124  adc.o(i.ADC_Init)
    ADC_RawToVoltage                         0x08000ad9   Thumb Code    26  adc.o(i.ADC_RawToVoltage)
    ADC_Start                                0x08000afd   Thumb Code   134  adc.o(i.ADC_Start)
    ADC_VoltageToCurrent                     0x08000b9d   Thumb Code    22  adc.o(i.ADC_VoltageToCurrent)
    AS5600_Init                              0x08000bc5   Thumb Code     8  as5600.o(i.AS5600_Init)
    AS5600_ReadAngle                         0x08000bcd   Thumb Code    14  as5600.o(i.AS5600_ReadAngle)
    BusFault_Handler                         0x08000c0b   Thumb Code     4  gd32f30x_it.o(i.BusFault_Handler)
    DMA0_Channel0_IRQHandler                 0x08000c0f   Thumb Code     8  gd32f30x_it.o(i.DMA0_Channel0_IRQHandler)
    DebugMon_Handler                         0x08000c17   Thumb Code     2  gd32f30x_it.o(i.DebugMon_Handler)
    FOC_CalibrateElectricalAngleAndDirection 0x08000d05   Thumb Code   260  foc_control.o(i.FOC_CalibrateElectricalAngleAndDirection)
    FOC_CurrentLoopStep                      0x08000e51   Thumb Code   158  foc_control.o(i.FOC_CurrentLoopStep)
    FOC_MotorInit                            0x0800105d   Thumb Code   160  foc_control.o(i.FOC_MotorInit)
    FOC_PIDRun                               0x08001101   Thumb Code   256  foc_control.o(i.FOC_PIDRun)
    FOC_TorqueControlStep                    0x08001315   Thumb Code   206  foc_control.o(i.FOC_TorqueControlStep)
    HardFault_Handler                        0x08001475   Thumb Code     4  gd32f30x_it.o(i.HardFault_Handler)
    I2C0_Init                                0x080014fd   Thumb Code    12  i2c0.o(i.I2C0_Init)
    I2C0_ReadBytes                           0x08001509   Thumb Code   238  i2c0.o(i.I2C0_ReadBytes)
    I2C0_Unlock                              0x08001675   Thumb Code   124  i2c0.o(i.I2C0_Unlock)
    Kalman_Init                              0x08001765   Thumb Code    42  sensor.o(i.Kalman_Init)
    Kalman_Update                            0x08001799   Thumb Code   152  sensor.o(i.Kalman_Update)
    LED_Init                                 0x08001861   Thumb Code    64  led.o(i.LED_Init)
    Math_ClarkeTransform                     0x080018a5   Thumb Code    22  math_transforms.o(i.Math_ClarkeTransform)
    Math_InverseClarkeTransform              0x080018c1   Thumb Code    46  math_transforms.o(i.Math_InverseClarkeTransform)
    Math_InverseParkTransform                0x080018f5   Thumb Code    76  math_transforms.o(i.Math_InverseParkTransform)
    Math_ParkTransform                       0x08001941   Thumb Code    80  math_transforms.o(i.Math_ParkTransform)
    MemManage_Handler                        0x08001991   Thumb Code     4  gd32f30x_it.o(i.MemManage_Handler)
    NMI_Handler                              0x080019c9   Thumb Code     2  gd32f30x_it.o(i.NMI_Handler)
    PWM_EnableComplementaryOutputs           0x08001a0d   Thumb Code    12  pwm.o(i.PWM_EnableComplementaryOutputs)
    PWM_Init                                 0x08001ab5   Thumb Code    86  pwm.o(i.PWM_Init)
    PWM_SetDeadTime                          0x08001b15   Thumb Code    62  pwm.o(i.PWM_SetDeadTime)
    PWM_SetDutyCycle                         0x08001b59   Thumb Code    74  pwm.o(i.PWM_SetDutyCycle)
    PWM_Start                                0x08001bb1   Thumb Code    10  pwm.o(i.PWM_Start)
    PendSV_Handler                           0x08001ca1   Thumb Code     2  gd32f30x_it.o(i.PendSV_Handler)
    Reset_LED                                0x08001ca5   Thumb Code    54  led.o(i.Reset_LED)
    SVC_Handler                              0x08001ce1   Thumb Code     2  gd32f30x_it.o(i.SVC_Handler)
    SVPWM_Init                               0x08001da5   Thumb Code    76  svpwm.o(i.SVPWM_Init)
    SVPWM_Update                             0x08001df5   Thumb Code   918  svpwm.o(i.SVPWM_Update)
    Sensor_ADCSampleTimeOffset               0x080021a5   Thumb Code    60  sensor.o(i.Sensor_ADCSampleTimeOffset)
    Sensor_GetData                           0x080021ed   Thumb Code     4  sensor.o(i.Sensor_GetData)
    Sensor_Init                              0x080021f5   Thumb Code   140  sensor.o(i.Sensor_Init)
    Sensor_ReadAll                           0x08002359   Thumb Code    12  sensor.o(i.Sensor_ReadAll)
    Sensor_SetZeroOffset                     0x080023b1   Thumb Code   168  sensor.o(i.Sensor_SetZeroOffset)
    Set_LED                                  0x08002469   Thumb Code    54  led.o(i.Set_LED)
    SysTick_Handler                          0x080024a5   Thumb Code     8  gd32f30x_it.o(i.SysTick_Handler)
    SystemInit                               0x080024ad   Thumb Code   316  system_gd32f30x.o(i.SystemInit)
    TIMER1_IRQHandler                        0x080025f5   Thumb Code     8  gd32f30x_it.o(i.TIMER1_IRQHandler)
    Timer1_Algorithm_Handler                 0x080025fd   Thumb Code   150  timer1_algorithm.o(i.Timer1_Algorithm_Handler)
    Timer1_Algorithm_Init                    0x080026a9   Thumb Code    20  timer1_algorithm.o(i.Timer1_Algorithm_Init)
    Timer1_Algorithm_Start                   0x080026c1   Thumb Code     8  timer1_algorithm.o(i.Timer1_Algorithm_Start)
    Timer1_EnableDWT                         0x080026c9   Thumb Code    40  timer1_algorithm.o(i.Timer1_EnableDWT)
    Timer1_IRQHandler_Internal               0x080026f9   Thumb Code    34  timer1.o(i.Timer1_IRQHandler_Internal)
    Timer1_Init                              0x08002721   Thumb Code    84  timer1.o(i.Timer1_Init)
    Timer1_SetAlgorithmCallback              0x08002779   Thumb Code    12  timer1_algorithm.o(i.Timer1_SetAlgorithmCallback)
    Timer1_SetCallback                       0x08002789   Thumb Code     6  timer1.o(i.Timer1_SetCallback)
    Timer1_Start                             0x08002795   Thumb Code    18  timer1.o(i.Timer1_Start)
    Timer2_Init                              0x080027ad   Thumb Code    78  timer2.o(i.Timer2_Init)
    Timer2_Start                             0x08002805   Thumb Code    16  timer2.o(i.Timer2_Start)
    Timer3_Init                              0x0800281d   Thumb Code   178  timer3.o(i.Timer3_Init)
    Timer3_Start                             0x080028d9   Thumb Code    16  timer3.o(i.Timer3_Start)
    UART_Debug_OutputOscilloscope            0x080028f1   Thumb Code   116  uart_debug.o(i.UART_Debug_OutputOscilloscope)
    USART1_ClearBuffers                      0x080029ad   Thumb Code    50  usart1.o(i.USART1_ClearBuffers)
    USART1_IRQHandler                        0x08002b31   Thumb Code     8  gd32f30x_it.o(i.USART1_IRQHandler)
    USART1_IRQHandler_Internal               0x08002b39   Thumb Code     8  usart1.o(i.USART1_IRQHandler_Internal)
    USART1_Init                              0x08002b41   Thumb Code   150  usart1.o(i.USART1_Init)
    USART1_LoopbackEnable                    0x08002be1   Thumb Code     8  usart1.o(i.USART1_LoopbackEnable)
    USART1_SendByte                          0x08002bed   Thumb Code    92  usart1.o(i.USART1_SendByte)
    USART1_SendString                        0x08002c5d   Thumb Code    42  usart1.o(i.USART1_SendString)
    USART2_IRQHandler                        0x08002d91   Thumb Code     8  usart2.o(i.USART2_IRQHandler)
    UsageFault_Handler                       0x08002d99   Thumb Code     4  gd32f30x_it.o(i.UsageFault_Handler)
    __0printf                                0x08002d9d   Thumb Code    22  printfa.o(i.__0printf)
    __1printf                                0x08002d9d   Thumb Code     0  printfa.o(i.__0printf)
    __2printf                                0x08002d9d   Thumb Code     0  printfa.o(i.__0printf)
    __c89printf                              0x08002d9d   Thumb Code     0  printfa.o(i.__0printf)
    printf                                   0x08002d9d   Thumb Code     0  printfa.o(i.__0printf)
    __ARM_fpclassifyf                        0x08002dbd   Thumb Code    38  fpclassifyf.o(i.__ARM_fpclassifyf)
    __hardfp_atan2f                          0x08002de5   Thumb Code   502  atan2f.o(i.__hardfp_atan2f)
    __hardfp_cosf                            0x08003035   Thumb Code   280  cosf.o(i.__hardfp_cosf)
    __hardfp_sinf                            0x08003185   Thumb Code   344  sinf.o(i.__hardfp_sinf)
    __hardfp_sqrtf                           0x08003315   Thumb Code    58  sqrtf.o(i.__hardfp_sqrtf)
    __mathlib_flt_infnan                     0x0800334f   Thumb Code     6  funder.o(i.__mathlib_flt_infnan)
    __mathlib_flt_infnan2                    0x08003355   Thumb Code     6  funder.o(i.__mathlib_flt_infnan2)
    __mathlib_flt_invalid                    0x0800335d   Thumb Code    10  funder.o(i.__mathlib_flt_invalid)
    __mathlib_flt_underflow                  0x0800336d   Thumb Code    10  funder.o(i.__mathlib_flt_underflow)
    __mathlib_rredf2                         0x0800337d   Thumb Code   316  rredf.o(i.__mathlib_rredf2)
    __scatterload_copy                       0x080034d1   Thumb Code    14  handlers.o(i.__scatterload_copy)
    __scatterload_null                       0x080034df   Thumb Code     2  handlers.o(i.__scatterload_null)
    __scatterload_zeroinit                   0x080034e1   Thumb Code    14  handlers.o(i.__scatterload_zeroinit)
    __set_errno                              0x080034f1   Thumb Code     6  errno.o(i.__set_errno)
    adc_calibration_enable                   0x08003dcb   Thumb Code    42  gd32f30x_adc.o(i.adc_calibration_enable)
    adc_channel_length_config                0x08003df5   Thumb Code    70  gd32f30x_adc.o(i.adc_channel_length_config)
    adc_data_alignment_config                0x08003e3b   Thumb Code    22  gd32f30x_adc.o(i.adc_data_alignment_config)
    adc_deinit                               0x08003e51   Thumb Code    84  gd32f30x_adc.o(i.adc_deinit)
    adc_dma_mode_enable                      0x08003ea9   Thumb Code    10  gd32f30x_adc.o(i.adc_dma_mode_enable)
    adc_enable                               0x08003eb3   Thumb Code    18  gd32f30x_adc.o(i.adc_enable)
    adc_external_trigger_config              0x08003ec5   Thumb Code    62  gd32f30x_adc.o(i.adc_external_trigger_config)
    adc_external_trigger_source_config       0x08003f03   Thumb Code    48  gd32f30x_adc.o(i.adc_external_trigger_source_config)
    adc_flag_clear                           0x08003f33   Thumb Code     6  gd32f30x_adc.o(i.adc_flag_clear)
    adc_interrupt_enable                     0x08003f39   Thumb Code    44  gd32f30x_adc.o(i.adc_interrupt_enable)
    adc_interrupt_flag_clear                 0x08003f65   Thumb Code     6  gd32f30x_adc.o(i.adc_interrupt_flag_clear)
    adc_interrupt_flag_get                   0x08003f6b   Thumb Code    88  gd32f30x_adc.o(i.adc_interrupt_flag_get)
    adc_mode_config                          0x08003fc5   Thumb Code    22  gd32f30x_adc.o(i.adc_mode_config)
    adc_resolution_config                    0x08003fe1   Thumb Code    20  gd32f30x_adc.o(i.adc_resolution_config)
    adc_routine_channel_config               0x08003ff5   Thumb Code   172  gd32f30x_adc.o(i.adc_routine_channel_config)
    adc_special_function_config              0x080040a1   Thumb Code    90  gd32f30x_adc.o(i.adc_special_function_config)
    delay_1ms                                0x080040fd   Thumb Code    16  systick.o(i.delay_1ms)
    delay_decrement                          0x08004111   Thumb Code    28  systick.o(i.delay_decrement)
    dma_channel_disable                      0x08004135   Thumb Code    50  gd32f30x_dma.o(i.dma_channel_disable)
    dma_channel_enable                       0x08004167   Thumb Code    50  gd32f30x_dma.o(i.dma_channel_enable)
    dma_circulation_enable                   0x08004199   Thumb Code    50  gd32f30x_dma.o(i.dma_circulation_enable)
    dma_deinit                               0x080041cb   Thumb Code   112  gd32f30x_dma.o(i.dma_deinit)
    dma_flag_clear                           0x0800423b   Thumb Code    16  gd32f30x_dma.o(i.dma_flag_clear)
    dma_init                                 0x0800424b   Thumb Code   302  gd32f30x_dma.o(i.dma_init)
    dma_interrupt_enable                     0x08004379   Thumb Code    50  gd32f30x_dma.o(i.dma_interrupt_enable)
    dma_interrupt_flag_clear                 0x080043ab   Thumb Code    16  gd32f30x_dma.o(i.dma_interrupt_flag_clear)
    dma_interrupt_flag_get                   0x080043bb   Thumb Code   132  gd32f30x_dma.o(i.dma_interrupt_flag_get)
    dma_memory_address_config                0x0800443f   Thumb Code    36  gd32f30x_dma.o(i.dma_memory_address_config)
    dma_periph_address_config                0x08004463   Thumb Code    36  gd32f30x_dma.o(i.dma_periph_address_config)
    dma_struct_para_init                     0x080044a1   Thumb Code    28  gd32f30x_dma.o(i.dma_struct_para_init)
    dma_transfer_number_config               0x080044bd   Thumb Code    38  gd32f30x_dma.o(i.dma_transfer_number_config)
    dma_transfer_number_get                  0x080044e3   Thumb Code    34  gd32f30x_dma.o(i.dma_transfer_number_get)
    fputc                                    0x08004505   Thumb Code    16  uart_debug.o(i.fputc)
    gpio_bit_reset                           0x08004515   Thumb Code     4  gd32f30x_gpio.o(i.gpio_bit_reset)
    gpio_bit_set                             0x08004519   Thumb Code     4  gd32f30x_gpio.o(i.gpio_bit_set)
    gpio_bit_write                           0x0800451d   Thumb Code    10  gd32f30x_gpio.o(i.gpio_bit_write)
    gpio_init                                0x08004527   Thumb Code   188  gd32f30x_gpio.o(i.gpio_init)
    i2c_ack_config                           0x080045e3   Thumb Code    16  gd32f30x_i2c.o(i.i2c_ack_config)
    i2c_clock_config                         0x080045f5   Thumb Code   306  gd32f30x_i2c.o(i.i2c_clock_config)
    i2c_data_receive                         0x08004735   Thumb Code     8  gd32f30x_i2c.o(i.i2c_data_receive)
    i2c_data_transmit                        0x0800473d   Thumb Code     6  gd32f30x_i2c.o(i.i2c_data_transmit)
    i2c_deinit                               0x08004745   Thumb Code    60  gd32f30x_i2c.o(i.i2c_deinit)
    i2c_disable                              0x08004785   Thumb Code    10  gd32f30x_i2c.o(i.i2c_disable)
    i2c_enable                               0x0800478f   Thumb Code    10  gd32f30x_i2c.o(i.i2c_enable)
    i2c_flag_clear                           0x08004799   Thumb Code    40  gd32f30x_i2c.o(i.i2c_flag_clear)
    i2c_flag_get                             0x080047c1   Thumb Code    30  gd32f30x_i2c.o(i.i2c_flag_get)
    i2c_master_addressing                    0x080047df   Thumb Code    20  gd32f30x_i2c.o(i.i2c_master_addressing)
    i2c_mode_addr_config                     0x080047f3   Thumb Code    28  gd32f30x_i2c.o(i.i2c_mode_addr_config)
    i2c_software_reset_config                0x0800480f   Thumb Code    16  gd32f30x_i2c.o(i.i2c_software_reset_config)
    i2c_start_on_bus                         0x0800481f   Thumb Code    10  gd32f30x_i2c.o(i.i2c_start_on_bus)
    i2c_stop_on_bus                          0x08004829   Thumb Code    10  gd32f30x_i2c.o(i.i2c_stop_on_bus)
    main                                     0x08004835   Thumb Code   220  main.o(i.main)
    nvic_irq_enable                          0x08004b05   Thumb Code   254  gd32f30x_misc.o(i.nvic_irq_enable)
    nvic_priority_group_set                  0x08004c0d   Thumb Code    10  gd32f30x_misc.o(i.nvic_priority_group_set)
    rcu_clock_freq_get                       0x08004c21   Thumb Code   310  gd32f30x_rcu.o(i.rcu_clock_freq_get)
    rcu_periph_clock_enable                  0x08004d79   Thumb Code    28  gd32f30x_rcu.o(i.rcu_periph_clock_enable)
    rcu_periph_reset_disable                 0x08004d99   Thumb Code    28  gd32f30x_rcu.o(i.rcu_periph_reset_disable)
    rcu_periph_reset_enable                  0x08004db9   Thumb Code    28  gd32f30x_rcu.o(i.rcu_periph_reset_enable)
    systick_config                           0x08004efd   Thumb Code    74  systick.o(i.systick_config)
    systick_get_tick                         0x08004f4d   Thumb Code     6  systick.o(i.systick_get_tick)
    timer_auto_reload_shadow_enable          0x08004f59   Thumb Code    10  gd32f30x_timer.o(i.timer_auto_reload_shadow_enable)
    timer_break_config                       0x08004f63   Thumb Code    30  gd32f30x_timer.o(i.timer_break_config)
    timer_break_struct_para_init             0x08004f81   Thumb Code    18  gd32f30x_timer.o(i.timer_break_struct_para_init)
    timer_channel_output_config              0x08004f95   Thumb Code   484  gd32f30x_timer.o(i.timer_channel_output_config)
    timer_channel_output_mode_config         0x08005181   Thumb Code    90  gd32f30x_timer.o(i.timer_channel_output_mode_config)
    timer_channel_output_pulse_value_config  0x080051db   Thumb Code    38  gd32f30x_timer.o(i.timer_channel_output_pulse_value_config)
    timer_channel_output_shadow_config       0x08005201   Thumb Code    90  gd32f30x_timer.o(i.timer_channel_output_shadow_config)
    timer_channel_output_struct_para_init    0x0800525b   Thumb Code    16  gd32f30x_timer.o(i.timer_channel_output_struct_para_init)
    timer_counter_value_config               0x0800526b   Thumb Code     4  gd32f30x_timer.o(i.timer_counter_value_config)
    timer_deinit                             0x08005271   Thumb Code   210  gd32f30x_timer.o(i.timer_deinit)
    timer_enable                             0x0800534d   Thumb Code    10  gd32f30x_timer.o(i.timer_enable)
    timer_init                               0x08005359   Thumb Code   122  gd32f30x_timer.o(i.timer_init)
    timer_input_trigger_source_select        0x080053f1   Thumb Code    16  gd32f30x_timer.o(i.timer_input_trigger_source_select)
    timer_interrupt_enable                   0x08005401   Thumb Code     8  gd32f30x_timer.o(i.timer_interrupt_enable)
    timer_interrupt_flag_clear               0x08005409   Thumb Code     6  gd32f30x_timer.o(i.timer_interrupt_flag_clear)
    timer_interrupt_flag_get                 0x0800540f   Thumb Code    28  gd32f30x_timer.o(i.timer_interrupt_flag_get)
    timer_master_output_trigger_source_select 0x0800542b   Thumb Code    16  gd32f30x_timer.o(i.timer_master_output_trigger_source_select)
    timer_master_slave_mode_config           0x0800543b   Thumb Code    26  gd32f30x_timer.o(i.timer_master_slave_mode_config)
    timer_primary_output_config              0x08005455   Thumb Code    24  gd32f30x_timer.o(i.timer_primary_output_config)
    timer_slave_mode_select                  0x0800546d   Thumb Code    16  gd32f30x_timer.o(i.timer_slave_mode_select)
    usart_baudrate_set                       0x0800547d   Thumb Code   136  gd32f30x_usart.o(i.usart_baudrate_set)
    usart_data_receive                       0x0800550d   Thumb Code    10  gd32f30x_usart.o(i.usart_data_receive)
    usart_data_transmit                      0x08005517   Thumb Code     8  gd32f30x_usart.o(i.usart_data_transmit)
    usart_deinit                             0x08005521   Thumb Code   136  gd32f30x_usart.o(i.usart_deinit)
    usart_enable                             0x080055b1   Thumb Code    10  gd32f30x_usart.o(i.usart_enable)
    usart_hardware_flow_cts_config           0x080055bb   Thumb Code    20  gd32f30x_usart.o(i.usart_hardware_flow_cts_config)
    usart_hardware_flow_rts_config           0x080055cf   Thumb Code    20  gd32f30x_usart.o(i.usart_hardware_flow_rts_config)
    usart_interrupt_disable                  0x080055e3   Thumb Code    26  gd32f30x_usart.o(i.usart_interrupt_disable)
    usart_interrupt_enable                   0x080055fd   Thumb Code    26  gd32f30x_usart.o(i.usart_interrupt_enable)
    usart_interrupt_flag_clear               0x08005617   Thumb Code    18  gd32f30x_usart.o(i.usart_interrupt_flag_clear)
    usart_interrupt_flag_get                 0x08005629   Thumb Code    58  gd32f30x_usart.o(i.usart_interrupt_flag_get)
    usart_parity_config                      0x08005663   Thumb Code    16  gd32f30x_usart.o(i.usart_parity_config)
    usart_receive_config                     0x08005673   Thumb Code    20  gd32f30x_usart.o(i.usart_receive_config)
    usart_stop_bit_set                       0x08005687   Thumb Code    16  gd32f30x_usart.o(i.usart_stop_bit_set)
    usart_transmit_config                    0x08005697   Thumb Code    20  gd32f30x_usart.o(i.usart_transmit_config)
    usart_word_length_set                    0x080056ab   Thumb Code    16  gd32f30x_usart.o(i.usart_word_length_set)
    Region$$Table$$Base                      0x080056dc   Number         0  anon$$obj.o(Region$$Table)
    Region$$Table$$Limit                     0x080056fc   Number         0  anon$$obj.o(Region$$Table)
    SystemCoreClock                          0x20000018   Data           4  system_gd32f30x.o(.data)
    __stdout                                 0x20000060   Data           4  stdout.o(.data)
    __initial_sp                             0x200007f0   Data           0  startup_gd32f30x_hd.o(STACK)



==============================================================================

Memory Map of the image

  Image Entry point : 0x08000131

  Load Region LR_IROM1 (Base: 0x08000000, Size: 0x00005764, Max: 0x00040000, ABSOLUTE)

    Execution Region ER_IROM1 (Exec base: 0x08000000, Load base: 0x08000000, Size: 0x000056fc, Max: 0x00040000, ABSOLUTE)

    Exec Addr    Load Addr    Size         Type   Attr      Idx    E Section Name        Object

    0x08000000   0x08000000   0x00000130   Data   RO         4740    RESET               startup_gd32f30x_hd.o
    0x08000130   0x08000130   0x00000000   Code   RO         5616  * .ARM.Collect$$$$00000000  mc_w.l(entry.o)
    0x08000130   0x08000130   0x00000004   Code   RO         5903    .ARM.Collect$$$$00000001  mc_w.l(entry2.o)
    0x08000134   0x08000134   0x00000004   Code   RO         5906    .ARM.Collect$$$$00000004  mc_w.l(entry5.o)
    0x08000138   0x08000138   0x00000000   Code   RO         5908    .ARM.Collect$$$$00000008  mc_w.l(entry7b.o)
    0x08000138   0x08000138   0x00000000   Code   RO         5910    .ARM.Collect$$$$0000000A  mc_w.l(entry8b.o)
    0x08000138   0x08000138   0x00000008   Code   RO         5911    .ARM.Collect$$$$0000000B  mc_w.l(entry9a.o)
    0x08000140   0x08000140   0x00000000   Code   RO         5913    .ARM.Collect$$$$0000000D  mc_w.l(entry10a.o)
    0x08000140   0x08000140   0x00000000   Code   RO         5915    .ARM.Collect$$$$0000000F  mc_w.l(entry11a.o)
    0x08000140   0x08000140   0x00000004   Code   RO         5904    .ARM.Collect$$$$00002712  mc_w.l(entry2.o)
    0x08000144   0x08000144   0x00000024   Code   RO         4741    .text               startup_gd32f30x_hd.o
    0x08000168   0x08000168   0x00000024   Code   RO         5619    .text               mc_w.l(memseta.o)
    0x0800018c   0x0800018c   0x00000026   Code   RO         5882    .text               mf_w.l(f2d.o)
    0x080001b2   0x080001b2   0x0000002c   Code   RO         5918    .text               mc_w.l(uidiv.o)
    0x080001de   0x080001de   0x00000062   Code   RO         5920    .text               mc_w.l(uldiv.o)
    0x08000240   0x08000240   0x00000000   Code   RO         5929    .text               mc_w.l(iusefp.o)
    0x08000240   0x08000240   0x0000014e   Code   RO         5930    .text               mf_w.l(dadd.o)
    0x0800038e   0x0800038e   0x000000e4   Code   RO         5932    .text               mf_w.l(dmul.o)
    0x08000472   0x08000472   0x000000de   Code   RO         5934    .text               mf_w.l(ddiv.o)
    0x08000550   0x08000550   0x00000030   Code   RO         5936    .text               mf_w.l(dfixul.o)
    0x08000580   0x08000580   0x00000030   Code   RO         5938    .text               mf_w.l(cdrcmple.o)
    0x080005b0   0x080005b0   0x00000024   Code   RO         5940    .text               mc_w.l(init.o)
    0x080005d4   0x080005d4   0x0000001e   Code   RO         5942    .text               mc_w.l(llshl.o)
    0x080005f2   0x080005f2   0x00000020   Code   RO         5944    .text               mc_w.l(llushr.o)
    0x08000612   0x08000612   0x00000024   Code   RO         5946    .text               mc_w.l(llsshr.o)
    0x08000636   0x08000636   0x000000ba   Code   RO         5948    .text               mf_w.l(depilogue.o)
    0x080006f0   0x080006f0   0x00000008   Code   RO            3    i.ADC0_1_IRQHandler  gd32f30x_it.o
    0x080006f8   0x080006f8   0x000000d4   Code   RO         5067    i.ADC_Config        adc.o
    0x080007cc   0x080007cc   0x0000007c   Code   RO         5068    i.ADC_DMA_Config    adc.o
    0x08000848   0x08000848   0x0000004c   Code   RO         5069    i.ADC_DMA_IRQHandler_Internal  adc.o
    0x08000894   0x08000894   0x00000030   Code   RO         5071    i.ADC_GPIO_Config   adc.o
    0x080008c4   0x080008c4   0x00000160   Code   RO         5074    i.ADC_GetAverageSample  adc.o
    0x08000a24   0x08000a24   0x0000001c   Code   RO         5078    i.ADC_IRQHandler_Internal  adc.o
    0x08000a40   0x08000a40   0x00000098   Code   RO         5079    i.ADC_Init          adc.o
    0x08000ad8   0x08000ad8   0x00000024   Code   RO         5081    i.ADC_RawToVoltage  adc.o
    0x08000afc   0x08000afc   0x000000a0   Code   RO         5083    i.ADC_Start         adc.o
    0x08000b9c   0x08000b9c   0x00000020   Code   RO         5085    i.ADC_VoltageToCurrent  adc.o
    0x08000bbc   0x08000bbc   0x00000008   Code   RO         4963    i.AS5600_CombineBytes  as5600.o
    0x08000bc4   0x08000bc4   0x00000008   Code   RO         4965    i.AS5600_Init       as5600.o
    0x08000bcc   0x08000bcc   0x0000000e   Code   RO         4969    i.AS5600_ReadAngle  as5600.o
    0x08000bda   0x08000bda   0x00000030   Code   RO         4972    i.AS5600_ReadRegister16  as5600.o
    0x08000c0a   0x08000c0a   0x00000004   Code   RO            4    i.BusFault_Handler  gd32f30x_it.o
    0x08000c0e   0x08000c0e   0x00000008   Code   RO            5    i.DMA0_Channel0_IRQHandler  gd32f30x_it.o
    0x08000c16   0x08000c16   0x00000002   Code   RO            6    i.DebugMon_Handler  gd32f30x_it.o
    0x08000c18   0x08000c18   0x000000ec   Code   RO          573    i.FOC_ApplyElectricalAngle  foc_control.o
    0x08000d04   0x08000d04   0x0000010c   Code   RO          574    i.FOC_CalibrateElectricalAngleAndDirection  foc_control.o
    0x08000e10   0x08000e10   0x0000002a   Code   RO          575    i.FOC_ClampFloat    foc_control.o
    0x08000e3a   0x08000e3a   0x00000016   Code   RO          576    i.FOC_ClampPolePairs  foc_control.o
    0x08000e50   0x08000e50   0x0000009e   Code   RO          577    i.FOC_CurrentLoopStep  foc_control.o
    0x08000eee   0x08000eee   0x00000002   PAD
    0x08000ef0   0x08000ef0   0x0000015c   Code   RO          578    i.FOC_EstimateDirectionAndPolePairs  foc_control.o
    0x0800104c   0x0800104c   0x00000010   Code   RO          579    i.FOC_GetDirectionSign  foc_control.o
    0x0800105c   0x0800105c   0x000000a4   Code   RO          580    i.FOC_MotorInit     foc_control.o
    0x08001100   0x08001100   0x0000010c   Code   RO          583    i.FOC_PIDRun        foc_control.o
    0x0800120c   0x0800120c   0x00000034   Code   RO          584    i.FOC_ReadMechanicalAngleRad  foc_control.o
    0x08001240   0x08001240   0x000000d4   Code   RO          585    i.FOC_SampleLockedMechanicalAngle  foc_control.o
    0x08001314   0x08001314   0x000000dc   Code   RO          586    i.FOC_TorqueControlStep  foc_control.o
    0x080013f0   0x080013f0   0x0000003c   Code   RO          587    i.FOC_WrapRad       foc_control.o
    0x0800142c   0x0800142c   0x00000048   Code   RO          588    i.FOC_WrapRadDelta  foc_control.o
    0x08001474   0x08001474   0x00000004   Code   RO            7    i.HardFault_Handler  gd32f30x_it.o
    0x08001478   0x08001478   0x0000005c   Code   RO         5198    i.I2C0_Config       i2c0.o
    0x080014d4   0x080014d4   0x00000028   Code   RO         5199    i.I2C0_GPIO_Config  i2c0.o
    0x080014fc   0x080014fc   0x0000000c   Code   RO         5200    i.I2C0_Init         i2c0.o
    0x08001508   0x08001508   0x000000f4   Code   RO         5202    i.I2C0_ReadBytes    i2c0.o
    0x080015fc   0x080015fc   0x00000038   Code   RO         5203    i.I2C0_SendAddress  i2c0.o
    0x08001634   0x08001634   0x00000028   Code   RO         5204    i.I2C0_SendStart    i2c0.o
    0x0800165c   0x0800165c   0x00000018   Code   RO         5205    i.I2C0_SendStop     i2c0.o
    0x08001674   0x08001674   0x00000080   Code   RO         5206    i.I2C0_Unlock       i2c0.o
    0x080016f4   0x080016f4   0x0000003c   Code   RO         5207    i.I2C0_WaitFlag     i2c0.o
    0x08001730   0x08001730   0x00000034   Code   RO         5208    i.I2C0_WaitStopClear  i2c0.o
    0x08001764   0x08001764   0x00000034   Code   RO          435    i.Kalman_Init       sensor.o
    0x08001798   0x08001798   0x000000a0   Code   RO          436    i.Kalman_Update     sensor.o
    0x08001838   0x08001838   0x00000028   Code   RO          267    i.LED_Blink_1Hz     main.o
    0x08001860   0x08001860   0x00000044   Code   RO         4927    i.LED_Init          led.o
    0x080018a4   0x080018a4   0x0000001c   Code   RO          674    i.Math_ClarkeTransform  math_transforms.o
    0x080018c0   0x080018c0   0x00000034   Code   RO          675    i.Math_InverseClarkeTransform  math_transforms.o
    0x080018f4   0x080018f4   0x0000004c   Code   RO          676    i.Math_InverseParkTransform  math_transforms.o
    0x08001940   0x08001940   0x00000050   Code   RO          677    i.Math_ParkTransform  math_transforms.o
    0x08001990   0x08001990   0x00000004   Code   RO            8    i.MemManage_Handler  gd32f30x_it.o
    0x08001994   0x08001994   0x00000034   Code   RO          268    i.Motor_Control_Loop  main.o
    0x080019c8   0x080019c8   0x00000002   Code   RO            9    i.NMI_Handler       gd32f30x_it.o
    0x080019ca   0x080019ca   0x00000002   PAD
    0x080019cc   0x080019cc   0x00000028   Code   RO          300    i.NVIC_SetPriority  systick.o
    0x080019f4   0x080019f4   0x00000018   Code   RO         4845    i.PWM_CalculateCompareValue  pwm.o
    0x08001a0c   0x08001a0c   0x00000010   Code   RO         4847    i.PWM_EnableComplementaryOutputs  pwm.o
    0x08001a1c   0x08001a1c   0x00000098   Code   RO         4848    i.PWM_GPIO_Config   pwm.o
    0x08001ab4   0x08001ab4   0x00000060   Code   RO         4850    i.PWM_Init          pwm.o
    0x08001b14   0x08001b14   0x00000044   Code   RO         4851    i.PWM_SetDeadTime   pwm.o
    0x08001b58   0x08001b58   0x00000058   Code   RO         4852    i.PWM_SetDutyCycle  pwm.o
    0x08001bb0   0x08001bb0   0x00000010   Code   RO         4853    i.PWM_Start         pwm.o
    0x08001bc0   0x08001bc0   0x000000e0   Code   RO         4855    i.PWM_Timer_Config  pwm.o
    0x08001ca0   0x08001ca0   0x00000002   Code   RO           10    i.PendSV_Handler    gd32f30x_it.o
    0x08001ca2   0x08001ca2   0x00000002   PAD
    0x08001ca4   0x08001ca4   0x0000003c   Code   RO         4928    i.Reset_LED         led.o
    0x08001ce0   0x08001ce0   0x00000002   Code   RO           11    i.SVC_Handler       gd32f30x_it.o
    0x08001ce2   0x08001ce2   0x00000002   PAD
    0x08001ce4   0x08001ce4   0x00000034   Code   RO          712    i.SVPWM_Clamp01     svpwm.o
    0x08001d18   0x08001d18   0x0000008c   Code   RO          713    i.SVPWM_DetermineSector  svpwm.o
    0x08001da4   0x08001da4   0x00000050   Code   RO          715    i.SVPWM_Init        svpwm.o
    0x08001df4   0x08001df4   0x000003b0   Code   RO          716    i.SVPWM_Update      svpwm.o
    0x080021a4   0x080021a4   0x00000048   Code   RO          437    i.Sensor_ADCSampleTimeOffset  sensor.o
    0x080021ec   0x080021ec   0x00000008   Code   RO          438    i.Sensor_GetData    sensor.o
    0x080021f4   0x080021f4   0x000000b0   Code   RO          439    i.Sensor_Init       sensor.o
    0x080022a4   0x080022a4   0x000000b4   Code   RO          440    i.Sensor_ReadADC    sensor.o
    0x08002358   0x08002358   0x0000000c   Code   RO          441    i.Sensor_ReadAll    sensor.o
    0x08002364   0x08002364   0x0000004c   Code   RO          442    i.Sensor_ReadEncoder  sensor.o
    0x080023b0   0x080023b0   0x000000b8   Code   RO          443    i.Sensor_SetZeroOffset  sensor.o
    0x08002468   0x08002468   0x0000003c   Code   RO         4929    i.Set_LED           led.o
    0x080024a4   0x080024a4   0x00000008   Code   RO           12    i.SysTick_Handler   gd32f30x_it.o
    0x080024ac   0x080024ac   0x00000148   Code   RO          757    i.SystemInit        system_gd32f30x.o
    0x080025f4   0x080025f4   0x00000008   Code   RO           13    i.TIMER1_IRQHandler  gd32f30x_it.o
    0x080025fc   0x080025fc   0x000000ac   Code   RO          349    i.Timer1_Algorithm_Handler  timer1_algorithm.o
    0x080026a8   0x080026a8   0x00000018   Code   RO          350    i.Timer1_Algorithm_Init  timer1_algorithm.o
    0x080026c0   0x080026c0   0x00000008   Code   RO          351    i.Timer1_Algorithm_Start  timer1_algorithm.o
    0x080026c8   0x080026c8   0x00000030   Code   RO          355    i.Timer1_EnableDWT  timer1_algorithm.o
    0x080026f8   0x080026f8   0x00000028   Code   RO         4796    i.Timer1_IRQHandler_Internal  timer1.o
    0x08002720   0x08002720   0x00000058   Code   RO         4797    i.Timer1_Init       timer1.o
    0x08002778   0x08002778   0x00000010   Code   RO          359    i.Timer1_SetAlgorithmCallback  timer1_algorithm.o
    0x08002788   0x08002788   0x0000000c   Code   RO         4798    i.Timer1_SetCallback  timer1.o
    0x08002794   0x08002794   0x00000018   Code   RO         4799    i.Timer1_Start      timer1.o
    0x080027ac   0x080027ac   0x00000058   Code   RO         4748    i.Timer2_Init       timer2.o
    0x08002804   0x08002804   0x00000018   Code   RO         4750    i.Timer2_Start      timer2.o
    0x0800281c   0x0800281c   0x000000bc   Code   RO         5533    i.Timer3_Init       timer3.o
    0x080028d8   0x080028d8   0x00000018   Code   RO         5534    i.Timer3_Start      timer3.o
    0x080028f0   0x080028f0   0x00000094   Code   RO          518    i.UART_Debug_OutputOscilloscope  uart_debug.o
    0x08002984   0x08002984   0x0000000e   Code   RO         5291    i.USART1_BufferIsEmpty  usart1.o
    0x08002992   0x08002992   0x0000001a   Code   RO         5292    i.USART1_BufferIsFull  usart1.o
    0x080029ac   0x080029ac   0x00000050   Code   RO         5293    i.USART1_ClearBuffers  usart1.o
    0x080029fc   0x080029fc   0x0000001c   Code   RO         5294    i.USART1_DisableInterrupts  usart1.o
    0x08002a18   0x08002a18   0x00000028   Code   RO         5295    i.USART1_EnableInterrupts  usart1.o
    0x08002a40   0x08002a40   0x000000f0   Code   RO         5296    i.USART1_HandlerInternal  usart1.o
    0x08002b30   0x08002b30   0x00000008   Code   RO           14    i.USART1_IRQHandler  gd32f30x_it.o
    0x08002b38   0x08002b38   0x00000008   Code   RO         5297    i.USART1_IRQHandler_Internal  usart1.o
    0x08002b40   0x08002b40   0x000000a0   Code   RO         5298    i.USART1_Init       usart1.o
    0x08002be0   0x08002be0   0x0000000c   Code   RO         5301    i.USART1_LoopbackEnable  usart1.o
    0x08002bec   0x08002bec   0x00000070   Code   RO         5303    i.USART1_SendByte   usart1.o
    0x08002c5c   0x08002c5c   0x0000002a   Code   RO         5305    i.USART1_SendString  usart1.o
    0x08002c86   0x08002c86   0x0000000e   Code   RO         5405    i.USART2_BufferIsEmpty  usart2.o
    0x08002c94   0x08002c94   0x0000001a   Code   RO         5406    i.USART2_BufferIsFull  usart2.o
    0x08002cae   0x08002cae   0x00000002   PAD
    0x08002cb0   0x08002cb0   0x000000e0   Code   RO         5410    i.USART2_HandlerInternal  usart2.o
    0x08002d90   0x08002d90   0x00000008   Code   RO         5411    i.USART2_IRQHandler  usart2.o
    0x08002d98   0x08002d98   0x00000004   Code   RO           15    i.UsageFault_Handler  gd32f30x_it.o
    0x08002d9c   0x08002d9c   0x00000020   Code   RO         5854    i.__0printf         mc_w.l(printfa.o)
    0x08002dbc   0x08002dbc   0x00000026   Code   RO         5884    i.__ARM_fpclassifyf  m_wm.l(fpclassifyf.o)
    0x08002de2   0x08002de2   0x00000002   PAD
    0x08002de4   0x08002de4   0x00000250   Code   RO         5568    i.__hardfp_atan2f   m_wm.l(atan2f.o)
    0x08003034   0x08003034   0x00000150   Code   RO         5580    i.__hardfp_cosf     m_wm.l(cosf.o)
    0x08003184   0x08003184   0x00000190   Code   RO         5592    i.__hardfp_sinf     m_wm.l(sinf.o)
    0x08003314   0x08003314   0x0000003a   Code   RO         5604    i.__hardfp_sqrtf    m_wm.l(sqrtf.o)
    0x0800334e   0x0800334e   0x00000006   Code   RO         5887    i.__mathlib_flt_infnan  m_wm.l(funder.o)
    0x08003354   0x08003354   0x00000006   Code   RO         5888    i.__mathlib_flt_infnan2  m_wm.l(funder.o)
    0x0800335a   0x0800335a   0x00000002   PAD
    0x0800335c   0x0800335c   0x00000010   Code   RO         5889    i.__mathlib_flt_invalid  m_wm.l(funder.o)
    0x0800336c   0x0800336c   0x00000010   Code   RO         5892    i.__mathlib_flt_underflow  m_wm.l(funder.o)
    0x0800337c   0x0800337c   0x00000154   Code   RO         5900    i.__mathlib_rredf2  m_wm.l(rredf.o)
    0x080034d0   0x080034d0   0x0000000e   Code   RO         5952    i.__scatterload_copy  mc_w.l(handlers.o)
    0x080034de   0x080034de   0x00000002   Code   RO         5953    i.__scatterload_null  mc_w.l(handlers.o)
    0x080034e0   0x080034e0   0x0000000e   Code   RO         5954    i.__scatterload_zeroinit  mc_w.l(handlers.o)
    0x080034ee   0x080034ee   0x00000002   PAD
    0x080034f0   0x080034f0   0x0000000c   Code   RO         5924    i.__set_errno       mc_w.l(errno.o)
    0x080034fc   0x080034fc   0x00000184   Code   RO         5861    i._fp_digits        mc_w.l(printfa.o)
    0x08003680   0x08003680   0x000006dc   Code   RO         5862    i._printf_core      mc_w.l(printfa.o)
    0x08003d5c   0x08003d5c   0x00000024   Code   RO         5863    i._printf_post_padding  mc_w.l(printfa.o)
    0x08003d80   0x08003d80   0x0000002e   Code   RO         5864    i._printf_pre_padding  mc_w.l(printfa.o)
    0x08003dae   0x08003dae   0x0000001c   Code   RO          758    i._soft_delay_      system_gd32f30x.o
    0x08003dca   0x08003dca   0x0000002a   Code   RO          809    i.adc_calibration_enable  gd32f30x_adc.o
    0x08003df4   0x08003df4   0x00000046   Code   RO          810    i.adc_channel_length_config  gd32f30x_adc.o
    0x08003e3a   0x08003e3a   0x00000016   Code   RO          811    i.adc_data_alignment_config  gd32f30x_adc.o
    0x08003e50   0x08003e50   0x00000058   Code   RO          812    i.adc_deinit        gd32f30x_adc.o
    0x08003ea8   0x08003ea8   0x0000000a   Code   RO          816    i.adc_dma_mode_enable  gd32f30x_adc.o
    0x08003eb2   0x08003eb2   0x00000012   Code   RO          817    i.adc_enable        gd32f30x_adc.o
    0x08003ec4   0x08003ec4   0x0000003e   Code   RO          818    i.adc_external_trigger_config  gd32f30x_adc.o
    0x08003f02   0x08003f02   0x00000030   Code   RO          819    i.adc_external_trigger_source_config  gd32f30x_adc.o
    0x08003f32   0x08003f32   0x00000006   Code   RO          820    i.adc_flag_clear    gd32f30x_adc.o
    0x08003f38   0x08003f38   0x0000002c   Code   RO          826    i.adc_interrupt_enable  gd32f30x_adc.o
    0x08003f64   0x08003f64   0x00000006   Code   RO          827    i.adc_interrupt_flag_clear  gd32f30x_adc.o
    0x08003f6a   0x08003f6a   0x00000058   Code   RO          828    i.adc_interrupt_flag_get  gd32f30x_adc.o
    0x08003fc2   0x08003fc2   0x00000002   PAD
    0x08003fc4   0x08003fc4   0x0000001c   Code   RO          829    i.adc_mode_config   gd32f30x_adc.o
    0x08003fe0   0x08003fe0   0x00000014   Code   RO          833    i.adc_resolution_config  gd32f30x_adc.o
    0x08003ff4   0x08003ff4   0x000000ac   Code   RO          834    i.adc_routine_channel_config  gd32f30x_adc.o
    0x080040a0   0x080040a0   0x0000005a   Code   RO          837    i.adc_special_function_config  gd32f30x_adc.o
    0x080040fa   0x080040fa   0x00000002   PAD
    0x080040fc   0x080040fc   0x00000014   Code   RO          301    i.delay_1ms         systick.o
    0x08004110   0x08004110   0x00000024   Code   RO          302    i.delay_decrement   systick.o
    0x08004134   0x08004134   0x00000032   Code   RO         1750    i.dma_channel_disable  gd32f30x_dma.o
    0x08004166   0x08004166   0x00000032   Code   RO         1751    i.dma_channel_enable  gd32f30x_dma.o
    0x08004198   0x08004198   0x00000032   Code   RO         1753    i.dma_circulation_enable  gd32f30x_dma.o
    0x080041ca   0x080041ca   0x00000070   Code   RO         1754    i.dma_deinit        gd32f30x_dma.o
    0x0800423a   0x0800423a   0x00000010   Code   RO         1755    i.dma_flag_clear    gd32f30x_dma.o
    0x0800424a   0x0800424a   0x0000012e   Code   RO         1757    i.dma_init          gd32f30x_dma.o
    0x08004378   0x08004378   0x00000032   Code   RO         1759    i.dma_interrupt_enable  gd32f30x_dma.o
    0x080043aa   0x080043aa   0x00000010   Code   RO         1760    i.dma_interrupt_flag_clear  gd32f30x_dma.o
    0x080043ba   0x080043ba   0x00000084   Code   RO         1761    i.dma_interrupt_flag_get  gd32f30x_dma.o
    0x0800443e   0x0800443e   0x00000024   Code   RO         1762    i.dma_memory_address_config  gd32f30x_dma.o
    0x08004462   0x08004462   0x00000024   Code   RO         1768    i.dma_periph_address_config  gd32f30x_dma.o
    0x08004486   0x08004486   0x00000002   PAD
    0x08004488   0x08004488   0x00000018   Code   RO         1769    i.dma_periph_and_channel_check  gd32f30x_dma.o
    0x080044a0   0x080044a0   0x0000001c   Code   RO         1774    i.dma_struct_para_init  gd32f30x_dma.o
    0x080044bc   0x080044bc   0x00000026   Code   RO         1776    i.dma_transfer_number_config  gd32f30x_dma.o
    0x080044e2   0x080044e2   0x00000022   Code   RO         1777    i.dma_transfer_number_get  gd32f30x_dma.o
    0x08004504   0x08004504   0x00000010   Code   RO          520    i.fputc             uart_debug.o
    0x08004514   0x08004514   0x00000004   Code   RO         2476    i.gpio_bit_reset    gd32f30x_gpio.o
    0x08004518   0x08004518   0x00000004   Code   RO         2477    i.gpio_bit_set      gd32f30x_gpio.o
    0x0800451c   0x0800451c   0x0000000a   Code   RO         2478    i.gpio_bit_write    gd32f30x_gpio.o
    0x08004526   0x08004526   0x000000bc   Code   RO         2486    i.gpio_init         gd32f30x_gpio.o
    0x080045e2   0x080045e2   0x00000010   Code   RO         2603    i.i2c_ack_config    gd32f30x_i2c.o
    0x080045f2   0x080045f2   0x00000002   PAD
    0x080045f4   0x080045f4   0x00000140   Code   RO         2605    i.i2c_clock_config  gd32f30x_i2c.o
    0x08004734   0x08004734   0x00000008   Code   RO         2606    i.i2c_data_receive  gd32f30x_i2c.o
    0x0800473c   0x0800473c   0x00000006   Code   RO         2607    i.i2c_data_transmit  gd32f30x_i2c.o
    0x08004742   0x08004742   0x00000002   PAD
    0x08004744   0x08004744   0x00000040   Code   RO         2608    i.i2c_deinit        gd32f30x_i2c.o
    0x08004784   0x08004784   0x0000000a   Code   RO         2609    i.i2c_disable       gd32f30x_i2c.o
    0x0800478e   0x0800478e   0x0000000a   Code   RO         2614    i.i2c_enable        gd32f30x_i2c.o
    0x08004798   0x08004798   0x00000028   Code   RO         2615    i.i2c_flag_clear    gd32f30x_i2c.o
    0x080047c0   0x080047c0   0x0000001e   Code   RO         2616    i.i2c_flag_get      gd32f30x_i2c.o
    0x080047de   0x080047de   0x00000014   Code   RO         2621    i.i2c_master_addressing  gd32f30x_i2c.o
    0x080047f2   0x080047f2   0x0000001c   Code   RO         2622    i.i2c_mode_addr_config  gd32f30x_i2c.o
    0x0800480e   0x0800480e   0x00000010   Code   RO         2630    i.i2c_software_reset_config  gd32f30x_i2c.o
    0x0800481e   0x0800481e   0x0000000a   Code   RO         2631    i.i2c_start_on_bus  gd32f30x_i2c.o
    0x08004828   0x08004828   0x0000000a   Code   RO         2632    i.i2c_stop_on_bus   gd32f30x_i2c.o
    0x08004832   0x08004832   0x00000002   PAD
    0x08004834   0x08004834   0x000002d0   Code   RO          269    i.main              main.o
    0x08004b04   0x08004b04   0x00000108   Code   RO         2810    i.nvic_irq_enable   gd32f30x_misc.o
    0x08004c0c   0x08004c0c   0x00000014   Code   RO         2811    i.nvic_priority_group_set  gd32f30x_misc.o
    0x08004c20   0x08004c20   0x00000158   Code   RO         3049    i.rcu_clock_freq_get  gd32f30x_rcu.o
    0x08004d78   0x08004d78   0x00000020   Code   RO         3067    i.rcu_periph_clock_enable  gd32f30x_rcu.o
    0x08004d98   0x08004d98   0x00000020   Code   RO         3070    i.rcu_periph_reset_disable  gd32f30x_rcu.o
    0x08004db8   0x08004db8   0x00000020   Code   RO         3071    i.rcu_periph_reset_enable  gd32f30x_rcu.o
    0x08004dd8   0x08004dd8   0x0000011c   Code   RO          760    i.system_clock_120m_hxtal  system_gd32f30x.o
    0x08004ef4   0x08004ef4   0x00000008   Code   RO          761    i.system_clock_config  system_gd32f30x.o
    0x08004efc   0x08004efc   0x00000050   Code   RO          303    i.systick_config    systick.o
    0x08004f4c   0x08004f4c   0x0000000c   Code   RO          304    i.systick_get_tick  systick.o
    0x08004f58   0x08004f58   0x0000000a   Code   RO         3931    i.timer_auto_reload_shadow_enable  gd32f30x_timer.o
    0x08004f62   0x08004f62   0x0000001e   Code   RO         3935    i.timer_break_config  gd32f30x_timer.o
    0x08004f80   0x08004f80   0x00000012   Code   RO         3938    i.timer_break_struct_para_init  gd32f30x_timer.o
    0x08004f92   0x08004f92   0x00000002   PAD
    0x08004f94   0x08004f94   0x000001ec   Code   RO         3948    i.timer_channel_output_config  gd32f30x_timer.o
    0x08005180   0x08005180   0x0000005a   Code   RO         3950    i.timer_channel_output_mode_config  gd32f30x_timer.o
    0x080051da   0x080051da   0x00000026   Code   RO         3952    i.timer_channel_output_pulse_value_config  gd32f30x_timer.o
    0x08005200   0x08005200   0x0000005a   Code   RO         3953    i.timer_channel_output_shadow_config  gd32f30x_timer.o
    0x0800525a   0x0800525a   0x00000010   Code   RO         3955    i.timer_channel_output_struct_para_init  gd32f30x_timer.o
    0x0800526a   0x0800526a   0x00000004   Code   RO         3960    i.timer_counter_value_config  gd32f30x_timer.o
    0x0800526e   0x0800526e   0x00000002   PAD
    0x08005270   0x08005270   0x000000dc   Code   RO         3961    i.timer_deinit      gd32f30x_timer.o
    0x0800534c   0x0800534c   0x0000000a   Code   RO         3966    i.timer_enable      gd32f30x_timer.o
    0x08005356   0x08005356   0x00000002   PAD
    0x08005358   0x08005358   0x00000098   Code   RO         3976    i.timer_init        gd32f30x_timer.o
    0x080053f0   0x080053f0   0x00000010   Code   RO         3979    i.timer_input_trigger_source_select  gd32f30x_timer.o
    0x08005400   0x08005400   0x00000008   Code   RO         3983    i.timer_interrupt_enable  gd32f30x_timer.o
    0x08005408   0x08005408   0x00000006   Code   RO         3984    i.timer_interrupt_flag_clear  gd32f30x_timer.o
    0x0800540e   0x0800540e   0x0000001c   Code   RO         3985    i.timer_interrupt_flag_get  gd32f30x_timer.o
    0x0800542a   0x0800542a   0x00000010   Code   RO         3986    i.timer_master_output_trigger_source_select  gd32f30x_timer.o
    0x0800543a   0x0800543a   0x0000001a   Code   RO         3987    i.timer_master_slave_mode_config  gd32f30x_timer.o
    0x08005454   0x08005454   0x00000018   Code   RO         3991    i.timer_primary_output_config  gd32f30x_timer.o
    0x0800546c   0x0800546c   0x00000010   Code   RO         3995    i.timer_slave_mode_select  gd32f30x_timer.o
    0x0800547c   0x0800547c   0x00000090   Code   RO         4371    i.usart_baudrate_set  gd32f30x_usart.o
    0x0800550c   0x0800550c   0x0000000a   Code   RO         4374    i.usart_data_receive  gd32f30x_usart.o
    0x08005516   0x08005516   0x00000008   Code   RO         4375    i.usart_data_transmit  gd32f30x_usart.o
    0x0800551e   0x0800551e   0x00000002   PAD
    0x08005520   0x08005520   0x00000090   Code   RO         4376    i.usart_deinit      gd32f30x_usart.o
    0x080055b0   0x080055b0   0x0000000a   Code   RO         4380    i.usart_enable      gd32f30x_usart.o
    0x080055ba   0x080055ba   0x00000014   Code   RO         4386    i.usart_hardware_flow_cts_config  gd32f30x_usart.o
    0x080055ce   0x080055ce   0x00000014   Code   RO         4387    i.usart_hardware_flow_rts_config  gd32f30x_usart.o
    0x080055e2   0x080055e2   0x0000001a   Code   RO         4388    i.usart_interrupt_disable  gd32f30x_usart.o
    0x080055fc   0x080055fc   0x0000001a   Code   RO         4389    i.usart_interrupt_enable  gd32f30x_usart.o
    0x08005616   0x08005616   0x00000012   Code   RO         4390    i.usart_interrupt_flag_clear  gd32f30x_usart.o
    0x08005628   0x08005628   0x0000003a   Code   RO         4391    i.usart_interrupt_flag_get  gd32f30x_usart.o
    0x08005662   0x08005662   0x00000010   Code   RO         4402    i.usart_parity_config  gd32f30x_usart.o
    0x08005672   0x08005672   0x00000014   Code   RO         4404    i.usart_receive_config  gd32f30x_usart.o
    0x08005686   0x08005686   0x00000010   Code   RO         4414    i.usart_stop_bit_set  gd32f30x_usart.o
    0x08005696   0x08005696   0x00000014   Code   RO         4418    i.usart_transmit_config  gd32f30x_usart.o
    0x080056aa   0x080056aa   0x00000010   Code   RO         4419    i.usart_word_length_set  gd32f30x_usart.o
    0x080056ba   0x080056ba   0x00000002   PAD
    0x080056bc   0x080056bc   0x00000020   Data   RO         5901    .constdata          m_wm.l(rredf.o)
    0x080056dc   0x080056dc   0x00000020   Data   RO         5950    Region$$Table       anon$$obj.o


    Execution Region RW_IRAM1 (Exec base: 0x20000000, Load base: 0x080056fc, Size: 0x000007f0, Max: 0x0000c000, ABSOLUTE)

    Exec Addr    Load Addr    Size         Type   Attr      Idx    E Section Name        Object

    0x20000000   0x080056fc   0x00000001   Data   RW          271    .data               main.o
    0x20000001   0x080056fd   0x00000003   PAD
    0x20000004   0x08005700   0x00000008   Data   RW          305    .data               systick.o
    0x2000000c   0x08005708   0x00000009   Data   RW          361    .data               timer1_algorithm.o
    0x20000015   0x08005711   0x00000001   PAD
    0x20000016   0x08005712   0x00000002   Data   RW          445    .data               sensor.o
    0x20000018   0x08005714   0x00000004   Data   RW          762    .data               system_gd32f30x.o
    0x2000001c   0x08005718   0x00000005   Data   RW         4752    .data               timer2.o
    0x20000021   0x0800571d   0x00000003   PAD
    0x20000024   0x08005720   0x00000005   Data   RW         4801    .data               timer1.o
    0x20000029   0x08005725   0x00000001   PAD
    0x2000002a   0x08005726   0x00000006   Data   RW         4856    .data               pwm.o
    0x20000030   0x0800572c   0x0000000c   Data   RW         5087    .data               adc.o
    0x2000003c   0x08005738   0x00000010   Data   RW         5308    .data               usart1.o
    0x2000004c   0x08005748   0x00000010   Data   RW         5425    .data               usart2.o
    0x2000005c   0x08005758   0x00000001   Data   RW         5536    .data               timer3.o
    0x2000005d   0x08005759   0x00000003   PAD
    0x20000060   0x0800575c   0x00000004   Data   RW         5917    .data               mc_w.l(stdout.o)
    0x20000064   0x08005760   0x00000004   Data   RW         5925    .data               mc_w.l(errno.o)
    0x20000068        -       0x00000080   Zero   RW          270    .bss                main.o
    0x200000e8        -       0x00000010   Zero   RW          360    .bss                timer1_algorithm.o
    0x200000f8        -       0x00000084   Zero   RW          444    .bss                sensor.o
    0x2000017c        -       0x00000010   Zero   RW          717    .bss                svpwm.o
    0x2000018c        -       0x00000060   Zero   RW         5086    .bss                adc.o
    0x200001ec        -       0x00000100   Zero   RW         5307    .bss                usart1.o
    0x200002ec        -       0x00000100   Zero   RW         5424    .bss                usart2.o
    0x200003ec   0x08005764   0x00000004   PAD
    0x200003f0        -       0x00000400   Zero   RW         4738    STACK               startup_gd32f30x_hd.o


==============================================================================

Image component sizes


      Code (inc. data)   RO Data    RW Data    ZI Data      Debug   Object Name

      1220        144          0         12         96       8284   adc.o
        78          0          0          0          0       4689   as5600.o
      2138         96          0          0          0      12798   foc_control.o
       814         10          0          0          0      10705   gd32f30x_adc.o
       974          6          0          0          0      11114   gd32f30x_dma.o
       206          0          0          0          0       2757   gd32f30x_gpio.o
       588         18          0          0          0       9259   gd32f30x_i2c.o
        64          0          0          0          0      79961   gd32f30x_it.o
       284         20          0          0          0      28303   gd32f30x_misc.o
       440         46          0          0          0       3068   gd32f30x_rcu.o
      1310         48          0          0          0      13844   gd32f30x_timer.o
       572         16          0          0          0      10409   gd32f30x_usart.o
       748         50          0          0          0       6707   i2c0.o
       188         16          0          0          0       1533   led.o
       812        526          0          1        128       1747   main.o
       236         12          0          0          0       3142   math_transforms.o
       684         54          0          6          0       6225   pwm.o
       920        100          0          2        132       6070   sensor.o
        36          8        304          0       1024        872   startup_gd32f30x_hd.o
      1216         60          0          0         16       4536   svpwm.o
       648         30          0          4          0       3847   system_gd32f30x.o
       188         32          0          8          0      29441   systick.o
       164         22          0          5          0       3079   timer1.o
       268         38          0          9         16       3485   timer1_algorithm.o
       112         18          0          5          0       2181   timer2.o
       212         18          0          1          0       1677   timer3.o
       164         32          0          0          0       2804   uart_debug.o
       762        128          0         16        256       7643   usart1.o
       272         46          0         16        256       4076   usart2.o

    ----------------------------------------------------------------------
     16350       1594        336         96       1928     284256   Object Totals
         0          0         32          0          0          0   (incl. Generated)
        32          0          0         11          4          0   (incl. Padding)

    ----------------------------------------------------------------------

      Code (inc. data)   RO Data    RW Data    ZI Data      Debug   Library Member Name

       592         90          0          0          0        184   atan2f.o
       336         56          0          0          0        136   cosf.o
        38          0          0          0          0        116   fpclassifyf.o
        44         12          0          0          0        464   funder.o
       340         24         32          0          0        160   rredf.o
       400         56          0          0          0        212   sinf.o
        58          0          0          0          0        136   sqrtf.o
         0          0          0          0          0          0   entry.o
         0          0          0          0          0          0   entry10a.o
         0          0          0          0          0          0   entry11a.o
         8          4          0          0          0          0   entry2.o
         4          0          0          0          0          0   entry5.o
         0          0          0          0          0          0   entry7b.o
         0          0          0          0          0          0   entry8b.o
         8          4          0          0          0          0   entry9a.o
        12          6          0          4          0         68   errno.o
        30          0          0          0          0          0   handlers.o
        36          8          0          0          0         68   init.o
         0          0          0          0          0          0   iusefp.o
        30          0          0          0          0         68   llshl.o
        36          0          0          0          0         68   llsshr.o
        32          0          0          0          0         68   llushr.o
        36          0          0          0          0        108   memseta.o
      2258         90          0          0          0        452   printfa.o
         0          0          0          4          0          0   stdout.o
        44          0          0          0          0         80   uidiv.o
        98          0          0          0          0         92   uldiv.o
        48          0          0          0          0         68   cdrcmple.o
       334          0          0          0          0        148   dadd.o
       222          0          0          0          0        100   ddiv.o
       186          0          0          0          0        176   depilogue.o
        48          0          0          0          0         68   dfixul.o
       228          0          0          0          0         96   dmul.o
        38          0          0          0          0         68   f2d.o

    ----------------------------------------------------------------------
      5550        350         32          8          0       3204   Library Totals
         6          0          0          0          0          0   (incl. Padding)

    ----------------------------------------------------------------------

      Code (inc. data)   RO Data    RW Data    ZI Data      Debug   Library Name

      1808        238         32          0          0       1408   m_wm.l
      2632        112          0          8          0       1072   mc_w.l
      1104          0          0          0          0        724   mf_w.l

    ----------------------------------------------------------------------
      5550        350         32          8          0       3204   Library Totals

    ----------------------------------------------------------------------

==============================================================================


      Code (inc. data)   RO Data    RW Data    ZI Data      Debug   

     21900       1944        368        104       1928     265732   Grand Totals
     21900       1944        368        104       1928     265732   ELF Image Totals
     21900       1944        368        104          0          0   ROM Totals

==============================================================================

    Total RO  Size (Code + RO Data)                22268 (  21.75kB)
    Total RW  Size (RW Data + ZI Data)              2032 (   1.98kB)
    Total ROM Size (Code + RO Data + RW Data)      22372 (  21.85kB)

==============================================================================

