Component: ARM Compiler 5.06 update 6 (build 750) Tool: armlink [4d35ed]

==============================================================================

Section Cross References

    gd32f30x_it.o(i.DMA0_Channel0_IRQHandler) refers to adc.o(i.ADC_DMA_IRQHandler_Internal) for ADC_DMA_IRQHandler_Internal
    gd32f30x_it.o(i.SysTick_Handler) refers to systick.o(i.delay_decrement) for delay_decrement
    gd32f30x_it.o(i.TIMER1_IRQHandler) refers to timer1.o(i.Timer1_IRQHandler_Internal) for Timer1_IRQHandler_Internal
    gd32f30x_it.o(i.TIMER2_IRQHandler) refers to timer2.o(i.Timer2_IRQHandler_Internal) for Timer2_IRQHandler_Internal
    gd32f30x_it.o(i.USART1_IRQHandler) refers to usart1.o(i.USART1_IRQHandler_Internal) for USART1_IRQHandler_Internal
    main.o(i.LED_Blink_1Hz) refers to led.o(i.Reset_LED) for Reset_LED
    main.o(i.LED_Blink_1Hz) refers to led.o(i.Set_LED) for Set_LED
    main.o(i.LED_Blink_1Hz) refers to main.o(.data) for .data
    main.o(i.Motor_Control_Loop) refers to sensor.o(i.Sensor_ReadAll) for Sensor_ReadAll
    main.o(i.main) refers to systick.o(i.systick_config) for systick_config
    main.o(i.main) refers to led.o(i.LED_Init) for LED_Init
    main.o(i.main) refers to usart1.o(i.USART1_Init) for USART1_Init
    main.o(i.main) refers to pwm.o(i.PWM_Init) for PWM_Init
    main.o(i.main) refers to pwm.o(i.PWM_Start) for PWM_Start
    main.o(i.main) refers to timer1_algorithm.o(i.Timer1_Algorithm_Init) for Timer1_Algorithm_Init
    main.o(i.main) refers to i2c0.o(i.I2C0_Init) for I2C0_Init
    main.o(i.main) refers to as5600.o(i.AS5600_Init) for AS5600_Init
    main.o(i.main) refers to adc.o(i.ADC_Init) for ADC_Init
    main.o(i.main) refers to adc.o(i.ADC_Start) for ADC_Start
    main.o(i.main) refers to sensor.o(i.Sensor_Init) for Sensor_Init
    main.o(i.main) refers to adc.o(i.ADC_CalibrateZeroOffset) for ADC_CalibrateZeroOffset
    main.o(i.main) refers to timer1_algorithm.o(i.Timer1_SetAlgorithmCallback) for Timer1_SetAlgorithmCallback
    main.o(i.main) refers to led.o(i.Set_LED) for Set_LED
    main.o(i.main) refers to usart1.o(i.USART1_SendString) for USART1_SendString
    main.o(i.main) refers to pwm.o(i.PWM_SetDutyCycle) for PWM_SetDutyCycle
    main.o(i.main) refers to uart_debug.o(i.UART_Debug_OutputAll) for UART_Debug_OutputAll
    main.o(i.main) refers to systick.o(i.delay_1ms) for delay_1ms
    main.o(i.main) refers to main.o(i.LED_Blink_1Hz) for LED_Blink_1Hz
    main.o(i.main) refers to main.o(i.Motor_Control_Loop) for Motor_Control_Loop
    systick.o(i.delay_1ms) refers to systick.o(.data) for delay
    systick.o(i.delay_decrement) refers to systick.o(.data) for systick_tick
    systick.o(i.systick_config) refers to systick.o(i.NVIC_SetPriority) for NVIC_SetPriority
    systick.o(i.systick_config) refers to system_gd32f30x.o(.data) for SystemCoreClock
    systick.o(i.systick_get_tick) refers to systick.o(.data) for systick_tick
    timer1_algorithm.o(i.Timer1_Algorithm_Handler) refers to timer1_algorithm.o(i.Timer1_EnableDWT) for Timer1_EnableDWT
    timer1_algorithm.o(i.Timer1_Algorithm_Handler) refers to timer1_algorithm.o(.data) for dwt_enabled
    timer1_algorithm.o(i.Timer1_Algorithm_Handler) refers to timer1_algorithm.o(.bss) for algorithm_callbacks
    timer1_algorithm.o(i.Timer1_Algorithm_Init) refers to timer1.o(i.Timer1_Init) for Timer1_Init
    timer1_algorithm.o(i.Timer1_Algorithm_Init) refers to timer1.o(i.Timer1_SetCallback) for Timer1_SetCallback
    timer1_algorithm.o(i.Timer1_Algorithm_Init) refers to timer1.o(i.Timer1_Start) for Timer1_Start
    timer1_algorithm.o(i.Timer1_Algorithm_Init) refers to timer1_algorithm.o(i.Timer1_Algorithm_Handler) for Timer1_Algorithm_Handler
    timer1_algorithm.o(i.Timer1_ClearAlgorithmCallback) refers to timer1_algorithm.o(.bss) for algorithm_callbacks
    timer1_algorithm.o(i.Timer1_ClearAllCallbacks) refers to timer1_algorithm.o(.bss) for algorithm_callbacks
    timer1_algorithm.o(i.Timer1_GetCounter) refers to timer1_algorithm.o(.data) for timer1_counter
    timer1_algorithm.o(i.Timer1_GetExecutionTime) refers to timer1_algorithm.o(.data) for algorithm_execution_time
    timer1_algorithm.o(i.Timer1_ResetCounter) refers to timer1_algorithm.o(.data) for timer1_counter
    timer1_algorithm.o(i.Timer1_SetAlgorithmCallback) refers to timer1_algorithm.o(.bss) for algorithm_callbacks
    sensor.o(i.Sensor_GetData) refers to sensor.o(.bss) for sensor_data
    sensor.o(i.Sensor_Init) refers to sensor.o(i.Kalman_Init) for Kalman_Init
    sensor.o(i.Sensor_Init) refers to sensor.o(.bss) for sensor_data
    sensor.o(i.Sensor_ReadADC) refers to adc.o(i.ADC_GetSample) for ADC_GetSample
    sensor.o(i.Sensor_ReadADC) refers to sensor.o(i.Kalman_Update) for Kalman_Update
    sensor.o(i.Sensor_ReadADC) refers to sensor.o(.bss) for sensor_data
    sensor.o(i.Sensor_ReadAll) refers to sensor.o(i.Sensor_ReadADC) for Sensor_ReadADC
    sensor.o(i.Sensor_ReadAll) refers to sensor.o(i.Sensor_ReadEncoder) for Sensor_ReadEncoder
[...]
    Utilities\TIMER1\timer1.c                0x00000000   Number         0  timer1.o ABSOLUTE
    Utilities\TIMER2\timer2.c                0x00000000   Number         0  timer2.o ABSOLUTE
    Utilities\USART\usart1.c                 0x00000000   Number         0  usart1.o ABSOLUTE
    Utilities\USART\usart2.c                 0x00000000   Number         0  usart2.o ABSOLUTE
    Utilities\\ADC\\adc.c                    0x00000000   Number         0  adc.o ABSOLUTE
    Utilities\\AS5600\\as5600.c              0x00000000   Number         0  as5600.o ABSOLUTE
    Utilities\\I2C\\i2c0.c                   0x00000000   Number         0  i2c0.o ABSOLUTE
    Utilities\\LED\\LED.c                    0x00000000   Number         0  led.o ABSOLUTE
    Utilities\\PWM\\pwm.c                    0x00000000   Number         0  pwm.o ABSOLUTE
    Utilities\\TIMER1\\timer1.c              0x00000000   Number         0  timer1.o ABSOLUTE
    Utilities\\TIMER2\\timer2.c              0x00000000   Number         0  timer2.o ABSOLUTE
    Utilities\\USART\\usart1.c               0x00000000   Number         0  usart1.o ABSOLUTE
    Utilities\\USART\\usart2.c               0x00000000   Number         0  usart2.o ABSOLUTE
    cdrcmple.s                               0x00000000   Number         0  cdrcmple.o ABSOLUTE
    dc.s                                     0x00000000   Number         0  dc.o ABSOLUTE
    handlers.s                               0x00000000   Number         0  handlers.o ABSOLUTE
    init.s                                   0x00000000   Number         0  init.o ABSOLUTE
    RESET                                    0x08000000   Section      304  startup_gd32f30x_hd.o(RESET)
    .ARM.Collect$$$$00000000                 0x08000130   Section        0  entry.o(.ARM.Collect$$$$00000000)
    .ARM.Collect$$$$00000001                 0x08000130   Section        4  entry2.o(.ARM.Collect$$$$00000001)
    .ARM.Collect$$$$00000004                 0x08000134   Section        4  entry5.o(.ARM.Collect$$$$00000004)
    .ARM.Collect$$$$00000008                 0x08000138   Section        0  entry7b.o(.ARM.Collect$$$$00000008)
    .ARM.Collect$$$$0000000A                 0x08000138   Section        0  entry8b.o(.ARM.Collect$$$$0000000A)
    .ARM.Collect$$$$0000000B                 0x08000138   Section        8  entry9a.o(.ARM.Collect$$$$0000000B)
    .ARM.Collect$$$$0000000D                 0x08000140   Section        0  entry10a.o(.ARM.Collect$$$$0000000D)
    .ARM.Collect$$$$0000000F                 0x08000140   Section        0  entry11a.o(.ARM.Collect$$$$0000000F)
    .ARM.Collect$$$$00002712                 0x08000140   Section        4  entry2.o(.ARM.Collect$$$$00002712)
    __lit__00000000                          0x08000140   Data           4  entry2.o(.ARM.Collect$$$$00002712)
    .text                                    0x08000144   Section       36  startup_gd32f30x_hd.o(.text)
    $v0                                      0x08000144   Number         0  startup_gd32f30x_hd.o(.text)
    .text                                    0x08000168   Section        0  memseta.o(.text)
    .text                                    0x0800018c   Section        0  f2d.o(.text)
    .text                                    0x080001b2   Section        0  uidiv.o(.text)
    .text                                    0x080001de   Section        0  uldiv.o(.text)
    .text                                    0x08000240   Section        0  iusefp.o(.text)
    .text                                    0x08000240   Section        0  dadd.o(.text)
    .text                                    0x0800038e   Section        0  dmul.o(.text)
    .text                                    0x08000472   Section        0  ddiv.o(.text)
    .text                                    0x08000550   Section        0  dfixul.o(.text)
    .text                                    0x08000580   Section       48  cdrcmple.o(.text)
    .text                                    0x080005b0   Section       36  init.o(.text)
    .text                                    0x080005d4   Section        0  llshl.o(.text)
    .text                                    0x080005f2   Section        0  llushr.o(.text)
    .text                                    0x08000612   Section        0  llsshr.o(.text)
    .text                                    0x08000636   Section        0  depilogue.o(.text)
    i.ADC_CalibrateZeroOffset                0x080006f0   Section        0  adc.o(i.ADC_CalibrateZeroOffset)
    i.ADC_Config                             0x08000770   Section        0  adc.o(i.ADC_Config)
    ADC_Config                               0x08000771   Thumb Code   186  adc.o(i.ADC_Config)
    i.ADC_DMA_Config                         0x08000834   Section        0  adc.o(i.ADC_DMA_Config)
    ADC_DMA_Config                           0x08000835   Thumb Code   100  adc.o(i.ADC_DMA_Config)
    i.ADC_DMA_IRQHandler_Internal            0x080008a4   Section        0  adc.o(i.ADC_DMA_IRQHandler_Internal)
    i.ADC_GPIO_Config                        0x080008cc   Section        0  adc.o(i.ADC_GPIO_Config)
    ADC_GPIO_Config                          0x080008cd   Thumb Code    44  adc.o(i.ADC_GPIO_Config)
    i.ADC_GetAllSamples                      0x080008fc   Section        0  adc.o(i.ADC_GetAllSamples)
    i.ADC_GetSample                          0x0800096c   Section        0  adc.o(i.ADC_GetSample)
    i.ADC_Init                               0x08000a24   Section        0  adc.o(i.ADC_Init)
    i.ADC_RawToVoltage                       0x08000a70   Section        0  adc.o(i.ADC_RawToVoltage)
    i.ADC_Start                              0x08000a94   Section        0  adc.o(i.ADC_Start)
    i.ADC_VoltageToCurrent                   0x08000ae8   Section        0  adc.o(i.ADC_VoltageToCurrent)
    i.AS5600_CombineBytes                    0x08000b08   Section        0  as5600.o(i.AS5600_CombineBytes)
    AS5600_CombineBytes                      0x08000b09   Thumb Code     8  as5600.o(i.AS5600_CombineBytes)
    i.AS5600_Init                            0x08000b10   Section        0  as5600.o(i.AS5600_Init)
    i.AS5600_ReadAngle                       0x08000b12   Section        0  as5600.o(i.AS5600_ReadAngle)
    i.BusFault_Handler                       0x08000b3c   Section        0  gd32f30x_it.o(i.BusFault_Handler)
    i.DMA0_Channel0_IRQHandler               0x08000b40   Section        0  gd32f30x_it.o(i.DMA0_Channel0_IRQHandler)
    i.DebugMon_Handler                       0x08000b48   Section        0  gd32f30x_it.o(i.DebugMon_Handler)
    i.HardFault_Handler                      0x08000b4a   Section        0  gd32f30x_it.o(i.HardFault_Handler)
    i.I2C0_Config                            0x08000b50   Section        0  i2c0.o(i.I2C0_Config)
    I2C0_Config                              0x08000b51   Thumb Code    50  i2c0.o(i.I2C0_Config)
    i.I2C0_GPIO_Config                       0x08000b8c   Section        0  i2c0.o(i.I2C0_GPIO_Config)
    I2C0_GPIO_Config                         0x08000b8d   Thumb Code    36  i2c0.o(i.I2C0_GPIO_Config)
    i.I2C0_Init                              0x08000bb4   Section        0  i2c0.o(i.I2C0_Init)
    i.I2C0_ReadBytes                         0x08000bc0   Section        0  i2c0.o(i.I2C0_ReadBytes)
    i.I2C0_SendAddress                       0x08000ca0   Section        0  i2c0.o(i.I2C0_SendAddress)
    I2C0_SendAddress                         0x08000ca1   Thumb Code    52  i2c0.o(i.I2C0_SendAddress)
    i.I2C0_SendStart                         0x08000cd8   Section        0  i2c0.o(i.I2C0_SendStart)
    I2C0_SendStart                           0x08000cd9   Thumb Code    34  i2c0.o(i.I2C0_SendStart)
    i.I2C0_SendStop                          0x08000d00   Section        0  i2c0.o(i.I2C0_SendStop)
    I2C0_SendStop                            0x08000d01   Thumb Code    24  i2c0.o(i.I2C0_SendStop)
    i.I2C0_WaitFlag                          0x08000d1c   Section        0  i2c0.o(i.I2C0_WaitFlag)
    I2C0_WaitFlag                            0x08000d1d   Thumb Code    50  i2c0.o(i.I2C0_WaitFlag)
    i.Kalman_Init                            0x08000d54   Section        0  sensor.o(i.Kalman_Init)
    i.Kalman_Update                          0x08000d6e   Section        0  sensor.o(i.Kalman_Update)
    i.LED_Blink_1Hz                          0x08000dbc   Section        0  main.o(i.LED_Blink_1Hz)
    LED_Blink_1Hz                            0x08000dbd   Thumb Code    32  main.o(i.LED_Blink_1Hz)
    i.LED_Init                               0x08000de0   Section        0  led.o(i.LED_Init)
    i.MemManage_Handler                      0x08000e24   Section        0  gd32f30x_it.o(i.MemManage_Handler)
    i.Motor_Control_Loop                     0x08000e28   Section        0  main.o(i.Motor_Control_Loop)
    Motor_Control_Loop                       0x08000e29   Thumb Code     4  main.o(i.Motor_Control_Loop)
    i.NMI_Handler                            0x08000e2c   Section        0  gd32f30x_it.o(i.NMI_Handler)
    i.NVIC_SetPriority                       0x08000e30   Section        0  systick.o(i.NVIC_SetPriority)
    NVIC_SetPriority                         0x08000e31   Thumb Code    32  systick.o(i.NVIC_SetPriority)
    i.PWM_CalculateCompareValue              0x08000e58   Section        0  pwm.o(i.PWM_CalculateCompareValue)
    PWM_CalculateCompareValue                0x08000e59   Thumb Code    24  pwm.o(i.PWM_CalculateCompareValue)
    i.PWM_EnableComplementaryOutputs         0x08000e70   Section        0  pwm.o(i.PWM_EnableComplementaryOutputs)
    i.PWM_GPIO_Config                        0x08000e80   Section        0  pwm.o(i.PWM_GPIO_Config)
    PWM_GPIO_Config                          0x08000e81   Thumb Code   144  pwm.o(i.PWM_GPIO_Config)
    i.PWM_Init                               0x08000f18   Section        0  pwm.o(i.PWM_Init)
    i.PWM_SetDeadTime                        0x08000f8c   Section        0  pwm.o(i.PWM_SetDeadTime)
    i.PWM_SetDutyCycle                       0x08000fd0   Section        0  pwm.o(i.PWM_SetDutyCycle)
    i.PWM_Start                              0x08001028   Section        0  pwm.o(i.PWM_Start)
    i.PWM_Timer_Config                       0x08001038   Section        0  pwm.o(i.PWM_Timer_Config)
    PWM_Timer_Config                         0x08001039   Thumb Code   218  pwm.o(i.PWM_Timer_Config)
    i.PendSV_Handler                         0x08001118   Section        0  gd32f30x_it.o(i.PendSV_Handler)
    i.Reset_LED                              0x0800111c   Section        0  led.o(i.Reset_LED)
    i.SVC_Handler                            0x08001158   Section        0  gd32f30x_it.o(i.SVC_Handler)
    i.Sensor_GetData                         0x0800115c   Section        0  sensor.o(i.Sensor_GetData)
    i.Sensor_Init                            0x08001164   Section        0  sensor.o(i.Sensor_Init)
    i.Sensor_ReadADC                         0x080011e4   Section        0  sensor.o(i.Sensor_ReadADC)
    Sensor_ReadADC                           0x080011e5   Thumb Code    90  sensor.o(i.Sensor_ReadADC)
    i.Sensor_ReadAll                         0x08001244   Section        0  sensor.o(i.Sensor_ReadAll)
    i.Sensor_ReadEncoder                     0x08001250   Section        0  sensor.o(i.Sensor_ReadEncoder)
    Sensor_ReadEncoder                       0x08001251   Thumb Code    92  sensor.o(i.Sensor_ReadEncoder)
    i.Set_LED                                0x080012b8   Section        0  led.o(i.Set_LED)
    i.SysTick_Handler                        0x080012f4   Section        0  gd32f30x_it.o(i.SysTick_Handler)
    i.SystemInit                             0x080012fc   Section        0  system_gd32f30x.o(i.SystemInit)
    i.TIMER1_IRQHandler                      0x08001444   Section        0  gd32f30x_it.o(i.TIMER1_IRQHandler)
    i.TIMER2_IRQHandler                      0x0800144c   Section        0  gd32f30x_it.o(i.TIMER2_IRQHandler)
    i.Timer1_Algorithm_Handler               0x08001454   Section        0  timer1_algorithm.o(i.Timer1_Algorithm_Handler)
    i.Timer1_Algorithm_Init                  0x08001508   Section        0  timer1_algorithm.o(i.Timer1_Algorithm_Init)
    i.Timer1_EnableDWT                       0x08001524   Section        0  timer1_algorithm.o(i.Timer1_EnableDWT)
    i.Timer1_GetExecutionTime                0x08001554   Section        0  timer1_algorithm.o(i.Timer1_GetExecutionTime)
    i.Timer1_IRQHandler_Internal             0x08001560   Section        0  timer1.o(i.Timer1_IRQHandler_Internal)
    i.Timer1_Init                            0x08001588   Section        0  timer1.o(i.Timer1_Init)
    i.Timer1_SetAlgorithmCallback            0x080015e0   Section        0  timer1_algorithm.o(i.Timer1_SetAlgorithmCallback)
    i.Timer1_SetCallback                     0x080015f0   Section        0  timer1.o(i.Timer1_SetCallback)
    i.Timer1_Start                           0x080015fc   Section        0  timer1.o(i.Timer1_Start)
    i.Timer2_IRQHandler_Internal             0x08001614   Section        0  timer2.o(i.Timer2_IRQHandler_Internal)
    i.Timer2_Init                            0x08001640   Section        0  timer2.o(i.Timer2_Init)
    i.Timer2_Start                           0x080016a8   Section        0  timer2.o(i.Timer2_Start)
    i.UART_Debug_OutputAll                   0x080016c0   Section        0  uart_debug.o(i.UART_Debug_OutputAll)
    i.UART_Debug_SendFormattedFloat          0x08001838   Section        0  uart_debug.o(i.UART_Debug_SendFormattedFloat)
    UART_Debug_SendFormattedFloat            0x08001839   Thumb Code    58  uart_debug.o(i.UART_Debug_SendFormattedFloat)
    i.USART1_BufferIsEmpty                   0x08001884   Section        0  usart1.o(i.USART1_BufferIsEmpty)
    USART1_BufferIsEmpty                     0x08001885   Thumb Code    14  usart1.o(i.USART1_BufferIsEmpty)
    i.USART1_BufferIsFull                    0x08001892   Section        0  usart1.o(i.USART1_BufferIsFull)
    USART1_BufferIsFull                      0x08001893   Thumb Code    26  usart1.o(i.USART1_BufferIsFull)
    i.USART1_ClearBuffers                    0x080018ac   Section        0  usart1.o(i.USART1_ClearBuffers)
    i.USART1_DisableInterrupts               0x080018fc   Section        0  usart1.o(i.USART1_DisableInterrupts)
    USART1_DisableInterrupts                 0x080018fd   Thumb Code    24  usart1.o(i.USART1_DisableInterrupts)
    i.USART1_EnableInterrupts                0x08001918   Section        0  usart1.o(i.USART1_EnableInterrupts)
    USART1_EnableInterrupts                  0x08001919   Thumb Code    30  usart1.o(i.USART1_EnableInterrupts)
    i.USART1_HandlerInternal                 0x08001940   Section        0  usart1.o(i.USART1_HandlerInternal)
    USART1_HandlerInternal                   0x08001941   Thumb Code   190  usart1.o(i.USART1_HandlerInternal)
    i.USART1_IRQHandler                      0x08001a30   Section        0  gd32f30x_it.o(i.USART1_IRQHandler)
    i.USART1_IRQHandler_Internal             0x08001a38   Section        0  usart1.o(i.USART1_IRQHandler_Internal)
    i.USART1_Init                            0x08001a40   Section        0  usart1.o(i.USART1_Init)
    i.USART1_LoopbackEnable                  0x08001ae0   Section        0  usart1.o(i.USART1_LoopbackEnable)
    i.USART1_SendByte                        0x08001aec   Section        0  usart1.o(i.USART1_SendByte)
    i.USART1_SendString                      0x08001b5c   Section        0  usart1.o(i.USART1_SendString)
    i.USART2_BufferIsEmpty                   0x08001b86   Section        0  usart2.o(i.USART2_BufferIsEmpty)
    USART2_BufferIsEmpty                     0x08001b87   Thumb Code    14  usart2.o(i.USART2_BufferIsEmpty)
    i.USART2_BufferIsFull                    0x08001b94   Section        0  usart2.o(i.USART2_BufferIsFull)
    USART2_BufferIsFull                      0x08001b95   Thumb Code    26  usart2.o(i.USART2_BufferIsFull)
    i.USART2_HandlerInternal                 0x08001bb0   Section        0  usart2.o(i.USART2_HandlerInternal)
    USART2_HandlerInternal                   0x08001bb1   Thumb Code   178  usart2.o(i.USART2_HandlerInternal)
    i.USART2_IRQHandler                      0x08001c90   Section        0  usart2.o(i.USART2_IRQHandler)
    i.UsageFault_Handler                     0x08001c98   Section        0  gd32f30x_it.o(i.UsageFault_Handler)
    i.__0sprintf                             0x08001c9c   Section        0  printfa.o(i.__0sprintf)
    i.__scatterload_copy                     0x08001cc4   Section       14  handlers.o(i.__scatterload_copy)
    i.__scatterload_null                     0x08001cd2   Section        2  handlers.o(i.__scatterload_null)
    i.__scatterload_zeroinit                 0x08001cd4   Section       14  handlers.o(i.__scatterload_zeroinit)
    i._fp_digits                             0x08001ce4   Section        0  printfa.o(i._fp_digits)
    _fp_digits                               0x08001ce5   Thumb Code   366  printfa.o(i._fp_digits)
    i._printf_core                           0x08001e68   Section        0  printfa.o(i._printf_core)
    _printf_core                             0x08001e69   Thumb Code  1744  printfa.o(i._printf_core)
    i._printf_post_padding                   0x08002544   Section        0  printfa.o(i._printf_post_padding)
    _printf_post_padding                     0x08002545   Thumb Code    36  printfa.o(i._printf_post_padding)
    i._printf_pre_padding                    0x08002568   Section        0  printfa.o(i._printf_pre_padding)
    _printf_pre_padding                      0x08002569   Thumb Code    46  printfa.o(i._printf_pre_padding)
    i._soft_delay_                           0x08002596   Section        0  system_gd32f30x.o(i._soft_delay_)
    _soft_delay_                             0x08002597   Thumb Code    28  system_gd32f30x.o(i._soft_delay_)
    i._sputc                                 0x080025b2   Section        0  printfa.o(i._sputc)
    _sputc                                   0x080025b3   Thumb Code    10  printfa.o(i._sputc)
    i.adc_calibration_enable                 0x080025bc   Section        0  gd32f30x_adc.o(i.adc_calibration_enable)
    i.adc_channel_length_config              0x080025e6   Section        0  gd32f30x_adc.o(i.adc_channel_length_config)
    i.adc_data_alignment_config              0x0800262c   Section        0  gd32f30x_adc.o(i.adc_data_alignment_config)
    i.adc_deinit                             0x08002644   Section        0  gd32f30x_adc.o(i.adc_deinit)
    i.adc_dma_mode_enable                    0x0800269c   Section        0  gd32f30x_adc.o(i.adc_dma_mode_enable)
    i.adc_enable                             0x080026a6   Section        0  gd32f30x_adc.o(i.adc_enable)
    i.adc_external_trigger_config            0x080026b8   Section        0  gd32f30x_adc.o(i.adc_external_trigger_config)
    i.adc_external_trigger_source_config     0x080026f6   Section        0  gd32f30x_adc.o(i.adc_external_trigger_source_config)
    i.adc_mode_config                        0x08002728   Section        0  gd32f30x_adc.o(i.adc_mode_config)
    i.adc_resolution_config                  0x08002744   Section        0  gd32f30x_adc.o(i.adc_resolution_config)
    i.adc_routine_channel_config             0x08002758   Section        0  gd32f30x_adc.o(i.adc_routine_channel_config)
    i.adc_special_function_config            0x08002804   Section        0  gd32f30x_adc.o(i.adc_special_function_config)
    i.delay_1ms                              0x08002860   Section        0  systick.o(i.delay_1ms)
    i.delay_decrement                        0x08002874   Section        0  systick.o(i.delay_decrement)
    i.dma_channel_enable                     0x08002898   Section        0  gd32f30x_dma.o(i.dma_channel_enable)
    i.dma_circulation_enable                 0x080028ca   Section        0  gd32f30x_dma.o(i.dma_circulation_enable)
    i.dma_deinit                             0x080028fc   Section        0  gd32f30x_dma.o(i.dma_deinit)
    i.dma_init                               0x0800296c   Section        0  gd32f30x_dma.o(i.dma_init)
    i.dma_interrupt_enable                   0x08002a9a   Section        0  gd32f30x_dma.o(i.dma_interrupt_enable)
    i.dma_interrupt_flag_clear               0x08002acc   Section        0  gd32f30x_dma.o(i.dma_interrupt_flag_clear)
    i.dma_interrupt_flag_get                 0x08002adc   Section        0  gd32f30x_dma.o(i.dma_interrupt_flag_get)
    i.dma_periph_and_channel_check           0x08002b60   Section        0  gd32f30x_dma.o(i.dma_periph_and_channel_check)
    dma_periph_and_channel_check             0x08002b61   Thumb Code    18  gd32f30x_dma.o(i.dma_periph_and_channel_check)
    i.dma_struct_para_init                   0x08002b78   Section        0  gd32f30x_dma.o(i.dma_struct_para_init)
    i.gpio_bit_reset                         0x08002b94   Section        0  gd32f30x_gpio.o(i.gpio_bit_reset)
    i.gpio_bit_set                           0x08002b98   Section        0  gd32f30x_gpio.o(i.gpio_bit_set)
    i.gpio_init                              0x08002b9c   Section        0  gd32f30x_gpio.o(i.gpio_init)
    i.i2c_ack_config                         0x08002c58   Section        0  gd32f30x_i2c.o(i.i2c_ack_config)
    i.i2c_clock_config                       0x08002c68   Section        0  gd32f30x_i2c.o(i.i2c_clock_config)
    i.i2c_data_receive                       0x08002da8   Section        0  gd32f30x_i2c.o(i.i2c_data_receive)
    i.i2c_data_transmit                      0x08002db0   Section        0  gd32f30x_i2c.o(i.i2c_data_transmit)
    i.i2c_enable                             0x08002db6   Section        0  gd32f30x_i2c.o(i.i2c_enable)
    i.i2c_flag_clear                         0x08002dc0   Section        0  gd32f30x_i2c.o(i.i2c_flag_clear)
    i.i2c_flag_get                           0x08002de8   Section        0  gd32f30x_i2c.o(i.i2c_flag_get)
    i.i2c_master_addressing                  0x08002e06   Section        0  gd32f30x_i2c.o(i.i2c_master_addressing)
    i.i2c_mode_addr_config                   0x08002e1a   Section        0  gd32f30x_i2c.o(i.i2c_mode_addr_config)
    i.i2c_start_on_bus                       0x08002e36   Section        0  gd32f30x_i2c.o(i.i2c_start_on_bus)
    i.i2c_stop_on_bus                        0x08002e40   Section        0  gd32f30x_i2c.o(i.i2c_stop_on_bus)
    i.main                                   0x08002e4c   Section        0  main.o(i.main)
    i.nvic_irq_enable                        0x080030b0   Section        0  gd32f30x_misc.o(i.nvic_irq_enable)
    i.nvic_priority_group_set                0x080031b8   Section        0  gd32f30x_misc.o(i.nvic_priority_group_set)
    i.rcu_clock_freq_get                     0x080031cc   Section        0  gd32f30x_rcu.o(i.rcu_clock_freq_get)
    i.rcu_periph_clock_enable                0x08003324   Section        0  gd32f30x_rcu.o(i.rcu_periph_clock_enable)
    i.rcu_periph_reset_disable               0x08003344   Section        0  gd32f30x_rcu.o(i.rcu_periph_reset_disable)
    i.rcu_periph_reset_enable                0x08003364   Section        0  gd32f30x_rcu.o(i.rcu_periph_reset_enable)
    i.system_clock_120m_hxtal                0x08003384   Section        0  system_gd32f30x.o(i.system_clock_120m_hxtal)
    system_clock_120m_hxtal                  0x08003385   Thumb Code   266  system_gd32f30x.o(i.system_clock_120m_hxtal)
    i.system_clock_config                    0x080034a0   Section        0  system_gd32f30x.o(i.system_clock_config)
    system_clock_config                      0x080034a1   Thumb Code     8  system_gd32f30x.o(i.system_clock_config)
    i.systick_config                         0x080034a8   Section        0  systick.o(i.systick_config)
    i.systick_get_tick                       0x080034f8   Section        0  systick.o(i.systick_get_tick)
    i.timer_auto_reload_shadow_enable        0x08003504   Section        0  gd32f30x_timer.o(i.timer_auto_reload_shadow_enable)
    i.timer_break_config                     0x0800350e   Section        0  gd32f30x_timer.o(i.timer_break_config)
    i.timer_break_struct_para_init           0x0800352c   Section        0  gd32f30x_timer.o(i.timer_break_struct_para_init)
    i.timer_channel_output_config            0x08003540   Section        0  gd32f30x_timer.o(i.timer_channel_output_config)
    i.timer_channel_output_mode_config       0x0800372c   Section        0  gd32f30x_timer.o(i.timer_channel_output_mode_config)
    i.timer_channel_output_pulse_value_config 0x08003786   Section        0  gd32f30x_timer.o(i.timer_channel_output_pulse_value_config)
    i.timer_channel_output_shadow_config     0x080037ac   Section        0  gd32f30x_timer.o(i.timer_channel_output_shadow_config)
    i.timer_deinit                           0x08003808   Section        0  gd32f30x_timer.o(i.timer_deinit)
    i.timer_enable                           0x080038e4   Section        0  gd32f30x_timer.o(i.timer_enable)
    i.timer_init                             0x080038f0   Section        0  gd32f30x_timer.o(i.timer_init)
    i.timer_input_trigger_source_select      0x08003988   Section        0  gd32f30x_timer.o(i.timer_input_trigger_source_select)
    i.timer_interrupt_enable                 0x08003998   Section        0  gd32f30x_timer.o(i.timer_interrupt_enable)
    i.timer_interrupt_flag_clear             0x080039a0   Section        0  gd32f30x_timer.o(i.timer_interrupt_flag_clear)
    i.timer_interrupt_flag_get               0x080039a6   Section        0  gd32f30x_timer.o(i.timer_interrupt_flag_get)
    i.timer_master_output_trigger_source_select 0x080039c2   Section        0  gd32f30x_timer.o(i.timer_master_output_trigger_source_select)
    i.timer_master_slave_mode_config         0x080039d2   Section        0  gd32f30x_timer.o(i.timer_master_slave_mode_config)
    i.timer_primary_output_config            0x080039ec   Section        0  gd32f30x_timer.o(i.timer_primary_output_config)
    i.timer_slave_mode_select                0x08003a04   Section        0  gd32f30x_timer.o(i.timer_slave_mode_select)
    i.usart_baudrate_set                     0x08003a14   Section        0  gd32f30x_usart.o(i.usart_baudrate_set)
    i.usart_data_receive                     0x08003aa4   Section        0  gd32f30x_usart.o(i.usart_data_receive)
    i.usart_data_transmit                    0x08003aae   Section        0  gd32f30x_usart.o(i.usart_data_transmit)
    i.usart_deinit                           0x08003ab8   Section        0  gd32f30x_usart.o(i.usart_deinit)
    i.usart_enable                           0x08003b48   Section        0  gd32f30x_usart.o(i.usart_enable)
    i.usart_hardware_flow_cts_config         0x08003b52   Section        0  gd32f30x_usart.o(i.usart_hardware_flow_cts_config)
    i.usart_hardware_flow_rts_config         0x08003b66   Section        0  gd32f30x_usart.o(i.usart_hardware_flow_rts_config)
    i.usart_interrupt_disable                0x08003b7a   Section        0  gd32f30x_usart.o(i.usart_interrupt_disable)
    i.usart_interrupt_enable                 0x08003b94   Section        0  gd32f30x_usart.o(i.usart_interrupt_enable)
    i.usart_interrupt_flag_clear             0x08003bae   Section        0  gd32f30x_usart.o(i.usart_interrupt_flag_clear)
    i.usart_interrupt_flag_get               0x08003bc0   Section        0  gd32f30x_usart.o(i.usart_interrupt_flag_get)
    i.usart_parity_config                    0x08003bfa   Section        0  gd32f30x_usart.o(i.usart_parity_config)
    i.usart_receive_config                   0x08003c0a   Section        0  gd32f30x_usart.o(i.usart_receive_config)
    i.usart_stop_bit_set                     0x08003c1e   Section        0  gd32f30x_usart.o(i.usart_stop_bit_set)
    i.usart_transmit_config                  0x08003c2e   Section        0  gd32f30x_usart.o(i.usart_transmit_config)
    i.usart_word_length_set                  0x08003c42   Section        0  gd32f30x_usart.o(i.usart_word_length_set)
    .data                                    0x20000000   Section        1  main.o(.data)
    led3_state                               0x20000000   Data           1  main.o(.data)
    .data                                    0x20000004   Section        8  systick.o(.data)
    delay                                    0x20000004   Data           4  systick.o(.data)
    systick_tick                             0x20000008   Data           4  systick.o(.data)
    .data                                    0x2000000c   Section        9  timer1_algorithm.o(.data)
    timer1_counter                           0x2000000c   Data           2  timer1_algorithm.o(.data)
    algorithm_execution_time                 0x20000010   Data           4  timer1_algorithm.o(.data)
    dwt_enabled                              0x20000014   Data           1  timer1_algorithm.o(.data)
    .data                                    0x20000018   Section        4  system_gd32f30x.o(.data)
    .data                                    0x2000001c   Section        5  timer2.o(.data)
    timer2_callback                          0x2000001c   Data           4  timer2.o(.data)
    timer2_initialized                       0x20000020   Data           1  timer2.o(.data)
    .data                                    0x20000024   Section        5  timer1.o(.data)
    timer1_callback                          0x20000024   Data           4  timer1.o(.data)
    timer1_initialized                       0x20000028   Data           1  timer1.o(.data)
    .data                                    0x2000002a   Section        6  pwm.o(.data)
    current_duty                             0x2000002a   Data           3  pwm.o(.data)
    pwm_period                               0x2000002e   Data           2  pwm.o(.data)
    .data                                    0x20000030   Section       12  adc.o(.data)
    adc_initialized                          0x20000030   Data           1  adc.o(.data)
    dma_complete                             0x20000031   Data           1  adc.o(.data)
    zero_offset_a                            0x20000034   Data           4  adc.o(.data)
    zero_offset_b                            0x20000038   Data           4  adc.o(.data)
    .data                                    0x2000003c   Section       16  usart1.o(.data)
    rx_head                                  0x2000003c   Data           2  usart1.o(.data)
    rx_tail                                  0x2000003e   Data           2  usart1.o(.data)
    tx_head                                  0x20000040   Data           2  usart1.o(.data)
    tx_tail                                  0x20000042   Data           2  usart1.o(.data)
    tx_busy                                  0x20000044   Data           1  usart1.o(.data)
    loopback_enabled                         0x20000045   Data           1  usart1.o(.data)
    rx_callback                              0x20000048   Data           4  usart1.o(.data)
    .data                                    0x2000004c   Section       16  usart2.o(.data)
    rx_head                                  0x2000004c   Data           2  usart2.o(.data)
    rx_tail                                  0x2000004e   Data           2  usart2.o(.data)
    tx_head                                  0x20000050   Data           2  usart2.o(.data)
    tx_tail                                  0x20000052   Data           2  usart2.o(.data)
    tx_busy                                  0x20000054   Data           1  usart2.o(.data)
    rx_callback                              0x20000058   Data           4  usart2.o(.data)
    .bss                                     0x2000005c   Section       16  timer1_algorithm.o(.bss)
    algorithm_callbacks                      0x2000005c   Data          16  timer1_algorithm.o(.bss)
    .bss                                     0x2000006c   Section      104  sensor.o(.bss)
    sensor_data                              0x2000006c   Data         104  sensor.o(.bss)
    .bss                                     0x200000d4   Section      256  adc.o(.bss)
    adc_buffer                               0x200000d4   Data         256  adc.o(.bss)
    .bss                                     0x200001d4   Section      256  usart1.o(.bss)
    rx_buffer                                0x200001d4   Data         128  usart1.o(.bss)
    tx_buffer                                0x20000254   Data         128  usart1.o(.bss)
    .bss                                     0x200002d4   Section      256  usart2.o(.bss)
    rx_buffer                                0x200002d4   Data         128  usart2.o(.bss)
    tx_buffer                                0x20000354   Data         128  usart2.o(.bss)
    STACK                                    0x200003d8   Section     1024  startup_gd32f30x_hd.o(STACK)

    Global Symbols

    Symbol Name                              Value     Ov Type        Size  Object(Section)

    BuildAttributes$$THM_ISAv4$E$P$D$K$B$S$7EM$VFPi3$EXTD16$VFPS$VFMA$PE$A:L22UL41UL21$X:L11$S22US41US21$IEEE1$IW$USESV6$~STKCKD$USESV7$~SHL$OSPACE$ROPI$EBA8$MICROLIB$REQ8$PRES8$EABIv2 0x00000000   Number         0  anon$$obj.o ABSOLUTE
    __ARM_use_no_argv                        0x00000000   Number         0  main.o ABSOLUTE
    _printf_a                                0x00000000   Number         0  stubs.o ABSOLUTE
    _printf_c                                0x00000000   Number         0  stubs.o ABSOLUTE
    _printf_charcount                        0x00000000   Number         0  stubs.o ABSOLUTE
    _printf_d                                0x00000000   Number         0  stubs.o ABSOLUTE
    _printf_e                                0x00000000   Number         0  stubs.o ABSOLUTE
    _printf_f                                0x00000000   Number         0  stubs.o ABSOLUTE
    _printf_flags                            0x00000000   Number         0  stubs.o ABSOLUTE
    _printf_fp_dec                           0x00000000   Number         0  stubs.o ABSOLUTE
    _printf_fp_hex                           0x00000000   Number         0  stubs.o ABSOLUTE
    _printf_g                                0x00000000   Number         0  stubs.o ABSOLUTE
    _printf_i                                0x00000000   Number         0  stubs.o ABSOLUTE
    _printf_int_dec                          0x00000000   Number         0  stubs.o ABSOLUTE
    _printf_l                                0x00000000   Number         0  stubs.o ABSOLUTE
    _printf_lc                               0x00000000   Number         0  stubs.o ABSOLUTE
    _printf_ll                               0x00000000   Number         0  stubs.o ABSOLUTE
    _printf_lld                              0x00000000   Number         0  stubs.o ABSOLUTE
    _printf_lli                              0x00000000   Number         0  stubs.o ABSOLUTE
    _printf_llo                              0x00000000   Number         0  stubs.o ABSOLUTE
    _printf_llu                              0x00000000   Number         0  stubs.o ABSOLUTE
    _printf_llx                              0x00000000   Number         0  stubs.o ABSOLUTE
    _printf_longlong_dec                     0x00000000   Number         0  stubs.o ABSOLUTE
    _printf_longlong_hex                     0x00000000   Number         0  stubs.o ABSOLUTE
    _printf_longlong_oct                     0x00000000   Number         0  stubs.o ABSOLUTE
    _printf_ls                               0x00000000   Number         0  stubs.o ABSOLUTE
    _printf_mbtowc                           0x00000000   Number         0  stubs.o ABSOLUTE
    _printf_n                                0x00000000   Number         0  stubs.o ABSOLUTE
    _printf_o                                0x00000000   Number         0  stubs.o ABSOLUTE
    _printf_p                                0x00000000   Number         0  stubs.o ABSOLUTE
    _printf_percent                          0x00000000   Number         0  stubs.o ABSOLUTE
    _printf_pre_padding                      0x00000000   Number         0  stubs.o ABSOLUTE
    _printf_return_value                     0x00000000   Number         0  stubs.o ABSOLUTE
    _printf_s                                0x00000000   Number         0  stubs.o ABSOLUTE
    _printf_sizespec                         0x00000000   Number         0  stubs.o ABSOLUTE
    _printf_str                              0x00000000   Number         0  stubs.o ABSOLUTE
    _printf_truncate_signed                  0x00000000   Number         0  stubs.o ABSOLUTE
    _printf_truncate_unsigned                0x00000000   Number         0  stubs.o ABSOLUTE
    _printf_u                                0x00000000   Number         0  stubs.o ABSOLUTE
    _printf_wc                               0x00000000   Number         0  stubs.o ABSOLUTE
    _printf_wctomb                           0x00000000   Number         0  stubs.o ABSOLUTE
    _printf_widthprec                        0x00000000   Number         0  stubs.o ABSOLUTE
    _printf_x                                0x00000000   Number         0  stubs.o ABSOLUTE
    __cpp_initialize__aeabi_                  - Undefined Weak Reference
    __cxa_finalize                            - Undefined Weak Reference
    __decompress                              - Undefined Weak Reference
    _clock_init                               - Undefined Weak Reference
    _microlib_exit                            - Undefined Weak Reference
    __Vectors_Size                           0x00000130   Number         0  startup_gd32f30x_hd.o ABSOLUTE
    __Vectors                                0x08000000   Data           4  startup_gd32f30x_hd.o(RESET)
    __Vectors_End                            0x08000130   Data           0  startup_gd32f30x_hd.o(RESET)
    __main                                   0x08000131   Thumb Code     0  entry.o(.ARM.Collect$$$$00000000)
    _main_stk                                0x08000131   Thumb Code     0  entry2.o(.ARM.Collect$$$$00000001)
    _main_scatterload                        0x08000135   Thumb Code     0  entry5.o(.ARM.Collect$$$$00000004)
    __main_after_scatterload                 0x08000139   Thumb Code     0  entry5.o(.ARM.Collect$$$$00000004)
    _main_clock                              0x08000139   Thumb Code     0  entry7b.o(.ARM.Collect$$$$00000008)
    _main_cpp_init                           0x08000139   Thumb Code     0  entry8b.o(.ARM.Collect$$$$0000000A)
    _main_init                               0x08000139   Thumb Code     0  entry9a.o(.ARM.Collect$$$$0000000B)
    __rt_final_cpp                           0x08000141   Thumb Code     0  entry10a.o(.ARM.Collect$$$$0000000D)
    __rt_final_exit                          0x08000141   Thumb Code     0  entry11a.o(.ARM.Collect$$$$0000000F)
    Reset_Handler                            0x08000145   Thumb Code     8  startup_gd32f30x_hd.o(.text)
    ADC0_1_IRQHandler                        0x0800015f   Thumb Code     0  startup_gd32f30x_hd.o(.text)
    ADC2_IRQHandler                          0x0800015f   Thumb Code     0  startup_gd32f30x_hd.o(.text)
    CAN0_EWMC_IRQHandler                     0x0800015f   Thumb Code     0  startup_gd32f30x_hd.o(.text)
    CAN0_RX1_IRQHandler                      0x0800015f   Thumb Code     0  startup_gd32f30x_hd.o(.text)
    DMA0_Channel1_IRQHandler                 0x0800015f   Thumb Code     0  startup_gd32f30x_hd.o(.text)
    DMA0_Channel2_IRQHandler                 0x0800015f   Thumb Code     0  startup_gd32f30x_hd.o(.text)
    DMA0_Channel3_IRQHandler                 0x0800015f   Thumb Code     0  startup_gd32f30x_hd.o(.text)
    DMA0_Channel4_IRQHandler                 0x0800015f   Thumb Code     0  startup_gd32f30x_hd.o(.text)
    DMA0_Channel5_IRQHandler                 0x0800015f   Thumb Code     0  startup_gd32f30x_hd.o(.text)
    DMA0_Channel6_IRQHandler                 0x0800015f   Thumb Code     0  startup_gd32f30x_hd.o(.text)
    DMA1_Channel0_IRQHandler                 0x0800015f   Thumb Code     0  startup_gd32f30x_hd.o(.text)
    DMA1_Channel1_IRQHandler                 0x0800015f   Thumb Code     0  startup_gd32f30x_hd.o(.text)
    DMA1_Channel2_IRQHandler                 0x0800015f   Thumb Code     0  startup_gd32f30x_hd.o(.text)
    DMA1_Channel3_4_IRQHandler               0x0800015f   Thumb Code     0  startup_gd32f30x_hd.o(.text)
    EXMC_IRQHandler                          0x0800015f   Thumb Code     0  startup_gd32f30x_hd.o(.text)
    EXTI0_IRQHandler                         0x0800015f   Thumb Code     0  startup_gd32f30x_hd.o(.text)
    EXTI10_15_IRQHandler                     0x0800015f   Thumb Code     0  startup_gd32f30x_hd.o(.text)
    EXTI1_IRQHandler                         0x0800015f   Thumb Code     0  startup_gd32f30x_hd.o(.text)
    EXTI2_IRQHandler                         0x0800015f   Thumb Code     0  startup_gd32f30x_hd.o(.text)
    EXTI3_IRQHandler                         0x0800015f   Thumb Code     0  startup_gd32f30x_hd.o(.text)
    EXTI4_IRQHandler                         0x0800015f   Thumb Code     0  startup_gd32f30x_hd.o(.text)
    EXTI5_9_IRQHandler                       0x0800015f   Thumb Code     0  startup_gd32f30x_hd.o(.text)
    FMC_IRQHandler                           0x0800015f   Thumb Code     0  startup_gd32f30x_hd.o(.text)
    I2C0_ER_IRQHandler                       0x0800015f   Thumb Code     0  startup_gd32f30x_hd.o(.text)
    I2C0_EV_IRQHandler                       0x0800015f   Thumb Code     0  startup_gd32f30x_hd.o(.text)
    I2C1_ER_IRQHandler                       0x0800015f   Thumb Code     0  startup_gd32f30x_hd.o(.text)
    I2C1_EV_IRQHandler                       0x0800015f   Thumb Code     0  startup_gd32f30x_hd.o(.text)
    LVD_IRQHandler                           0x0800015f   Thumb Code     0  startup_gd32f30x_hd.o(.text)
    RCU_CTC_IRQHandler                       0x0800015f   Thumb Code     0  startup_gd32f30x_hd.o(.text)
    RTC_Alarm_IRQHandler                     0x0800015f   Thumb Code     0  startup_gd32f30x_hd.o(.text)
    RTC_IRQHandler                           0x0800015f   Thumb Code     0  startup_gd32f30x_hd.o(.text)
    SDIO_IRQHandler                          0x0800015f   Thumb Code     0  startup_gd32f30x_hd.o(.text)
    SPI0_IRQHandler                          0x0800015f   Thumb Code     0  startup_gd32f30x_hd.o(.text)
    SPI1_IRQHandler                          0x0800015f   Thumb Code     0  startup_gd32f30x_hd.o(.text)
    SPI2_IRQHandler                          0x0800015f   Thumb Code     0  startup_gd32f30x_hd.o(.text)
    TAMPER_IRQHandler                        0x0800015f   Thumb Code     0  startup_gd32f30x_hd.o(.text)
    TIMER0_BRK_IRQHandler                    0x0800015f   Thumb Code     0  startup_gd32f30x_hd.o(.text)
    TIMER0_Channel_IRQHandler                0x0800015f   Thumb Code     0  startup_gd32f30x_hd.o(.text)
    TIMER0_TRG_CMT_IRQHandler                0x0800015f   Thumb Code     0  startup_gd32f30x_hd.o(.text)
    TIMER0_UP_IRQHandler                     0x0800015f   Thumb Code     0  startup_gd32f30x_hd.o(.text)
    TIMER3_IRQHandler                        0x0800015f   Thumb Code     0  startup_gd32f30x_hd.o(.text)
    TIMER4_IRQHandler                        0x0800015f   Thumb Code     0  startup_gd32f30x_hd.o(.text)
    TIMER5_IRQHandler                        0x0800015f   Thumb Code     0  startup_gd32f30x_hd.o(.text)
    TIMER6_IRQHandler                        0x0800015f   Thumb Code     0  startup_gd32f30x_hd.o(.text)
    TIMER7_BRK_IRQHandler                    0x0800015f   Thumb Code     0  startup_gd32f30x_hd.o(.text)
    TIMER7_Channel_IRQHandler                0x0800015f   Thumb Code     0  startup_gd32f30x_hd.o(.text)
    TIMER7_TRG_CMT_IRQHandler                0x0800015f   Thumb Code     0  startup_gd32f30x_hd.o(.text)
    TIMER7_UP_IRQHandler                     0x0800015f   Thumb Code     0  startup_gd32f30x_hd.o(.text)
    UART3_IRQHandler                         0x0800015f   Thumb Code     0  startup_gd32f30x_hd.o(.text)
    UART4_IRQHandler                         0x0800015f   Thumb Code     0  startup_gd32f30x_hd.o(.text)
    USART0_IRQHandler                        0x0800015f   Thumb Code     0  startup_gd32f30x_hd.o(.text)
    USBD_HP_CAN0_TX_IRQHandler               0x0800015f   Thumb Code     0  startup_gd32f30x_hd.o(.text)
    USBD_LP_CAN0_RX0_IRQHandler              0x0800015f   Thumb Code     0  startup_gd32f30x_hd.o(.text)
    USBD_WKUP_IRQHandler                     0x0800015f   Thumb Code     0  startup_gd32f30x_hd.o(.text)
    WWDGT_IRQHandler                         0x0800015f   Thumb Code     0  startup_gd32f30x_hd.o(.text)
    __aeabi_memset                           0x08000169   Thumb Code    14  memseta.o(.text)
    __aeabi_memset4                          0x08000169   Thumb Code     0  memseta.o(.text)
    __aeabi_memset8                          0x08000169   Thumb Code     0  memseta.o(.text)
    __aeabi_memclr                           0x08000177   Thumb Code     4  memseta.o(.text)
    __aeabi_memclr4                          0x08000177   Thumb Code     0  memseta.o(.text)
    __aeabi_memclr8                          0x08000177   Thumb Code     0  memseta.o(.text)
    _memset$wrapper                          0x0800017b   Thumb Code    18  memseta.o(.text)
    __aeabi_f2d                              0x0800018d   Thumb Code    38  f2d.o(.text)
    __aeabi_uidiv                            0x080001b3   Thumb Code     0  uidiv.o(.text)
    __aeabi_uidivmod                         0x080001b3   Thumb Code    44  uidiv.o(.text)
    __aeabi_uldivmod                         0x080001df   Thumb Code    98  uldiv.o(.text)
    __I$use$fp                               0x08000241   Thumb Code     0  iusefp.o(.text)
    __aeabi_dadd                             0x08000241   Thumb Code   322  dadd.o(.text)
    __aeabi_dsub                             0x08000383   Thumb Code     6  dadd.o(.text)
    __aeabi_drsub                            0x08000389   Thumb Code     6  dadd.o(.text)
    __aeabi_dmul                             0x0800038f   Thumb Code   228  dmul.o(.text)
    __aeabi_ddiv                             0x08000473   Thumb Code   222  ddiv.o(.text)
    __aeabi_d2ulz                            0x08000551   Thumb Code    48  dfixul.o(.text)
    __aeabi_cdrcmple                         0x08000581   Thumb Code    48  cdrcmple.o(.text)
    __scatterload                            0x080005b1   Thumb Code    28  init.o(.text)
    __scatterload_rt2                        0x080005b1   Thumb Code     0  init.o(.text)
    __aeabi_llsl                             0x080005d5   Thumb Code    30  llshl.o(.text)
    _ll_shift_l                              0x080005d5   Thumb Code     0  llshl.o(.text)
    __aeabi_llsr                             0x080005f3   Thumb Code    32  llushr.o(.text)
    _ll_ushift_r                             0x080005f3   Thumb Code     0  llushr.o(.text)
    __aeabi_lasr                             0x08000613   Thumb Code    36  llsshr.o(.text)
    _ll_sshift_r                             0x08000613   Thumb Code     0  llsshr.o(.text)
    _double_round                            0x08000637   Thumb Code    30  depilogue.o(.text)
    _double_epilogue                         0x08000655   Thumb Code   156  depilogue.o(.text)
    ADC_CalibrateZeroOffset                  0x080006f1   Thumb Code   112  adc.o(i.ADC_CalibrateZeroOffset)
    ADC_DMA_IRQHandler_Internal              0x080008a5   Thumb Code    32  adc.o(i.ADC_DMA_IRQHandler_Internal)
    ADC_GetAllSamples                        0x080008fd   Thumb Code   100  adc.o(i.ADC_GetAllSamples)
    ADC_GetSample                            0x0800096d   Thumb Code   170  adc.o(i.ADC_GetSample)
    ADC_Init                                 0x08000a25   Thumb Code    58  adc.o(i.ADC_Init)
    ADC_RawToVoltage                         0x08000a71   Thumb Code    26  adc.o(i.ADC_RawToVoltage)
    ADC_Start                                0x08000a95   Thumb Code    64  adc.o(i.ADC_Start)
    ADC_VoltageToCurrent                     0x08000ae9   Thumb Code    22  adc.o(i.ADC_VoltageToCurrent)
    AS5600_Init                              0x08000b11   Thumb Code     2  as5600.o(i.AS5600_Init)
    AS5600_ReadAngle                         0x08000b13   Thumb Code    42  as5600.o(i.AS5600_ReadAngle)
    BusFault_Handler                         0x08000b3d   Thumb Code     4  gd32f30x_it.o(i.BusFault_Handler)
    DMA0_Channel0_IRQHandler                 0x08000b41   Thumb Code     8  gd32f30x_it.o(i.DMA0_Channel0_IRQHandler)
    DebugMon_Handler                         0x08000b49   Thumb Code     2  gd32f30x_it.o(i.DebugMon_Handler)
    HardFault_Handler                        0x08000b4b   Thumb Code     4  gd32f30x_it.o(i.HardFault_Handler)
    I2C0_Init                                0x08000bb5   Thumb Code    12  i2c0.o(i.I2C0_Init)
    I2C0_ReadBytes                           0x08000bc1   Thumb Code   220  i2c0.o(i.I2C0_ReadBytes)
    Kalman_Init                              0x08000d55   Thumb Code    26  sensor.o(i.Kalman_Init)
    Kalman_Update                            0x08000d6f   Thumb Code    78  sensor.o(i.Kalman_Update)
    LED_Init                                 0x08000de1   Thumb Code    64  led.o(i.LED_Init)
    MemManage_Handler                        0x08000e25   Thumb Code     4  gd32f30x_it.o(i.MemManage_Handler)
    NMI_Handler                              0x08000e2d   Thumb Code     2  gd32f30x_it.o(i.NMI_Handler)
    PWM_EnableComplementaryOutputs           0x08000e71   Thumb Code    12  pwm.o(i.PWM_EnableComplementaryOutputs)
    PWM_Init                                 0x08000f19   Thumb Code   106  pwm.o(i.PWM_Init)
    PWM_SetDeadTime                          0x08000f8d   Thumb Code    62  pwm.o(i.PWM_SetDeadTime)
    PWM_SetDutyCycle                         0x08000fd1   Thumb Code    74  pwm.o(i.PWM_SetDutyCycle)
    PWM_Start                                0x08001029   Thumb Code    10  pwm.o(i.PWM_Start)
    PendSV_Handler                           0x08001119   Thumb Code     2  gd32f30x_it.o(i.PendSV_Handler)
    Reset_LED                                0x0800111d   Thumb Code    54  led.o(i.Reset_LED)
    SVC_Handler                              0x08001159   Thumb Code     2  gd32f30x_it.o(i.SVC_Handler)
    Sensor_GetData                           0x0800115d   Thumb Code     4  sensor.o(i.Sensor_GetData)
    Sensor_Init                              0x08001165   Thumb Code   114  sensor.o(i.Sensor_Init)
    Sensor_ReadAll                           0x08001245   Thumb Code    12  sensor.o(i.Sensor_ReadAll)
    Set_LED                                  0x080012b9   Thumb Code    54  led.o(i.Set_LED)
    SysTick_Handler                          0x080012f5   Thumb Code     8  gd32f30x_it.o(i.SysTick_Handler)
    SystemInit                               0x080012fd   Thumb Code   316  system_gd32f30x.o(i.SystemInit)
    TIMER1_IRQHandler                        0x08001445   Thumb Code     8  gd32f30x_it.o(i.TIMER1_IRQHandler)
    TIMER2_IRQHandler                        0x0800144d   Thumb Code     8  gd32f30x_it.o(i.TIMER2_IRQHandler)
    Timer1_Algorithm_Handler                 0x08001455   Thumb Code   158  timer1_algorithm.o(i.Timer1_Algorithm_Handler)
    Timer1_Algorithm_Init                    0x08001509   Thumb Code    24  timer1_algorithm.o(i.Timer1_Algorithm_Init)
    Timer1_EnableDWT                         0x08001525   Thumb Code    40  timer1_algorithm.o(i.Timer1_EnableDWT)
    Timer1_GetExecutionTime                  0x08001555   Thumb Code     6  timer1_algorithm.o(i.Timer1_GetExecutionTime)
    Timer1_IRQHandler_Internal               0x08001561   Thumb Code    34  timer1.o(i.Timer1_IRQHandler_Internal)
    Timer1_Init                              0x08001589   Thumb Code    84  timer1.o(i.Timer1_Init)
    Timer1_SetAlgorithmCallback              0x080015e1   Thumb Code    12  timer1_algorithm.o(i.Timer1_SetAlgorithmCallback)
    Timer1_SetCallback                       0x080015f1   Thumb Code     6  timer1.o(i.Timer1_SetCallback)
    Timer1_Start                             0x080015fd   Thumb Code    18  timer1.o(i.Timer1_Start)
    Timer2_IRQHandler_Internal               0x08001615   Thumb Code    34  timer2.o(i.Timer2_IRQHandler_Internal)
    Timer2_Init                              0x08001641   Thumb Code    96  timer2.o(i.Timer2_Init)
    Timer2_Start                             0x080016a9   Thumb Code    16  timer2.o(i.Timer2_Start)
    UART_Debug_OutputAll                     0x080016c1   Thumb Code   174  uart_debug.o(i.UART_Debug_OutputAll)
    USART1_ClearBuffers                      0x080018ad   Thumb Code    50  usart1.o(i.USART1_ClearBuffers)
    USART1_IRQHandler                        0x08001a31   Thumb Code     8  gd32f30x_it.o(i.USART1_IRQHandler)
    USART1_IRQHandler_Internal               0x08001a39   Thumb Code     8  usart1.o(i.USART1_IRQHandler_Internal)
    USART1_Init                              0x08001a41   Thumb Code   150  usart1.o(i.USART1_Init)
    USART1_LoopbackEnable                    0x08001ae1   Thumb Code     8  usart1.o(i.USART1_LoopbackEnable)
    USART1_SendByte                          0x08001aed   Thumb Code    92  usart1.o(i.USART1_SendByte)
    USART1_SendString                        0x08001b5d   Thumb Code    42  usart1.o(i.USART1_SendString)
    USART2_IRQHandler                        0x08001c91   Thumb Code     8  usart2.o(i.USART2_IRQHandler)
    UsageFault_Handler                       0x08001c99   Thumb Code     4  gd32f30x_it.o(i.UsageFault_Handler)
    __0sprintf                               0x08001c9d   Thumb Code    34  printfa.o(i.__0sprintf)
    __1sprintf                               0x08001c9d   Thumb Code     0  printfa.o(i.__0sprintf)
    __2sprintf                               0x08001c9d   Thumb Code     0  printfa.o(i.__0sprintf)
    __c89sprintf                             0x08001c9d   Thumb Code     0  printfa.o(i.__0sprintf)
    sprintf                                  0x08001c9d   Thumb Code     0  printfa.o(i.__0sprintf)
    __scatterload_copy                       0x08001cc5   Thumb Code    14  handlers.o(i.__scatterload_copy)
    __scatterload_null                       0x08001cd3   Thumb Code     2  handlers.o(i.__scatterload_null)
    __scatterload_zeroinit                   0x08001cd5   Thumb Code    14  handlers.o(i.__scatterload_zeroinit)
    adc_calibration_enable                   0x080025bd   Thumb Code    42  gd32f30x_adc.o(i.adc_calibration_enable)
    adc_channel_length_config                0x080025e7   Thumb Code    70  gd32f30x_adc.o(i.adc_channel_length_config)
    adc_data_alignment_config                0x0800262d   Thumb Code    22  gd32f30x_adc.o(i.adc_data_alignment_config)
    adc_deinit                               0x08002645   Thumb Code    84  gd32f30x_adc.o(i.adc_deinit)
    adc_dma_mode_enable                      0x0800269d   Thumb Code    10  gd32f30x_adc.o(i.adc_dma_mode_enable)
    adc_enable                               0x080026a7   Thumb Code    18  gd32f30x_adc.o(i.adc_enable)
    adc_external_trigger_config              0x080026b9   Thumb Code    62  gd32f30x_adc.o(i.adc_external_trigger_config)
    adc_external_trigger_source_config       0x080026f7   Thumb Code    48  gd32f30x_adc.o(i.adc_external_trigger_source_config)
    adc_mode_config                          0x08002729   Thumb Code    22  gd32f30x_adc.o(i.adc_mode_config)
    adc_resolution_config                    0x08002745   Thumb Code    20  gd32f30x_adc.o(i.adc_resolution_config)
    adc_routine_channel_config               0x08002759   Thumb Code   172  gd32f30x_adc.o(i.adc_routine_channel_config)
    adc_special_function_config              0x08002805   Thumb Code    90  gd32f30x_adc.o(i.adc_special_function_config)
    delay_1ms                                0x08002861   Thumb Code    16  systick.o(i.delay_1ms)
    delay_decrement                          0x08002875   Thumb Code    28  systick.o(i.delay_decrement)
    dma_channel_enable                       0x08002899   Thumb Code    50  gd32f30x_dma.o(i.dma_channel_enable)
    dma_circulation_enable                   0x080028cb   Thumb Code    50  gd32f30x_dma.o(i.dma_circulation_enable)
    dma_deinit                               0x080028fd   Thumb Code   112  gd32f30x_dma.o(i.dma_deinit)
    dma_init                                 0x0800296d   Thumb Code   302  gd32f30x_dma.o(i.dma_init)
    dma_interrupt_enable                     0x08002a9b   Thumb Code    50  gd32f30x_dma.o(i.dma_interrupt_enable)
    dma_interrupt_flag_clear                 0x08002acd   Thumb Code    16  gd32f30x_dma.o(i.dma_interrupt_flag_clear)
    dma_interrupt_flag_get                   0x08002add   Thumb Code   132  gd32f30x_dma.o(i.dma_interrupt_flag_get)
    dma_struct_para_init                     0x08002b79   Thumb Code    28  gd32f30x_dma.o(i.dma_struct_para_init)
    gpio_bit_reset                           0x08002b95   Thumb Code     4  gd32f30x_gpio.o(i.gpio_bit_reset)
    gpio_bit_set                             0x08002b99   Thumb Code     4  gd32f30x_gpio.o(i.gpio_bit_set)
    gpio_init                                0x08002b9d   Thumb Code   188  gd32f30x_gpio.o(i.gpio_init)
    i2c_ack_config                           0x08002c59   Thumb Code    16  gd32f30x_i2c.o(i.i2c_ack_config)
    i2c_clock_config                         0x08002c69   Thumb Code   306  gd32f30x_i2c.o(i.i2c_clock_config)
    i2c_data_receive                         0x08002da9   Thumb Code     8  gd32f30x_i2c.o(i.i2c_data_receive)
    i2c_data_transmit                        0x08002db1   Thumb Code     6  gd32f30x_i2c.o(i.i2c_data_transmit)
    i2c_enable                               0x08002db7   Thumb Code    10  gd32f30x_i2c.o(i.i2c_enable)
    i2c_flag_clear                           0x08002dc1   Thumb Code    40  gd32f30x_i2c.o(i.i2c_flag_clear)
    i2c_flag_get                             0x08002de9   Thumb Code    30  gd32f30x_i2c.o(i.i2c_flag_get)
    i2c_master_addressing                    0x08002e07   Thumb Code    20  gd32f30x_i2c.o(i.i2c_master_addressing)
    i2c_mode_addr_config                     0x08002e1b   Thumb Code    28  gd32f30x_i2c.o(i.i2c_mode_addr_config)
    i2c_start_on_bus                         0x08002e37   Thumb Code    10  gd32f30x_i2c.o(i.i2c_start_on_bus)
    i2c_stop_on_bus                          0x08002e41   Thumb Code    10  gd32f30x_i2c.o(i.i2c_stop_on_bus)
    main                                     0x08002e4d   Thumb Code   168  main.o(i.main)
    nvic_irq_enable                          0x080030b1   Thumb Code   254  gd32f30x_misc.o(i.nvic_irq_enable)
    nvic_priority_group_set                  0x080031b9   Thumb Code    10  gd32f30x_misc.o(i.nvic_priority_group_set)
    rcu_clock_freq_get                       0x080031cd   Thumb Code   310  gd32f30x_rcu.o(i.rcu_clock_freq_get)
    rcu_periph_clock_enable                  0x08003325   Thumb Code    28  gd32f30x_rcu.o(i.rcu_periph_clock_enable)
    rcu_periph_reset_disable                 0x08003345   Thumb Code    28  gd32f30x_rcu.o(i.rcu_periph_reset_disable)
    rcu_periph_reset_enable                  0x08003365   Thumb Code    28  gd32f30x_rcu.o(i.rcu_periph_reset_enable)
    systick_config                           0x080034a9   Thumb Code    74  systick.o(i.systick_config)
    systick_get_tick                         0x080034f9   Thumb Code     6  systick.o(i.systick_get_tick)
    timer_auto_reload_shadow_enable          0x08003505   Thumb Code    10  gd32f30x_timer.o(i.timer_auto_reload_shadow_enable)
    timer_break_config                       0x0800350f   Thumb Code    30  gd32f30x_timer.o(i.timer_break_config)
    timer_break_struct_para_init             0x0800352d   Thumb Code    18  gd32f30x_timer.o(i.timer_break_struct_para_init)
    timer_channel_output_config              0x08003541   Thumb Code   484  gd32f30x_timer.o(i.timer_channel_output_config)
    timer_channel_output_mode_config         0x0800372d   Thumb Code    90  gd32f30x_timer.o(i.timer_channel_output_mode_config)
    timer_channel_output_pulse_value_config  0x08003787   Thumb Code    38  gd32f30x_timer.o(i.timer_channel_output_pulse_value_config)
    timer_channel_output_shadow_config       0x080037ad   Thumb Code    90  gd32f30x_timer.o(i.timer_channel_output_shadow_config)
    timer_deinit                             0x08003809   Thumb Code   210  gd32f30x_timer.o(i.timer_deinit)
    timer_enable                             0x080038e5   Thumb Code    10  gd32f30x_timer.o(i.timer_enable)
    timer_init                               0x080038f1   Thumb Code   122  gd32f30x_timer.o(i.timer_init)
    timer_input_trigger_source_select        0x08003989   Thumb Code    16  gd32f30x_timer.o(i.timer_input_trigger_source_select)
    timer_interrupt_enable                   0x08003999   Thumb Code     8  gd32f30x_timer.o(i.timer_interrupt_enable)
    timer_interrupt_flag_clear               0x080039a1   Thumb Code     6  gd32f30x_timer.o(i.timer_interrupt_flag_clear)
    timer_interrupt_flag_get                 0x080039a7   Thumb Code    28  gd32f30x_timer.o(i.timer_interrupt_flag_get)
    timer_master_output_trigger_source_select 0x080039c3   Thumb Code    16  gd32f30x_timer.o(i.timer_master_output_trigger_source_select)
    timer_master_slave_mode_config           0x080039d3   Thumb Code    26  gd32f30x_timer.o(i.timer_master_slave_mode_config)
    timer_primary_output_config              0x080039ed   Thumb Code    24  gd32f30x_timer.o(i.timer_primary_output_config)
    timer_slave_mode_select                  0x08003a05   Thumb Code    16  gd32f30x_timer.o(i.timer_slave_mode_select)
    usart_baudrate_set                       0x08003a15   Thumb Code   136  gd32f30x_usart.o(i.usart_baudrate_set)
    usart_data_receive                       0x08003aa5   Thumb Code    10  gd32f30x_usart.o(i.usart_data_receive)
    usart_data_transmit                      0x08003aaf   Thumb Code     8  gd32f30x_usart.o(i.usart_data_transmit)
    usart_deinit                             0x08003ab9   Thumb Code   136  gd32f30x_usart.o(i.usart_deinit)
    usart_enable                             0x08003b49   Thumb Code    10  gd32f30x_usart.o(i.usart_enable)
    usart_hardware_flow_cts_config           0x08003b53   Thumb Code    20  gd32f30x_usart.o(i.usart_hardware_flow_cts_config)
    usart_hardware_flow_rts_config           0x08003b67   Thumb Code    20  gd32f30x_usart.o(i.usart_hardware_flow_rts_config)
    usart_interrupt_disable                  0x08003b7b   Thumb Code    26  gd32f30x_usart.o(i.usart_interrupt_disable)
    usart_interrupt_enable                   0x08003b95   Thumb Code    26  gd32f30x_usart.o(i.usart_interrupt_enable)
    usart_interrupt_flag_clear               0x08003baf   Thumb Code    18  gd32f30x_usart.o(i.usart_interrupt_flag_clear)
    usart_interrupt_flag_get                 0x08003bc1   Thumb Code    58  gd32f30x_usart.o(i.usart_interrupt_flag_get)
    usart_parity_config                      0x08003bfb   Thumb Code    16  gd32f30x_usart.o(i.usart_parity_config)
    usart_receive_config                     0x08003c0b   Thumb Code    20  gd32f30x_usart.o(i.usart_receive_config)
    usart_stop_bit_set                       0x08003c1f   Thumb Code    16  gd32f30x_usart.o(i.usart_stop_bit_set)
    usart_transmit_config                    0x08003c2f   Thumb Code    20  gd32f30x_usart.o(i.usart_transmit_config)
    usart_word_length_set                    0x08003c43   Thumb Code    16  gd32f30x_usart.o(i.usart_word_length_set)
    Region$$Table$$Base                      0x08003c54   Number         0  anon$$obj.o(Region$$Table)
    Region$$Table$$Limit                     0x08003c74   Number         0  anon$$obj.o(Region$$Table)
    SystemCoreClock                          0x20000018   Data           4  system_gd32f30x.o(.data)
    __initial_sp                             0x200007d8   Data           0  startup_gd32f30x_hd.o(STACK)



==============================================================================

Memory Map of the image

  Image Entry point : 0x08000131

  Load Region LR_IROM1 (Base: 0x08000000, Size: 0x00003cd0, Max: 0x00040000, ABSOLUTE)

    Execution Region ER_IROM1 (Exec base: 0x08000000, Load base: 0x08000000, Size: 0x00003c74, Max: 0x00040000, ABSOLUTE)

    Exec Addr    Load Addr    Size         Type   Attr      Idx    E Section Name        Object

    0x08000000   0x08000000   0x00000130   Data   RO         4505    RESET               startup_gd32f30x_hd.o
    0x08000130   0x08000130   0x00000000   Code   RO         5240  * .ARM.Collect$$$$00000000  mc_w.l(entry.o)
    0x08000130   0x08000130   0x00000004   Code   RO         5508    .ARM.Collect$$$$00000001  mc_w.l(entry2.o)
    0x08000134   0x08000134   0x00000004   Code   RO         5511    .ARM.Collect$$$$00000004  mc_w.l(entry5.o)
    0x08000138   0x08000138   0x00000000   Code   RO         5513    .ARM.Collect$$$$00000008  mc_w.l(entry7b.o)
    0x08000138   0x08000138   0x00000000   Code   RO         5515    .ARM.Collect$$$$0000000A  mc_w.l(entry8b.o)
    0x08000138   0x08000138   0x00000008   Code   RO         5516    .ARM.Collect$$$$0000000B  mc_w.l(entry9a.o)
    0x08000140   0x08000140   0x00000000   Code   RO         5518    .ARM.Collect$$$$0000000D  mc_w.l(entry10a.o)
    0x08000140   0x08000140   0x00000000   Code   RO         5520    .ARM.Collect$$$$0000000F  mc_w.l(entry11a.o)
    0x08000140   0x08000140   0x00000004   Code   RO         5509    .ARM.Collect$$$$00002712  mc_w.l(entry2.o)
    0x08000144   0x08000144   0x00000024   Code   RO         4506    .text               startup_gd32f30x_hd.o
    0x08000168   0x08000168   0x00000024   Code   RO         5243    .text               mc_w.l(memseta.o)
    0x0800018c   0x0800018c   0x00000026   Code   RO         5506    .text               mf_w.l(f2d.o)
    0x080001b2   0x080001b2   0x0000002c   Code   RO         5525    .text               mc_w.l(uidiv.o)
    0x080001de   0x080001de   0x00000062   Code   RO         5527    .text               mc_w.l(uldiv.o)
    0x08000240   0x08000240   0x00000000   Code   RO         5529    .text               mc_w.l(iusefp.o)
    0x08000240   0x08000240   0x0000014e   Code   RO         5530    .text               mf_w.l(dadd.o)
    0x0800038e   0x0800038e   0x000000e4   Code   RO         5532    .text               mf_w.l(dmul.o)
    0x08000472   0x08000472   0x000000de   Code   RO         5534    .text               mf_w.l(ddiv.o)
    0x08000550   0x08000550   0x00000030   Code   RO         5536    .text               mf_w.l(dfixul.o)
    0x08000580   0x08000580   0x00000030   Code   RO         5538    .text               mf_w.l(cdrcmple.o)
    0x080005b0   0x080005b0   0x00000024   Code   RO         5540    .text               mc_w.l(init.o)
    0x080005d4   0x080005d4   0x0000001e   Code   RO         5543    .text               mc_w.l(llshl.o)
    0x080005f2   0x080005f2   0x00000020   Code   RO         5545    .text               mc_w.l(llushr.o)
    0x08000612   0x08000612   0x00000024   Code   RO         5547    .text               mc_w.l(llsshr.o)
    0x08000636   0x08000636   0x000000ba   Code   RO         5550    .text               mf_w.l(depilogue.o)
    0x080006f0   0x080006f0   0x00000080   Code   RO         4833    i.ADC_CalibrateZeroOffset  adc.o
    0x08000770   0x08000770   0x000000c4   Code   RO         4834    i.ADC_Config        adc.o
    0x08000834   0x08000834   0x00000070   Code   RO         4835    i.ADC_DMA_Config    adc.o
    0x080008a4   0x080008a4   0x00000028   Code   RO         4836    i.ADC_DMA_IRQHandler_Internal  adc.o
    0x080008cc   0x080008cc   0x00000030   Code   RO         4838    i.ADC_GPIO_Config   adc.o
    0x080008fc   0x080008fc   0x00000070   Code   RO         4840    i.ADC_GetAllSamples  adc.o
    0x0800096c   0x0800096c   0x000000b8   Code   RO         4842    i.ADC_GetSample     adc.o
    0x08000a24   0x08000a24   0x0000004c   Code   RO         4843    i.ADC_Init          adc.o
    0x08000a70   0x08000a70   0x00000024   Code   RO         4845    i.ADC_RawToVoltage  adc.o
    0x08000a94   0x08000a94   0x00000054   Code   RO         4847    i.ADC_Start         adc.o
    0x08000ae8   0x08000ae8   0x00000020   Code   RO         4849    i.ADC_VoltageToCurrent  adc.o
    0x08000b08   0x08000b08   0x00000008   Code   RO         4730    i.AS5600_CombineBytes  as5600.o
    0x08000b10   0x08000b10   0x00000002   Code   RO         4732    i.AS5600_Init       as5600.o
    0x08000b12   0x08000b12   0x0000002a   Code   RO         4735    i.AS5600_ReadAngle  as5600.o
    0x08000b3c   0x08000b3c   0x00000004   Code   RO            3    i.BusFault_Handler  gd32f30x_it.o
    0x08000b40   0x08000b40   0x00000008   Code   RO            4    i.DMA0_Channel0_IRQHandler  gd32f30x_it.o
    0x08000b48   0x08000b48   0x00000002   Code   RO            5    i.DebugMon_Handler  gd32f30x_it.o
    0x08000b4a   0x08000b4a   0x00000004   Code   RO            6    i.HardFault_Handler  gd32f30x_it.o
    0x08000b4e   0x08000b4e   0x00000002   PAD
    0x08000b50   0x08000b50   0x0000003c   Code   RO         4953    i.I2C0_Config       i2c0.o
    0x08000b8c   0x08000b8c   0x00000028   Code   RO         4954    i.I2C0_GPIO_Config  i2c0.o
    0x08000bb4   0x08000bb4   0x0000000c   Code   RO         4955    i.I2C0_Init         i2c0.o
    0x08000bc0   0x08000bc0   0x000000e0   Code   RO         4957    i.I2C0_ReadBytes    i2c0.o
    0x08000ca0   0x08000ca0   0x00000038   Code   RO         4958    i.I2C0_SendAddress  i2c0.o
    0x08000cd8   0x08000cd8   0x00000028   Code   RO         4959    i.I2C0_SendStart    i2c0.o
    0x08000d00   0x08000d00   0x0000001c   Code   RO         4960    i.I2C0_SendStop     i2c0.o
    0x08000d1c   0x08000d1c   0x00000038   Code   RO         4962    i.I2C0_WaitFlag     i2c0.o
    0x08000d54   0x08000d54   0x0000001a   Code   RO          409    i.Kalman_Init       sensor.o
    0x08000d6e   0x08000d6e   0x0000004e   Code   RO          410    i.Kalman_Update     sensor.o
    0x08000dbc   0x08000dbc   0x00000024   Code   RO          255    i.LED_Blink_1Hz     main.o
    0x08000de0   0x08000de0   0x00000044   Code   RO         4692    i.LED_Init          led.o
    0x08000e24   0x08000e24   0x00000004   Code   RO            7    i.MemManage_Handler  gd32f30x_it.o
    0x08000e28   0x08000e28   0x00000004   Code   RO          256    i.Motor_Control_Loop  main.o
    0x08000e2c   0x08000e2c   0x00000002   Code   RO            8    i.NMI_Handler       gd32f30x_it.o
    0x08000e2e   0x08000e2e   0x00000002   PAD
    0x08000e30   0x08000e30   0x00000028   Code   RO          286    i.NVIC_SetPriority  systick.o
    0x08000e58   0x08000e58   0x00000018   Code   RO         4610    i.PWM_CalculateCompareValue  pwm.o
    0x08000e70   0x08000e70   0x00000010   Code   RO         4612    i.PWM_EnableComplementaryOutputs  pwm.o
    0x08000e80   0x08000e80   0x00000098   Code   RO         4613    i.PWM_GPIO_Config   pwm.o
    0x08000f18   0x08000f18   0x00000074   Code   RO         4615    i.PWM_Init          pwm.o
    0x08000f8c   0x08000f8c   0x00000044   Code   RO         4616    i.PWM_SetDeadTime   pwm.o
    0x08000fd0   0x08000fd0   0x00000058   Code   RO         4617    i.PWM_SetDutyCycle  pwm.o
    0x08001028   0x08001028   0x00000010   Code   RO         4618    i.PWM_Start         pwm.o
    0x08001038   0x08001038   0x000000e0   Code   RO         4620    i.PWM_Timer_Config  pwm.o
    0x08001118   0x08001118   0x00000002   Code   RO            9    i.PendSV_Handler    gd32f30x_it.o
    0x0800111a   0x0800111a   0x00000002   PAD
    0x0800111c   0x0800111c   0x0000003c   Code   RO         4693    i.Reset_LED         led.o
    0x08001158   0x08001158   0x00000002   Code   RO           10    i.SVC_Handler       gd32f30x_it.o
    0x0800115a   0x0800115a   0x00000002   PAD
    0x0800115c   0x0800115c   0x00000008   Code   RO          412    i.Sensor_GetData    sensor.o
    0x08001164   0x08001164   0x00000080   Code   RO          413    i.Sensor_Init       sensor.o
    0x080011e4   0x080011e4   0x00000060   Code   RO          414    i.Sensor_ReadADC    sensor.o
    0x08001244   0x08001244   0x0000000c   Code   RO          415    i.Sensor_ReadAll    sensor.o
    0x08001250   0x08001250   0x00000068   Code   RO          416    i.Sensor_ReadEncoder  sensor.o
    0x080012b8   0x080012b8   0x0000003c   Code   RO         4694    i.Set_LED           led.o
    0x080012f4   0x080012f4   0x00000008   Code   RO           11    i.SysTick_Handler   gd32f30x_it.o
    0x080012fc   0x080012fc   0x00000148   Code   RO          522    i.SystemInit        system_gd32f30x.o
    0x08001444   0x08001444   0x00000008   Code   RO           12    i.TIMER1_IRQHandler  gd32f30x_it.o
    0x0800144c   0x0800144c   0x00000008   Code   RO           13    i.TIMER2_IRQHandler  gd32f30x_it.o
    0x08001454   0x08001454   0x000000b4   Code   RO          335    i.Timer1_Algorithm_Handler  timer1_algorithm.o
    0x08001508   0x08001508   0x0000001c   Code   RO          336    i.Timer1_Algorithm_Init  timer1_algorithm.o
    0x08001524   0x08001524   0x00000030   Code   RO          339    i.Timer1_EnableDWT  timer1_algorithm.o
    0x08001554   0x08001554   0x0000000c   Code   RO          341    i.Timer1_GetExecutionTime  timer1_algorithm.o
    0x08001560   0x08001560   0x00000028   Code   RO         4561    i.Timer1_IRQHandler_Internal  timer1.o
    0x08001588   0x08001588   0x00000058   Code   RO         4562    i.Timer1_Init       timer1.o
    0x080015e0   0x080015e0   0x00000010   Code   RO          343    i.Timer1_SetAlgorithmCallback  timer1_algorithm.o
    0x080015f0   0x080015f0   0x0000000c   Code   RO         4563    i.Timer1_SetCallback  timer1.o
    0x080015fc   0x080015fc   0x00000018   Code   RO         4564    i.Timer1_Start      timer1.o
    0x08001614   0x08001614   0x0000002c   Code   RO         4512    i.Timer2_IRQHandler_Internal  timer2.o
    0x08001640   0x08001640   0x00000068   Code   RO         4513    i.Timer2_Init       timer2.o
    0x080016a8   0x080016a8   0x00000018   Code   RO         4515    i.Timer2_Start      timer2.o
    0x080016c0   0x080016c0   0x00000178   Code   RO          475    i.UART_Debug_OutputAll  uart_debug.o
    0x08001838   0x08001838   0x0000004c   Code   RO          478    i.UART_Debug_SendFormattedFloat  uart_debug.o
    0x08001884   0x08001884   0x0000000e   Code   RO         5041    i.USART1_BufferIsEmpty  usart1.o
    0x08001892   0x08001892   0x0000001a   Code   RO         5042    i.USART1_BufferIsFull  usart1.o
    0x080018ac   0x080018ac   0x00000050   Code   RO         5043    i.USART1_ClearBuffers  usart1.o
    0x080018fc   0x080018fc   0x0000001c   Code   RO         5044    i.USART1_DisableInterrupts  usart1.o
    0x08001918   0x08001918   0x00000028   Code   RO         5045    i.USART1_EnableInterrupts  usart1.o
    0x08001940   0x08001940   0x000000f0   Code   RO         5046    i.USART1_HandlerInternal  usart1.o
    0x08001a30   0x08001a30   0x00000008   Code   RO           14    i.USART1_IRQHandler  gd32f30x_it.o
    0x08001a38   0x08001a38   0x00000008   Code   RO         5047    i.USART1_IRQHandler_Internal  usart1.o
    0x08001a40   0x08001a40   0x000000a0   Code   RO         5048    i.USART1_Init       usart1.o
    0x08001ae0   0x08001ae0   0x0000000c   Code   RO         5051    i.USART1_LoopbackEnable  usart1.o
    0x08001aec   0x08001aec   0x00000070   Code   RO         5053    i.USART1_SendByte   usart1.o
    0x08001b5c   0x08001b5c   0x0000002a   Code   RO         5054    i.USART1_SendString  usart1.o
    0x08001b86   0x08001b86   0x0000000e   Code   RO         5149    i.USART2_BufferIsEmpty  usart2.o
    0x08001b94   0x08001b94   0x0000001a   Code   RO         5150    i.USART2_BufferIsFull  usart2.o
    0x08001bae   0x08001bae   0x00000002   PAD
    0x08001bb0   0x08001bb0   0x000000e0   Code   RO         5154    i.USART2_HandlerInternal  usart2.o
    0x08001c90   0x08001c90   0x00000008   Code   RO         5155    i.USART2_IRQHandler  usart2.o
    0x08001c98   0x08001c98   0x00000004   Code   RO           15    i.UsageFault_Handler  gd32f30x_it.o
    0x08001c9c   0x08001c9c   0x00000028   Code   RO         5480    i.__0sprintf        mc_w.l(printfa.o)
    0x08001cc4   0x08001cc4   0x0000000e   Code   RO         5554    i.__scatterload_copy  mc_w.l(handlers.o)
    0x08001cd2   0x08001cd2   0x00000002   Code   RO         5555    i.__scatterload_null  mc_w.l(handlers.o)
    0x08001cd4   0x08001cd4   0x0000000e   Code   RO         5556    i.__scatterload_zeroinit  mc_w.l(handlers.o)
    0x08001ce2   0x08001ce2   0x00000002   PAD
    0x08001ce4   0x08001ce4   0x00000184   Code   RO         5485    i._fp_digits        mc_w.l(printfa.o)
    0x08001e68   0x08001e68   0x000006dc   Code   RO         5486    i._printf_core      mc_w.l(printfa.o)
    0x08002544   0x08002544   0x00000024   Code   RO         5487    i._printf_post_padding  mc_w.l(printfa.o)
    0x08002568   0x08002568   0x0000002e   Code   RO         5488    i._printf_pre_padding  mc_w.l(printfa.o)
    0x08002596   0x08002596   0x0000001c   Code   RO          523    i._soft_delay_      system_gd32f30x.o
    0x080025b2   0x080025b2   0x0000000a   Code   RO         5490    i._sputc            mc_w.l(printfa.o)
    0x080025bc   0x080025bc   0x0000002a   Code   RO          574    i.adc_calibration_enable  gd32f30x_adc.o
    0x080025e6   0x080025e6   0x00000046   Code   RO          575    i.adc_channel_length_config  gd32f30x_adc.o
    0x0800262c   0x0800262c   0x00000016   Code   RO          576    i.adc_data_alignment_config  gd32f30x_adc.o
    0x08002642   0x08002642   0x00000002   PAD
    0x08002644   0x08002644   0x00000058   Code   RO          577    i.adc_deinit        gd32f30x_adc.o
    0x0800269c   0x0800269c   0x0000000a   Code   RO          581    i.adc_dma_mode_enable  gd32f30x_adc.o
    0x080026a6   0x080026a6   0x00000012   Code   RO          582    i.adc_enable        gd32f30x_adc.o
    0x080026b8   0x080026b8   0x0000003e   Code   RO          583    i.adc_external_trigger_config  gd32f30x_adc.o
    0x080026f6   0x080026f6   0x00000030   Code   RO          584    i.adc_external_trigger_source_config  gd32f30x_adc.o
    0x08002726   0x08002726   0x00000002   PAD
    0x08002728   0x08002728   0x0000001c   Code   RO          594    i.adc_mode_config   gd32f30x_adc.o
    0x08002744   0x08002744   0x00000014   Code   RO          598    i.adc_resolution_config  gd32f30x_adc.o
    0x08002758   0x08002758   0x000000ac   Code   RO          599    i.adc_routine_channel_config  gd32f30x_adc.o
    0x08002804   0x08002804   0x0000005a   Code   RO          602    i.adc_special_function_config  gd32f30x_adc.o
    0x0800285e   0x0800285e   0x00000002   PAD
    0x08002860   0x08002860   0x00000014   Code   RO          287    i.delay_1ms         systick.o
    0x08002874   0x08002874   0x00000024   Code   RO          288    i.delay_decrement   systick.o
    0x08002898   0x08002898   0x00000032   Code   RO         1516    i.dma_channel_enable  gd32f30x_dma.o
    0x080028ca   0x080028ca   0x00000032   Code   RO         1518    i.dma_circulation_enable  gd32f30x_dma.o
    0x080028fc   0x080028fc   0x00000070   Code   RO         1519    i.dma_deinit        gd32f30x_dma.o
    0x0800296c   0x0800296c   0x0000012e   Code   RO         1522    i.dma_init          gd32f30x_dma.o
    0x08002a9a   0x08002a9a   0x00000032   Code   RO         1524    i.dma_interrupt_enable  gd32f30x_dma.o
    0x08002acc   0x08002acc   0x00000010   Code   RO         1525    i.dma_interrupt_flag_clear  gd32f30x_dma.o
    0x08002adc   0x08002adc   0x00000084   Code   RO         1526    i.dma_interrupt_flag_get  gd32f30x_dma.o
    0x08002b60   0x08002b60   0x00000018   Code   RO         1534    i.dma_periph_and_channel_check  gd32f30x_dma.o
    0x08002b78   0x08002b78   0x0000001c   Code   RO         1539    i.dma_struct_para_init  gd32f30x_dma.o
    0x08002b94   0x08002b94   0x00000004   Code   RO         2241    i.gpio_bit_reset    gd32f30x_gpio.o
    0x08002b98   0x08002b98   0x00000004   Code   RO         2242    i.gpio_bit_set      gd32f30x_gpio.o
    0x08002b9c   0x08002b9c   0x000000bc   Code   RO         2251    i.gpio_init         gd32f30x_gpio.o
    0x08002c58   0x08002c58   0x00000010   Code   RO         2368    i.i2c_ack_config    gd32f30x_i2c.o
    0x08002c68   0x08002c68   0x00000140   Code   RO         2370    i.i2c_clock_config  gd32f30x_i2c.o
    0x08002da8   0x08002da8   0x00000008   Code   RO         2371    i.i2c_data_receive  gd32f30x_i2c.o
    0x08002db0   0x08002db0   0x00000006   Code   RO         2372    i.i2c_data_transmit  gd32f30x_i2c.o
    0x08002db6   0x08002db6   0x0000000a   Code   RO         2379    i.i2c_enable        gd32f30x_i2c.o
    0x08002dc0   0x08002dc0   0x00000028   Code   RO         2380    i.i2c_flag_clear    gd32f30x_i2c.o
    0x08002de8   0x08002de8   0x0000001e   Code   RO         2381    i.i2c_flag_get      gd32f30x_i2c.o
    0x08002e06   0x08002e06   0x00000014   Code   RO         2386    i.i2c_master_addressing  gd32f30x_i2c.o
    0x08002e1a   0x08002e1a   0x0000001c   Code   RO         2387    i.i2c_mode_addr_config  gd32f30x_i2c.o
    0x08002e36   0x08002e36   0x0000000a   Code   RO         2396    i.i2c_start_on_bus  gd32f30x_i2c.o
    0x08002e40   0x08002e40   0x0000000a   Code   RO         2397    i.i2c_stop_on_bus   gd32f30x_i2c.o
    0x08002e4a   0x08002e4a   0x00000002   PAD
    0x08002e4c   0x08002e4c   0x00000264   Code   RO          257    i.main              main.o
    0x080030b0   0x080030b0   0x00000108   Code   RO         2575    i.nvic_irq_enable   gd32f30x_misc.o
    0x080031b8   0x080031b8   0x00000014   Code   RO         2576    i.nvic_priority_group_set  gd32f30x_misc.o
    0x080031cc   0x080031cc   0x00000158   Code   RO         2814    i.rcu_clock_freq_get  gd32f30x_rcu.o
    0x08003324   0x08003324   0x00000020   Code   RO         2832    i.rcu_periph_clock_enable  gd32f30x_rcu.o
    0x08003344   0x08003344   0x00000020   Code   RO         2835    i.rcu_periph_reset_disable  gd32f30x_rcu.o
    0x08003364   0x08003364   0x00000020   Code   RO         2836    i.rcu_periph_reset_enable  gd32f30x_rcu.o
    0x08003384   0x08003384   0x0000011c   Code   RO          525    i.system_clock_120m_hxtal  system_gd32f30x.o
    0x080034a0   0x080034a0   0x00000008   Code   RO          526    i.system_clock_config  system_gd32f30x.o
    0x080034a8   0x080034a8   0x00000050   Code   RO          289    i.systick_config    systick.o
    0x080034f8   0x080034f8   0x0000000c   Code   RO          290    i.systick_get_tick  systick.o
    0x08003504   0x08003504   0x0000000a   Code   RO         3696    i.timer_auto_reload_shadow_enable  gd32f30x_timer.o
    0x0800350e   0x0800350e   0x0000001e   Code   RO         3700    i.timer_break_config  gd32f30x_timer.o
    0x0800352c   0x0800352c   0x00000012   Code   RO         3703    i.timer_break_struct_para_init  gd32f30x_timer.o
    0x0800353e   0x0800353e   0x00000002   PAD
    0x08003540   0x08003540   0x000001ec   Code   RO         3713    i.timer_channel_output_config  gd32f30x_timer.o
    0x0800372c   0x0800372c   0x0000005a   Code   RO         3715    i.timer_channel_output_mode_config  gd32f30x_timer.o
    0x08003786   0x08003786   0x00000026   Code   RO         3717    i.timer_channel_output_pulse_value_config  gd32f30x_timer.o
    0x080037ac   0x080037ac   0x0000005a   Code   RO         3718    i.timer_channel_output_shadow_config  gd32f30x_timer.o
    0x08003806   0x08003806   0x00000002   PAD
    0x08003808   0x08003808   0x000000dc   Code   RO         3726    i.timer_deinit      gd32f30x_timer.o
    0x080038e4   0x080038e4   0x0000000a   Code   RO         3731    i.timer_enable      gd32f30x_timer.o
    0x080038ee   0x080038ee   0x00000002   PAD
    0x080038f0   0x080038f0   0x00000098   Code   RO         3741    i.timer_init        gd32f30x_timer.o
    0x08003988   0x08003988   0x00000010   Code   RO         3744    i.timer_input_trigger_source_select  gd32f30x_timer.o
    0x08003998   0x08003998   0x00000008   Code   RO         3748    i.timer_interrupt_enable  gd32f30x_timer.o
    0x080039a0   0x080039a0   0x00000006   Code   RO         3749    i.timer_interrupt_flag_clear  gd32f30x_timer.o
    0x080039a6   0x080039a6   0x0000001c   Code   RO         3750    i.timer_interrupt_flag_get  gd32f30x_timer.o
    0x080039c2   0x080039c2   0x00000010   Code   RO         3751    i.timer_master_output_trigger_source_select  gd32f30x_timer.o
    0x080039d2   0x080039d2   0x0000001a   Code   RO         3752    i.timer_master_slave_mode_config  gd32f30x_timer.o
    0x080039ec   0x080039ec   0x00000018   Code   RO         3756    i.timer_primary_output_config  gd32f30x_timer.o
    0x08003a04   0x08003a04   0x00000010   Code   RO         3760    i.timer_slave_mode_select  gd32f30x_timer.o
    0x08003a14   0x08003a14   0x00000090   Code   RO         4136    i.usart_baudrate_set  gd32f30x_usart.o
    0x08003aa4   0x08003aa4   0x0000000a   Code   RO         4139    i.usart_data_receive  gd32f30x_usart.o
    0x08003aae   0x08003aae   0x00000008   Code   RO         4140    i.usart_data_transmit  gd32f30x_usart.o
    0x08003ab6   0x08003ab6   0x00000002   PAD
    0x08003ab8   0x08003ab8   0x00000090   Code   RO         4141    i.usart_deinit      gd32f30x_usart.o
    0x08003b48   0x08003b48   0x0000000a   Code   RO         4145    i.usart_enable      gd32f30x_usart.o
    0x08003b52   0x08003b52   0x00000014   Code   RO         4151    i.usart_hardware_flow_cts_config  gd32f30x_usart.o
    0x08003b66   0x08003b66   0x00000014   Code   RO         4152    i.usart_hardware_flow_rts_config  gd32f30x_usart.o
    0x08003b7a   0x08003b7a   0x0000001a   Code   RO         4153    i.usart_interrupt_disable  gd32f30x_usart.o
    0x08003b94   0x08003b94   0x0000001a   Code   RO         4154    i.usart_interrupt_enable  gd32f30x_usart.o
    0x08003bae   0x08003bae   0x00000012   Code   RO         4155    i.usart_interrupt_flag_clear  gd32f30x_usart.o
    0x08003bc0   0x08003bc0   0x0000003a   Code   RO         4156    i.usart_interrupt_flag_get  gd32f30x_usart.o
    0x08003bfa   0x08003bfa   0x00000010   Code   RO         4167    i.usart_parity_config  gd32f30x_usart.o
    0x08003c0a   0x08003c0a   0x00000014   Code   RO         4169    i.usart_receive_config  gd32f30x_usart.o
    0x08003c1e   0x08003c1e   0x00000010   Code   RO         4179    i.usart_stop_bit_set  gd32f30x_usart.o
    0x08003c2e   0x08003c2e   0x00000014   Code   RO         4183    i.usart_transmit_config  gd32f30x_usart.o
    0x08003c42   0x08003c42   0x00000010   Code   RO         4184    i.usart_word_length_set  gd32f30x_usart.o
    0x08003c52   0x08003c52   0x00000002   PAD
    0x08003c54   0x08003c54   0x00000020   Data   RO         5552    Region$$Table       anon$$obj.o


    Execution Region RW_IRAM1 (Exec base: 0x20000000, Load base: 0x08003c74, Size: 0x000007d8, Max: 0x0000c000, ABSOLUTE)

    Exec Addr    Load Addr    Size         Type   Attr      Idx    E Section Name        Object

    0x20000000   0x08003c74   0x00000001   Data   RW          258    .data               main.o
    0x20000001   0x08003c75   0x00000003   PAD
    0x20000004   0x08003c78   0x00000008   Data   RW          291    .data               systick.o
    0x2000000c   0x08003c80   0x00000009   Data   RW          345    .data               timer1_algorithm.o
    0x20000015   0x08003c89   0x00000003   PAD
    0x20000018   0x08003c8c   0x00000004   Data   RW          527    .data               system_gd32f30x.o
    0x2000001c   0x08003c90   0x00000005   Data   RW         4517    .data               timer2.o
    0x20000021   0x08003c95   0x00000003   PAD
    0x20000024   0x08003c98   0x00000005   Data   RW         4566    .data               timer1.o
    0x20000029   0x08003c9d   0x00000001   PAD
    0x2000002a   0x08003c9e   0x00000006   Data   RW         4621    .data               pwm.o
    0x20000030   0x08003ca4   0x0000000c   Data   RW         4851    .data               adc.o
    0x2000003c   0x08003cb0   0x00000010   Data   RW         5057    .data               usart1.o
    0x2000004c   0x08003cc0   0x00000010   Data   RW         5163    .data               usart2.o
    0x2000005c        -       0x00000010   Zero   RW          344    .bss                timer1_algorithm.o
    0x2000006c        -       0x00000068   Zero   RW          417    .bss                sensor.o
    0x200000d4        -       0x00000100   Zero   RW         4850    .bss                adc.o
    0x200001d4        -       0x00000100   Zero   RW         5056    .bss                usart1.o
    0x200002d4        -       0x00000100   Zero   RW         5162    .bss                usart2.o
    0x200003d4   0x08003cd0   0x00000004   PAD
    0x200003d8        -       0x00000400   Zero   RW         4503    STACK               startup_gd32f30x_hd.o


==============================================================================

Image component sizes


      Code (inc. data)   RO Data    RW Data    ZI Data      Debug   Object Name

      1048        134          0         12        256       8125   adc.o
        52          0          0          0          0       4141   as5600.o
       670         10          0          0          0       8021   gd32f30x_adc.o
       764          6          0          0          0       6864   gd32f30x_dma.o
       196          0          0          0          0       2108   gd32f30x_gpio.o
       498         14          0          0          0       7420   gd32f30x_i2c.o
        64          0          0          0          0      65797   gd32f30x_it.o
       284         20          0          0          0      28303   gd32f30x_misc.o
       440         46          0          0          0       3068   gd32f30x_rcu.o
      1290         48          0          0          0      12599   gd32f30x_timer.o
       572         16          0          0          0      10409   gd32f30x_usart.o
       516         38          0          0          0       5509   i2c0.o
       188         16          0          0          0       1533   led.o
       652        448          0          1          0       1507   main.o
       704         54          0          6          0       6269   pwm.o
       452         36          0          0        104       4346   sensor.o
        36          8        304          0       1024        872   startup_gd32f30x_hd.o
       648         30          0          4          0       3847   system_gd32f30x.o
       188         32          0          8          0      29441   systick.o
       164         22          0          5          0       3079   timer1.o
       284         44          0          9         16       3494   timer1_algorithm.o
       172         26          0          5          0       2586   timer2.o
       452        220          0          0          0       1767   uart_debug.o
       762        128          0         16        256       7631   usart1.o
       272         46          0         16        256       3828   usart2.o

    ----------------------------------------------------------------------
     11396       1442        336         92       1916     232564   Object Totals
         0          0         32          0          0          0   (incl. Generated)
        28          0          0         10          4          0   (incl. Padding)

    ----------------------------------------------------------------------

      Code (inc. data)   RO Data    RW Data    ZI Data      Debug   Library Member Name

         0          0          0          0          0          0   entry.o
         0          0          0          0          0          0   entry10a.o
         0          0          0          0          0          0   entry11a.o
         8          4          0          0          0          0   entry2.o
         4          0          0          0          0          0   entry5.o
         0          0          0          0          0          0   entry7b.o
         0          0          0          0          0          0   entry8b.o
         8          4          0          0          0          0   entry9a.o
        30          0          0          0          0          0   handlers.o
        36          8          0          0          0         68   init.o
         0          0          0          0          0          0   iusefp.o
        30          0          0          0          0         68   llshl.o
        36          0          0          0          0         68   llsshr.o
        32          0          0          0          0         68   llushr.o
        36          0          0          0          0        108   memseta.o
      2276         86          0          0          0        520   printfa.o
        44          0          0          0          0         80   uidiv.o
        98          0          0          0          0         92   uldiv.o
        48          0          0          0          0         68   cdrcmple.o
       334          0          0          0          0        148   dadd.o
       222          0          0          0          0        100   ddiv.o
       186          0          0          0          0        176   depilogue.o
        48          0          0          0          0         68   dfixul.o
       228          0          0          0          0         96   dmul.o
        38          0          0          0          0         68   f2d.o

    ----------------------------------------------------------------------
      3744        102          0          0          0       1796   Library Totals
         2          0          0          0          0          0   (incl. Padding)

    ----------------------------------------------------------------------

      Code (inc. data)   RO Data    RW Data    ZI Data      Debug   Library Name

      2638        102          0          0          0       1072   mc_w.l
      1104          0          0          0          0        724   mf_w.l

    ----------------------------------------------------------------------
      3744        102          0          0          0       1796   Library Totals

    ----------------------------------------------------------------------

==============================================================================


      Code (inc. data)   RO Data    RW Data    ZI Data      Debug   

     15140       1544        336         92       1916     217780   Grand Totals
     15140       1544        336         92       1916     217780   ELF Image Totals
     15140       1544        336         92          0          0   ROM Totals

==============================================================================

    Total RO  Size (Code + RO Data)                15476 (  15.11kB)
    Total RW  Size (RW Data + ZI Data)              2008 (   1.96kB)
    Total ROM Size (Code + RO Data + RW Data)      15568 (  15.20kB)

==============================================================================

