Component: ARM Compiler 5.06 update 6 (build 750) Tool: armlink [4d35ed]

==============================================================================

Section Cross References

    gd32f30x_it.o(i.ADC0_1_IRQHandler) refers to adc.o(i.ADC_IRQHandler_Internal) for ADC_IRQHandler_Internal
    gd32f30x_it.o(i.DMA0_Channel0_IRQHandler) refers to adc.o(i.ADC_DMA_IRQHandler_Internal) for ADC_DMA_IRQHandler_Internal
    gd32f30x_it.o(i.SysTick_Handler) refers to systick.o(i.delay_decrement) for delay_decrement
    gd32f30x_it.o(i.TIMER1_IRQHandler) refers to timer1.o(i.Timer1_IRQHandler_Internal) for Timer1_IRQHandler_Internal
    gd32f30x_it.o(i.USART1_IRQHandler) refers to usart1.o(i.USART1_IRQHandler_Internal) for USART1_IRQHandler_Internal
    main.o(i.LED_Blink_1Hz) refers to led.o(i.Set_LED) for Set_LED
    main.o(i.LED_Blink_1Hz) refers to led.o(i.Reset_LED) for Reset_LED
    main.o(i.LED_Blink_1Hz) refers to main.o(.data) for led3_state
    main.o(i.Motor_Control_Loop) refers to foc_control.o(i.FOC_OpenLoopUpdate) for FOC_OpenLoopUpdate
    main.o(i.Motor_Control_Loop) refers to svpwm.o(i.SVPWM_Update) for SVPWM_Update
    main.o(i.Motor_Control_Loop) refers to svpwm.o(i.SVPWM_GetOutput) for SVPWM_GetOutput
    main.o(i.Motor_Control_Loop) refers to pwm.o(i.PWM_SetDutyCycle) for PWM_SetDutyCycle
    main.o(i.Motor_Control_Loop) refers to sensor.o(i.Sensor_ReadAll) for Sensor_ReadAll
    main.o(i.Motor_Control_Loop) refers to main.o(.data) for theta
    main.o(i.main) refers to systick.o(i.systick_config) for systick_config
    main.o(i.main) refers to led.o(i.LED_Init) for LED_Init
    main.o(i.main) refers to led.o(i.Set_LED) for Set_LED
    main.o(i.main) refers to pwm.o(i.PWM_Init) for PWM_Init
    main.o(i.main) refers to pwm.o(i.PWM_SetDutyCycle) for PWM_SetDutyCycle
    main.o(i.main) refers to pwm.o(i.PWM_Start) for PWM_Start
    main.o(i.main) refers to timer1_algorithm.o(i.Timer1_Algorithm_Init) for Timer1_Algorithm_Init
    main.o(i.main) refers to timer1_algorithm.o(i.Timer1_SetAlgorithmCallback) for Timer1_SetAlgorithmCallback
    main.o(i.main) refers to usart1.o(i.USART1_Init) for USART1_Init
    main.o(i.main) refers to usart1.o(i.USART1_SendString) for USART1_SendString
    main.o(i.main) refers to sensor.o(i.Sensor_Init) for Sensor_Init
    main.o(i.main) refers to foc_control.o(i.FOC_OpenLoopInit) for FOC_OpenLoopInit
    main.o(i.main) refers to svpwm.o(i.SVPWM_Init) for SVPWM_Init
    main.o(i.main) refers to timer1_algorithm.o(i.Timer1_Algorithm_Start) for Timer1_Algorithm_Start
    main.o(i.main) refers to uart_debug.o(i.UART_Debug_OutputOscilloscope) for UART_Debug_OutputOscilloscope
    main.o(i.main) refers to systick.o(i.delay_1ms) for delay_1ms
    main.o(i.main) refers to main.o(i.LED_Blink_1Hz) for LED_Blink_1Hz
    main.o(i.main) refers to main.o(i.Motor_Control_Loop) for Motor_Control_Loop
    systick.o(i.delay_1ms) refers to systick.o(.data) for delay
    systick.o(i.delay_decrement) refers to systick.o(.data) for systick_tick
    systick.o(i.systick_config) refers to systick.o(i.NVIC_SetPriority) for NVIC_SetPriority
    systick.o(i.systick_config) refers to system_gd32f30x.o(.data) for SystemCoreClock
    systick.o(i.systick_get_tick) refers to systick.o(.data) for systick_tick
    timer1_algorithm.o(i.Timer1_Algorithm_Handler) refers to timer1_algorithm.o(i.Timer1_EnableDWT) for Timer1_EnableDWT
    timer1_algorithm.o(i.Timer1_Algorithm_Handler) refers to timer1_algorithm.o(.data) for dwt_enabled
    timer1_algorithm.o(i.Timer1_Algorithm_Handler) refers to timer1_algorithm.o(.bss) for algorithm_callbacks
    timer1_algorithm.o(i.Timer1_Algorithm_Init) refers to timer1.o(i.Timer1_Init) for Timer1_Init
    timer1_algorithm.o(i.Timer1_Algorithm_Init) refers to timer1.o(i.Timer1_SetCallback) for Timer1_SetCallback
    timer1_algorithm.o(i.Timer1_Algorithm_Init) refers to timer1_algorithm.o(i.Timer1_Algorithm_Handler) for Timer1_Algorithm_Handler
    timer1_algorithm.o(i.Timer1_Algorithm_Start) refers to timer1.o(i.Timer1_Start) for Timer1_Start
    timer1_algorithm.o(i.Timer1_Algorithm_Stop) refers to timer1.o(i.Timer1_Stop) for Timer1_Stop
    timer1_algorithm.o(i.Timer1_ClearAlgorithmCallback) refers to timer1_algorithm.o(.bss) for algorithm_callbacks
    timer1_algorithm.o(i.Timer1_ClearAllCallbacks) refers to timer1_algorithm.o(.bss) for algorithm_callbacks
    timer1_algorithm.o(i.Timer1_GetCounter) refers to timer1_algorithm.o(.data) for timer1_counter
    timer1_algorithm.o(i.Timer1_GetExecutionTime) refers to timer1_algorithm.o(.data) for algorithm_execution_time
    timer1_algorithm.o(i.Timer1_ResetCounter) refers to timer1_algorithm.o(.data) for timer1_counter
    timer1_algorithm.o(i.Timer1_SetAlgorithmCallback) refers to timer1_algorithm.o(.bss) for algorithm_callbacks
    sensor.o(i.Sensor_GetData) refers to sensor.o(.bss) for sensor_data
    sensor.o(i.Sensor_Init) refers to as5600.o(i.AS5600_Init) for AS5600_Init
[...]
    i.Timer1_Init                            0x08001e4c   Section        0  timer1.o(i.Timer1_Init)
    i.Timer1_SetAlgorithmCallback            0x08001ea4   Section        0  timer1_algorithm.o(i.Timer1_SetAlgorithmCallback)
    i.Timer1_SetCallback                     0x08001eb4   Section        0  timer1.o(i.Timer1_SetCallback)
    i.Timer1_Start                           0x08001ec0   Section        0  timer1.o(i.Timer1_Start)
    i.Timer2_Init                            0x08001ed8   Section        0  timer2.o(i.Timer2_Init)
    i.Timer2_Start                           0x08001f30   Section        0  timer2.o(i.Timer2_Start)
    i.Timer3_Init                            0x08001f48   Section        0  timer3.o(i.Timer3_Init)
    i.Timer3_Start                           0x08001ff0   Section        0  timer3.o(i.Timer3_Start)
    i.UART_Debug_OutputOscilloscope          0x08002008   Section        0  uart_debug.o(i.UART_Debug_OutputOscilloscope)
    i.USART1_BufferIsEmpty                   0x080020a4   Section        0  usart1.o(i.USART1_BufferIsEmpty)
    USART1_BufferIsEmpty                     0x080020a5   Thumb Code    14  usart1.o(i.USART1_BufferIsEmpty)
    i.USART1_BufferIsFull                    0x080020b2   Section        0  usart1.o(i.USART1_BufferIsFull)
    USART1_BufferIsFull                      0x080020b3   Thumb Code    26  usart1.o(i.USART1_BufferIsFull)
    i.USART1_ClearBuffers                    0x080020cc   Section        0  usart1.o(i.USART1_ClearBuffers)
    i.USART1_DisableInterrupts               0x0800211c   Section        0  usart1.o(i.USART1_DisableInterrupts)
    USART1_DisableInterrupts                 0x0800211d   Thumb Code    24  usart1.o(i.USART1_DisableInterrupts)
    i.USART1_EnableInterrupts                0x08002138   Section        0  usart1.o(i.USART1_EnableInterrupts)
    USART1_EnableInterrupts                  0x08002139   Thumb Code    30  usart1.o(i.USART1_EnableInterrupts)
    i.USART1_HandlerInternal                 0x08002160   Section        0  usart1.o(i.USART1_HandlerInternal)
    USART1_HandlerInternal                   0x08002161   Thumb Code   190  usart1.o(i.USART1_HandlerInternal)
    i.USART1_IRQHandler                      0x08002250   Section        0  gd32f30x_it.o(i.USART1_IRQHandler)
    i.USART1_IRQHandler_Internal             0x08002258   Section        0  usart1.o(i.USART1_IRQHandler_Internal)
    i.USART1_Init                            0x08002260   Section        0  usart1.o(i.USART1_Init)
    i.USART1_LoopbackEnable                  0x08002300   Section        0  usart1.o(i.USART1_LoopbackEnable)
    i.USART1_SendByte                        0x0800230c   Section        0  usart1.o(i.USART1_SendByte)
    i.USART1_SendString                      0x0800237c   Section        0  usart1.o(i.USART1_SendString)
    i.USART2_BufferIsEmpty                   0x080023a6   Section        0  usart2.o(i.USART2_BufferIsEmpty)
    USART2_BufferIsEmpty                     0x080023a7   Thumb Code    14  usart2.o(i.USART2_BufferIsEmpty)
    i.USART2_BufferIsFull                    0x080023b4   Section        0  usart2.o(i.USART2_BufferIsFull)
    USART2_BufferIsFull                      0x080023b5   Thumb Code    26  usart2.o(i.USART2_BufferIsFull)
    i.USART2_HandlerInternal                 0x080023d0   Section        0  usart2.o(i.USART2_HandlerInternal)
    USART2_HandlerInternal                   0x080023d1   Thumb Code   178  usart2.o(i.USART2_HandlerInternal)
    i.USART2_IRQHandler                      0x080024b0   Section        0  usart2.o(i.USART2_IRQHandler)
    i.UsageFault_Handler                     0x080024b8   Section        0  gd32f30x_it.o(i.UsageFault_Handler)
    i.__0printf                              0x080024bc   Section        0  printfa.o(i.__0printf)
    i.__ARM_fpclassifyf                      0x080024dc   Section        0  fpclassifyf.o(i.__ARM_fpclassifyf)
    i.__hardfp_atan2f                        0x08002504   Section        0  atan2f.o(i.__hardfp_atan2f)
    i.__hardfp_cosf                          0x08002754   Section        0  cosf.o(i.__hardfp_cosf)
    i.__hardfp_sinf                          0x080028a4   Section        0  sinf.o(i.__hardfp_sinf)
    i.__hardfp_sqrtf                         0x08002a34   Section        0  sqrtf.o(i.__hardfp_sqrtf)
    i.__mathlib_flt_infnan                   0x08002a6e   Section        0  funder.o(i.__mathlib_flt_infnan)
    i.__mathlib_flt_infnan2                  0x08002a74   Section        0  funder.o(i.__mathlib_flt_infnan2)
    i.__mathlib_flt_invalid                  0x08002a7c   Section        0  funder.o(i.__mathlib_flt_invalid)
    i.__mathlib_flt_underflow                0x08002a8c   Section        0  funder.o(i.__mathlib_flt_underflow)
    i.__mathlib_rredf2                       0x08002a9c   Section        0  rredf.o(i.__mathlib_rredf2)
    i.__scatterload_copy                     0x08002bf0   Section       14  handlers.o(i.__scatterload_copy)
    i.__scatterload_null                     0x08002bfe   Section        2  handlers.o(i.__scatterload_null)
    i.__scatterload_zeroinit                 0x08002c00   Section       14  handlers.o(i.__scatterload_zeroinit)
    i.__set_errno                            0x08002c10   Section        0  errno.o(i.__set_errno)
    i._fp_digits                             0x08002c1c   Section        0  printfa.o(i._fp_digits)
    _fp_digits                               0x08002c1d   Thumb Code   366  printfa.o(i._fp_digits)
    i._printf_core                           0x08002da0   Section        0  printfa.o(i._printf_core)
    _printf_core                             0x08002da1   Thumb Code  1744  printfa.o(i._printf_core)
    i._printf_post_padding                   0x0800347c   Section        0  printfa.o(i._printf_post_padding)
    _printf_post_padding                     0x0800347d   Thumb Code    36  printfa.o(i._printf_post_padding)
    i._printf_pre_padding                    0x080034a0   Section        0  printfa.o(i._printf_pre_padding)
    _printf_pre_padding                      0x080034a1   Thumb Code    46  printfa.o(i._printf_pre_padding)
    i._soft_delay_                           0x080034ce   Section        0  system_gd32f30x.o(i._soft_delay_)
    _soft_delay_                             0x080034cf   Thumb Code    28  system_gd32f30x.o(i._soft_delay_)
    i.adc_calibration_enable                 0x080034ea   Section        0  gd32f30x_adc.o(i.adc_calibration_enable)
    i.adc_channel_length_config              0x08003514   Section        0  gd32f30x_adc.o(i.adc_channel_length_config)
    i.adc_data_alignment_config              0x0800355a   Section        0  gd32f30x_adc.o(i.adc_data_alignment_config)
    i.adc_deinit                             0x08003570   Section        0  gd32f30x_adc.o(i.adc_deinit)
    i.adc_dma_mode_enable                    0x080035c8   Section        0  gd32f30x_adc.o(i.adc_dma_mode_enable)
    i.adc_enable                             0x080035d2   Section        0  gd32f30x_adc.o(i.adc_enable)
    i.adc_external_trigger_config            0x080035e4   Section        0  gd32f30x_adc.o(i.adc_external_trigger_config)
    i.adc_external_trigger_source_config     0x08003622   Section        0  gd32f30x_adc.o(i.adc_external_trigger_source_config)
    i.adc_flag_clear                         0x08003652   Section        0  gd32f30x_adc.o(i.adc_flag_clear)
    i.adc_interrupt_enable                   0x08003658   Section        0  gd32f30x_adc.o(i.adc_interrupt_enable)
    i.adc_interrupt_flag_clear               0x08003684   Section        0  gd32f30x_adc.o(i.adc_interrupt_flag_clear)
    i.adc_interrupt_flag_get                 0x0800368a   Section        0  gd32f30x_adc.o(i.adc_interrupt_flag_get)
    i.adc_mode_config                        0x080036e4   Section        0  gd32f30x_adc.o(i.adc_mode_config)
    i.adc_resolution_config                  0x08003700   Section        0  gd32f30x_adc.o(i.adc_resolution_config)
    i.adc_routine_channel_config             0x08003714   Section        0  gd32f30x_adc.o(i.adc_routine_channel_config)
    i.adc_special_function_config            0x080037c0   Section        0  gd32f30x_adc.o(i.adc_special_function_config)
    i.delay_1ms                              0x0800381c   Section        0  systick.o(i.delay_1ms)
    i.delay_decrement                        0x08003830   Section        0  systick.o(i.delay_decrement)
    i.dma_channel_disable                    0x08003854   Section        0  gd32f30x_dma.o(i.dma_channel_disable)
    i.dma_channel_enable                     0x08003886   Section        0  gd32f30x_dma.o(i.dma_channel_enable)
    i.dma_circulation_enable                 0x080038b8   Section        0  gd32f30x_dma.o(i.dma_circulation_enable)
    i.dma_deinit                             0x080038ea   Section        0  gd32f30x_dma.o(i.dma_deinit)
    i.dma_flag_clear                         0x0800395a   Section        0  gd32f30x_dma.o(i.dma_flag_clear)
    i.dma_init                               0x0800396a   Section        0  gd32f30x_dma.o(i.dma_init)
    i.dma_interrupt_enable                   0x08003a98   Section        0  gd32f30x_dma.o(i.dma_interrupt_enable)
    i.dma_interrupt_flag_clear               0x08003aca   Section        0  gd32f30x_dma.o(i.dma_interrupt_flag_clear)
    i.dma_interrupt_flag_get                 0x08003ada   Section        0  gd32f30x_dma.o(i.dma_interrupt_flag_get)
    i.dma_memory_address_config              0x08003b5e   Section        0  gd32f30x_dma.o(i.dma_memory_address_config)
    i.dma_periph_address_config              0x08003b82   Section        0  gd32f30x_dma.o(i.dma_periph_address_config)
    i.dma_periph_and_channel_check           0x08003ba8   Section        0  gd32f30x_dma.o(i.dma_periph_and_channel_check)
    dma_periph_and_channel_check             0x08003ba9   Thumb Code    18  gd32f30x_dma.o(i.dma_periph_and_channel_check)
    i.dma_struct_para_init                   0x08003bc0   Section        0  gd32f30x_dma.o(i.dma_struct_para_init)
    i.dma_transfer_number_config             0x08003bdc   Section        0  gd32f30x_dma.o(i.dma_transfer_number_config)
    i.dma_transfer_number_get                0x08003c02   Section        0  gd32f30x_dma.o(i.dma_transfer_number_get)
    i.fputc                                  0x08003c24   Section        0  uart_debug.o(i.fputc)
    i.gpio_bit_reset                         0x08003c34   Section        0  gd32f30x_gpio.o(i.gpio_bit_reset)
    i.gpio_bit_set                           0x08003c38   Section        0  gd32f30x_gpio.o(i.gpio_bit_set)
    i.gpio_bit_write                         0x08003c3c   Section        0  gd32f30x_gpio.o(i.gpio_bit_write)
    i.gpio_init                              0x08003c46   Section        0  gd32f30x_gpio.o(i.gpio_init)
    i.i2c_ack_config                         0x08003d02   Section        0  gd32f30x_i2c.o(i.i2c_ack_config)
    i.i2c_clock_config                       0x08003d14   Section        0  gd32f30x_i2c.o(i.i2c_clock_config)
    i.i2c_data_receive                       0x08003e54   Section        0  gd32f30x_i2c.o(i.i2c_data_receive)
    i.i2c_data_transmit                      0x08003e5c   Section        0  gd32f30x_i2c.o(i.i2c_data_transmit)
    i.i2c_enable                             0x08003e62   Section        0  gd32f30x_i2c.o(i.i2c_enable)
    i.i2c_flag_clear                         0x08003e6c   Section        0  gd32f30x_i2c.o(i.i2c_flag_clear)
    i.i2c_flag_get                           0x08003e94   Section        0  gd32f30x_i2c.o(i.i2c_flag_get)
    i.i2c_master_addressing                  0x08003eb2   Section        0  gd32f30x_i2c.o(i.i2c_master_addressing)
    i.i2c_mode_addr_config                   0x08003ec6   Section        0  gd32f30x_i2c.o(i.i2c_mode_addr_config)
    i.i2c_start_on_bus                       0x08003ee2   Section        0  gd32f30x_i2c.o(i.i2c_start_on_bus)
    i.i2c_stop_on_bus                        0x08003eec   Section        0  gd32f30x_i2c.o(i.i2c_stop_on_bus)
    i.main                                   0x08003ef8   Section        0  main.o(i.main)
    i.nvic_irq_enable                        0x08004148   Section        0  gd32f30x_misc.o(i.nvic_irq_enable)
    i.nvic_priority_group_set                0x08004250   Section        0  gd32f30x_misc.o(i.nvic_priority_group_set)
    i.rcu_clock_freq_get                     0x08004264   Section        0  gd32f30x_rcu.o(i.rcu_clock_freq_get)
    i.rcu_periph_clock_enable                0x080043bc   Section        0  gd32f30x_rcu.o(i.rcu_periph_clock_enable)
    i.rcu_periph_reset_disable               0x080043dc   Section        0  gd32f30x_rcu.o(i.rcu_periph_reset_disable)
    i.rcu_periph_reset_enable                0x080043fc   Section        0  gd32f30x_rcu.o(i.rcu_periph_reset_enable)
    i.system_clock_120m_hxtal                0x0800441c   Section        0  system_gd32f30x.o(i.system_clock_120m_hxtal)
    system_clock_120m_hxtal                  0x0800441d   Thumb Code   266  system_gd32f30x.o(i.system_clock_120m_hxtal)
    i.system_clock_config                    0x08004538   Section        0  system_gd32f30x.o(i.system_clock_config)
    system_clock_config                      0x08004539   Thumb Code     8  system_gd32f30x.o(i.system_clock_config)
    i.systick_config                         0x08004540   Section        0  systick.o(i.systick_config)
    i.systick_get_tick                       0x08004590   Section        0  systick.o(i.systick_get_tick)
    i.timer_auto_reload_shadow_enable        0x0800459c   Section        0  gd32f30x_timer.o(i.timer_auto_reload_shadow_enable)
    i.timer_break_config                     0x080045a6   Section        0  gd32f30x_timer.o(i.timer_break_config)
    i.timer_break_struct_para_init           0x080045c4   Section        0  gd32f30x_timer.o(i.timer_break_struct_para_init)
    i.timer_channel_output_config            0x080045d8   Section        0  gd32f30x_timer.o(i.timer_channel_output_config)
    i.timer_channel_output_mode_config       0x080047c4   Section        0  gd32f30x_timer.o(i.timer_channel_output_mode_config)
    i.timer_channel_output_pulse_value_config 0x0800481e   Section        0  gd32f30x_timer.o(i.timer_channel_output_pulse_value_config)
    i.timer_channel_output_shadow_config     0x08004844   Section        0  gd32f30x_timer.o(i.timer_channel_output_shadow_config)
    i.timer_deinit                           0x080048a0   Section        0  gd32f30x_timer.o(i.timer_deinit)
    i.timer_enable                           0x0800497c   Section        0  gd32f30x_timer.o(i.timer_enable)
    i.timer_init                             0x08004988   Section        0  gd32f30x_timer.o(i.timer_init)
    i.timer_input_trigger_source_select      0x08004a20   Section        0  gd32f30x_timer.o(i.timer_input_trigger_source_select)
    i.timer_interrupt_enable                 0x08004a30   Section        0  gd32f30x_timer.o(i.timer_interrupt_enable)
    i.timer_interrupt_flag_clear             0x08004a38   Section        0  gd32f30x_timer.o(i.timer_interrupt_flag_clear)
    i.timer_interrupt_flag_get               0x08004a3e   Section        0  gd32f30x_timer.o(i.timer_interrupt_flag_get)
    i.timer_master_output_trigger_source_select 0x08004a5a   Section        0  gd32f30x_timer.o(i.timer_master_output_trigger_source_select)
    i.timer_master_slave_mode_config         0x08004a6a   Section        0  gd32f30x_timer.o(i.timer_master_slave_mode_config)
    i.timer_primary_output_config            0x08004a84   Section        0  gd32f30x_timer.o(i.timer_primary_output_config)
    i.timer_slave_mode_select                0x08004a9c   Section        0  gd32f30x_timer.o(i.timer_slave_mode_select)
    i.usart_baudrate_set                     0x08004aac   Section        0  gd32f30x_usart.o(i.usart_baudrate_set)
    i.usart_data_receive                     0x08004b3c   Section        0  gd32f30x_usart.o(i.usart_data_receive)
    i.usart_data_transmit                    0x08004b46   Section        0  gd32f30x_usart.o(i.usart_data_transmit)
    i.usart_deinit                           0x08004b50   Section        0  gd32f30x_usart.o(i.usart_deinit)
    i.usart_enable                           0x08004be0   Section        0  gd32f30x_usart.o(i.usart_enable)
    i.usart_hardware_flow_cts_config         0x08004bea   Section        0  gd32f30x_usart.o(i.usart_hardware_flow_cts_config)
    i.usart_hardware_flow_rts_config         0x08004bfe   Section        0  gd32f30x_usart.o(i.usart_hardware_flow_rts_config)
    i.usart_interrupt_disable                0x08004c12   Section        0  gd32f30x_usart.o(i.usart_interrupt_disable)
    i.usart_interrupt_enable                 0x08004c2c   Section        0  gd32f30x_usart.o(i.usart_interrupt_enable)
    i.usart_interrupt_flag_clear             0x08004c46   Section        0  gd32f30x_usart.o(i.usart_interrupt_flag_clear)
    i.usart_interrupt_flag_get               0x08004c58   Section        0  gd32f30x_usart.o(i.usart_interrupt_flag_get)
    i.usart_parity_config                    0x08004c92   Section        0  gd32f30x_usart.o(i.usart_parity_config)
    i.usart_receive_config                   0x08004ca2   Section        0  gd32f30x_usart.o(i.usart_receive_config)
    i.usart_stop_bit_set                     0x08004cb6   Section        0  gd32f30x_usart.o(i.usart_stop_bit_set)
    i.usart_transmit_config                  0x08004cc6   Section        0  gd32f30x_usart.o(i.usart_transmit_config)
    i.usart_word_length_set                  0x08004cda   Section        0  gd32f30x_usart.o(i.usart_word_length_set)
    .constdata                               0x08004cec   Section       32  rredf.o(.constdata)
    twooverpi                                0x08004cec   Data          32  rredf.o(.constdata)
    .data                                    0x20000000   Section        8  main.o(.data)
    led3_state                               0x20000000   Data           1  main.o(.data)
    theta                                    0x20000004   Data           4  main.o(.data)
    .data                                    0x20000008   Section        8  systick.o(.data)
    delay                                    0x20000008   Data           4  systick.o(.data)
    systick_tick                             0x2000000c   Data           4  systick.o(.data)
    .data                                    0x20000010   Section        9  timer1_algorithm.o(.data)
    timer1_counter                           0x20000010   Data           2  timer1_algorithm.o(.data)
    algorithm_execution_time                 0x20000014   Data           4  timer1_algorithm.o(.data)
    dwt_enabled                              0x20000018   Data           1  timer1_algorithm.o(.data)
    .data                                    0x2000001c   Section        4  svpwm.o(.data)
    s_vbus                                   0x2000001c   Data           4  svpwm.o(.data)
    .data                                    0x20000020   Section        4  system_gd32f30x.o(.data)
    .data                                    0x20000024   Section        5  timer2.o(.data)
    timer2_callback                          0x20000024   Data           4  timer2.o(.data)
    timer2_initialized                       0x20000028   Data           1  timer2.o(.data)
    .data                                    0x2000002c   Section        5  timer1.o(.data)
    timer1_callback                          0x2000002c   Data           4  timer1.o(.data)
    timer1_initialized                       0x20000030   Data           1  timer1.o(.data)
    .data                                    0x20000032   Section        6  pwm.o(.data)
    current_duty                             0x20000032   Data           3  pwm.o(.data)
    pwm_period                               0x20000036   Data           2  pwm.o(.data)
    .data                                    0x20000038   Section       12  adc.o(.data)
    adc_initialized                          0x20000038   Data           1  adc.o(.data)
    dma_complete                             0x20000039   Data           1  adc.o(.data)
    adc_debug_pin_state                      0x2000003a   Data           1  adc.o(.data)
    zero_offset_a                            0x2000003c   Data           4  adc.o(.data)
    zero_offset_b                            0x20000040   Data           4  adc.o(.data)
    .data                                    0x20000044   Section       16  usart1.o(.data)
    rx_head                                  0x20000044   Data           2  usart1.o(.data)
    rx_tail                                  0x20000046   Data           2  usart1.o(.data)
    tx_head                                  0x20000048   Data           2  usart1.o(.data)
    tx_tail                                  0x2000004a   Data           2  usart1.o(.data)
    tx_busy                                  0x2000004c   Data           1  usart1.o(.data)
    loopback_enabled                         0x2000004d   Data           1  usart1.o(.data)
    rx_callback                              0x20000050   Data           4  usart1.o(.data)
    .data                                    0x20000054   Section       16  usart2.o(.data)
    rx_head                                  0x20000054   Data           2  usart2.o(.data)
    rx_tail                                  0x20000056   Data           2  usart2.o(.data)
    tx_head                                  0x20000058   Data           2  usart2.o(.data)
    tx_tail                                  0x2000005a   Data           2  usart2.o(.data)
    tx_busy                                  0x2000005c   Data           1  usart2.o(.data)
    rx_callback                              0x20000060   Data           4  usart2.o(.data)
    .data                                    0x20000064   Section        1  timer3.o(.data)
    timer3_initialized                       0x20000064   Data           1  timer3.o(.data)
    .data                                    0x20000068   Section        4  stdout.o(.data)
    .data                                    0x2000006c   Section        4  errno.o(.data)
    _errno                                   0x2000006c   Data           4  errno.o(.data)
    .bss                                     0x20000070   Section       16  timer1_algorithm.o(.bss)
    algorithm_callbacks                      0x20000070   Data          16  timer1_algorithm.o(.bss)
    .bss                                     0x20000080   Section      132  sensor.o(.bss)
    sensor_data                              0x20000080   Data         132  sensor.o(.bss)
    .bss                                     0x20000104   Section       16  svpwm.o(.bss)
    s_output                                 0x20000104   Data          16  svpwm.o(.bss)
    .bss                                     0x20000114   Section       96  adc.o(.bss)
    adc_buffer                               0x20000114   Data          96  adc.o(.bss)
    .bss                                     0x20000174   Section      256  usart1.o(.bss)
    rx_buffer                                0x20000174   Data         128  usart1.o(.bss)
    tx_buffer                                0x200001f4   Data         128  usart1.o(.bss)
    .bss                                     0x20000274   Section      256  usart2.o(.bss)
    rx_buffer                                0x20000274   Data         128  usart2.o(.bss)
    tx_buffer                                0x200002f4   Data         128  usart2.o(.bss)
    STACK                                    0x20000378   Section     1024  startup_gd32f30x_hd.o(STACK)

    Global Symbols

    Symbol Name                              Value     Ov Type        Size  Object(Section)

    BuildAttributes$$THM_ISAv4$E$P$D$K$B$S$7EM$VFPi3$EXTD16$VFPS$VFMA$PE$A:L22UL41UL21$X:L11$S22US41US21$IEEE1$IW$USESV6$~STKCKD$USESV7$~SHL$OTIME$ROPI$IEEEX$EBA8$MICROLIB$REQ8$PRES8$EABIv2 0x00000000   Number         0  anon$$obj.o ABSOLUTE
    __ARM_use_no_argv                        0x00000000   Number         0  main.o ABSOLUTE
    _printf_a                                0x00000000   Number         0  stubs.o ABSOLUTE
    _printf_c                                0x00000000   Number         0  stubs.o ABSOLUTE
    _printf_charcount                        0x00000000   Number         0  stubs.o ABSOLUTE
    _printf_d                                0x00000000   Number         0  stubs.o ABSOLUTE
    _printf_e                                0x00000000   Number         0  stubs.o ABSOLUTE
    _printf_f                                0x00000000   Number         0  stubs.o ABSOLUTE
    _printf_flags                            0x00000000   Number         0  stubs.o ABSOLUTE
    _printf_fp_dec                           0x00000000   Number         0  stubs.o ABSOLUTE
    _printf_fp_hex                           0x00000000   Number         0  stubs.o ABSOLUTE
    _printf_g                                0x00000000   Number         0  stubs.o ABSOLUTE
    _printf_i                                0x00000000   Number         0  stubs.o ABSOLUTE
    _printf_int_dec                          0x00000000   Number         0  stubs.o ABSOLUTE
    _printf_l                                0x00000000   Number         0  stubs.o ABSOLUTE
    _printf_lc                               0x00000000   Number         0  stubs.o ABSOLUTE
    _printf_ll                               0x00000000   Number         0  stubs.o ABSOLUTE
    _printf_lld                              0x00000000   Number         0  stubs.o ABSOLUTE
    _printf_lli                              0x00000000   Number         0  stubs.o ABSOLUTE
    _printf_llo                              0x00000000   Number         0  stubs.o ABSOLUTE
    _printf_llu                              0x00000000   Number         0  stubs.o ABSOLUTE
    _printf_llx                              0x00000000   Number         0  stubs.o ABSOLUTE
    _printf_longlong_dec                     0x00000000   Number         0  stubs.o ABSOLUTE
    _printf_longlong_hex                     0x00000000   Number         0  stubs.o ABSOLUTE
    _printf_longlong_oct                     0x00000000   Number         0  stubs.o ABSOLUTE
    _printf_ls                               0x00000000   Number         0  stubs.o ABSOLUTE
    _printf_mbtowc                           0x00000000   Number         0  stubs.o ABSOLUTE
    _printf_n                                0x00000000   Number         0  stubs.o ABSOLUTE
    _printf_o                                0x00000000   Number         0  stubs.o ABSOLUTE
    _printf_p                                0x00000000   Number         0  stubs.o ABSOLUTE
    _printf_percent                          0x00000000   Number         0  stubs.o ABSOLUTE
    _printf_pre_padding                      0x00000000   Number         0  stubs.o ABSOLUTE
    _printf_return_value                     0x00000000   Number         0  stubs.o ABSOLUTE
    _printf_s                                0x00000000   Number         0  stubs.o ABSOLUTE
    _printf_sizespec                         0x00000000   Number         0  stubs.o ABSOLUTE
    _printf_str                              0x00000000   Number         0  stubs.o ABSOLUTE
    _printf_truncate_signed                  0x00000000   Number         0  stubs.o ABSOLUTE
    _printf_truncate_unsigned                0x00000000   Number         0  stubs.o ABSOLUTE
    _printf_u                                0x00000000   Number         0  stubs.o ABSOLUTE
    _printf_wc                               0x00000000   Number         0  stubs.o ABSOLUTE
    _printf_wctomb                           0x00000000   Number         0  stubs.o ABSOLUTE
    _printf_widthprec                        0x00000000   Number         0  stubs.o ABSOLUTE
    _printf_x                                0x00000000   Number         0  stubs.o ABSOLUTE
    __cpp_initialize__aeabi_                  - Undefined Weak Reference
    __cxa_finalize                            - Undefined Weak Reference
    __decompress                              - Undefined Weak Reference
    _clock_init                               - Undefined Weak Reference
    _microlib_exit                            - Undefined Weak Reference
    __Vectors_Size                           0x00000130   Number         0  startup_gd32f30x_hd.o ABSOLUTE
    __Vectors                                0x08000000   Data           4  startup_gd32f30x_hd.o(RESET)
    __Vectors_End                            0x08000130   Data           0  startup_gd32f30x_hd.o(RESET)
    __main                                   0x08000131   Thumb Code     0  entry.o(.ARM.Collect$$$$00000000)
    _main_stk                                0x08000131   Thumb Code     0  entry2.o(.ARM.Collect$$$$00000001)
    _main_scatterload                        0x08000135   Thumb Code     0  entry5.o(.ARM.Collect$$$$00000004)
    __main_after_scatterload                 0x08000139   Thumb Code     0  entry5.o(.ARM.Collect$$$$00000004)
    _main_clock                              0x08000139   Thumb Code     0  entry7b.o(.ARM.Collect$$$$00000008)
    _main_cpp_init                           0x08000139   Thumb Code     0  entry8b.o(.ARM.Collect$$$$0000000A)
    _main_init                               0x08000139   Thumb Code     0  entry9a.o(.ARM.Collect$$$$0000000B)
    __rt_final_cpp                           0x08000141   Thumb Code     0  entry10a.o(.ARM.Collect$$$$0000000D)
    __rt_final_exit                          0x08000141   Thumb Code     0  entry11a.o(.ARM.Collect$$$$0000000F)
    Reset_Handler                            0x08000145   Thumb Code     8  startup_gd32f30x_hd.o(.text)
    ADC2_IRQHandler                          0x0800015f   Thumb Code     0  startup_gd32f30x_hd.o(.text)
    CAN0_EWMC_IRQHandler                     0x0800015f   Thumb Code     0  startup_gd32f30x_hd.o(.text)
    CAN0_RX1_IRQHandler                      0x0800015f   Thumb Code     0  startup_gd32f30x_hd.o(.text)
    DMA0_Channel1_IRQHandler                 0x0800015f   Thumb Code     0  startup_gd32f30x_hd.o(.text)
    DMA0_Channel2_IRQHandler                 0x0800015f   Thumb Code     0  startup_gd32f30x_hd.o(.text)
    DMA0_Channel3_IRQHandler                 0x0800015f   Thumb Code     0  startup_gd32f30x_hd.o(.text)
    DMA0_Channel4_IRQHandler                 0x0800015f   Thumb Code     0  startup_gd32f30x_hd.o(.text)
    DMA0_Channel5_IRQHandler                 0x0800015f   Thumb Code     0  startup_gd32f30x_hd.o(.text)
    DMA0_Channel6_IRQHandler                 0x0800015f   Thumb Code     0  startup_gd32f30x_hd.o(.text)
    DMA1_Channel0_IRQHandler                 0x0800015f   Thumb Code     0  startup_gd32f30x_hd.o(.text)
    DMA1_Channel1_IRQHandler                 0x0800015f   Thumb Code     0  startup_gd32f30x_hd.o(.text)
    DMA1_Channel2_IRQHandler                 0x0800015f   Thumb Code     0  startup_gd32f30x_hd.o(.text)
    DMA1_Channel3_4_IRQHandler               0x0800015f   Thumb Code     0  startup_gd32f30x_hd.o(.text)
    EXMC_IRQHandler                          0x0800015f   Thumb Code     0  startup_gd32f30x_hd.o(.text)
    EXTI0_IRQHandler                         0x0800015f   Thumb Code     0  startup_gd32f30x_hd.o(.text)
    EXTI10_15_IRQHandler                     0x0800015f   Thumb Code     0  startup_gd32f30x_hd.o(.text)
    EXTI1_IRQHandler                         0x0800015f   Thumb Code     0  startup_gd32f30x_hd.o(.text)
    EXTI2_IRQHandler                         0x0800015f   Thumb Code     0  startup_gd32f30x_hd.o(.text)
    EXTI3_IRQHandler                         0x0800015f   Thumb Code     0  startup_gd32f30x_hd.o(.text)
    EXTI4_IRQHandler                         0x0800015f   Thumb Code     0  startup_gd32f30x_hd.o(.text)
    EXTI5_9_IRQHandler                       0x0800015f   Thumb Code     0  startup_gd32f30x_hd.o(.text)
    FMC_IRQHandler                           0x0800015f   Thumb Code     0  startup_gd32f30x_hd.o(.text)
    I2C0_ER_IRQHandler                       0x0800015f   Thumb Code     0  startup_gd32f30x_hd.o(.text)
    I2C0_EV_IRQHandler                       0x0800015f   Thumb Code     0  startup_gd32f30x_hd.o(.text)
    I2C1_ER_IRQHandler                       0x0800015f   Thumb Code     0  startup_gd32f30x_hd.o(.text)
    I2C1_EV_IRQHandler                       0x0800015f   Thumb Code     0  startup_gd32f30x_hd.o(.text)
    LVD_IRQHandler                           0x0800015f   Thumb Code     0  startup_gd32f30x_hd.o(.text)
    RCU_CTC_IRQHandler                       0x0800015f   Thumb Code     0  startup_gd32f30x_hd.o(.text)
    RTC_Alarm_IRQHandler                     0x0800015f   Thumb Code     0  startup_gd32f30x_hd.o(.text)
    RTC_IRQHandler                           0x0800015f   Thumb Code     0  startup_gd32f30x_hd.o(.text)
    SDIO_IRQHandler                          0x0800015f   Thumb Code     0  startup_gd32f30x_hd.o(.text)
    SPI0_IRQHandler                          0x0800015f   Thumb Code     0  startup_gd32f30x_hd.o(.text)
    SPI1_IRQHandler                          0x0800015f   Thumb Code     0  startup_gd32f30x_hd.o(.text)
    SPI2_IRQHandler                          0x0800015f   Thumb Code     0  startup_gd32f30x_hd.o(.text)
    TAMPER_IRQHandler                        0x0800015f   Thumb Code     0  startup_gd32f30x_hd.o(.text)
    TIMER0_BRK_IRQHandler                    0x0800015f   Thumb Code     0  startup_gd32f30x_hd.o(.text)
    TIMER0_Channel_IRQHandler                0x0800015f   Thumb Code     0  startup_gd32f30x_hd.o(.text)
    TIMER0_TRG_CMT_IRQHandler                0x0800015f   Thumb Code     0  startup_gd32f30x_hd.o(.text)
    TIMER0_UP_IRQHandler                     0x0800015f   Thumb Code     0  startup_gd32f30x_hd.o(.text)
    TIMER2_IRQHandler                        0x0800015f   Thumb Code     0  startup_gd32f30x_hd.o(.text)
    TIMER3_IRQHandler                        0x0800015f   Thumb Code     0  startup_gd32f30x_hd.o(.text)
    TIMER4_IRQHandler                        0x0800015f   Thumb Code     0  startup_gd32f30x_hd.o(.text)
    TIMER5_IRQHandler                        0x0800015f   Thumb Code     0  startup_gd32f30x_hd.o(.text)
    TIMER6_IRQHandler                        0x0800015f   Thumb Code     0  startup_gd32f30x_hd.o(.text)
    TIMER7_BRK_IRQHandler                    0x0800015f   Thumb Code     0  startup_gd32f30x_hd.o(.text)
    TIMER7_Channel_IRQHandler                0x0800015f   Thumb Code     0  startup_gd32f30x_hd.o(.text)
    TIMER7_TRG_CMT_IRQHandler                0x0800015f   Thumb Code     0  startup_gd32f30x_hd.o(.text)
    TIMER7_UP_IRQHandler                     0x0800015f   Thumb Code     0  startup_gd32f30x_hd.o(.text)
    UART3_IRQHandler                         0x0800015f   Thumb Code     0  startup_gd32f30x_hd.o(.text)
    UART4_IRQHandler                         0x0800015f   Thumb Code     0  startup_gd32f30x_hd.o(.text)
    USART0_IRQHandler                        0x0800015f   Thumb Code     0  startup_gd32f30x_hd.o(.text)
    USBD_HP_CAN0_TX_IRQHandler               0x0800015f   Thumb Code     0  startup_gd32f30x_hd.o(.text)
    USBD_LP_CAN0_RX0_IRQHandler              0x0800015f   Thumb Code     0  startup_gd32f30x_hd.o(.text)
    USBD_WKUP_IRQHandler                     0x0800015f   Thumb Code     0  startup_gd32f30x_hd.o(.text)
    WWDGT_IRQHandler                         0x0800015f   Thumb Code     0  startup_gd32f30x_hd.o(.text)
    __aeabi_memset                           0x08000169   Thumb Code    14  memseta.o(.text)
    __aeabi_memset4                          0x08000169   Thumb Code     0  memseta.o(.text)
    __aeabi_memset8                          0x08000169   Thumb Code     0  memseta.o(.text)
    __aeabi_memclr                           0x08000177   Thumb Code     4  memseta.o(.text)
    __aeabi_memclr4                          0x08000177   Thumb Code     0  memseta.o(.text)
    __aeabi_memclr8                          0x08000177   Thumb Code     0  memseta.o(.text)
    _memset$wrapper                          0x0800017b   Thumb Code    18  memseta.o(.text)
    __aeabi_f2d                              0x0800018d   Thumb Code    38  f2d.o(.text)
    __aeabi_uidiv                            0x080001b3   Thumb Code     0  uidiv.o(.text)
    __aeabi_uidivmod                         0x080001b3   Thumb Code    44  uidiv.o(.text)
    __aeabi_uldivmod                         0x080001df   Thumb Code    98  uldiv.o(.text)
    __I$use$fp                               0x08000241   Thumb Code     0  iusefp.o(.text)
    __aeabi_dadd                             0x08000241   Thumb Code   322  dadd.o(.text)
    __aeabi_dsub                             0x08000383   Thumb Code     6  dadd.o(.text)
    __aeabi_drsub                            0x08000389   Thumb Code     6  dadd.o(.text)
    __aeabi_dmul                             0x0800038f   Thumb Code   228  dmul.o(.text)
    __aeabi_ddiv                             0x08000473   Thumb Code   222  ddiv.o(.text)
    __aeabi_d2ulz                            0x08000551   Thumb Code    48  dfixul.o(.text)
    __aeabi_cdrcmple                         0x08000581   Thumb Code    48  cdrcmple.o(.text)
    __scatterload                            0x080005b1   Thumb Code    28  init.o(.text)
    __scatterload_rt2                        0x080005b1   Thumb Code     0  init.o(.text)
    __aeabi_llsl                             0x080005d5   Thumb Code    30  llshl.o(.text)
    _ll_shift_l                              0x080005d5   Thumb Code     0  llshl.o(.text)
    __aeabi_llsr                             0x080005f3   Thumb Code    32  llushr.o(.text)
    _ll_ushift_r                             0x080005f3   Thumb Code     0  llushr.o(.text)
    __aeabi_lasr                             0x08000613   Thumb Code    36  llsshr.o(.text)
    _ll_sshift_r                             0x08000613   Thumb Code     0  llsshr.o(.text)
    _double_round                            0x08000637   Thumb Code    30  depilogue.o(.text)
    _double_epilogue                         0x08000655   Thumb Code   156  depilogue.o(.text)
    ADC0_1_IRQHandler                        0x080006f1   Thumb Code     8  gd32f30x_it.o(i.ADC0_1_IRQHandler)
    ADC_DMA_IRQHandler_Internal              0x08000849   Thumb Code    58  adc.o(i.ADC_DMA_IRQHandler_Internal)
    ADC_GetAverageSample                     0x080008c5   Thumb Code   330  adc.o(i.ADC_GetAverageSample)
    ADC_IRQHandler_Internal                  0x08000a25   Thumb Code    22  adc.o(i.ADC_IRQHandler_Internal)
    ADC_Init                                 0x08000a41   Thumb Code   124  adc.o(i.ADC_Init)
    ADC_RawToVoltage                         0x08000ad9   Thumb Code    26  adc.o(i.ADC_RawToVoltage)
    ADC_Start                                0x08000afd   Thumb Code   134  adc.o(i.ADC_Start)
    ADC_VoltageToCurrent                     0x08000b9d   Thumb Code    22  adc.o(i.ADC_VoltageToCurrent)
    AS5600_Init                              0x08000bc5   Thumb Code     8  as5600.o(i.AS5600_Init)
    AS5600_ReadAngle                         0x08000bcd   Thumb Code    14  as5600.o(i.AS5600_ReadAngle)
    BusFault_Handler                         0x08000c0b   Thumb Code     4  gd32f30x_it.o(i.BusFault_Handler)
    DMA0_Channel0_IRQHandler                 0x08000c0f   Thumb Code     8  gd32f30x_it.o(i.DMA0_Channel0_IRQHandler)
    DebugMon_Handler                         0x08000c17   Thumb Code     2  gd32f30x_it.o(i.DebugMon_Handler)
    FOC_OpenLoopInit                         0x08000c19   Thumb Code     2  foc_control.o(i.FOC_OpenLoopInit)
    FOC_OpenLoopUpdate                       0x08000c1b   Thumb Code   102  foc_control.o(i.FOC_OpenLoopUpdate)
    HardFault_Handler                        0x08000c81   Thumb Code     4  gd32f30x_it.o(i.HardFault_Handler)
    I2C0_Init                                0x08000ced   Thumb Code    12  i2c0.o(i.I2C0_Init)
    I2C0_ReadBytes                           0x08000cf9   Thumb Code   220  i2c0.o(i.I2C0_ReadBytes)
    I2C0_Unlock                              0x08000e55   Thumb Code    90  i2c0.o(i.I2C0_Unlock)
    Kalman_Init                              0x08000eed   Thumb Code    42  sensor.o(i.Kalman_Init)
    Kalman_Update                            0x08000f21   Thumb Code   152  sensor.o(i.Kalman_Update)
    LED_Init                                 0x08000fe9   Thumb Code    64  led.o(i.LED_Init)
    Math_InverseClarkeTransform              0x0800102d   Thumb Code    74  math_transforms.o(i.Math_InverseClarkeTransform)
    Math_InverseParkTransform                0x0800107d   Thumb Code    50  math_transforms.o(i.Math_InverseParkTransform)
    MemManage_Handler                        0x080010af   Thumb Code     4  gd32f30x_it.o(i.MemManage_Handler)
    NMI_Handler                              0x080011b9   Thumb Code     2  gd32f30x_it.o(i.NMI_Handler)
    PWM_EnableComplementaryOutputs           0x080011fd   Thumb Code    12  pwm.o(i.PWM_EnableComplementaryOutputs)
    PWM_Init                                 0x080012a5   Thumb Code   126  pwm.o(i.PWM_Init)
    PWM_SetDeadTime                          0x0800132d   Thumb Code    62  pwm.o(i.PWM_SetDeadTime)
    PWM_SetDutyCycle                         0x08001371   Thumb Code    74  pwm.o(i.PWM_SetDutyCycle)
    PWM_Start                                0x080013c9   Thumb Code    10  pwm.o(i.PWM_Start)
    PendSV_Handler                           0x080014b9   Thumb Code     2  gd32f30x_it.o(i.PendSV_Handler)
    Reset_LED                                0x080014bd   Thumb Code    54  led.o(i.Reset_LED)
    SVC_Handler                              0x080014f9   Thumb Code     2  gd32f30x_it.o(i.SVC_Handler)
    SVPWM_GetOutput                          0x080015bd   Thumb Code     4  svpwm.o(i.SVPWM_GetOutput)
    SVPWM_Init                               0x080015c5   Thumb Code    48  svpwm.o(i.SVPWM_Init)
    SVPWM_SetBusVoltage                      0x080015f9   Thumb Code    36  svpwm.o(i.SVPWM_SetBusVoltage)
    SVPWM_Update                             0x08001625   Thumb Code   854  svpwm.o(i.SVPWM_Update)
    Sensor_GetData                           0x08001999   Thumb Code     4  sensor.o(i.Sensor_GetData)
    Sensor_Init                              0x080019a1   Thumb Code   102  sensor.o(i.Sensor_Init)
    Sensor_ReadAll                           0x08001a7d   Thumb Code    12  sensor.o(i.Sensor_ReadAll)
    Sensor_SetZeroOffset                     0x08001ad5   Thumb Code   168  sensor.o(i.Sensor_SetZeroOffset)
    Set_LED                                  0x08001b8d   Thumb Code    54  led.o(i.Set_LED)
    SysTick_Handler                          0x08001bc9   Thumb Code     8  gd32f30x_it.o(i.SysTick_Handler)
    SystemInit                               0x08001bd1   Thumb Code   316  system_gd32f30x.o(i.SystemInit)
    TIMER1_IRQHandler                        0x08001d19   Thumb Code     8  gd32f30x_it.o(i.TIMER1_IRQHandler)
    Timer1_Algorithm_Handler                 0x08001d21   Thumb Code   158  timer1_algorithm.o(i.Timer1_Algorithm_Handler)
    Timer1_Algorithm_Init                    0x08001dd5   Thumb Code    20  timer1_algorithm.o(i.Timer1_Algorithm_Init)
    Timer1_Algorithm_Start                   0x08001ded   Thumb Code     8  timer1_algorithm.o(i.Timer1_Algorithm_Start)
    Timer1_EnableDWT                         0x08001df5   Thumb Code    40  timer1_algorithm.o(i.Timer1_EnableDWT)
    Timer1_IRQHandler_Internal               0x08001e25   Thumb Code    34  timer1.o(i.Timer1_IRQHandler_Internal)
    Timer1_Init                              0x08001e4d   Thumb Code    84  timer1.o(i.Timer1_Init)
    Timer1_SetAlgorithmCallback              0x08001ea5   Thumb Code    12  timer1_algorithm.o(i.Timer1_SetAlgorithmCallback)
    Timer1_SetCallback                       0x08001eb5   Thumb Code     6  timer1.o(i.Timer1_SetCallback)
    Timer1_Start                             0x08001ec1   Thumb Code    18  timer1.o(i.Timer1_Start)
    Timer2_Init                              0x08001ed9   Thumb Code    78  timer2.o(i.Timer2_Init)
    Timer2_Start                             0x08001f31   Thumb Code    16  timer2.o(i.Timer2_Start)
    Timer3_Init                              0x08001f49   Thumb Code   160  timer3.o(i.Timer3_Init)
    Timer3_Start                             0x08001ff1   Thumb Code    16  timer3.o(i.Timer3_Start)
    UART_Debug_OutputOscilloscope            0x08002009   Thumb Code   122  uart_debug.o(i.UART_Debug_OutputOscilloscope)
    USART1_ClearBuffers                      0x080020cd   Thumb Code    50  usart1.o(i.USART1_ClearBuffers)
    USART1_IRQHandler                        0x08002251   Thumb Code     8  gd32f30x_it.o(i.USART1_IRQHandler)
    USART1_IRQHandler_Internal               0x08002259   Thumb Code     8  usart1.o(i.USART1_IRQHandler_Internal)
    USART1_Init                              0x08002261   Thumb Code   150  usart1.o(i.USART1_Init)
    USART1_LoopbackEnable                    0x08002301   Thumb Code     8  usart1.o(i.USART1_LoopbackEnable)
    USART1_SendByte                          0x0800230d   Thumb Code    92  usart1.o(i.USART1_SendByte)
    USART1_SendString                        0x0800237d   Thumb Code    42  usart1.o(i.USART1_SendString)
    USART2_IRQHandler                        0x080024b1   Thumb Code     8  usart2.o(i.USART2_IRQHandler)
    UsageFault_Handler                       0x080024b9   Thumb Code     4  gd32f30x_it.o(i.UsageFault_Handler)
    __0printf                                0x080024bd   Thumb Code    22  printfa.o(i.__0printf)
    __1printf                                0x080024bd   Thumb Code     0  printfa.o(i.__0printf)
    __2printf                                0x080024bd   Thumb Code     0  printfa.o(i.__0printf)
    __c89printf                              0x080024bd   Thumb Code     0  printfa.o(i.__0printf)
    printf                                   0x080024bd   Thumb Code     0  printfa.o(i.__0printf)
    __ARM_fpclassifyf                        0x080024dd   Thumb Code    38  fpclassifyf.o(i.__ARM_fpclassifyf)
    __hardfp_atan2f                          0x08002505   Thumb Code   502  atan2f.o(i.__hardfp_atan2f)
    __hardfp_cosf                            0x08002755   Thumb Code   280  cosf.o(i.__hardfp_cosf)
    __hardfp_sinf                            0x080028a5   Thumb Code   344  sinf.o(i.__hardfp_sinf)
    __hardfp_sqrtf                           0x08002a35   Thumb Code    58  sqrtf.o(i.__hardfp_sqrtf)
    __mathlib_flt_infnan                     0x08002a6f   Thumb Code     6  funder.o(i.__mathlib_flt_infnan)
    __mathlib_flt_infnan2                    0x08002a75   Thumb Code     6  funder.o(i.__mathlib_flt_infnan2)
    __mathlib_flt_invalid                    0x08002a7d   Thumb Code    10  funder.o(i.__mathlib_flt_invalid)
    __mathlib_flt_underflow                  0x08002a8d   Thumb Code    10  funder.o(i.__mathlib_flt_underflow)
    __mathlib_rredf2                         0x08002a9d   Thumb Code   316  rredf.o(i.__mathlib_rredf2)
    __scatterload_copy                       0x08002bf1   Thumb Code    14  handlers.o(i.__scatterload_copy)
    __scatterload_null                       0x08002bff   Thumb Code     2  handlers.o(i.__scatterload_null)
    __scatterload_zeroinit                   0x08002c01   Thumb Code    14  handlers.o(i.__scatterload_zeroinit)
    __set_errno                              0x08002c11   Thumb Code     6  errno.o(i.__set_errno)
    adc_calibration_enable                   0x080034eb   Thumb Code    42  gd32f30x_adc.o(i.adc_calibration_enable)
    adc_channel_length_config                0x08003515   Thumb Code    70  gd32f30x_adc.o(i.adc_channel_length_config)
    adc_data_alignment_config                0x0800355b   Thumb Code    22  gd32f30x_adc.o(i.adc_data_alignment_config)
    adc_deinit                               0x08003571   Thumb Code    84  gd32f30x_adc.o(i.adc_deinit)
    adc_dma_mode_enable                      0x080035c9   Thumb Code    10  gd32f30x_adc.o(i.adc_dma_mode_enable)
    adc_enable                               0x080035d3   Thumb Code    18  gd32f30x_adc.o(i.adc_enable)
    adc_external_trigger_config              0x080035e5   Thumb Code    62  gd32f30x_adc.o(i.adc_external_trigger_config)
    adc_external_trigger_source_config       0x08003623   Thumb Code    48  gd32f30x_adc.o(i.adc_external_trigger_source_config)
    adc_flag_clear                           0x08003653   Thumb Code     6  gd32f30x_adc.o(i.adc_flag_clear)
    adc_interrupt_enable                     0x08003659   Thumb Code    44  gd32f30x_adc.o(i.adc_interrupt_enable)
    adc_interrupt_flag_clear                 0x08003685   Thumb Code     6  gd32f30x_adc.o(i.adc_interrupt_flag_clear)
    adc_interrupt_flag_get                   0x0800368b   Thumb Code    88  gd32f30x_adc.o(i.adc_interrupt_flag_get)
    adc_mode_config                          0x080036e5   Thumb Code    22  gd32f30x_adc.o(i.adc_mode_config)
    adc_resolution_config                    0x08003701   Thumb Code    20  gd32f30x_adc.o(i.adc_resolution_config)
    adc_routine_channel_config               0x08003715   Thumb Code   172  gd32f30x_adc.o(i.adc_routine_channel_config)
    adc_special_function_config              0x080037c1   Thumb Code    90  gd32f30x_adc.o(i.adc_special_function_config)
    delay_1ms                                0x0800381d   Thumb Code    16  systick.o(i.delay_1ms)
    delay_decrement                          0x08003831   Thumb Code    28  systick.o(i.delay_decrement)
    dma_channel_disable                      0x08003855   Thumb Code    50  gd32f30x_dma.o(i.dma_channel_disable)
    dma_channel_enable                       0x08003887   Thumb Code    50  gd32f30x_dma.o(i.dma_channel_enable)
    dma_circulation_enable                   0x080038b9   Thumb Code    50  gd32f30x_dma.o(i.dma_circulation_enable)
    dma_deinit                               0x080038eb   Thumb Code   112  gd32f30x_dma.o(i.dma_deinit)
    dma_flag_clear                           0x0800395b   Thumb Code    16  gd32f30x_dma.o(i.dma_flag_clear)
    dma_init                                 0x0800396b   Thumb Code   302  gd32f30x_dma.o(i.dma_init)
    dma_interrupt_enable                     0x08003a99   Thumb Code    50  gd32f30x_dma.o(i.dma_interrupt_enable)
    dma_interrupt_flag_clear                 0x08003acb   Thumb Code    16  gd32f30x_dma.o(i.dma_interrupt_flag_clear)
    dma_interrupt_flag_get                   0x08003adb   Thumb Code   132  gd32f30x_dma.o(i.dma_interrupt_flag_get)
    dma_memory_address_config                0x08003b5f   Thumb Code    36  gd32f30x_dma.o(i.dma_memory_address_config)
    dma_periph_address_config                0x08003b83   Thumb Code    36  gd32f30x_dma.o(i.dma_periph_address_config)
    dma_struct_para_init                     0x08003bc1   Thumb Code    28  gd32f30x_dma.o(i.dma_struct_para_init)
    dma_transfer_number_config               0x08003bdd   Thumb Code    38  gd32f30x_dma.o(i.dma_transfer_number_config)
    dma_transfer_number_get                  0x08003c03   Thumb Code    34  gd32f30x_dma.o(i.dma_transfer_number_get)
    fputc                                    0x08003c25   Thumb Code    16  uart_debug.o(i.fputc)
    gpio_bit_reset                           0x08003c35   Thumb Code     4  gd32f30x_gpio.o(i.gpio_bit_reset)
    gpio_bit_set                             0x08003c39   Thumb Code     4  gd32f30x_gpio.o(i.gpio_bit_set)
    gpio_bit_write                           0x08003c3d   Thumb Code    10  gd32f30x_gpio.o(i.gpio_bit_write)
    gpio_init                                0x08003c47   Thumb Code   188  gd32f30x_gpio.o(i.gpio_init)
    i2c_ack_config                           0x08003d03   Thumb Code    16  gd32f30x_i2c.o(i.i2c_ack_config)
    i2c_clock_config                         0x08003d15   Thumb Code   306  gd32f30x_i2c.o(i.i2c_clock_config)
    i2c_data_receive                         0x08003e55   Thumb Code     8  gd32f30x_i2c.o(i.i2c_data_receive)
    i2c_data_transmit                        0x08003e5d   Thumb Code     6  gd32f30x_i2c.o(i.i2c_data_transmit)
    i2c_enable                               0x08003e63   Thumb Code    10  gd32f30x_i2c.o(i.i2c_enable)
    i2c_flag_clear                           0x08003e6d   Thumb Code    40  gd32f30x_i2c.o(i.i2c_flag_clear)
    i2c_flag_get                             0x08003e95   Thumb Code    30  gd32f30x_i2c.o(i.i2c_flag_get)
    i2c_master_addressing                    0x08003eb3   Thumb Code    20  gd32f30x_i2c.o(i.i2c_master_addressing)
    i2c_mode_addr_config                     0x08003ec7   Thumb Code    28  gd32f30x_i2c.o(i.i2c_mode_addr_config)
    i2c_start_on_bus                         0x08003ee3   Thumb Code    10  gd32f30x_i2c.o(i.i2c_start_on_bus)
    i2c_stop_on_bus                          0x08003eed   Thumb Code    10  gd32f30x_i2c.o(i.i2c_stop_on_bus)
    main                                     0x08003ef9   Thumb Code   162  main.o(i.main)
    nvic_irq_enable                          0x08004149   Thumb Code   254  gd32f30x_misc.o(i.nvic_irq_enable)
    nvic_priority_group_set                  0x08004251   Thumb Code    10  gd32f30x_misc.o(i.nvic_priority_group_set)
    rcu_clock_freq_get                       0x08004265   Thumb Code   310  gd32f30x_rcu.o(i.rcu_clock_freq_get)
    rcu_periph_clock_enable                  0x080043bd   Thumb Code    28  gd32f30x_rcu.o(i.rcu_periph_clock_enable)
    rcu_periph_reset_disable                 0x080043dd   Thumb Code    28  gd32f30x_rcu.o(i.rcu_periph_reset_disable)
    rcu_periph_reset_enable                  0x080043fd   Thumb Code    28  gd32f30x_rcu.o(i.rcu_periph_reset_enable)
    systick_config                           0x08004541   Thumb Code    74  systick.o(i.systick_config)
    systick_get_tick                         0x08004591   Thumb Code     6  systick.o(i.systick_get_tick)
    timer_auto_reload_shadow_enable          0x0800459d   Thumb Code    10  gd32f30x_timer.o(i.timer_auto_reload_shadow_enable)
    timer_break_config                       0x080045a7   Thumb Code    30  gd32f30x_timer.o(i.timer_break_config)
    timer_break_struct_para_init             0x080045c5   Thumb Code    18  gd32f30x_timer.o(i.timer_break_struct_para_init)
    timer_channel_output_config              0x080045d9   Thumb Code   484  gd32f30x_timer.o(i.timer_channel_output_config)
    timer_channel_output_mode_config         0x080047c5   Thumb Code    90  gd32f30x_timer.o(i.timer_channel_output_mode_config)
    timer_channel_output_pulse_value_config  0x0800481f   Thumb Code    38  gd32f30x_timer.o(i.timer_channel_output_pulse_value_config)
    timer_channel_output_shadow_config       0x08004845   Thumb Code    90  gd32f30x_timer.o(i.timer_channel_output_shadow_config)
    timer_deinit                             0x080048a1   Thumb Code   210  gd32f30x_timer.o(i.timer_deinit)
    timer_enable                             0x0800497d   Thumb Code    10  gd32f30x_timer.o(i.timer_enable)
    timer_init                               0x08004989   Thumb Code   122  gd32f30x_timer.o(i.timer_init)
    timer_input_trigger_source_select        0x08004a21   Thumb Code    16  gd32f30x_timer.o(i.timer_input_trigger_source_select)
    timer_interrupt_enable                   0x08004a31   Thumb Code     8  gd32f30x_timer.o(i.timer_interrupt_enable)
    timer_interrupt_flag_clear               0x08004a39   Thumb Code     6  gd32f30x_timer.o(i.timer_interrupt_flag_clear)
    timer_interrupt_flag_get                 0x08004a3f   Thumb Code    28  gd32f30x_timer.o(i.timer_interrupt_flag_get)
    timer_master_output_trigger_source_select 0x08004a5b   Thumb Code    16  gd32f30x_timer.o(i.timer_master_output_trigger_source_select)
    timer_master_slave_mode_config           0x08004a6b   Thumb Code    26  gd32f30x_timer.o(i.timer_master_slave_mode_config)
    timer_primary_output_config              0x08004a85   Thumb Code    24  gd32f30x_timer.o(i.timer_primary_output_config)
    timer_slave_mode_select                  0x08004a9d   Thumb Code    16  gd32f30x_timer.o(i.timer_slave_mode_select)
    usart_baudrate_set                       0x08004aad   Thumb Code   136  gd32f30x_usart.o(i.usart_baudrate_set)
    usart_data_receive                       0x08004b3d   Thumb Code    10  gd32f30x_usart.o(i.usart_data_receive)
    usart_data_transmit                      0x08004b47   Thumb Code     8  gd32f30x_usart.o(i.usart_data_transmit)
    usart_deinit                             0x08004b51   Thumb Code   136  gd32f30x_usart.o(i.usart_deinit)
    usart_enable                             0x08004be1   Thumb Code    10  gd32f30x_usart.o(i.usart_enable)
    usart_hardware_flow_cts_config           0x08004beb   Thumb Code    20  gd32f30x_usart.o(i.usart_hardware_flow_cts_config)
    usart_hardware_flow_rts_config           0x08004bff   Thumb Code    20  gd32f30x_usart.o(i.usart_hardware_flow_rts_config)
    usart_interrupt_disable                  0x08004c13   Thumb Code    26  gd32f30x_usart.o(i.usart_interrupt_disable)
    usart_interrupt_enable                   0x08004c2d   Thumb Code    26  gd32f30x_usart.o(i.usart_interrupt_enable)
    usart_interrupt_flag_clear               0x08004c47   Thumb Code    18  gd32f30x_usart.o(i.usart_interrupt_flag_clear)
    usart_interrupt_flag_get                 0x08004c59   Thumb Code    58  gd32f30x_usart.o(i.usart_interrupt_flag_get)
    usart_parity_config                      0x08004c93   Thumb Code    16  gd32f30x_usart.o(i.usart_parity_config)
    usart_receive_config                     0x08004ca3   Thumb Code    20  gd32f30x_usart.o(i.usart_receive_config)
    usart_stop_bit_set                       0x08004cb7   Thumb Code    16  gd32f30x_usart.o(i.usart_stop_bit_set)
    usart_transmit_config                    0x08004cc7   Thumb Code    20  gd32f30x_usart.o(i.usart_transmit_config)
    usart_word_length_set                    0x08004cdb   Thumb Code    16  gd32f30x_usart.o(i.usart_word_length_set)
    Region$$Table$$Base                      0x08004d0c   Number         0  anon$$obj.o(Region$$Table)
    Region$$Table$$Limit                     0x08004d2c   Number         0  anon$$obj.o(Region$$Table)
    SystemCoreClock                          0x20000020   Data           4  system_gd32f30x.o(.data)
    __stdout                                 0x20000068   Data           4  stdout.o(.data)
    __initial_sp                             0x20000778   Data           0  startup_gd32f30x_hd.o(STACK)



==============================================================================

Memory Map of the image

  Image Entry point : 0x08000131

  Load Region LR_IROM1 (Base: 0x08000000, Size: 0x00004d9c, Max: 0x00040000, ABSOLUTE)

    Execution Region ER_IROM1 (Exec base: 0x08000000, Load base: 0x08000000, Size: 0x00004d2c, Max: 0x00040000, ABSOLUTE)

    Exec Addr    Load Addr    Size         Type   Attr      Idx    E Section Name        Object

    0x08000000   0x08000000   0x00000130   Data   RO         4645    RESET               startup_gd32f30x_hd.o
    0x08000130   0x08000130   0x00000000   Code   RO         5516  * .ARM.Collect$$$$00000000  mc_w.l(entry.o)
    0x08000130   0x08000130   0x00000004   Code   RO         5803    .ARM.Collect$$$$00000001  mc_w.l(entry2.o)
    0x08000134   0x08000134   0x00000004   Code   RO         5806    .ARM.Collect$$$$00000004  mc_w.l(entry5.o)
    0x08000138   0x08000138   0x00000000   Code   RO         5808    .ARM.Collect$$$$00000008  mc_w.l(entry7b.o)
    0x08000138   0x08000138   0x00000000   Code   RO         5810    .ARM.Collect$$$$0000000A  mc_w.l(entry8b.o)
    0x08000138   0x08000138   0x00000008   Code   RO         5811    .ARM.Collect$$$$0000000B  mc_w.l(entry9a.o)
    0x08000140   0x08000140   0x00000000   Code   RO         5813    .ARM.Collect$$$$0000000D  mc_w.l(entry10a.o)
    0x08000140   0x08000140   0x00000000   Code   RO         5815    .ARM.Collect$$$$0000000F  mc_w.l(entry11a.o)
    0x08000140   0x08000140   0x00000004   Code   RO         5804    .ARM.Collect$$$$00002712  mc_w.l(entry2.o)
    0x08000144   0x08000144   0x00000024   Code   RO         4646    .text               startup_gd32f30x_hd.o
    0x08000168   0x08000168   0x00000024   Code   RO         5519    .text               mc_w.l(memseta.o)
    0x0800018c   0x0800018c   0x00000026   Code   RO         5782    .text               mf_w.l(f2d.o)
    0x080001b2   0x080001b2   0x0000002c   Code   RO         5818    .text               mc_w.l(uidiv.o)
    0x080001de   0x080001de   0x00000062   Code   RO         5820    .text               mc_w.l(uldiv.o)
    0x08000240   0x08000240   0x00000000   Code   RO         5829    .text               mc_w.l(iusefp.o)
    0x08000240   0x08000240   0x0000014e   Code   RO         5830    .text               mf_w.l(dadd.o)
    0x0800038e   0x0800038e   0x000000e4   Code   RO         5832    .text               mf_w.l(dmul.o)
    0x08000472   0x08000472   0x000000de   Code   RO         5834    .text               mf_w.l(ddiv.o)
    0x08000550   0x08000550   0x00000030   Code   RO         5836    .text               mf_w.l(dfixul.o)
    0x08000580   0x08000580   0x00000030   Code   RO         5838    .text               mf_w.l(cdrcmple.o)
    0x080005b0   0x080005b0   0x00000024   Code   RO         5840    .text               mc_w.l(init.o)
    0x080005d4   0x080005d4   0x0000001e   Code   RO         5842    .text               mc_w.l(llshl.o)
    0x080005f2   0x080005f2   0x00000020   Code   RO         5844    .text               mc_w.l(llushr.o)
    0x08000612   0x08000612   0x00000024   Code   RO         5846    .text               mc_w.l(llsshr.o)
    0x08000636   0x08000636   0x000000ba   Code   RO         5848    .text               mf_w.l(depilogue.o)
    0x080006f0   0x080006f0   0x00000008   Code   RO            3    i.ADC0_1_IRQHandler  gd32f30x_it.o
    0x080006f8   0x080006f8   0x000000d4   Code   RO         4972    i.ADC_Config        adc.o
    0x080007cc   0x080007cc   0x0000007c   Code   RO         4973    i.ADC_DMA_Config    adc.o
    0x08000848   0x08000848   0x0000004c   Code   RO         4974    i.ADC_DMA_IRQHandler_Internal  adc.o
    0x08000894   0x08000894   0x00000030   Code   RO         4976    i.ADC_GPIO_Config   adc.o
    0x080008c4   0x080008c4   0x00000160   Code   RO         4979    i.ADC_GetAverageSample  adc.o
    0x08000a24   0x08000a24   0x0000001c   Code   RO         4983    i.ADC_IRQHandler_Internal  adc.o
    0x08000a40   0x08000a40   0x00000098   Code   RO         4984    i.ADC_Init          adc.o
    0x08000ad8   0x08000ad8   0x00000024   Code   RO         4986    i.ADC_RawToVoltage  adc.o
    0x08000afc   0x08000afc   0x000000a0   Code   RO         4988    i.ADC_Start         adc.o
    0x08000b9c   0x08000b9c   0x00000020   Code   RO         4990    i.ADC_VoltageToCurrent  adc.o
    0x08000bbc   0x08000bbc   0x00000008   Code   RO         4868    i.AS5600_CombineBytes  as5600.o
    0x08000bc4   0x08000bc4   0x00000008   Code   RO         4870    i.AS5600_Init       as5600.o
    0x08000bcc   0x08000bcc   0x0000000e   Code   RO         4874    i.AS5600_ReadAngle  as5600.o
    0x08000bda   0x08000bda   0x00000030   Code   RO         4877    i.AS5600_ReadRegister16  as5600.o
    0x08000c0a   0x08000c0a   0x00000004   Code   RO            4    i.BusFault_Handler  gd32f30x_it.o
    0x08000c0e   0x08000c0e   0x00000008   Code   RO            5    i.DMA0_Channel0_IRQHandler  gd32f30x_it.o
    0x08000c16   0x08000c16   0x00000002   Code   RO            6    i.DebugMon_Handler  gd32f30x_it.o
    0x08000c18   0x08000c18   0x00000002   Code   RO          568    i.FOC_OpenLoopInit  foc_control.o
    0x08000c1a   0x08000c1a   0x00000066   Code   RO          569    i.FOC_OpenLoopUpdate  foc_control.o
    0x08000c80   0x08000c80   0x00000004   Code   RO            7    i.HardFault_Handler  gd32f30x_it.o
    0x08000c84   0x08000c84   0x00000040   Code   RO         5103    i.I2C0_Config       i2c0.o
    0x08000cc4   0x08000cc4   0x00000028   Code   RO         5104    i.I2C0_GPIO_Config  i2c0.o
    0x08000cec   0x08000cec   0x0000000c   Code   RO         5105    i.I2C0_Init         i2c0.o
    0x08000cf8   0x08000cf8   0x000000e0   Code   RO         5107    i.I2C0_ReadBytes    i2c0.o
    0x08000dd8   0x08000dd8   0x00000038   Code   RO         5108    i.I2C0_SendAddress  i2c0.o
    0x08000e10   0x08000e10   0x00000028   Code   RO         5109    i.I2C0_SendStart    i2c0.o
    0x08000e38   0x08000e38   0x0000001c   Code   RO         5110    i.I2C0_SendStop     i2c0.o
    0x08000e54   0x08000e54   0x00000060   Code   RO         5111    i.I2C0_Unlock       i2c0.o
    0x08000eb4   0x08000eb4   0x00000038   Code   RO         5112    i.I2C0_WaitFlag     i2c0.o
    0x08000eec   0x08000eec   0x00000034   Code   RO          433    i.Kalman_Init       sensor.o
    0x08000f20   0x08000f20   0x000000a0   Code   RO          434    i.Kalman_Update     sensor.o
    0x08000fc0   0x08000fc0   0x00000028   Code   RO          267    i.LED_Blink_1Hz     main.o
    0x08000fe8   0x08000fe8   0x00000044   Code   RO         4832    i.LED_Init          led.o
    0x0800102c   0x0800102c   0x00000050   Code   RO          587    i.Math_InverseClarkeTransform  math_transforms.o
    0x0800107c   0x0800107c   0x00000032   Code   RO          588    i.Math_InverseParkTransform  math_transforms.o
    0x080010ae   0x080010ae   0x00000004   Code   RO            8    i.MemManage_Handler  gd32f30x_it.o
    0x080010b2   0x080010b2   0x00000002   PAD
    0x080010b4   0x080010b4   0x00000104   Code   RO          268    i.Motor_Control_Loop  main.o
    0x080011b8   0x080011b8   0x00000002   Code   RO            9    i.NMI_Handler       gd32f30x_it.o
    0x080011ba   0x080011ba   0x00000002   PAD
    0x080011bc   0x080011bc   0x00000028   Code   RO          298    i.NVIC_SetPriority  systick.o
    0x080011e4   0x080011e4   0x00000018   Code   RO         4750    i.PWM_CalculateCompareValue  pwm.o
    0x080011fc   0x080011fc   0x00000010   Code   RO         4752    i.PWM_EnableComplementaryOutputs  pwm.o
    0x0800120c   0x0800120c   0x00000098   Code   RO         4753    i.PWM_GPIO_Config   pwm.o
    0x080012a4   0x080012a4   0x00000088   Code   RO         4755    i.PWM_Init          pwm.o
    0x0800132c   0x0800132c   0x00000044   Code   RO         4756    i.PWM_SetDeadTime   pwm.o
    0x08001370   0x08001370   0x00000058   Code   RO         4757    i.PWM_SetDutyCycle  pwm.o
    0x080013c8   0x080013c8   0x00000010   Code   RO         4758    i.PWM_Start         pwm.o
    0x080013d8   0x080013d8   0x000000e0   Code   RO         4760    i.PWM_Timer_Config  pwm.o
    0x080014b8   0x080014b8   0x00000002   Code   RO           10    i.PendSV_Handler    gd32f30x_it.o
    0x080014ba   0x080014ba   0x00000002   PAD
    0x080014bc   0x080014bc   0x0000003c   Code   RO         4833    i.Reset_LED         led.o
    0x080014f8   0x080014f8   0x00000002   Code   RO           11    i.SVC_Handler       gd32f30x_it.o
    0x080014fa   0x080014fa   0x00000002   PAD
    0x080014fc   0x080014fc   0x00000034   Code   RO          616    i.SVPWM_Clamp01     svpwm.o
    0x08001530   0x08001530   0x0000008c   Code   RO          617    i.SVPWM_DetermineSector  svpwm.o
    0x080015bc   0x080015bc   0x00000008   Code   RO          618    i.SVPWM_GetOutput   svpwm.o
    0x080015c4   0x080015c4   0x00000034   Code   RO          619    i.SVPWM_Init        svpwm.o
    0x080015f8   0x080015f8   0x0000002c   Code   RO          620    i.SVPWM_SetBusVoltage  svpwm.o
    0x08001624   0x08001624   0x00000374   Code   RO          621    i.SVPWM_Update      svpwm.o
    0x08001998   0x08001998   0x00000008   Code   RO          436    i.Sensor_GetData    sensor.o
    0x080019a0   0x080019a0   0x00000080   Code   RO          437    i.Sensor_Init       sensor.o
    0x08001a20   0x08001a20   0x0000005c   Code   RO          438    i.Sensor_ReadADC    sensor.o
    0x08001a7c   0x08001a7c   0x0000000c   Code   RO          439    i.Sensor_ReadAll    sensor.o
    0x08001a88   0x08001a88   0x0000004c   Code   RO          440    i.Sensor_ReadEncoder  sensor.o
    0x08001ad4   0x08001ad4   0x000000b8   Code   RO          441    i.Sensor_SetZeroOffset  sensor.o
    0x08001b8c   0x08001b8c   0x0000003c   Code   RO         4834    i.Set_LED           led.o
    0x08001bc8   0x08001bc8   0x00000008   Code   RO           12    i.SysTick_Handler   gd32f30x_it.o
    0x08001bd0   0x08001bd0   0x00000148   Code   RO          662    i.SystemInit        system_gd32f30x.o
    0x08001d18   0x08001d18   0x00000008   Code   RO           13    i.TIMER1_IRQHandler  gd32f30x_it.o
    0x08001d20   0x08001d20   0x000000b4   Code   RO          347    i.Timer1_Algorithm_Handler  timer1_algorithm.o
    0x08001dd4   0x08001dd4   0x00000018   Code   RO          348    i.Timer1_Algorithm_Init  timer1_algorithm.o
    0x08001dec   0x08001dec   0x00000008   Code   RO          349    i.Timer1_Algorithm_Start  timer1_algorithm.o
    0x08001df4   0x08001df4   0x00000030   Code   RO          353    i.Timer1_EnableDWT  timer1_algorithm.o
    0x08001e24   0x08001e24   0x00000028   Code   RO         4701    i.Timer1_IRQHandler_Internal  timer1.o
    0x08001e4c   0x08001e4c   0x00000058   Code   RO         4702    i.Timer1_Init       timer1.o
    0x08001ea4   0x08001ea4   0x00000010   Code   RO          357    i.Timer1_SetAlgorithmCallback  timer1_algorithm.o
    0x08001eb4   0x08001eb4   0x0000000c   Code   RO         4703    i.Timer1_SetCallback  timer1.o
    0x08001ec0   0x08001ec0   0x00000018   Code   RO         4704    i.Timer1_Start      timer1.o
    0x08001ed8   0x08001ed8   0x00000058   Code   RO         4653    i.Timer2_Init       timer2.o
    0x08001f30   0x08001f30   0x00000018   Code   RO         4655    i.Timer2_Start      timer2.o
    0x08001f48   0x08001f48   0x000000a8   Code   RO         5433    i.Timer3_Init       timer3.o
    0x08001ff0   0x08001ff0   0x00000018   Code   RO         5434    i.Timer3_Start      timer3.o
    0x08002008   0x08002008   0x0000009c   Code   RO          515    i.UART_Debug_OutputOscilloscope  uart_debug.o
    0x080020a4   0x080020a4   0x0000000e   Code   RO         5191    i.USART1_BufferIsEmpty  usart1.o
    0x080020b2   0x080020b2   0x0000001a   Code   RO         5192    i.USART1_BufferIsFull  usart1.o
    0x080020cc   0x080020cc   0x00000050   Code   RO         5193    i.USART1_ClearBuffers  usart1.o
    0x0800211c   0x0800211c   0x0000001c   Code   RO         5194    i.USART1_DisableInterrupts  usart1.o
    0x08002138   0x08002138   0x00000028   Code   RO         5195    i.USART1_EnableInterrupts  usart1.o
    0x08002160   0x08002160   0x000000f0   Code   RO         5196    i.USART1_HandlerInternal  usart1.o
    0x08002250   0x08002250   0x00000008   Code   RO           14    i.USART1_IRQHandler  gd32f30x_it.o
    0x08002258   0x08002258   0x00000008   Code   RO         5197    i.USART1_IRQHandler_Internal  usart1.o
    0x08002260   0x08002260   0x000000a0   Code   RO         5198    i.USART1_Init       usart1.o
    0x08002300   0x08002300   0x0000000c   Code   RO         5201    i.USART1_LoopbackEnable  usart1.o
    0x0800230c   0x0800230c   0x00000070   Code   RO         5203    i.USART1_SendByte   usart1.o
    0x0800237c   0x0800237c   0x0000002a   Code   RO         5205    i.USART1_SendString  usart1.o
    0x080023a6   0x080023a6   0x0000000e   Code   RO         5305    i.USART2_BufferIsEmpty  usart2.o
    0x080023b4   0x080023b4   0x0000001a   Code   RO         5306    i.USART2_BufferIsFull  usart2.o
    0x080023ce   0x080023ce   0x00000002   PAD
    0x080023d0   0x080023d0   0x000000e0   Code   RO         5310    i.USART2_HandlerInternal  usart2.o
    0x080024b0   0x080024b0   0x00000008   Code   RO         5311    i.USART2_IRQHandler  usart2.o
    0x080024b8   0x080024b8   0x00000004   Code   RO           15    i.UsageFault_Handler  gd32f30x_it.o
    0x080024bc   0x080024bc   0x00000020   Code   RO         5754    i.__0printf         mc_w.l(printfa.o)
    0x080024dc   0x080024dc   0x00000026   Code   RO         5784    i.__ARM_fpclassifyf  m_wm.l(fpclassifyf.o)
    0x08002502   0x08002502   0x00000002   PAD
    0x08002504   0x08002504   0x00000250   Code   RO         5468    i.__hardfp_atan2f   m_wm.l(atan2f.o)
    0x08002754   0x08002754   0x00000150   Code   RO         5480    i.__hardfp_cosf     m_wm.l(cosf.o)
    0x080028a4   0x080028a4   0x00000190   Code   RO         5492    i.__hardfp_sinf     m_wm.l(sinf.o)
    0x08002a34   0x08002a34   0x0000003a   Code   RO         5504    i.__hardfp_sqrtf    m_wm.l(sqrtf.o)
    0x08002a6e   0x08002a6e   0x00000006   Code   RO         5787    i.__mathlib_flt_infnan  m_wm.l(funder.o)
    0x08002a74   0x08002a74   0x00000006   Code   RO         5788    i.__mathlib_flt_infnan2  m_wm.l(funder.o)
    0x08002a7a   0x08002a7a   0x00000002   PAD
    0x08002a7c   0x08002a7c   0x00000010   Code   RO         5789    i.__mathlib_flt_invalid  m_wm.l(funder.o)
    0x08002a8c   0x08002a8c   0x00000010   Code   RO         5792    i.__mathlib_flt_underflow  m_wm.l(funder.o)
    0x08002a9c   0x08002a9c   0x00000154   Code   RO         5800    i.__mathlib_rredf2  m_wm.l(rredf.o)
    0x08002bf0   0x08002bf0   0x0000000e   Code   RO         5852    i.__scatterload_copy  mc_w.l(handlers.o)
    0x08002bfe   0x08002bfe   0x00000002   Code   RO         5853    i.__scatterload_null  mc_w.l(handlers.o)
    0x08002c00   0x08002c00   0x0000000e   Code   RO         5854    i.__scatterload_zeroinit  mc_w.l(handlers.o)
    0x08002c0e   0x08002c0e   0x00000002   PAD
    0x08002c10   0x08002c10   0x0000000c   Code   RO         5824    i.__set_errno       mc_w.l(errno.o)
    0x08002c1c   0x08002c1c   0x00000184   Code   RO         5761    i._fp_digits        mc_w.l(printfa.o)
    0x08002da0   0x08002da0   0x000006dc   Code   RO         5762    i._printf_core      mc_w.l(printfa.o)
    0x0800347c   0x0800347c   0x00000024   Code   RO         5763    i._printf_post_padding  mc_w.l(printfa.o)
    0x080034a0   0x080034a0   0x0000002e   Code   RO         5764    i._printf_pre_padding  mc_w.l(printfa.o)
    0x080034ce   0x080034ce   0x0000001c   Code   RO          663    i._soft_delay_      system_gd32f30x.o
    0x080034ea   0x080034ea   0x0000002a   Code   RO          714    i.adc_calibration_enable  gd32f30x_adc.o
    0x08003514   0x08003514   0x00000046   Code   RO          715    i.adc_channel_length_config  gd32f30x_adc.o
    0x0800355a   0x0800355a   0x00000016   Code   RO          716    i.adc_data_alignment_config  gd32f30x_adc.o
    0x08003570   0x08003570   0x00000058   Code   RO          717    i.adc_deinit        gd32f30x_adc.o
    0x080035c8   0x080035c8   0x0000000a   Code   RO          721    i.adc_dma_mode_enable  gd32f30x_adc.o
    0x080035d2   0x080035d2   0x00000012   Code   RO          722    i.adc_enable        gd32f30x_adc.o
    0x080035e4   0x080035e4   0x0000003e   Code   RO          723    i.adc_external_trigger_config  gd32f30x_adc.o
    0x08003622   0x08003622   0x00000030   Code   RO          724    i.adc_external_trigger_source_config  gd32f30x_adc.o
    0x08003652   0x08003652   0x00000006   Code   RO          725    i.adc_flag_clear    gd32f30x_adc.o
    0x08003658   0x08003658   0x0000002c   Code   RO          731    i.adc_interrupt_enable  gd32f30x_adc.o
    0x08003684   0x08003684   0x00000006   Code   RO          732    i.adc_interrupt_flag_clear  gd32f30x_adc.o
    0x0800368a   0x0800368a   0x00000058   Code   RO          733    i.adc_interrupt_flag_get  gd32f30x_adc.o
    0x080036e2   0x080036e2   0x00000002   PAD
    0x080036e4   0x080036e4   0x0000001c   Code   RO          734    i.adc_mode_config   gd32f30x_adc.o
    0x08003700   0x08003700   0x00000014   Code   RO          738    i.adc_resolution_config  gd32f30x_adc.o
    0x08003714   0x08003714   0x000000ac   Code   RO          739    i.adc_routine_channel_config  gd32f30x_adc.o
    0x080037c0   0x080037c0   0x0000005a   Code   RO          742    i.adc_special_function_config  gd32f30x_adc.o
    0x0800381a   0x0800381a   0x00000002   PAD
    0x0800381c   0x0800381c   0x00000014   Code   RO          299    i.delay_1ms         systick.o
    0x08003830   0x08003830   0x00000024   Code   RO          300    i.delay_decrement   systick.o
    0x08003854   0x08003854   0x00000032   Code   RO         1655    i.dma_channel_disable  gd32f30x_dma.o
    0x08003886   0x08003886   0x00000032   Code   RO         1656    i.dma_channel_enable  gd32f30x_dma.o
    0x080038b8   0x080038b8   0x00000032   Code   RO         1658    i.dma_circulation_enable  gd32f30x_dma.o
    0x080038ea   0x080038ea   0x00000070   Code   RO         1659    i.dma_deinit        gd32f30x_dma.o
    0x0800395a   0x0800395a   0x00000010   Code   RO         1660    i.dma_flag_clear    gd32f30x_dma.o
    0x0800396a   0x0800396a   0x0000012e   Code   RO         1662    i.dma_init          gd32f30x_dma.o
    0x08003a98   0x08003a98   0x00000032   Code   RO         1664    i.dma_interrupt_enable  gd32f30x_dma.o
    0x08003aca   0x08003aca   0x00000010   Code   RO         1665    i.dma_interrupt_flag_clear  gd32f30x_dma.o
    0x08003ada   0x08003ada   0x00000084   Code   RO         1666    i.dma_interrupt_flag_get  gd32f30x_dma.o
    0x08003b5e   0x08003b5e   0x00000024   Code   RO         1667    i.dma_memory_address_config  gd32f30x_dma.o
    0x08003b82   0x08003b82   0x00000024   Code   RO         1673    i.dma_periph_address_config  gd32f30x_dma.o
    0x08003ba6   0x08003ba6   0x00000002   PAD
    0x08003ba8   0x08003ba8   0x00000018   Code   RO         1674    i.dma_periph_and_channel_check  gd32f30x_dma.o
    0x08003bc0   0x08003bc0   0x0000001c   Code   RO         1679    i.dma_struct_para_init  gd32f30x_dma.o
    0x08003bdc   0x08003bdc   0x00000026   Code   RO         1681    i.dma_transfer_number_config  gd32f30x_dma.o
    0x08003c02   0x08003c02   0x00000022   Code   RO         1682    i.dma_transfer_number_get  gd32f30x_dma.o
    0x08003c24   0x08003c24   0x00000010   Code   RO          517    i.fputc             uart_debug.o
    0x08003c34   0x08003c34   0x00000004   Code   RO         2381    i.gpio_bit_reset    gd32f30x_gpio.o
    0x08003c38   0x08003c38   0x00000004   Code   RO         2382    i.gpio_bit_set      gd32f30x_gpio.o
    0x08003c3c   0x08003c3c   0x0000000a   Code   RO         2383    i.gpio_bit_write    gd32f30x_gpio.o
    0x08003c46   0x08003c46   0x000000bc   Code   RO         2391    i.gpio_init         gd32f30x_gpio.o
    0x08003d02   0x08003d02   0x00000010   Code   RO         2508    i.i2c_ack_config    gd32f30x_i2c.o
    0x08003d12   0x08003d12   0x00000002   PAD
    0x08003d14   0x08003d14   0x00000140   Code   RO         2510    i.i2c_clock_config  gd32f30x_i2c.o
    0x08003e54   0x08003e54   0x00000008   Code   RO         2511    i.i2c_data_receive  gd32f30x_i2c.o
    0x08003e5c   0x08003e5c   0x00000006   Code   RO         2512    i.i2c_data_transmit  gd32f30x_i2c.o
    0x08003e62   0x08003e62   0x0000000a   Code   RO         2519    i.i2c_enable        gd32f30x_i2c.o
    0x08003e6c   0x08003e6c   0x00000028   Code   RO         2520    i.i2c_flag_clear    gd32f30x_i2c.o
    0x08003e94   0x08003e94   0x0000001e   Code   RO         2521    i.i2c_flag_get      gd32f30x_i2c.o
    0x08003eb2   0x08003eb2   0x00000014   Code   RO         2526    i.i2c_master_addressing  gd32f30x_i2c.o
    0x08003ec6   0x08003ec6   0x0000001c   Code   RO         2527    i.i2c_mode_addr_config  gd32f30x_i2c.o
    0x08003ee2   0x08003ee2   0x0000000a   Code   RO         2536    i.i2c_start_on_bus  gd32f30x_i2c.o
    0x08003eec   0x08003eec   0x0000000a   Code   RO         2537    i.i2c_stop_on_bus   gd32f30x_i2c.o
    0x08003ef6   0x08003ef6   0x00000002   PAD
    0x08003ef8   0x08003ef8   0x00000250   Code   RO          269    i.main              main.o
    0x08004148   0x08004148   0x00000108   Code   RO         2715    i.nvic_irq_enable   gd32f30x_misc.o
    0x08004250   0x08004250   0x00000014   Code   RO         2716    i.nvic_priority_group_set  gd32f30x_misc.o
    0x08004264   0x08004264   0x00000158   Code   RO         2954    i.rcu_clock_freq_get  gd32f30x_rcu.o
    0x080043bc   0x080043bc   0x00000020   Code   RO         2972    i.rcu_periph_clock_enable  gd32f30x_rcu.o
    0x080043dc   0x080043dc   0x00000020   Code   RO         2975    i.rcu_periph_reset_disable  gd32f30x_rcu.o
    0x080043fc   0x080043fc   0x00000020   Code   RO         2976    i.rcu_periph_reset_enable  gd32f30x_rcu.o
    0x0800441c   0x0800441c   0x0000011c   Code   RO          665    i.system_clock_120m_hxtal  system_gd32f30x.o
    0x08004538   0x08004538   0x00000008   Code   RO          666    i.system_clock_config  system_gd32f30x.o
    0x08004540   0x08004540   0x00000050   Code   RO          301    i.systick_config    systick.o
    0x08004590   0x08004590   0x0000000c   Code   RO          302    i.systick_get_tick  systick.o
    0x0800459c   0x0800459c   0x0000000a   Code   RO         3836    i.timer_auto_reload_shadow_enable  gd32f30x_timer.o
    0x080045a6   0x080045a6   0x0000001e   Code   RO         3840    i.timer_break_config  gd32f30x_timer.o
    0x080045c4   0x080045c4   0x00000012   Code   RO         3843    i.timer_break_struct_para_init  gd32f30x_timer.o
    0x080045d6   0x080045d6   0x00000002   PAD
    0x080045d8   0x080045d8   0x000001ec   Code   RO         3853    i.timer_channel_output_config  gd32f30x_timer.o
    0x080047c4   0x080047c4   0x0000005a   Code   RO         3855    i.timer_channel_output_mode_config  gd32f30x_timer.o
    0x0800481e   0x0800481e   0x00000026   Code   RO         3857    i.timer_channel_output_pulse_value_config  gd32f30x_timer.o
    0x08004844   0x08004844   0x0000005a   Code   RO         3858    i.timer_channel_output_shadow_config  gd32f30x_timer.o
    0x0800489e   0x0800489e   0x00000002   PAD
    0x080048a0   0x080048a0   0x000000dc   Code   RO         3866    i.timer_deinit      gd32f30x_timer.o
    0x0800497c   0x0800497c   0x0000000a   Code   RO         3871    i.timer_enable      gd32f30x_timer.o
    0x08004986   0x08004986   0x00000002   PAD
    0x08004988   0x08004988   0x00000098   Code   RO         3881    i.timer_init        gd32f30x_timer.o
    0x08004a20   0x08004a20   0x00000010   Code   RO         3884    i.timer_input_trigger_source_select  gd32f30x_timer.o
    0x08004a30   0x08004a30   0x00000008   Code   RO         3888    i.timer_interrupt_enable  gd32f30x_timer.o
    0x08004a38   0x08004a38   0x00000006   Code   RO         3889    i.timer_interrupt_flag_clear  gd32f30x_timer.o
    0x08004a3e   0x08004a3e   0x0000001c   Code   RO         3890    i.timer_interrupt_flag_get  gd32f30x_timer.o
    0x08004a5a   0x08004a5a   0x00000010   Code   RO         3891    i.timer_master_output_trigger_source_select  gd32f30x_timer.o
    0x08004a6a   0x08004a6a   0x0000001a   Code   RO         3892    i.timer_master_slave_mode_config  gd32f30x_timer.o
    0x08004a84   0x08004a84   0x00000018   Code   RO         3896    i.timer_primary_output_config  gd32f30x_timer.o
    0x08004a9c   0x08004a9c   0x00000010   Code   RO         3900    i.timer_slave_mode_select  gd32f30x_timer.o
    0x08004aac   0x08004aac   0x00000090   Code   RO         4276    i.usart_baudrate_set  gd32f30x_usart.o
    0x08004b3c   0x08004b3c   0x0000000a   Code   RO         4279    i.usart_data_receive  gd32f30x_usart.o
    0x08004b46   0x08004b46   0x00000008   Code   RO         4280    i.usart_data_transmit  gd32f30x_usart.o
    0x08004b4e   0x08004b4e   0x00000002   PAD
    0x08004b50   0x08004b50   0x00000090   Code   RO         4281    i.usart_deinit      gd32f30x_usart.o
    0x08004be0   0x08004be0   0x0000000a   Code   RO         4285    i.usart_enable      gd32f30x_usart.o
    0x08004bea   0x08004bea   0x00000014   Code   RO         4291    i.usart_hardware_flow_cts_config  gd32f30x_usart.o
    0x08004bfe   0x08004bfe   0x00000014   Code   RO         4292    i.usart_hardware_flow_rts_config  gd32f30x_usart.o
    0x08004c12   0x08004c12   0x0000001a   Code   RO         4293    i.usart_interrupt_disable  gd32f30x_usart.o
    0x08004c2c   0x08004c2c   0x0000001a   Code   RO         4294    i.usart_interrupt_enable  gd32f30x_usart.o
    0x08004c46   0x08004c46   0x00000012   Code   RO         4295    i.usart_interrupt_flag_clear  gd32f30x_usart.o
    0x08004c58   0x08004c58   0x0000003a   Code   RO         4296    i.usart_interrupt_flag_get  gd32f30x_usart.o
    0x08004c92   0x08004c92   0x00000010   Code   RO         4307    i.usart_parity_config  gd32f30x_usart.o
    0x08004ca2   0x08004ca2   0x00000014   Code   RO         4309    i.usart_receive_config  gd32f30x_usart.o
    0x08004cb6   0x08004cb6   0x00000010   Code   RO         4319    i.usart_stop_bit_set  gd32f30x_usart.o
    0x08004cc6   0x08004cc6   0x00000014   Code   RO         4323    i.usart_transmit_config  gd32f30x_usart.o
    0x08004cda   0x08004cda   0x00000010   Code   RO         4324    i.usart_word_length_set  gd32f30x_usart.o
    0x08004cea   0x08004cea   0x00000002   PAD
    0x08004cec   0x08004cec   0x00000020   Data   RO         5801    .constdata          m_wm.l(rredf.o)
    0x08004d0c   0x08004d0c   0x00000020   Data   RO         5850    Region$$Table       anon$$obj.o


    Execution Region RW_IRAM1 (Exec base: 0x20000000, Load base: 0x08004d2c, Size: 0x00000778, Max: 0x0000c000, ABSOLUTE)

    Exec Addr    Load Addr    Size         Type   Attr      Idx    E Section Name        Object

    0x20000000   0x08004d2c   0x00000008   Data   RW          270    .data               main.o
    0x20000008   0x08004d34   0x00000008   Data   RW          303    .data               systick.o
    0x20000010   0x08004d3c   0x00000009   Data   RW          359    .data               timer1_algorithm.o
    0x20000019   0x08004d45   0x00000003   PAD
    0x2000001c   0x08004d48   0x00000004   Data   RW          623    .data               svpwm.o
    0x20000020   0x08004d4c   0x00000004   Data   RW          667    .data               system_gd32f30x.o
    0x20000024   0x08004d50   0x00000005   Data   RW         4657    .data               timer2.o
    0x20000029   0x08004d55   0x00000003   PAD
    0x2000002c   0x08004d58   0x00000005   Data   RW         4706    .data               timer1.o
    0x20000031   0x08004d5d   0x00000001   PAD
    0x20000032   0x08004d5e   0x00000006   Data   RW         4761    .data               pwm.o
    0x20000038   0x08004d64   0x0000000c   Data   RW         4992    .data               adc.o
    0x20000044   0x08004d70   0x00000010   Data   RW         5208    .data               usart1.o
    0x20000054   0x08004d80   0x00000010   Data   RW         5325    .data               usart2.o
    0x20000064   0x08004d90   0x00000001   Data   RW         5436    .data               timer3.o
    0x20000065   0x08004d91   0x00000003   PAD
    0x20000068   0x08004d94   0x00000004   Data   RW         5817    .data               mc_w.l(stdout.o)
    0x2000006c   0x08004d98   0x00000004   Data   RW         5825    .data               mc_w.l(errno.o)
    0x20000070        -       0x00000010   Zero   RW          358    .bss                timer1_algorithm.o
    0x20000080        -       0x00000084   Zero   RW          442    .bss                sensor.o
    0x20000104        -       0x00000010   Zero   RW          622    .bss                svpwm.o
    0x20000114        -       0x00000060   Zero   RW         4991    .bss                adc.o
    0x20000174        -       0x00000100   Zero   RW         5207    .bss                usart1.o
    0x20000274        -       0x00000100   Zero   RW         5324    .bss                usart2.o
    0x20000374   0x08004d9c   0x00000004   PAD
    0x20000378        -       0x00000400   Zero   RW         4643    STACK               startup_gd32f30x_hd.o


==============================================================================

Image component sizes


      Code (inc. data)   RO Data    RW Data    ZI Data      Debug   Object Name

      1220        144          0         12         96       8284   adc.o
        78          0          0          0          0       4749   as5600.o
       104          0          0          0          0       1656   foc_control.o
       814         10          0          0          0      10705   gd32f30x_adc.o
       974          6          0          0          0      11114   gd32f30x_dma.o
       206          0          0          0          0       2757   gd32f30x_gpio.o
       498         14          0          0          0       7420   gd32f30x_i2c.o
        64          0          0          0          0      79445   gd32f30x_it.o
       284         20          0          0          0      28303   gd32f30x_misc.o
       440         46          0          0          0       3068   gd32f30x_rcu.o
      1290         48          0          0          0      12599   gd32f30x_timer.o
       572         16          0          0          0      10409   gd32f30x_usart.o
       616         44          0          0          0       6051   i2c0.o
       188         16          0          0          0       1533   led.o
       892        456          0          8          0       1691   main.o
       130          6          0          0          0       1666   math_transforms.o
       724         54          0          6          0       6317   pwm.o
       712         78          0          0        132       5369   sensor.o
        36          8        304          0       1024        872   startup_gd32f30x_hd.o
      1180         76          0          4         16       5164   svpwm.o
       648         30          0          4          0       3847   system_gd32f30x.o
       188         32          0          8          0      29441   systick.o
       164         22          0          5          0       3079   timer1.o
       276         38          0          9         16       3489   timer1_algorithm.o
       112         18          0          5          0       2181   timer2.o
       192         16          0          1          0       1693   timer3.o
       172         34          0          0          0       2840   uart_debug.o
       762        128          0         16        256       7643   usart1.o
       272         46          0         16        256       4076   usart2.o

    ----------------------------------------------------------------------
     13838       1406        336        104       1800     267461   Object Totals
         0          0         32          0          0          0   (incl. Generated)
        30          0          0         10          4          0   (incl. Padding)

    ----------------------------------------------------------------------

      Code (inc. data)   RO Data    RW Data    ZI Data      Debug   Library Member Name

       592         90          0          0          0        184   atan2f.o
       336         56          0          0          0        136   cosf.o
        38          0          0          0          0        116   fpclassifyf.o
        44         12          0          0          0        464   funder.o
       340         24         32          0          0        160   rredf.o
       400         56          0          0          0        212   sinf.o
        58          0          0          0          0        136   sqrtf.o
         0          0          0          0          0          0   entry.o
         0          0          0          0          0          0   entry10a.o
         0          0          0          0          0          0   entry11a.o
         8          4          0          0          0          0   entry2.o
         4          0          0          0          0          0   entry5.o
         0          0          0          0          0          0   entry7b.o
         0          0          0          0          0          0   entry8b.o
         8          4          0          0          0          0   entry9a.o
        12          6          0          4          0         68   errno.o
        30          0          0          0          0          0   handlers.o
        36          8          0          0          0         68   init.o
         0          0          0          0          0          0   iusefp.o
        30          0          0          0          0         68   llshl.o
        36          0          0          0          0         68   llsshr.o
        32          0          0          0          0         68   llushr.o
        36          0          0          0          0        108   memseta.o
      2258         90          0          0          0        452   printfa.o
         0          0          0          4          0          0   stdout.o
        44          0          0          0          0         80   uidiv.o
        98          0          0          0          0         92   uldiv.o
        48          0          0          0          0         68   cdrcmple.o
       334          0          0          0          0        148   dadd.o
       222          0          0          0          0        100   ddiv.o
       186          0          0          0          0        176   depilogue.o
        48          0          0          0          0         68   dfixul.o
       228          0          0          0          0         96   dmul.o
        38          0          0          0          0         68   f2d.o

    ----------------------------------------------------------------------
      5550        350         32          8          0       3204   Library Totals
         6          0          0          0          0          0   (incl. Padding)

    ----------------------------------------------------------------------

      Code (inc. data)   RO Data    RW Data    ZI Data      Debug   Library Name

      1808        238         32          0          0       1408   m_wm.l
      2632        112          0          8          0       1072   mc_w.l
      1104          0          0          0          0        724   mf_w.l

    ----------------------------------------------------------------------
      5550        350         32          8          0       3204   Library Totals

    ----------------------------------------------------------------------

==============================================================================


      Code (inc. data)   RO Data    RW Data    ZI Data      Debug   

     19388       1756        368        112       1800     250837   Grand Totals
     19388       1756        368        112       1800     250837   ELF Image Totals
     19388       1756        368        112          0          0   ROM Totals

==============================================================================

    Total RO  Size (Code + RO Data)                19756 (  19.29kB)
    Total RW  Size (RW Data + ZI Data)              1912 (   1.87kB)
    Total ROM Size (Code + RO Data + RW Data)      19868 (  19.40kB)

==============================================================================

