Component: ARM Compiler 5.06 update 6 (build 750) Tool: armlink [4d35ed]

==============================================================================

Section Cross References

    control_scheduler.o(i.ControlScheduler_ClearAllCallbacks) refers to control_scheduler.o(.bss) for g_sched_callbacks
    control_scheduler.o(i.ControlScheduler_ClearCallback) refers to control_scheduler.o(.bss) for g_sched_callbacks
    control_scheduler.o(i.ControlScheduler_EnableDWT) refers to foc_platform_api.o(i.FOC_Platform_EnableCycleCounter) for FOC_Platform_EnableCycleCounter
    control_scheduler.o(i.ControlScheduler_GetExecutionCycles) refers to control_scheduler.o(.data) for g_sched_execution_cycles
    control_scheduler.o(i.ControlScheduler_GetTickCounter) refers to control_scheduler.o(.data) for g_sched_tick_counter
    control_scheduler.o(i.ControlScheduler_Init) refers to control_scheduler.o(i.ControlScheduler_ClearAllCallbacks) for ControlScheduler_ClearAllCallbacks
    control_scheduler.o(i.ControlScheduler_Init) refers to control_scheduler.o(.data) for g_sched_tick_counter
    control_scheduler.o(i.ControlScheduler_ResetTickCounter) refers to control_scheduler.o(.data) for g_sched_tick_counter
    control_scheduler.o(i.ControlScheduler_RunTick) refers to control_scheduler.o(i.ControlScheduler_EnableDWT) for ControlScheduler_EnableDWT
    control_scheduler.o(i.ControlScheduler_RunTick) refers to foc_platform_api.o(i.FOC_Platform_ReadCycleCounter) for FOC_Platform_ReadCycleCounter
    control_scheduler.o(i.ControlScheduler_RunTick) refers to control_scheduler.o(.data) for dwt_enabled
    control_scheduler.o(i.ControlScheduler_RunTick) refers to control_scheduler.o(.bss) for g_sched_callbacks
    control_scheduler.o(i.ControlScheduler_SetCallback) refers to control_scheduler.o(.bss) for g_sched_callbacks
    foc_app.o(i.FOC_App_Init) refers to foc_platform_api.o(i.FOC_Platform_RuntimeInit) for FOC_Platform_RuntimeInit
    foc_app.o(i.FOC_App_Init) refers to foc_platform_api.o(i.FOC_Platform_IndicatorInit) for FOC_Platform_IndicatorInit
    foc_app.o(i.FOC_App_Init) refers to foc_platform_api.o(i.FOC_Platform_SetHeartbeatIndicator) for FOC_Platform_SetHeartbeatIndicator
    foc_app.o(i.FOC_App_Init) refers to foc_platform_api.o(i.FOC_Platform_HighRateClockInit) for FOC_Platform_HighRateClockInit
    foc_app.o(i.FOC_App_Init) refers to foc_platform_api.o(i.FOC_Platform_ControlTickSourceInit) for FOC_Platform_ControlTickSourceInit
    foc_app.o(i.FOC_App_Init) refers to control_scheduler.o(i.ControlScheduler_Init) for ControlScheduler_Init
    foc_app.o(i.FOC_App_Init) refers to foc_platform_api.o(i.FOC_Platform_BindControlTickCallback) for FOC_Platform_BindControlTickCallback
    foc_app.o(i.FOC_App_Init) refers to control_scheduler.o(i.ControlScheduler_SetCallback) for ControlScheduler_SetCallback
    foc_app.o(i.FOC_App_Init) refers to foc_platform_api.o(i.FOC_Platform_TelemetryInit) for FOC_Platform_TelemetryInit
    foc_app.o(i.FOC_App_Init) refers to foc_platform_api.o(i.FOC_Platform_TelemetryWrite) for FOC_Platform_TelemetryWrite
    foc_app.o(i.FOC_App_Init) refers to sensor.o(i.Sensor_Init) for Sensor_Init
    foc_app.o(i.FOC_App_Init) refers to svpwm.o(i.SVPWM_Init) for SVPWM_Init
    foc_app.o(i.FOC_App_Init) refers to foc_platform_api.o(i.FOC_Platform_RegisterHighRateCallback) for FOC_Platform_RegisterHighRateCallback
    foc_app.o(i.FOC_App_Init) refers to foc_platform_api.o(i.FOC_Platform_StartHighRateClock) for FOC_Platform_StartHighRateClock
    foc_app.o(i.FOC_App_Init) refers to foc_control.o(i.FOC_MotorInit) for FOC_MotorInit
    foc_app.o(i.FOC_App_Init) refers to foc_control.o(i.FOC_PIDInit) for FOC_PIDInit
    foc_app.o(i.FOC_App_Init) refers to f2d.o(.text) for __aeabi_f2d
    foc_app.o(i.FOC_App_Init) refers to printfa.o(i.__0printf) for __2printf
    foc_app.o(i.FOC_App_Init) refers to foc_platform_api.o(i.FOC_Platform_WaitMs) for FOC_Platform_WaitMs
    foc_app.o(i.FOC_App_Init) refers to control_scheduler.o(i.ControlScheduler_RunTick) for ControlScheduler_RunTick
    foc_app.o(i.FOC_App_Init) refers to foc_app.o(i.LED_Blink_1Hz) for LED_Blink_1Hz
    foc_app.o(i.FOC_App_Init) refers to foc_app.o(i.Motor_Control_Loop) for Motor_Control_Loop
    foc_app.o(i.FOC_App_Init) refers to svpwm.o(i.SVPWM_InterpolationISR) for SVPWM_InterpolationISR
    foc_app.o(i.FOC_App_Init) refers to foc_app.o(.bss) for g_motor
    foc_app.o(i.FOC_App_Loop) refers to uart_debug.o(i.UART_Debug_OutputAll) for UART_Debug_OutputAll
    foc_app.o(i.FOC_App_Loop) refers to foc_platform_api.o(i.FOC_Platform_WaitMs) for FOC_Platform_WaitMs
    foc_app.o(i.FOC_App_Start) refers to foc_platform_api.o(i.FOC_Platform_StartControlTickSource) for FOC_Platform_StartControlTickSource
    foc_app.o(i.LED_Blink_1Hz) refers to foc_platform_api.o(i.FOC_Platform_SetHeartbeatIndicator) for FOC_Platform_SetHeartbeatIndicator
    foc_app.o(i.LED_Blink_1Hz) refers to foc_app.o(.data) for led3_state
[...]
    .constdata                               0x080067e8   Section       32  rredf.o(.constdata)
    twooverpi                                0x080067e8   Data          32  rredf.o(.constdata)
    .data                                    0x20000000   Section        9  control_scheduler.o(.data)
    g_sched_tick_counter                     0x20000000   Data           2  control_scheduler.o(.data)
    g_sched_execution_cycles                 0x20000004   Data           4  control_scheduler.o(.data)
    dwt_enabled                              0x20000008   Data           1  control_scheduler.o(.data)
    .data                                    0x2000000c   Section        5  foc_app.o(.data)
    sensor                                   0x2000000c   Data           4  foc_app.o(.data)
    led3_state                               0x20000010   Data           1  foc_app.o(.data)
    .data                                    0x20000014   Section        9  foc_control.o(.data)
    g_speed_err_accum_rad                    0x20000014   Data           4  foc_control.o(.data)
    g_prev_mech_signed_rad                   0x20000018   Data           4  foc_control.o(.data)
    g_speed_state_valid                      0x2000001c   Data           1  foc_control.o(.data)
    .data                                    0x2000001e   Section        2  foc_platform_api.o(.data)
    g_platform_sensor_timer_period           0x2000001e   Data           2  foc_platform_api.o(.data)
    .data                                    0x20000020   Section       40  svpwm.o(.data)
    s_duty_a_current                         0x20000020   Data           4  svpwm.o(.data)
    s_duty_b_current                         0x20000024   Data           4  svpwm.o(.data)
    s_duty_c_current                         0x20000028   Data           4  svpwm.o(.data)
    s_duty_a_target                          0x2000002c   Data           4  svpwm.o(.data)
    s_duty_b_target                          0x20000030   Data           4  svpwm.o(.data)
    s_duty_c_target                          0x20000034   Data           4  svpwm.o(.data)
    s_duty_a_step                            0x20000038   Data           4  svpwm.o(.data)
    s_duty_b_step                            0x2000003c   Data           4  svpwm.o(.data)
    s_duty_c_step                            0x20000040   Data           4  svpwm.o(.data)
    s_interp_steps_total                     0x20000044   Data           2  svpwm.o(.data)
    s_interp_step_index                      0x20000046   Data           2  svpwm.o(.data)
    .data                                    0x20000048   Section        8  systick.o(.data)
    delay                                    0x20000048   Data           4  systick.o(.data)
    systick_tick                             0x2000004c   Data           4  systick.o(.data)
    .data                                    0x20000050   Section        4  system_gd32f30x.o(.data)
    .data                                    0x20000054   Section        5  timer2.o(.data)
    timer2_callback                          0x20000054   Data           4  timer2.o(.data)
    timer2_initialized                       0x20000058   Data           1  timer2.o(.data)
    .data                                    0x2000005c   Section        5  timer1.o(.data)
    timer1_callback                          0x2000005c   Data           4  timer1.o(.data)
    timer1_initialized                       0x20000060   Data           1  timer1.o(.data)
    .data                                    0x20000062   Section        6  pwm.o(.data)
    current_duty                             0x20000062   Data           3  pwm.o(.data)
    pwm_period                               0x20000066   Data           2  pwm.o(.data)
    .data                                    0x20000068   Section       12  adc.o(.data)
    adc_initialized                          0x20000068   Data           1  adc.o(.data)
    dma_complete                             0x20000069   Data           1  adc.o(.data)
    zero_offset_a                            0x2000006c   Data           4  adc.o(.data)
    zero_offset_b                            0x20000070   Data           4  adc.o(.data)
    .data                                    0x20000074   Section       12  usart1.o(.data)
    rx_head                                  0x20000074   Data           2  usart1.o(.data)
    rx_tail                                  0x20000076   Data           2  usart1.o(.data)
    rx_irq_enabled                           0x20000078   Data           1  usart1.o(.data)
    rx_callback                              0x2000007c   Data           4  usart1.o(.data)
    .data                                    0x20000080   Section       12  usart2.o(.data)
    rx_head                                  0x20000080   Data           2  usart2.o(.data)
    rx_tail                                  0x20000082   Data           2  usart2.o(.data)
    rx_irq_enabled                           0x20000084   Data           1  usart2.o(.data)
    rx_callback                              0x20000088   Data           4  usart2.o(.data)
    .data                                    0x2000008c   Section        1  timer3.o(.data)
    timer3_initialized                       0x2000008c   Data           1  timer3.o(.data)
    .data                                    0x20000090   Section        4  stdout.o(.data)
    .data                                    0x20000094   Section        4  errno.o(.data)
    _errno                                   0x20000094   Data           4  errno.o(.data)
    .bss                                     0x20000098   Section       16  control_scheduler.o(.bss)
    g_sched_callbacks                        0x20000098   Data          16  control_scheduler.o(.bss)
    .bss                                     0x200000a8   Section      180  foc_app.o(.bss)
    g_motor                                  0x200000a8   Data          96  foc_app.o(.bss)
    g_torque_current_pid                     0x20000108   Data          28  foc_app.o(.bss)
    g_angle_pid                              0x20000124   Data          28  foc_app.o(.bss)
    g_speed_pid                              0x20000140   Data          28  foc_app.o(.bss)
    .bss                                     0x2000015c   Section      132  sensor.o(.bss)
    sensor_data                              0x2000015c   Data         132  sensor.o(.bss)
    .bss                                     0x200001e0   Section       16  svpwm.o(.bss)
    s_output                                 0x200001e0   Data          16  svpwm.o(.bss)
    .bss                                     0x200001f0   Section       96  adc.o(.bss)
    adc_buffer                               0x200001f0   Data          96  adc.o(.bss)
    .bss                                     0x20000250   Section      256  usart1.o(.bss)
    rx_buffer                                0x20000250   Data         128  usart1.o(.bss)
    tx_dma_buffer                            0x200002d0   Data         128  usart1.o(.bss)
    .bss                                     0x20000350   Section      256  usart2.o(.bss)
    rx_buffer                                0x20000350   Data         128  usart2.o(.bss)
    tx_dma_buffer                            0x200003d0   Data         128  usart2.o(.bss)
    STACK                                    0x20000450   Section     1024  startup_gd32f30x_hd.o(STACK)

    Global Symbols

    Symbol Name                              Value     Ov Type        Size  Object(Section)

    BuildAttributes$$THM_ISAv4$E$P$D$K$B$S$7EM$VFPi3$EXTD16$VFPS$VFMA$PE$A:L22UL41UL21$X:L11$S22US41US21$IEEE1$IW$USESV6$~STKCKD$USESV7$~SHL$OTIME$ROPI$IEEEX$EBA8$MICROLIB$REQ8$PRES8$EABIv2 0x00000000   Number         0  anon$$obj.o ABSOLUTE
    __ARM_use_no_argv                        0x00000000   Number         0  main.o ABSOLUTE
    _printf_a                                0x00000000   Number         0  stubs.o ABSOLUTE
    _printf_c                                0x00000000   Number         0  stubs.o ABSOLUTE
    _printf_charcount                        0x00000000   Number         0  stubs.o ABSOLUTE
    _printf_d                                0x00000000   Number         0  stubs.o ABSOLUTE
    _printf_e                                0x00000000   Number         0  stubs.o ABSOLUTE
    _printf_f                                0x00000000   Number         0  stubs.o ABSOLUTE
    _printf_flags                            0x00000000   Number         0  stubs.o ABSOLUTE
    _printf_fp_dec                           0x00000000   Number         0  stubs.o ABSOLUTE
    _printf_fp_hex                           0x00000000   Number         0  stubs.o ABSOLUTE
    _printf_g                                0x00000000   Number         0  stubs.o ABSOLUTE
    _printf_i                                0x00000000   Number         0  stubs.o ABSOLUTE
    _printf_int_dec                          0x00000000   Number         0  stubs.o ABSOLUTE
    _printf_l                                0x00000000   Number         0  stubs.o ABSOLUTE
    _printf_lc                               0x00000000   Number         0  stubs.o ABSOLUTE
    _printf_ll                               0x00000000   Number         0  stubs.o ABSOLUTE
    _printf_lld                              0x00000000   Number         0  stubs.o ABSOLUTE
    _printf_lli                              0x00000000   Number         0  stubs.o ABSOLUTE
    _printf_llo                              0x00000000   Number         0  stubs.o ABSOLUTE
    _printf_llu                              0x00000000   Number         0  stubs.o ABSOLUTE
    _printf_llx                              0x00000000   Number         0  stubs.o ABSOLUTE
    _printf_longlong_dec                     0x00000000   Number         0  stubs.o ABSOLUTE
    _printf_longlong_hex                     0x00000000   Number         0  stubs.o ABSOLUTE
    _printf_longlong_oct                     0x00000000   Number         0  stubs.o ABSOLUTE
    _printf_ls                               0x00000000   Number         0  stubs.o ABSOLUTE
    _printf_mbtowc                           0x00000000   Number         0  stubs.o ABSOLUTE
    _printf_n                                0x00000000   Number         0  stubs.o ABSOLUTE
    _printf_o                                0x00000000   Number         0  stubs.o ABSOLUTE
    _printf_p                                0x00000000   Number         0  stubs.o ABSOLUTE
    _printf_percent                          0x00000000   Number         0  stubs.o ABSOLUTE
    _printf_pre_padding                      0x00000000   Number         0  stubs.o ABSOLUTE
    _printf_return_value                     0x00000000   Number         0  stubs.o ABSOLUTE
    _printf_s                                0x00000000   Number         0  stubs.o ABSOLUTE
    _printf_sizespec                         0x00000000   Number         0  stubs.o ABSOLUTE
    _printf_str                              0x00000000   Number         0  stubs.o ABSOLUTE
    _printf_truncate_signed                  0x00000000   Number         0  stubs.o ABSOLUTE
    _printf_truncate_unsigned                0x00000000   Number         0  stubs.o ABSOLUTE
    _printf_u                                0x00000000   Number         0  stubs.o ABSOLUTE
    _printf_wc                               0x00000000   Number         0  stubs.o ABSOLUTE
    _printf_wctomb                           0x00000000   Number         0  stubs.o ABSOLUTE
    _printf_widthprec                        0x00000000   Number         0  stubs.o ABSOLUTE
    _printf_x                                0x00000000   Number         0  stubs.o ABSOLUTE
    __cpp_initialize__aeabi_                  - Undefined Weak Reference
    __cxa_finalize                            - Undefined Weak Reference
    __decompress                              - Undefined Weak Reference
    _clock_init                               - Undefined Weak Reference
    _microlib_exit                            - Undefined Weak Reference
    __Vectors_Size                           0x00000130   Number         0  startup_gd32f30x_hd.o ABSOLUTE
    __Vectors                                0x08000000   Data           4  startup_gd32f30x_hd.o(RESET)
    __Vectors_End                            0x08000130   Data           0  startup_gd32f30x_hd.o(RESET)
    __main                                   0x08000131   Thumb Code     0  entry.o(.ARM.Collect$$$$00000000)
    _main_stk                                0x08000131   Thumb Code     0  entry2.o(.ARM.Collect$$$$00000001)
    _main_scatterload                        0x08000135   Thumb Code     0  entry5.o(.ARM.Collect$$$$00000004)
    __main_after_scatterload                 0x08000139   Thumb Code     0  entry5.o(.ARM.Collect$$$$00000004)
    _main_clock                              0x08000139   Thumb Code     0  entry7b.o(.ARM.Collect$$$$00000008)
    _main_cpp_init                           0x08000139   Thumb Code     0  entry8b.o(.ARM.Collect$$$$0000000A)
    _main_init                               0x08000139   Thumb Code     0  entry9a.o(.ARM.Collect$$$$0000000B)
    __rt_final_cpp                           0x08000141   Thumb Code     0  entry10a.o(.ARM.Collect$$$$0000000D)
    __rt_final_exit                          0x08000141   Thumb Code     0  entry11a.o(.ARM.Collect$$$$0000000F)
    Reset_Handler                            0x08000145   Thumb Code     8  startup_gd32f30x_hd.o(.text)
    ADC2_IRQHandler                          0x0800015f   Thumb Code     0  startup_gd32f30x_hd.o(.text)
    CAN0_EWMC_IRQHandler                     0x0800015f   Thumb Code     0  startup_gd32f30x_hd.o(.text)
    CAN0_RX1_IRQHandler                      0x0800015f   Thumb Code     0  startup_gd32f30x_hd.o(.text)
    DMA0_Channel1_IRQHandler                 0x0800015f   Thumb Code     0  startup_gd32f30x_hd.o(.text)
    DMA0_Channel2_IRQHandler                 0x0800015f   Thumb Code     0  startup_gd32f30x_hd.o(.text)
    DMA0_Channel3_IRQHandler                 0x0800015f   Thumb Code     0  startup_gd32f30x_hd.o(.text)
    DMA0_Channel4_IRQHandler                 0x0800015f   Thumb Code     0  startup_gd32f30x_hd.o(.text)
    DMA0_Channel5_IRQHandler                 0x0800015f   Thumb Code     0  startup_gd32f30x_hd.o(.text)
    DMA0_Channel6_IRQHandler                 0x0800015f   Thumb Code     0  startup_gd32f30x_hd.o(.text)
    DMA1_Channel0_IRQHandler                 0x0800015f   Thumb Code     0  startup_gd32f30x_hd.o(.text)
    DMA1_Channel1_IRQHandler                 0x0800015f   Thumb Code     0  startup_gd32f30x_hd.o(.text)
    DMA1_Channel2_IRQHandler                 0x0800015f   Thumb Code     0  startup_gd32f30x_hd.o(.text)
    DMA1_Channel3_4_IRQHandler               0x0800015f   Thumb Code     0  startup_gd32f30x_hd.o(.text)
    EXMC_IRQHandler                          0x0800015f   Thumb Code     0  startup_gd32f30x_hd.o(.text)
    EXTI0_IRQHandler                         0x0800015f   Thumb Code     0  startup_gd32f30x_hd.o(.text)
    EXTI10_15_IRQHandler                     0x0800015f   Thumb Code     0  startup_gd32f30x_hd.o(.text)
    EXTI1_IRQHandler                         0x0800015f   Thumb Code     0  startup_gd32f30x_hd.o(.text)
    EXTI2_IRQHandler                         0x0800015f   Thumb Code     0  startup_gd32f30x_hd.o(.text)
    EXTI3_IRQHandler                         0x0800015f   Thumb Code     0  startup_gd32f30x_hd.o(.text)
    EXTI4_IRQHandler                         0x0800015f   Thumb Code     0  startup_gd32f30x_hd.o(.text)
    EXTI5_9_IRQHandler                       0x0800015f   Thumb Code     0  startup_gd32f30x_hd.o(.text)
    FMC_IRQHandler                           0x0800015f   Thumb Code     0  startup_gd32f30x_hd.o(.text)
    I2C0_ER_IRQHandler                       0x0800015f   Thumb Code     0  startup_gd32f30x_hd.o(.text)
    I2C0_EV_IRQHandler                       0x0800015f   Thumb Code     0  startup_gd32f30x_hd.o(.text)
    I2C1_ER_IRQHandler                       0x0800015f   Thumb Code     0  startup_gd32f30x_hd.o(.text)
    I2C1_EV_IRQHandler                       0x0800015f   Thumb Code     0  startup_gd32f30x_hd.o(.text)
    LVD_IRQHandler                           0x0800015f   Thumb Code     0  startup_gd32f30x_hd.o(.text)
    RCU_CTC_IRQHandler                       0x0800015f   Thumb Code     0  startup_gd32f30x_hd.o(.text)
    RTC_Alarm_IRQHandler                     0x0800015f   Thumb Code     0  startup_gd32f30x_hd.o(.text)
    RTC_IRQHandler                           0x0800015f   Thumb Code     0  startup_gd32f30x_hd.o(.text)
    SDIO_IRQHandler                          0x0800015f   Thumb Code     0  startup_gd32f30x_hd.o(.text)
    SPI0_IRQHandler                          0x0800015f   Thumb Code     0  startup_gd32f30x_hd.o(.text)
    SPI1_IRQHandler                          0x0800015f   Thumb Code     0  startup_gd32f30x_hd.o(.text)
    SPI2_IRQHandler                          0x0800015f   Thumb Code     0  startup_gd32f30x_hd.o(.text)
    TAMPER_IRQHandler                        0x0800015f   Thumb Code     0  startup_gd32f30x_hd.o(.text)
    TIMER0_BRK_IRQHandler                    0x0800015f   Thumb Code     0  startup_gd32f30x_hd.o(.text)
    TIMER0_Channel_IRQHandler                0x0800015f   Thumb Code     0  startup_gd32f30x_hd.o(.text)
    TIMER0_TRG_CMT_IRQHandler                0x0800015f   Thumb Code     0  startup_gd32f30x_hd.o(.text)
    TIMER0_UP_IRQHandler                     0x0800015f   Thumb Code     0  startup_gd32f30x_hd.o(.text)
    TIMER3_IRQHandler                        0x0800015f   Thumb Code     0  startup_gd32f30x_hd.o(.text)
    TIMER4_IRQHandler                        0x0800015f   Thumb Code     0  startup_gd32f30x_hd.o(.text)
    TIMER5_IRQHandler                        0x0800015f   Thumb Code     0  startup_gd32f30x_hd.o(.text)
    TIMER6_IRQHandler                        0x0800015f   Thumb Code     0  startup_gd32f30x_hd.o(.text)
    TIMER7_BRK_IRQHandler                    0x0800015f   Thumb Code     0  startup_gd32f30x_hd.o(.text)
    TIMER7_Channel_IRQHandler                0x0800015f   Thumb Code     0  startup_gd32f30x_hd.o(.text)
    TIMER7_TRG_CMT_IRQHandler                0x0800015f   Thumb Code     0  startup_gd32f30x_hd.o(.text)
    TIMER7_UP_IRQHandler                     0x0800015f   Thumb Code     0  startup_gd32f30x_hd.o(.text)
    UART3_IRQHandler                         0x0800015f   Thumb Code     0  startup_gd32f30x_hd.o(.text)
    UART4_IRQHandler                         0x0800015f   Thumb Code     0  startup_gd32f30x_hd.o(.text)
    USART0_IRQHandler                        0x0800015f   Thumb Code     0  startup_gd32f30x_hd.o(.text)
    USBD_HP_CAN0_TX_IRQHandler               0x0800015f   Thumb Code     0  startup_gd32f30x_hd.o(.text)
    USBD_LP_CAN0_RX0_IRQHandler              0x0800015f   Thumb Code     0  startup_gd32f30x_hd.o(.text)
    USBD_WKUP_IRQHandler                     0x0800015f   Thumb Code     0  startup_gd32f30x_hd.o(.text)
    WWDGT_IRQHandler                         0x0800015f   Thumb Code     0  startup_gd32f30x_hd.o(.text)
    __aeabi_memcpy                           0x08000169   Thumb Code    36  memcpya.o(.text)
    __aeabi_memcpy4                          0x08000169   Thumb Code     0  memcpya.o(.text)
    __aeabi_memcpy8                          0x08000169   Thumb Code     0  memcpya.o(.text)
    __aeabi_memset                           0x0800018d   Thumb Code    14  memseta.o(.text)
    __aeabi_memset4                          0x0800018d   Thumb Code     0  memseta.o(.text)
    __aeabi_memset8                          0x0800018d   Thumb Code     0  memseta.o(.text)
    __aeabi_memclr                           0x0800019b   Thumb Code     4  memseta.o(.text)
    __aeabi_memclr4                          0x0800019b   Thumb Code     0  memseta.o(.text)
    __aeabi_memclr8                          0x0800019b   Thumb Code     0  memseta.o(.text)
    _memset$wrapper                          0x0800019f   Thumb Code    18  memseta.o(.text)
    strlen                                   0x080001b1   Thumb Code    14  strlen.o(.text)
    __aeabi_f2d                              0x080001bf   Thumb Code    38  f2d.o(.text)
    __aeabi_uidiv                            0x080001e5   Thumb Code     0  uidiv.o(.text)
    __aeabi_uidivmod                         0x080001e5   Thumb Code    44  uidiv.o(.text)
    __aeabi_uldivmod                         0x08000211   Thumb Code    98  uldiv.o(.text)
    __I$use$fp                               0x08000273   Thumb Code     0  iusefp.o(.text)
    _frem                                    0x08000273   Thumb Code    82  frem.o(.text)
    __aeabi_dadd                             0x080002c5   Thumb Code   322  dadd.o(.text)
    __aeabi_dsub                             0x08000407   Thumb Code     6  dadd.o(.text)
    __aeabi_drsub                            0x0800040d   Thumb Code     6  dadd.o(.text)
    __aeabi_dmul                             0x08000413   Thumb Code   228  dmul.o(.text)
    __aeabi_ddiv                             0x080004f7   Thumb Code   222  ddiv.o(.text)
    __aeabi_d2ulz                            0x080005d5   Thumb Code    48  dfixul.o(.text)
    __aeabi_cdrcmple                         0x08000605   Thumb Code    48  cdrcmple.o(.text)
    __scatterload                            0x08000635   Thumb Code    28  init.o(.text)
    __scatterload_rt2                        0x08000635   Thumb Code     0  init.o(.text)
    __aeabi_llsl                             0x08000659   Thumb Code    30  llshl.o(.text)
    _ll_shift_l                              0x08000659   Thumb Code     0  llshl.o(.text)
    __aeabi_llsr                             0x08000677   Thumb Code    32  llushr.o(.text)
    _ll_ushift_r                             0x08000677   Thumb Code     0  llushr.o(.text)
    __aeabi_lasr                             0x08000697   Thumb Code    36  llsshr.o(.text)
    _ll_sshift_r                             0x08000697   Thumb Code     0  llsshr.o(.text)
    _float_round                             0x080006bb   Thumb Code    18  fepilogue.o(.text)
    _float_epilogue                          0x080006cd   Thumb Code    92  fepilogue.o(.text)
    _double_round                            0x08000729   Thumb Code    30  depilogue.o(.text)
    _double_epilogue                         0x08000747   Thumb Code   156  depilogue.o(.text)
    ADC0_1_IRQHandler                        0x080007e3   Thumb Code     8  gd32f30x_it.o(i.ADC0_1_IRQHandler)
    ADC_DMA_IRQHandler_Internal              0x0800093d   Thumb Code    32  adc.o(i.ADC_DMA_IRQHandler_Internal)
    ADC_GetAverageSample                     0x08000995   Thumb Code   330  adc.o(i.ADC_GetAverageSample)
    ADC_IRQHandler_Internal                  0x08000af5   Thumb Code    22  adc.o(i.ADC_IRQHandler_Internal)
    ADC_Init                                 0x08000b11   Thumb Code    86  adc.o(i.ADC_Init)
    ADC_RawToVoltage                         0x08000b7d   Thumb Code    26  adc.o(i.ADC_RawToVoltage)
    ADC_Start                                0x08000ba1   Thumb Code   134  adc.o(i.ADC_Start)
    ADC_VoltageToCurrent                     0x08000c41   Thumb Code    22  adc.o(i.ADC_VoltageToCurrent)
    AS5600_Init                              0x08000c69   Thumb Code     8  as5600.o(i.AS5600_Init)
    AS5600_ReadAngle                         0x08000c71   Thumb Code    14  as5600.o(i.AS5600_ReadAngle)
    BusFault_Handler                         0x08000caf   Thumb Code     4  gd32f30x_it.o(i.BusFault_Handler)
    ControlScheduler_ClearAllCallbacks       0x08000cb5   Thumb Code    22  control_scheduler.o(i.ControlScheduler_ClearAllCallbacks)
    ControlScheduler_EnableDWT               0x08000cd1   Thumb Code     8  control_scheduler.o(i.ControlScheduler_EnableDWT)
    ControlScheduler_GetExecutionCycles      0x08000cd9   Thumb Code     6  control_scheduler.o(i.ControlScheduler_GetExecutionCycles)
    ControlScheduler_Init                    0x08000ce5   Thumb Code    18  control_scheduler.o(i.ControlScheduler_Init)
    ControlScheduler_RunTick                 0x08000d01   Thumb Code   152  control_scheduler.o(i.ControlScheduler_RunTick)
    ControlScheduler_SetCallback             0x08000da9   Thumb Code    12  control_scheduler.o(i.ControlScheduler_SetCallback)
    DMA0_Channel0_IRQHandler                 0x08000db9   Thumb Code     8  gd32f30x_it.o(i.DMA0_Channel0_IRQHandler)
    DebugMon_Handler                         0x08000dc1   Thumb Code     2  gd32f30x_it.o(i.DebugMon_Handler)
    FOC_App_Init                             0x08000f2d   Thumb Code   350  foc_app.o(i.FOC_App_Init)
    FOC_App_Loop                             0x08001291   Thumb Code    14  foc_app.o(i.FOC_App_Loop)
    FOC_App_Start                            0x0800129f   Thumb Code     8  foc_app.o(i.FOC_App_Start)
    FOC_CalibrateElectricalAngleAndDirection 0x080013cd   Thumb Code   300  foc_control.o(i.FOC_CalibrateElectricalAngleAndDirection)
    FOC_CurrentLoopPIDRun                    0x08001541   Thumb Code    44  foc_control.o(i.FOC_CurrentLoopPIDRun)
    FOC_CurrentLoopStep                      0x0800156d   Thumb Code   218  foc_control.o(i.FOC_CurrentLoopStep)
    FOC_MotorInit                            0x080018a1   Thumb Code   212  foc_control.o(i.FOC_MotorInit)
    FOC_PIDInit                              0x08001979   Thumb Code    44  foc_control.o(i.FOC_PIDInit)
    FOC_Platform_BindControlTickCallback     0x08001ab5   Thumb Code    12  foc_platform_api.o(i.FOC_Platform_BindControlTickCallback)
    FOC_Platform_ControlTickSourceInit       0x08001ac1   Thumb Code    14  foc_platform_api.o(i.FOC_Platform_ControlTickSourceInit)
    FOC_Platform_EnableCycleCounter          0x08001ad1   Thumb Code    40  foc_platform_api.o(i.FOC_Platform_EnableCycleCounter)
    FOC_Platform_HighRateClockInit           0x08001b01   Thumb Code    26  foc_platform_api.o(i.FOC_Platform_HighRateClockInit)
    FOC_Platform_IndicatorInit               0x08001b21   Thumb Code     8  foc_platform_api.o(i.FOC_Platform_IndicatorInit)
    FOC_Platform_ReadCycleCounter            0x08001b29   Thumb Code     6  foc_platform_api.o(i.FOC_Platform_ReadCycleCounter)
    FOC_Platform_ReadEncoderRawAngle         0x08001b35   Thumb Code    26  foc_platform_api.o(i.FOC_Platform_ReadEncoderRawAngle)
    FOC_Platform_ReadMechanicalAngleRad      0x08001b51   Thumb Code    50  foc_platform_api.o(i.FOC_Platform_ReadMechanicalAngleRad)
    FOC_Platform_ReadPhaseCurrentAB          0x08001b89   Thumb Code    50  foc_platform_api.o(i.FOC_Platform_ReadPhaseCurrentAB)
    FOC_Platform_RegisterHighRateCallback    0x08001bbb   Thumb Code    12  foc_platform_api.o(i.FOC_Platform_RegisterHighRateCallback)
    FOC_Platform_RuntimeInit                 0x08001bc7   Thumb Code     8  foc_platform_api.o(i.FOC_Platform_RuntimeInit)
    FOC_Platform_SensorInputInit             0x08001bd1   Thumb Code    50  foc_platform_api.o(i.FOC_Platform_SensorInputInit)
    FOC_Platform_SetHeartbeatIndicator       0x08001c0d   Thumb Code    22  foc_platform_api.o(i.FOC_Platform_SetHeartbeatIndicator)
    FOC_Platform_SetSensorSampleOffsetPercent 0x08001c25   Thumb Code    60  foc_platform_api.o(i.FOC_Platform_SetSensorSampleOffsetPercent)
    FOC_Platform_StartControlTickSource      0x08001c6d   Thumb Code     8  foc_platform_api.o(i.FOC_Platform_StartControlTickSource)
    FOC_Platform_StartHighRateClock          0x08001c75   Thumb Code     8  foc_platform_api.o(i.FOC_Platform_StartHighRateClock)
    FOC_Platform_TelemetryInit               0x08001c7d   Thumb Code    12  foc_platform_api.o(i.FOC_Platform_TelemetryInit)
    FOC_Platform_TelemetryWrite              0x08001c89   Thumb Code    12  foc_platform_api.o(i.FOC_Platform_TelemetryWrite)
    FOC_Platform_TelemetryWriteByte          0x08001c95   Thumb Code    12  foc_platform_api.o(i.FOC_Platform_TelemetryWriteByte)
    FOC_Platform_WaitMs                      0x08001ca1   Thumb Code    22  foc_platform_api.o(i.FOC_Platform_WaitMs)
    FOC_SpeedAngleControlStep                0x08001de1   Thumb Code   358  foc_control.o(i.FOC_SpeedAngleControlStep)
    FOC_TorqueControlStep                    0x08001f65   Thumb Code   204  foc_control.o(i.FOC_TorqueControlStep)
    HardFault_Handler                        0x08002221   Thumb Code     4  gd32f30x_it.o(i.HardFault_Handler)
    I2C0_Init                                0x080022a9   Thumb Code    12  i2c0.o(i.I2C0_Init)
    I2C0_ReadBytes                           0x080022b5   Thumb Code   238  i2c0.o(i.I2C0_ReadBytes)
    I2C0_Unlock                              0x08002421   Thumb Code   124  i2c0.o(i.I2C0_Unlock)
    Kalman_Init                              0x08002511   Thumb Code    42  sensor.o(i.Kalman_Init)
    Kalman_Update                            0x08002545   Thumb Code   152  sensor.o(i.Kalman_Update)
    LED_Init                                 0x0800260d   Thumb Code    64  led.o(i.LED_Init)
    Math_ClarkeTransform                     0x08002651   Thumb Code    22  math_transforms.o(i.Math_ClarkeTransform)
    Math_InverseClarkeTransform              0x0800266d   Thumb Code    46  math_transforms.o(i.Math_InverseClarkeTransform)
    Math_InverseParkTransform                0x080026a1   Thumb Code    76  math_transforms.o(i.Math_InverseParkTransform)
    Math_ParkTransform                       0x080026ed   Thumb Code    80  math_transforms.o(i.Math_ParkTransform)
    MemManage_Handler                        0x0800273d   Thumb Code     4  gd32f30x_it.o(i.MemManage_Handler)
    NMI_Handler                              0x080027b1   Thumb Code     2  gd32f30x_it.o(i.NMI_Handler)
    PWM_EnableComplementaryOutputs           0x08002845   Thumb Code    12  pwm.o(i.PWM_EnableComplementaryOutputs)
    PWM_Init                                 0x080028ed   Thumb Code    86  pwm.o(i.PWM_Init)
    PWM_SetDeadTime                          0x0800294d   Thumb Code    62  pwm.o(i.PWM_SetDeadTime)
    PWM_SetDutyCycle                         0x08002991   Thumb Code    74  pwm.o(i.PWM_SetDutyCycle)
    PWM_SetDutyCycleTripleFloat              0x080029e9   Thumb Code    96  pwm.o(i.PWM_SetDutyCycleTripleFloat)
    PWM_Start                                0x08002a51   Thumb Code    10  pwm.o(i.PWM_Start)
    PendSV_Handler                           0x08002b41   Thumb Code     2  gd32f30x_it.o(i.PendSV_Handler)
    Reset_LED                                0x08002b45   Thumb Code    54  led.o(i.Reset_LED)
    SVC_Handler                              0x08002b81   Thumb Code     2  gd32f30x_it.o(i.SVC_Handler)
    SVPWM_Init                               0x08002c45   Thumb Code   186  svpwm.o(i.SVPWM_Init)
    SVPWM_InterpolationISR                   0x08002d35   Thumb Code   162  svpwm.o(i.SVPWM_InterpolationISR)
    SVPWM_Update                             0x08002e05   Thumb Code  1140  svpwm.o(i.SVPWM_Update)
    Sensor_ADCSampleTimeOffset               0x08003279   Thumb Code    24  sensor.o(i.Sensor_ADCSampleTimeOffset)
    Sensor_GetData                           0x08003291   Thumb Code     4  sensor.o(i.Sensor_GetData)
    Sensor_Init                              0x08003299   Thumb Code   118  sensor.o(i.Sensor_Init)
    Sensor_ReadAll                           0x080033ed   Thumb Code    12  sensor.o(i.Sensor_ReadAll)
    Sensor_SetZeroOffset                     0x0800344d   Thumb Code   182  sensor.o(i.Sensor_SetZeroOffset)
    Set_LED                                  0x08003515   Thumb Code    54  led.o(i.Set_LED)
    SysTick_Handler                          0x08003551   Thumb Code     8  gd32f30x_it.o(i.SysTick_Handler)
    SystemInit                               0x08003559   Thumb Code   316  system_gd32f30x.o(i.SystemInit)
    TIMER1_IRQHandler                        0x080036a1   Thumb Code     8  gd32f30x_it.o(i.TIMER1_IRQHandler)
    TIMER2_IRQHandler                        0x080036a9   Thumb Code     8  gd32f30x_it.o(i.TIMER2_IRQHandler)
    Timer1_IRQHandler_Internal               0x080036b1   Thumb Code    34  timer1.o(i.Timer1_IRQHandler_Internal)
    Timer1_Init                              0x080036d9   Thumb Code    84  timer1.o(i.Timer1_Init)
    Timer1_SetCallback                       0x08003731   Thumb Code     6  timer1.o(i.Timer1_SetCallback)
    Timer1_Start                             0x0800373d   Thumb Code    18  timer1.o(i.Timer1_Start)
    Timer2_IRQHandler_Internal               0x08003755   Thumb Code    38  timer2.o(i.Timer2_IRQHandler_Internal)
    Timer2_Init                              0x08003785   Thumb Code    96  timer2.o(i.Timer2_Init)
    Timer2_SetCallback                       0x080037ed   Thumb Code     6  timer2.o(i.Timer2_SetCallback)
    Timer2_Start                             0x080037f9   Thumb Code    16  timer2.o(i.Timer2_Start)
    Timer3_Init                              0x08003811   Thumb Code   178  timer3.o(i.Timer3_Init)
    Timer3_Start                             0x080038cd   Thumb Code    16  timer3.o(i.Timer3_Start)
    UART_Debug_OutputAll                     0x080038e5   Thumb Code   204  uart_debug.o(i.UART_Debug_OutputAll)
    USART1_ClearBuffers                      0x08003b15   Thumb Code    38  usart1.o(i.USART1_ClearBuffers)
    USART1_IRQHandler                        0x08003ce5   Thumb Code     8  gd32f30x_it.o(i.USART1_IRQHandler)
    USART1_IRQHandler_Internal               0x08003ced   Thumb Code     8  usart1.o(i.USART1_IRQHandler_Internal)
    USART1_Init                              0x08003cf5   Thumb Code   156  usart1.o(i.USART1_Init)
    USART1_SendByte                          0x08003d9d   Thumb Code    12  usart1.o(i.USART1_SendByte)
    USART1_SendData                          0x08003da9   Thumb Code    68  usart1.o(i.USART1_SendData)
    USART1_SendString                        0x08003df1   Thumb Code    28  usart1.o(i.USART1_SendString)
    USART2_ClearBuffers                      0x08003e29   Thumb Code    38  usart2.o(i.USART2_ClearBuffers)
    USART2_IRQHandler                        0x08003efd   Thumb Code     8  gd32f30x_it.o(i.USART2_IRQHandler)
    USART2_IRQHandler_Internal               0x08003f05   Thumb Code    92  usart2.o(i.USART2_IRQHandler_Internal)
    USART2_Init                              0x08003f79   Thumb Code   160  usart2.o(i.USART2_Init)
    UsageFault_Handler                       0x08004025   Thumb Code     4  gd32f30x_it.o(i.UsageFault_Handler)
    __0printf                                0x08004029   Thumb Code    22  printfa.o(i.__0printf)
    __1printf                                0x08004029   Thumb Code     0  printfa.o(i.__0printf)
    __2printf                                0x08004029   Thumb Code     0  printfa.o(i.__0printf)
    __c89printf                              0x08004029   Thumb Code     0  printfa.o(i.__0printf)
    printf                                   0x08004029   Thumb Code     0  printfa.o(i.__0printf)
    __0snprintf                              0x08004049   Thumb Code    44  printfa.o(i.__0snprintf)
    __1snprintf                              0x08004049   Thumb Code     0  printfa.o(i.__0snprintf)
    __2snprintf                              0x08004049   Thumb Code     0  printfa.o(i.__0snprintf)
    __c89snprintf                            0x08004049   Thumb Code     0  printfa.o(i.__0snprintf)
    snprintf                                 0x08004049   Thumb Code     0  printfa.o(i.__0snprintf)
    __ARM_fpclassifyf                        0x08004079   Thumb Code    38  fpclassifyf.o(i.__ARM_fpclassifyf)
    __hardfp_atan2f                          0x080040a1   Thumb Code   502  atan2f.o(i.__hardfp_atan2f)
    __hardfp_cosf                            0x080042f1   Thumb Code   280  cosf.o(i.__hardfp_cosf)
    __hardfp_fmodf                           0x08004441   Thumb Code   176  fmodf.o(i.__hardfp_fmodf)
    __hardfp_sinf                            0x080044f1   Thumb Code   344  sinf.o(i.__hardfp_sinf)
    __hardfp_sqrtf                           0x08004681   Thumb Code    58  sqrtf.o(i.__hardfp_sqrtf)
    __mathlib_flt_infnan                     0x080046bb   Thumb Code     6  funder.o(i.__mathlib_flt_infnan)
    __mathlib_flt_infnan2                    0x080046c1   Thumb Code     6  funder.o(i.__mathlib_flt_infnan2)
    __mathlib_flt_invalid                    0x080046c9   Thumb Code    10  funder.o(i.__mathlib_flt_invalid)
    __mathlib_flt_underflow                  0x080046d9   Thumb Code    10  funder.o(i.__mathlib_flt_underflow)
    __mathlib_rredf2                         0x080046e9   Thumb Code   316  rredf.o(i.__mathlib_rredf2)
    __scatterload_copy                       0x0800483d   Thumb Code    14  handlers.o(i.__scatterload_copy)
    __scatterload_null                       0x0800484b   Thumb Code     2  handlers.o(i.__scatterload_null)
    __scatterload_zeroinit                   0x0800484d   Thumb Code    14  handlers.o(i.__scatterload_zeroinit)
    __set_errno                              0x0800485d   Thumb Code     6  errno.o(i.__set_errno)
    adc_calibration_enable                   0x0800514d   Thumb Code    42  gd32f30x_adc.o(i.adc_calibration_enable)
    adc_channel_length_config                0x08005177   Thumb Code    70  gd32f30x_adc.o(i.adc_channel_length_config)
    adc_data_alignment_config                0x080051bd   Thumb Code    22  gd32f30x_adc.o(i.adc_data_alignment_config)
    adc_deinit                               0x080051d5   Thumb Code    84  gd32f30x_adc.o(i.adc_deinit)
    adc_dma_mode_enable                      0x0800522d   Thumb Code    10  gd32f30x_adc.o(i.adc_dma_mode_enable)
    adc_enable                               0x08005237   Thumb Code    18  gd32f30x_adc.o(i.adc_enable)
    adc_external_trigger_config              0x08005249   Thumb Code    62  gd32f30x_adc.o(i.adc_external_trigger_config)
    adc_external_trigger_source_config       0x08005287   Thumb Code    48  gd32f30x_adc.o(i.adc_external_trigger_source_config)
    adc_flag_clear                           0x080052b7   Thumb Code     6  gd32f30x_adc.o(i.adc_flag_clear)
    adc_interrupt_enable                     0x080052bd   Thumb Code    44  gd32f30x_adc.o(i.adc_interrupt_enable)
    adc_interrupt_flag_clear                 0x080052e9   Thumb Code     6  gd32f30x_adc.o(i.adc_interrupt_flag_clear)
    adc_interrupt_flag_get                   0x080052ef   Thumb Code    88  gd32f30x_adc.o(i.adc_interrupt_flag_get)
    adc_mode_config                          0x08005349   Thumb Code    22  gd32f30x_adc.o(i.adc_mode_config)
    adc_resolution_config                    0x08005365   Thumb Code    20  gd32f30x_adc.o(i.adc_resolution_config)
    adc_routine_channel_config               0x08005379   Thumb Code   172  gd32f30x_adc.o(i.adc_routine_channel_config)
    adc_special_function_config              0x08005425   Thumb Code    90  gd32f30x_adc.o(i.adc_special_function_config)
    delay_1ms                                0x08005481   Thumb Code    16  systick.o(i.delay_1ms)
    delay_decrement                          0x08005495   Thumb Code    28  systick.o(i.delay_decrement)
    dma_channel_disable                      0x080054b9   Thumb Code    50  gd32f30x_dma.o(i.dma_channel_disable)
    dma_channel_enable                       0x080054eb   Thumb Code    50  gd32f30x_dma.o(i.dma_channel_enable)
    dma_circulation_disable                  0x0800551d   Thumb Code    50  gd32f30x_dma.o(i.dma_circulation_disable)
    dma_circulation_enable                   0x0800554f   Thumb Code    50  gd32f30x_dma.o(i.dma_circulation_enable)
    dma_deinit                               0x08005581   Thumb Code   112  gd32f30x_dma.o(i.dma_deinit)
    dma_flag_clear                           0x080055f1   Thumb Code    16  gd32f30x_dma.o(i.dma_flag_clear)
    dma_flag_get                             0x08005601   Thumb Code    24  gd32f30x_dma.o(i.dma_flag_get)
    dma_init                                 0x08005619   Thumb Code   302  gd32f30x_dma.o(i.dma_init)
    dma_interrupt_enable                     0x08005747   Thumb Code    50  gd32f30x_dma.o(i.dma_interrupt_enable)
    dma_interrupt_flag_clear                 0x08005779   Thumb Code    16  gd32f30x_dma.o(i.dma_interrupt_flag_clear)
    dma_interrupt_flag_get                   0x08005789   Thumb Code   132  gd32f30x_dma.o(i.dma_interrupt_flag_get)
    dma_memory_address_config                0x0800580d   Thumb Code    36  gd32f30x_dma.o(i.dma_memory_address_config)
    dma_periph_address_config                0x08005831   Thumb Code    36  gd32f30x_dma.o(i.dma_periph_address_config)
    dma_struct_para_init                     0x0800586d   Thumb Code    28  gd32f30x_dma.o(i.dma_struct_para_init)
    dma_transfer_number_config               0x08005889   Thumb Code    38  gd32f30x_dma.o(i.dma_transfer_number_config)
    dma_transfer_number_get                  0x080058af   Thumb Code    34  gd32f30x_dma.o(i.dma_transfer_number_get)
    fputc                                    0x080058d1   Thumb Code    16  uart_debug.o(i.fputc)
    gpio_bit_reset                           0x080058e1   Thumb Code     4  gd32f30x_gpio.o(i.gpio_bit_reset)
    gpio_bit_set                             0x080058e5   Thumb Code     4  gd32f30x_gpio.o(i.gpio_bit_set)
    gpio_init                                0x080058e9   Thumb Code   188  gd32f30x_gpio.o(i.gpio_init)
    i2c_ack_config                           0x080059a5   Thumb Code    16  gd32f30x_i2c.o(i.i2c_ack_config)
    i2c_clock_config                         0x080059b5   Thumb Code   306  gd32f30x_i2c.o(i.i2c_clock_config)
    i2c_data_receive                         0x08005af5   Thumb Code     8  gd32f30x_i2c.o(i.i2c_data_receive)
    i2c_data_transmit                        0x08005afd   Thumb Code     6  gd32f30x_i2c.o(i.i2c_data_transmit)
    i2c_deinit                               0x08005b05   Thumb Code    60  gd32f30x_i2c.o(i.i2c_deinit)
    i2c_disable                              0x08005b45   Thumb Code    10  gd32f30x_i2c.o(i.i2c_disable)
    i2c_enable                               0x08005b4f   Thumb Code    10  gd32f30x_i2c.o(i.i2c_enable)
    i2c_flag_clear                           0x08005b59   Thumb Code    40  gd32f30x_i2c.o(i.i2c_flag_clear)
    i2c_flag_get                             0x08005b81   Thumb Code    30  gd32f30x_i2c.o(i.i2c_flag_get)
    i2c_master_addressing                    0x08005b9f   Thumb Code    20  gd32f30x_i2c.o(i.i2c_master_addressing)
    i2c_mode_addr_config                     0x08005bb3   Thumb Code    28  gd32f30x_i2c.o(i.i2c_mode_addr_config)
    i2c_software_reset_config                0x08005bcf   Thumb Code    16  gd32f30x_i2c.o(i.i2c_software_reset_config)
    i2c_start_on_bus                         0x08005bdf   Thumb Code    10  gd32f30x_i2c.o(i.i2c_start_on_bus)
    i2c_stop_on_bus                          0x08005be9   Thumb Code    10  gd32f30x_i2c.o(i.i2c_stop_on_bus)
    main                                     0x08005bf3   Thumb Code    16  main.o(i.main)
    nvic_irq_enable                          0x08005c05   Thumb Code   254  gd32f30x_misc.o(i.nvic_irq_enable)
    nvic_priority_group_set                  0x08005d0d   Thumb Code    10  gd32f30x_misc.o(i.nvic_priority_group_set)
    rcu_clock_freq_get                       0x08005d21   Thumb Code   310  gd32f30x_rcu.o(i.rcu_clock_freq_get)
    rcu_periph_clock_enable                  0x08005e79   Thumb Code    28  gd32f30x_rcu.o(i.rcu_periph_clock_enable)
    rcu_periph_reset_disable                 0x08005e99   Thumb Code    28  gd32f30x_rcu.o(i.rcu_periph_reset_disable)
    rcu_periph_reset_enable                  0x08005eb9   Thumb Code    28  gd32f30x_rcu.o(i.rcu_periph_reset_enable)
    systick_config                           0x08005ffd   Thumb Code    74  systick.o(i.systick_config)
    systick_get_tick                         0x0800604d   Thumb Code     6  systick.o(i.systick_get_tick)
    timer_auto_reload_shadow_enable          0x08006059   Thumb Code    10  gd32f30x_timer.o(i.timer_auto_reload_shadow_enable)
    timer_break_config                       0x08006063   Thumb Code    30  gd32f30x_timer.o(i.timer_break_config)
    timer_break_struct_para_init             0x08006081   Thumb Code    18  gd32f30x_timer.o(i.timer_break_struct_para_init)
    timer_channel_output_config              0x08006095   Thumb Code   484  gd32f30x_timer.o(i.timer_channel_output_config)
    timer_channel_output_mode_config         0x08006281   Thumb Code    90  gd32f30x_timer.o(i.timer_channel_output_mode_config)
    timer_channel_output_pulse_value_config  0x080062db   Thumb Code    38  gd32f30x_timer.o(i.timer_channel_output_pulse_value_config)
    timer_channel_output_shadow_config       0x08006301   Thumb Code    90  gd32f30x_timer.o(i.timer_channel_output_shadow_config)
    timer_channel_output_struct_para_init    0x0800635b   Thumb Code    16  gd32f30x_timer.o(i.timer_channel_output_struct_para_init)
    timer_counter_value_config               0x0800636b   Thumb Code     4  gd32f30x_timer.o(i.timer_counter_value_config)
    timer_deinit                             0x08006371   Thumb Code   210  gd32f30x_timer.o(i.timer_deinit)
    timer_enable                             0x0800644d   Thumb Code    10  gd32f30x_timer.o(i.timer_enable)
    timer_init                               0x08006459   Thumb Code   122  gd32f30x_timer.o(i.timer_init)
    timer_input_trigger_source_select        0x080064f1   Thumb Code    16  gd32f30x_timer.o(i.timer_input_trigger_source_select)
    timer_interrupt_enable                   0x08006501   Thumb Code     8  gd32f30x_timer.o(i.timer_interrupt_enable)
    timer_interrupt_flag_clear               0x08006509   Thumb Code     6  gd32f30x_timer.o(i.timer_interrupt_flag_clear)
    timer_interrupt_flag_get                 0x0800650f   Thumb Code    28  gd32f30x_timer.o(i.timer_interrupt_flag_get)
    timer_master_output_trigger_source_select 0x0800652b   Thumb Code    16  gd32f30x_timer.o(i.timer_master_output_trigger_source_select)
    timer_master_slave_mode_config           0x0800653b   Thumb Code    26  gd32f30x_timer.o(i.timer_master_slave_mode_config)
    timer_primary_output_config              0x08006555   Thumb Code    24  gd32f30x_timer.o(i.timer_primary_output_config)
    timer_slave_mode_select                  0x0800656d   Thumb Code    16  gd32f30x_timer.o(i.timer_slave_mode_select)
    usart_baudrate_set                       0x0800657d   Thumb Code   136  gd32f30x_usart.o(i.usart_baudrate_set)
    usart_data_receive                       0x0800660d   Thumb Code    10  gd32f30x_usart.o(i.usart_data_receive)
    usart_deinit                             0x08006619   Thumb Code   136  gd32f30x_usart.o(i.usart_deinit)
    usart_dma_transmit_config                0x080066a9   Thumb Code    20  gd32f30x_usart.o(i.usart_dma_transmit_config)
    usart_enable                             0x080066bd   Thumb Code    10  gd32f30x_usart.o(i.usart_enable)
    usart_flag_get                           0x080066c7   Thumb Code    32  gd32f30x_usart.o(i.usart_flag_get)
    usart_hardware_flow_cts_config           0x080066e7   Thumb Code    20  gd32f30x_usart.o(i.usart_hardware_flow_cts_config)
    usart_hardware_flow_rts_config           0x080066fb   Thumb Code    20  gd32f30x_usart.o(i.usart_hardware_flow_rts_config)
    usart_interrupt_disable                  0x0800670f   Thumb Code    26  gd32f30x_usart.o(i.usart_interrupt_disable)
    usart_interrupt_enable                   0x08006729   Thumb Code    26  gd32f30x_usart.o(i.usart_interrupt_enable)
    usart_interrupt_flag_clear               0x08006743   Thumb Code    18  gd32f30x_usart.o(i.usart_interrupt_flag_clear)
    usart_interrupt_flag_get                 0x08006755   Thumb Code    58  gd32f30x_usart.o(i.usart_interrupt_flag_get)
    usart_parity_config                      0x0800678f   Thumb Code    16  gd32f30x_usart.o(i.usart_parity_config)
    usart_receive_config                     0x0800679f   Thumb Code    20  gd32f30x_usart.o(i.usart_receive_config)
    usart_stop_bit_set                       0x080067b3   Thumb Code    16  gd32f30x_usart.o(i.usart_stop_bit_set)
    usart_transmit_config                    0x080067c3   Thumb Code    20  gd32f30x_usart.o(i.usart_transmit_config)
    usart_word_length_set                    0x080067d7   Thumb Code    16  gd32f30x_usart.o(i.usart_word_length_set)
    Region$$Table$$Base                      0x08006808   Number         0  anon$$obj.o(Region$$Table)
    Region$$Table$$Limit                     0x08006828   Number         0  anon$$obj.o(Region$$Table)
    SystemCoreClock                          0x20000050   Data           4  system_gd32f30x.o(.data)
    __stdout                                 0x20000090   Data           4  stdout.o(.data)
    __initial_sp                             0x20000850   Data           0  startup_gd32f30x_hd.o(STACK)



==============================================================================

Memory Map of the image

  Image Entry point : 0x08000131

  Load Region LR_IROM1 (Base: 0x08000000, Size: 0x000068c0, Max: 0x00040000, ABSOLUTE)

    Execution Region ER_IROM1 (Exec base: 0x08000000, Load base: 0x08000000, Size: 0x00006828, Max: 0x00040000, ABSOLUTE)

    Exec Addr    Load Addr    Size         Type   Attr      Idx    E Section Name        Object

    0x08000000   0x08000000   0x00000130   Data   RO         4974    RESET               startup_gd32f30x_hd.o
    0x08000130   0x08000130   0x00000000   Code   RO         5856  * .ARM.Collect$$$$00000000  mc_w.l(entry.o)
    0x08000130   0x08000130   0x00000004   Code   RO         6149    .ARM.Collect$$$$00000001  mc_w.l(entry2.o)
    0x08000134   0x08000134   0x00000004   Code   RO         6152    .ARM.Collect$$$$00000004  mc_w.l(entry5.o)
    0x08000138   0x08000138   0x00000000   Code   RO         6154    .ARM.Collect$$$$00000008  mc_w.l(entry7b.o)
    0x08000138   0x08000138   0x00000000   Code   RO         6156    .ARM.Collect$$$$0000000A  mc_w.l(entry8b.o)
    0x08000138   0x08000138   0x00000008   Code   RO         6157    .ARM.Collect$$$$0000000B  mc_w.l(entry9a.o)
    0x08000140   0x08000140   0x00000000   Code   RO         6159    .ARM.Collect$$$$0000000D  mc_w.l(entry10a.o)
    0x08000140   0x08000140   0x00000000   Code   RO         6161    .ARM.Collect$$$$0000000F  mc_w.l(entry11a.o)
    0x08000140   0x08000140   0x00000004   Code   RO         6150    .ARM.Collect$$$$00002712  mc_w.l(entry2.o)
    0x08000144   0x08000144   0x00000024   Code   RO         4975    .text               startup_gd32f30x_hd.o
    0x08000168   0x08000168   0x00000024   Code   RO         5859    .text               mc_w.l(memcpya.o)
    0x0800018c   0x0800018c   0x00000024   Code   RO         5861    .text               mc_w.l(memseta.o)
    0x080001b0   0x080001b0   0x0000000e   Code   RO         5863    .text               mc_w.l(strlen.o)
    0x080001be   0x080001be   0x00000026   Code   RO         6128    .text               mf_w.l(f2d.o)
    0x080001e4   0x080001e4   0x0000002c   Code   RO         6164    .text               mc_w.l(uidiv.o)
    0x08000210   0x08000210   0x00000062   Code   RO         6166    .text               mc_w.l(uldiv.o)
    0x08000272   0x08000272   0x00000000   Code   RO         6175    .text               mc_w.l(iusefp.o)
    0x08000272   0x08000272   0x00000052   Code   RO         6176    .text               mf_w.l(frem.o)
    0x080002c4   0x080002c4   0x0000014e   Code   RO         6178    .text               mf_w.l(dadd.o)
    0x08000412   0x08000412   0x000000e4   Code   RO         6180    .text               mf_w.l(dmul.o)
    0x080004f6   0x080004f6   0x000000de   Code   RO         6182    .text               mf_w.l(ddiv.o)
    0x080005d4   0x080005d4   0x00000030   Code   RO         6184    .text               mf_w.l(dfixul.o)
    0x08000604   0x08000604   0x00000030   Code   RO         6186    .text               mf_w.l(cdrcmple.o)
    0x08000634   0x08000634   0x00000024   Code   RO         6188    .text               mc_w.l(init.o)
    0x08000658   0x08000658   0x0000001e   Code   RO         6190    .text               mc_w.l(llshl.o)
    0x08000676   0x08000676   0x00000020   Code   RO         6192    .text               mc_w.l(llushr.o)
    0x08000696   0x08000696   0x00000024   Code   RO         6194    .text               mc_w.l(llsshr.o)
    0x080006ba   0x080006ba   0x0000006e   Code   RO         6196    .text               mf_w.l(fepilogue.o)
    0x08000728   0x08000728   0x000000ba   Code   RO         6198    .text               mf_w.l(depilogue.o)
    0x080007e2   0x080007e2   0x00000008   Code   RO          603    i.ADC0_1_IRQHandler  gd32f30x_it.o
    0x080007ea   0x080007ea   0x00000002   PAD
    0x080007ec   0x080007ec   0x000000d4   Code   RO         5318    i.ADC_Config        adc.o
    0x080008c0   0x080008c0   0x0000007c   Code   RO         5319    i.ADC_DMA_Config    adc.o
    0x0800093c   0x0800093c   0x00000028   Code   RO         5320    i.ADC_DMA_IRQHandler_Internal  adc.o
    0x08000964   0x08000964   0x00000030   Code   RO         5322    i.ADC_GPIO_Config   adc.o
    0x08000994   0x08000994   0x00000160   Code   RO         5325    i.ADC_GetAverageSample  adc.o
    0x08000af4   0x08000af4   0x0000001c   Code   RO         5329    i.ADC_IRQHandler_Internal  adc.o
    0x08000b10   0x08000b10   0x0000006c   Code   RO         5330    i.ADC_Init          adc.o
    0x08000b7c   0x08000b7c   0x00000024   Code   RO         5332    i.ADC_RawToVoltage  adc.o
    0x08000ba0   0x08000ba0   0x000000a0   Code   RO         5334    i.ADC_Start         adc.o
    0x08000c40   0x08000c40   0x00000020   Code   RO         5336    i.ADC_VoltageToCurrent  adc.o
    0x08000c60   0x08000c60   0x00000008   Code   RO         5214    i.AS5600_CombineBytes  as5600.o
    0x08000c68   0x08000c68   0x00000008   Code   RO         5216    i.AS5600_Init       as5600.o
    0x08000c70   0x08000c70   0x0000000e   Code   RO         5220    i.AS5600_ReadAngle  as5600.o
    0x08000c7e   0x08000c7e   0x00000030   Code   RO         5223    i.AS5600_ReadRegister16  as5600.o
    0x08000cae   0x08000cae   0x00000004   Code   RO          604    i.BusFault_Handler  gd32f30x_it.o
    0x08000cb2   0x08000cb2   0x00000002   PAD
    0x08000cb4   0x08000cb4   0x0000001c   Code   RO            3    i.ControlScheduler_ClearAllCallbacks  control_scheduler.o
    0x08000cd0   0x08000cd0   0x00000008   Code   RO            5    i.ControlScheduler_EnableDWT  control_scheduler.o
    0x08000cd8   0x08000cd8   0x0000000c   Code   RO            6    i.ControlScheduler_GetExecutionCycles  control_scheduler.o
    0x08000ce4   0x08000ce4   0x0000001c   Code   RO            8    i.ControlScheduler_Init  control_scheduler.o
    0x08000d00   0x08000d00   0x000000a8   Code   RO           10    i.ControlScheduler_RunTick  control_scheduler.o
    0x08000da8   0x08000da8   0x00000010   Code   RO           11    i.ControlScheduler_SetCallback  control_scheduler.o
    0x08000db8   0x08000db8   0x00000008   Code   RO          605    i.DMA0_Channel0_IRQHandler  gd32f30x_it.o
    0x08000dc0   0x08000dc0   0x00000002   Code   RO          606    i.DebugMon_Handler  gd32f30x_it.o
    0x08000dc2   0x08000dc2   0x00000002   PAD
    0x08000dc4   0x08000dc4   0x00000168   Code   RO          303    i.FOC_AngleHoldPIDRun  foc_control.o
    0x08000f2c   0x08000f2c   0x00000364   Code   RO          227    i.FOC_App_Init      foc_app.o
    0x08001290   0x08001290   0x0000000e   Code   RO          228    i.FOC_App_Loop      foc_app.o
    0x0800129e   0x0800129e   0x00000008   Code   RO          229    i.FOC_App_Start     foc_app.o
    0x080012a6   0x080012a6   0x00000002   PAD
    0x080012a8   0x080012a8   0x00000124   Code   RO          304    i.FOC_ApplyElectricalAngle  foc_control.o
    0x080013cc   0x080013cc   0x00000134   Code   RO          305    i.FOC_CalibrateElectricalAngleAndDirection  foc_control.o
    0x08001500   0x08001500   0x0000002a   Code   RO          306    i.FOC_ClampFloat    foc_control.o
    0x0800152a   0x0800152a   0x00000016   Code   RO          307    i.FOC_ClampPolePairs  foc_control.o
    0x08001540   0x08001540   0x0000002c   Code   RO          308    i.FOC_CurrentLoopPIDRun  foc_control.o
    0x0800156c   0x0800156c   0x000000e0   Code   RO          309    i.FOC_CurrentLoopStep  foc_control.o
    0x0800164c   0x0800164c   0x00000190   Code   RO          310    i.FOC_EstimateDirectionAndPolePairs  foc_control.o
    0x080017dc   0x080017dc   0x000000c4   Code   RO          311    i.FOC_MechanicalToElectricalAngle  foc_control.o
    0x080018a0   0x080018a0   0x000000d8   Code   RO          312    i.FOC_MotorInit     foc_control.o
    0x08001978   0x08001978   0x00000030   Code   RO          314    i.FOC_PIDInit       foc_control.o
    0x080019a8   0x080019a8   0x0000010c   Code   RO          316    i.FOC_PIDRunCore    foc_control.o
    0x08001ab4   0x08001ab4   0x0000000c   Code   RO          467    i.FOC_Platform_BindControlTickCallback  foc_platform_api.o
    0x08001ac0   0x08001ac0   0x0000000e   Code   RO          468    i.FOC_Platform_ControlTickSourceInit  foc_platform_api.o
    0x08001ace   0x08001ace   0x00000002   PAD
    0x08001ad0   0x08001ad0   0x00000030   Code   RO          469    i.FOC_Platform_EnableCycleCounter  foc_platform_api.o
    0x08001b00   0x08001b00   0x00000020   Code   RO          470    i.FOC_Platform_HighRateClockInit  foc_platform_api.o
    0x08001b20   0x08001b20   0x00000008   Code   RO          471    i.FOC_Platform_IndicatorInit  foc_platform_api.o
    0x08001b28   0x08001b28   0x0000000c   Code   RO          472    i.FOC_Platform_ReadCycleCounter  foc_platform_api.o
    0x08001b34   0x08001b34   0x0000001a   Code   RO          473    i.FOC_Platform_ReadEncoderRawAngle  foc_platform_api.o
    0x08001b4e   0x08001b4e   0x00000002   PAD
    0x08001b50   0x08001b50   0x00000038   Code   RO          474    i.FOC_Platform_ReadMechanicalAngleRad  foc_platform_api.o
    0x08001b88   0x08001b88   0x00000032   Code   RO          475    i.FOC_Platform_ReadPhaseCurrentAB  foc_platform_api.o
    0x08001bba   0x08001bba   0x0000000c   Code   RO          476    i.FOC_Platform_RegisterHighRateCallback  foc_platform_api.o
    0x08001bc6   0x08001bc6   0x00000008   Code   RO          477    i.FOC_Platform_RuntimeInit  foc_platform_api.o
    0x08001bce   0x08001bce   0x00000002   PAD
    0x08001bd0   0x08001bd0   0x0000003c   Code   RO          478    i.FOC_Platform_SensorInputInit  foc_platform_api.o
    0x08001c0c   0x08001c0c   0x00000016   Code   RO          479    i.FOC_Platform_SetHeartbeatIndicator  foc_platform_api.o
    0x08001c22   0x08001c22   0x00000002   PAD
    0x08001c24   0x08001c24   0x00000048   Code   RO          480    i.FOC_Platform_SetSensorSampleOffsetPercent  foc_platform_api.o
    0x08001c6c   0x08001c6c   0x00000008   Code   RO          481    i.FOC_Platform_StartControlTickSource  foc_platform_api.o
    0x08001c74   0x08001c74   0x00000008   Code   RO          482    i.FOC_Platform_StartHighRateClock  foc_platform_api.o
    0x08001c7c   0x08001c7c   0x0000000c   Code   RO          483    i.FOC_Platform_TelemetryInit  foc_platform_api.o
    0x08001c88   0x08001c88   0x0000000c   Code   RO          484    i.FOC_Platform_TelemetryWrite  foc_platform_api.o
    0x08001c94   0x08001c94   0x0000000c   Code   RO          485    i.FOC_Platform_TelemetryWriteByte  foc_platform_api.o
    0x08001ca0   0x08001ca0   0x00000016   Code   RO          486    i.FOC_Platform_WaitMs  foc_platform_api.o
    0x08001cb6   0x08001cb6   0x0000000c   Code   RO          317    i.FOC_ReadMechanicalAngleRad  foc_control.o
    0x08001cc2   0x08001cc2   0x00000002   PAD
    0x08001cc4   0x08001cc4   0x0000001c   Code   RO          318    i.FOC_ResetPIDState  foc_control.o
    0x08001ce0   0x08001ce0   0x0000002c   Code   RO          319    i.FOC_ResetSpeedState  foc_control.o
    0x08001d0c   0x08001d0c   0x000000d4   Code   RO          320    i.FOC_SampleLockedMechanicalAngle  foc_control.o
    0x08001de0   0x08001de0   0x00000184   Code   RO          321    i.FOC_SpeedAngleControlStep  foc_control.o
    0x08001f64   0x08001f64   0x000000d4   Code   RO          323    i.FOC_TorqueControlStep  foc_control.o
    0x08002038   0x08002038   0x00000068   Code   RO          324    i.FOC_UpdateAccumulatedMechanicalAngle  foc_control.o
    0x080020a0   0x080020a0   0x000000fc   Code   RO          325    i.FOC_UpdateSpeedAngleError  foc_control.o
    0x0800219c   0x0800219c   0x0000003c   Code   RO          326    i.FOC_WrapRad       foc_control.o
    0x080021d8   0x080021d8   0x00000048   Code   RO          327    i.FOC_WrapRadDelta  foc_control.o
    0x08002220   0x08002220   0x00000004   Code   RO          607    i.HardFault_Handler  gd32f30x_it.o
    0x08002224   0x08002224   0x0000005c   Code   RO         5449    i.I2C0_Config       i2c0.o
    0x08002280   0x08002280   0x00000028   Code   RO         5450    i.I2C0_GPIO_Config  i2c0.o
    0x080022a8   0x080022a8   0x0000000c   Code   RO         5451    i.I2C0_Init         i2c0.o
    0x080022b4   0x080022b4   0x000000f4   Code   RO         5453    i.I2C0_ReadBytes    i2c0.o
    0x080023a8   0x080023a8   0x00000038   Code   RO         5454    i.I2C0_SendAddress  i2c0.o
    0x080023e0   0x080023e0   0x00000028   Code   RO         5455    i.I2C0_SendStart    i2c0.o
    0x08002408   0x08002408   0x00000018   Code   RO         5456    i.I2C0_SendStop     i2c0.o
    0x08002420   0x08002420   0x00000080   Code   RO         5457    i.I2C0_Unlock       i2c0.o
    0x080024a0   0x080024a0   0x0000003c   Code   RO         5458    i.I2C0_WaitFlag     i2c0.o
    0x080024dc   0x080024dc   0x00000034   Code   RO         5459    i.I2C0_WaitStopClear  i2c0.o
    0x08002510   0x08002510   0x00000034   Code   RO          763    i.Kalman_Init       sensor.o
    0x08002544   0x08002544   0x000000a0   Code   RO          764    i.Kalman_Update     sensor.o
    0x080025e4   0x080025e4   0x00000028   Code   RO          230    i.LED_Blink_1Hz     foc_app.o
    0x0800260c   0x0800260c   0x00000044   Code   RO         5178    i.LED_Init          led.o
    0x08002650   0x08002650   0x0000001c   Code   RO          731    i.Math_ClarkeTransform  math_transforms.o
    0x0800266c   0x0800266c   0x00000034   Code   RO          732    i.Math_InverseClarkeTransform  math_transforms.o
    0x080026a0   0x080026a0   0x0000004c   Code   RO          733    i.Math_InverseParkTransform  math_transforms.o
    0x080026ec   0x080026ec   0x00000050   Code   RO          734    i.Math_ParkTransform  math_transforms.o
    0x0800273c   0x0800273c   0x00000004   Code   RO          608    i.MemManage_Handler  gd32f30x_it.o
    0x08002740   0x08002740   0x00000070   Code   RO          231    i.Motor_Control_Loop  foc_app.o
    0x080027b0   0x080027b0   0x00000002   Code   RO          609    i.NMI_Handler       gd32f30x_it.o
    0x080027b2   0x080027b2   0x00000002   PAD
    0x080027b4   0x080027b4   0x00000028   Code   RO          882    i.NVIC_SetPriority  systick.o
    0x080027dc   0x080027dc   0x00000018   Code   RO         5079    i.PWM_CalculateCompareValue  pwm.o
    0x080027f4   0x080027f4   0x00000050   Code   RO         5080    i.PWM_CalculateCompareValueFloat  pwm.o
    0x08002844   0x08002844   0x00000010   Code   RO         5082    i.PWM_EnableComplementaryOutputs  pwm.o
    0x08002854   0x08002854   0x00000098   Code   RO         5083    i.PWM_GPIO_Config   pwm.o
    0x080028ec   0x080028ec   0x00000060   Code   RO         5085    i.PWM_Init          pwm.o
    0x0800294c   0x0800294c   0x00000044   Code   RO         5086    i.PWM_SetDeadTime   pwm.o
    0x08002990   0x08002990   0x00000058   Code   RO         5087    i.PWM_SetDutyCycle  pwm.o
    0x080029e8   0x080029e8   0x00000068   Code   RO         5089    i.PWM_SetDutyCycleTripleFloat  pwm.o
    0x08002a50   0x08002a50   0x00000010   Code   RO         5090    i.PWM_Start         pwm.o
    0x08002a60   0x08002a60   0x000000e0   Code   RO         5092    i.PWM_Timer_Config  pwm.o
    0x08002b40   0x08002b40   0x00000002   Code   RO          610    i.PendSV_Handler    gd32f30x_it.o
    0x08002b42   0x08002b42   0x00000002   PAD
    0x08002b44   0x08002b44   0x0000003c   Code   RO         5179    i.Reset_LED         led.o
    0x08002b80   0x08002b80   0x00000002   Code   RO          611    i.SVC_Handler       gd32f30x_it.o
    0x08002b82   0x08002b82   0x00000002   PAD
    0x08002b84   0x08002b84   0x00000034   Code   RO          831    i.SVPWM_Clamp01     svpwm.o
    0x08002bb8   0x08002bb8   0x0000008c   Code   RO          832    i.SVPWM_DetermineSector  svpwm.o
    0x08002c44   0x08002c44   0x000000f0   Code   RO          834    i.SVPWM_Init        svpwm.o
    0x08002d34   0x08002d34   0x000000d0   Code   RO          835    i.SVPWM_InterpolationISR  svpwm.o
    0x08002e04   0x08002e04   0x00000474   Code   RO          836    i.SVPWM_Update      svpwm.o
    0x08003278   0x08003278   0x00000018   Code   RO          765    i.Sensor_ADCSampleTimeOffset  sensor.o
    0x08003290   0x08003290   0x00000008   Code   RO          766    i.Sensor_GetData    sensor.o
    0x08003298   0x08003298   0x00000090   Code   RO          767    i.Sensor_Init       sensor.o
    0x08003328   0x08003328   0x000000c4   Code   RO          768    i.Sensor_ReadADC    sensor.o
    0x080033ec   0x080033ec   0x0000000c   Code   RO          769    i.Sensor_ReadAll    sensor.o
    0x080033f8   0x080033f8   0x00000054   Code   RO          770    i.Sensor_ReadEncoder  sensor.o
    0x0800344c   0x0800344c   0x000000c8   Code   RO          771    i.Sensor_SetZeroOffset  sensor.o
    0x08003514   0x08003514   0x0000003c   Code   RO         5180    i.Set_LED           led.o
    0x08003550   0x08003550   0x00000008   Code   RO          612    i.SysTick_Handler   gd32f30x_it.o
    0x08003558   0x08003558   0x00000148   Code   RO          991    i.SystemInit        system_gd32f30x.o
    0x080036a0   0x080036a0   0x00000008   Code   RO          613    i.TIMER1_IRQHandler  gd32f30x_it.o
    0x080036a8   0x080036a8   0x00000008   Code   RO          614    i.TIMER2_IRQHandler  gd32f30x_it.o
    0x080036b0   0x080036b0   0x00000028   Code   RO         5030    i.Timer1_IRQHandler_Internal  timer1.o
    0x080036d8   0x080036d8   0x00000058   Code   RO         5031    i.Timer1_Init       timer1.o
    0x08003730   0x08003730   0x0000000c   Code   RO         5032    i.Timer1_SetCallback  timer1.o
    0x0800373c   0x0800373c   0x00000018   Code   RO         5033    i.Timer1_Start      timer1.o
    0x08003754   0x08003754   0x00000030   Code   RO         4981    i.Timer2_IRQHandler_Internal  timer2.o
    0x08003784   0x08003784   0x00000068   Code   RO         4982    i.Timer2_Init       timer2.o
    0x080037ec   0x080037ec   0x0000000c   Code   RO         4983    i.Timer2_SetCallback  timer2.o
    0x080037f8   0x080037f8   0x00000018   Code   RO         4984    i.Timer2_Start      timer2.o
    0x08003810   0x08003810   0x000000bc   Code   RO         5761    i.Timer3_Init       timer3.o
    0x080038cc   0x080038cc   0x00000018   Code   RO         5762    i.Timer3_Start      timer3.o
    0x080038e4   0x080038e4   0x000001c8   Code   RO          932    i.UART_Debug_OutputAll  uart_debug.o
    0x08003aac   0x08003aac   0x0000004c   Code   RO          936    i.UART_Debug_SendFormattedFloat  uart_debug.o
    0x08003af8   0x08003af8   0x0000001a   Code   RO         5543    i.USART1_BufferIsFull  usart1.o
    0x08003b12   0x08003b12   0x00000002   PAD
    0x08003b14   0x08003b14   0x00000038   Code   RO         5544    i.USART1_ClearBuffers  usart1.o
    0x08003b4c   0x08003b4c   0x00000064   Code   RO         5545    i.USART1_DMATxConfig  usart1.o
    0x08003bb0   0x08003bb0   0x00000088   Code   RO         5546    i.USART1_DMATxTransfer  usart1.o
    0x08003c38   0x08003c38   0x0000001c   Code   RO         5547    i.USART1_DisableInterrupts  usart1.o
    0x08003c54   0x08003c54   0x0000001c   Code   RO         5548    i.USART1_EnableInterrupts  usart1.o
    0x08003c70   0x08003c70   0x00000074   Code   RO         5549    i.USART1_HandlerInternal  usart1.o
    0x08003ce4   0x08003ce4   0x00000008   Code   RO          615    i.USART1_IRQHandler  gd32f30x_it.o
    0x08003cec   0x08003cec   0x00000008   Code   RO         5550    i.USART1_IRQHandler_Internal  usart1.o
    0x08003cf4   0x08003cf4   0x000000a8   Code   RO         5551    i.USART1_Init       usart1.o
    0x08003d9c   0x08003d9c   0x0000000c   Code   RO         5554    i.USART1_SendByte   usart1.o
    0x08003da8   0x08003da8   0x00000048   Code   RO         5555    i.USART1_SendData   usart1.o
    0x08003df0   0x08003df0   0x0000001c   Code   RO         5556    i.USART1_SendString  usart1.o
    0x08003e0c   0x08003e0c   0x0000001a   Code   RO         5652    i.USART2_BufferIsFull  usart2.o
    0x08003e26   0x08003e26   0x00000002   PAD
    0x08003e28   0x08003e28   0x00000038   Code   RO         5653    i.USART2_ClearBuffers  usart2.o
    0x08003e60   0x08003e60   0x00000064   Code   RO         5654    i.USART2_DMATxConfig  usart2.o
    0x08003ec4   0x08003ec4   0x0000001c   Code   RO         5656    i.USART2_DisableInterrupts  usart2.o
    0x08003ee0   0x08003ee0   0x0000001c   Code   RO         5657    i.USART2_EnableInterrupts  usart2.o
    0x08003efc   0x08003efc   0x00000008   Code   RO          616    i.USART2_IRQHandler  gd32f30x_it.o
    0x08003f04   0x08003f04   0x00000074   Code   RO         5658    i.USART2_IRQHandler_Internal  usart2.o
    0x08003f78   0x08003f78   0x000000ac   Code   RO         5659    i.USART2_Init       usart2.o
    0x08004024   0x08004024   0x00000004   Code   RO          617    i.UsageFault_Handler  gd32f30x_it.o
    0x08004028   0x08004028   0x00000020   Code   RO         6100    i.__0printf         mc_w.l(printfa.o)
    0x08004048   0x08004048   0x00000030   Code   RO         6101    i.__0snprintf       mc_w.l(printfa.o)
    0x08004078   0x08004078   0x00000026   Code   RO         6130    i.__ARM_fpclassifyf  m_wm.l(fpclassifyf.o)
    0x0800409e   0x0800409e   0x00000002   PAD
    0x080040a0   0x080040a0   0x00000250   Code   RO         5796    i.__hardfp_atan2f   m_wm.l(atan2f.o)
    0x080042f0   0x080042f0   0x00000150   Code   RO         5808    i.__hardfp_cosf     m_wm.l(cosf.o)
    0x08004440   0x08004440   0x000000b0   Code   RO         5820    i.__hardfp_fmodf    m_wm.l(fmodf.o)
    0x080044f0   0x080044f0   0x00000190   Code   RO         5832    i.__hardfp_sinf     m_wm.l(sinf.o)
    0x08004680   0x08004680   0x0000003a   Code   RO         5844    i.__hardfp_sqrtf    m_wm.l(sqrtf.o)
    0x080046ba   0x080046ba   0x00000006   Code   RO         6133    i.__mathlib_flt_infnan  m_wm.l(funder.o)
    0x080046c0   0x080046c0   0x00000006   Code   RO         6134    i.__mathlib_flt_infnan2  m_wm.l(funder.o)
    0x080046c6   0x080046c6   0x00000002   PAD
    0x080046c8   0x080046c8   0x00000010   Code   RO         6135    i.__mathlib_flt_invalid  m_wm.l(funder.o)
    0x080046d8   0x080046d8   0x00000010   Code   RO         6138    i.__mathlib_flt_underflow  m_wm.l(funder.o)
    0x080046e8   0x080046e8   0x00000154   Code   RO         6146    i.__mathlib_rredf2  m_wm.l(rredf.o)
    0x0800483c   0x0800483c   0x0000000e   Code   RO         6202    i.__scatterload_copy  mc_w.l(handlers.o)
    0x0800484a   0x0800484a   0x00000002   Code   RO         6203    i.__scatterload_null  mc_w.l(handlers.o)
    0x0800484c   0x0800484c   0x0000000e   Code   RO         6204    i.__scatterload_zeroinit  mc_w.l(handlers.o)
    0x0800485a   0x0800485a   0x00000002   PAD
    0x0800485c   0x0800485c   0x0000000c   Code   RO         6170    i.__set_errno       mc_w.l(errno.o)
    0x08004868   0x08004868   0x00000184   Code   RO         6107    i._fp_digits        mc_w.l(printfa.o)
    0x080049ec   0x080049ec   0x000006dc   Code   RO         6108    i._printf_core      mc_w.l(printfa.o)
    0x080050c8   0x080050c8   0x00000024   Code   RO         6109    i._printf_post_padding  mc_w.l(printfa.o)
    0x080050ec   0x080050ec   0x0000002e   Code   RO         6110    i._printf_pre_padding  mc_w.l(printfa.o)
    0x0800511a   0x0800511a   0x00000016   Code   RO         6111    i._snputc           mc_w.l(printfa.o)
    0x08005130   0x08005130   0x0000001c   Code   RO          992    i._soft_delay_      system_gd32f30x.o
    0x0800514c   0x0800514c   0x0000002a   Code   RO         1043    i.adc_calibration_enable  gd32f30x_adc.o
    0x08005176   0x08005176   0x00000046   Code   RO         1044    i.adc_channel_length_config  gd32f30x_adc.o
    0x080051bc   0x080051bc   0x00000016   Code   RO         1045    i.adc_data_alignment_config  gd32f30x_adc.o
    0x080051d2   0x080051d2   0x00000002   PAD
    0x080051d4   0x080051d4   0x00000058   Code   RO         1046    i.adc_deinit        gd32f30x_adc.o
    0x0800522c   0x0800522c   0x0000000a   Code   RO         1050    i.adc_dma_mode_enable  gd32f30x_adc.o
    0x08005236   0x08005236   0x00000012   Code   RO         1051    i.adc_enable        gd32f30x_adc.o
    0x08005248   0x08005248   0x0000003e   Code   RO         1052    i.adc_external_trigger_config  gd32f30x_adc.o
    0x08005286   0x08005286   0x00000030   Code   RO         1053    i.adc_external_trigger_source_config  gd32f30x_adc.o
    0x080052b6   0x080052b6   0x00000006   Code   RO         1054    i.adc_flag_clear    gd32f30x_adc.o
    0x080052bc   0x080052bc   0x0000002c   Code   RO         1060    i.adc_interrupt_enable  gd32f30x_adc.o
    0x080052e8   0x080052e8   0x00000006   Code   RO         1061    i.adc_interrupt_flag_clear  gd32f30x_adc.o
    0x080052ee   0x080052ee   0x00000058   Code   RO         1062    i.adc_interrupt_flag_get  gd32f30x_adc.o
    0x08005346   0x08005346   0x00000002   PAD
    0x08005348   0x08005348   0x0000001c   Code   RO         1063    i.adc_mode_config   gd32f30x_adc.o
    0x08005364   0x08005364   0x00000014   Code   RO         1067    i.adc_resolution_config  gd32f30x_adc.o
    0x08005378   0x08005378   0x000000ac   Code   RO         1068    i.adc_routine_channel_config  gd32f30x_adc.o
    0x08005424   0x08005424   0x0000005a   Code   RO         1071    i.adc_special_function_config  gd32f30x_adc.o
    0x0800547e   0x0800547e   0x00000002   PAD
    0x08005480   0x08005480   0x00000014   Code   RO          883    i.delay_1ms         systick.o
    0x08005494   0x08005494   0x00000024   Code   RO          884    i.delay_decrement   systick.o
    0x080054b8   0x080054b8   0x00000032   Code   RO         1984    i.dma_channel_disable  gd32f30x_dma.o
    0x080054ea   0x080054ea   0x00000032   Code   RO         1985    i.dma_channel_enable  gd32f30x_dma.o
    0x0800551c   0x0800551c   0x00000032   Code   RO         1986    i.dma_circulation_disable  gd32f30x_dma.o
    0x0800554e   0x0800554e   0x00000032   Code   RO         1987    i.dma_circulation_enable  gd32f30x_dma.o
    0x08005580   0x08005580   0x00000070   Code   RO         1988    i.dma_deinit        gd32f30x_dma.o
    0x080055f0   0x080055f0   0x00000010   Code   RO         1989    i.dma_flag_clear    gd32f30x_dma.o
    0x08005600   0x08005600   0x00000018   Code   RO         1990    i.dma_flag_get      gd32f30x_dma.o
    0x08005618   0x08005618   0x0000012e   Code   RO         1991    i.dma_init          gd32f30x_dma.o
    0x08005746   0x08005746   0x00000032   Code   RO         1993    i.dma_interrupt_enable  gd32f30x_dma.o
    0x08005778   0x08005778   0x00000010   Code   RO         1994    i.dma_interrupt_flag_clear  gd32f30x_dma.o
    0x08005788   0x08005788   0x00000084   Code   RO         1995    i.dma_interrupt_flag_get  gd32f30x_dma.o
    0x0800580c   0x0800580c   0x00000024   Code   RO         1996    i.dma_memory_address_config  gd32f30x_dma.o
    0x08005830   0x08005830   0x00000024   Code   RO         2002    i.dma_periph_address_config  gd32f30x_dma.o
    0x08005854   0x08005854   0x00000018   Code   RO         2003    i.dma_periph_and_channel_check  gd32f30x_dma.o
    0x0800586c   0x0800586c   0x0000001c   Code   RO         2008    i.dma_struct_para_init  gd32f30x_dma.o
    0x08005888   0x08005888   0x00000026   Code   RO         2010    i.dma_transfer_number_config  gd32f30x_dma.o
    0x080058ae   0x080058ae   0x00000022   Code   RO         2011    i.dma_transfer_number_get  gd32f30x_dma.o
    0x080058d0   0x080058d0   0x00000010   Code   RO          937    i.fputc             uart_debug.o
    0x080058e0   0x080058e0   0x00000004   Code   RO         2710    i.gpio_bit_reset    gd32f30x_gpio.o
    0x080058e4   0x080058e4   0x00000004   Code   RO         2711    i.gpio_bit_set      gd32f30x_gpio.o
    0x080058e8   0x080058e8   0x000000bc   Code   RO         2720    i.gpio_init         gd32f30x_gpio.o
    0x080059a4   0x080059a4   0x00000010   Code   RO         2837    i.i2c_ack_config    gd32f30x_i2c.o
    0x080059b4   0x080059b4   0x00000140   Code   RO         2839    i.i2c_clock_config  gd32f30x_i2c.o
    0x08005af4   0x08005af4   0x00000008   Code   RO         2840    i.i2c_data_receive  gd32f30x_i2c.o
    0x08005afc   0x08005afc   0x00000006   Code   RO         2841    i.i2c_data_transmit  gd32f30x_i2c.o
    0x08005b02   0x08005b02   0x00000002   PAD
    0x08005b04   0x08005b04   0x00000040   Code   RO         2842    i.i2c_deinit        gd32f30x_i2c.o
    0x08005b44   0x08005b44   0x0000000a   Code   RO         2843    i.i2c_disable       gd32f30x_i2c.o
    0x08005b4e   0x08005b4e   0x0000000a   Code   RO         2848    i.i2c_enable        gd32f30x_i2c.o
    0x08005b58   0x08005b58   0x00000028   Code   RO         2849    i.i2c_flag_clear    gd32f30x_i2c.o
    0x08005b80   0x08005b80   0x0000001e   Code   RO         2850    i.i2c_flag_get      gd32f30x_i2c.o
    0x08005b9e   0x08005b9e   0x00000014   Code   RO         2855    i.i2c_master_addressing  gd32f30x_i2c.o
    0x08005bb2   0x08005bb2   0x0000001c   Code   RO         2856    i.i2c_mode_addr_config  gd32f30x_i2c.o
    0x08005bce   0x08005bce   0x00000010   Code   RO         2864    i.i2c_software_reset_config  gd32f30x_i2c.o
    0x08005bde   0x08005bde   0x0000000a   Code   RO         2865    i.i2c_start_on_bus  gd32f30x_i2c.o
    0x08005be8   0x08005be8   0x0000000a   Code   RO         2866    i.i2c_stop_on_bus   gd32f30x_i2c.o
    0x08005bf2   0x08005bf2   0x00000010   Code   RO          713    i.main              main.o
    0x08005c02   0x08005c02   0x00000002   PAD
    0x08005c04   0x08005c04   0x00000108   Code   RO         3044    i.nvic_irq_enable   gd32f30x_misc.o
    0x08005d0c   0x08005d0c   0x00000014   Code   RO         3045    i.nvic_priority_group_set  gd32f30x_misc.o
    0x08005d20   0x08005d20   0x00000158   Code   RO         3283    i.rcu_clock_freq_get  gd32f30x_rcu.o
    0x08005e78   0x08005e78   0x00000020   Code   RO         3301    i.rcu_periph_clock_enable  gd32f30x_rcu.o
    0x08005e98   0x08005e98   0x00000020   Code   RO         3304    i.rcu_periph_reset_disable  gd32f30x_rcu.o
    0x08005eb8   0x08005eb8   0x00000020   Code   RO         3305    i.rcu_periph_reset_enable  gd32f30x_rcu.o
    0x08005ed8   0x08005ed8   0x0000011c   Code   RO          994    i.system_clock_120m_hxtal  system_gd32f30x.o
    0x08005ff4   0x08005ff4   0x00000008   Code   RO          995    i.system_clock_config  system_gd32f30x.o
    0x08005ffc   0x08005ffc   0x00000050   Code   RO          885    i.systick_config    systick.o
    0x0800604c   0x0800604c   0x0000000c   Code   RO          886    i.systick_get_tick  systick.o
    0x08006058   0x08006058   0x0000000a   Code   RO         4165    i.timer_auto_reload_shadow_enable  gd32f30x_timer.o
    0x08006062   0x08006062   0x0000001e   Code   RO         4169    i.timer_break_config  gd32f30x_timer.o
    0x08006080   0x08006080   0x00000012   Code   RO         4172    i.timer_break_struct_para_init  gd32f30x_timer.o
    0x08006092   0x08006092   0x00000002   PAD
    0x08006094   0x08006094   0x000001ec   Code   RO         4182    i.timer_channel_output_config  gd32f30x_timer.o
    0x08006280   0x08006280   0x0000005a   Code   RO         4184    i.timer_channel_output_mode_config  gd32f30x_timer.o
    0x080062da   0x080062da   0x00000026   Code   RO         4186    i.timer_channel_output_pulse_value_config  gd32f30x_timer.o
    0x08006300   0x08006300   0x0000005a   Code   RO         4187    i.timer_channel_output_shadow_config  gd32f30x_timer.o
    0x0800635a   0x0800635a   0x00000010   Code   RO         4189    i.timer_channel_output_struct_para_init  gd32f30x_timer.o
    0x0800636a   0x0800636a   0x00000004   Code   RO         4194    i.timer_counter_value_config  gd32f30x_timer.o
    0x0800636e   0x0800636e   0x00000002   PAD
    0x08006370   0x08006370   0x000000dc   Code   RO         4195    i.timer_deinit      gd32f30x_timer.o
    0x0800644c   0x0800644c   0x0000000a   Code   RO         4200    i.timer_enable      gd32f30x_timer.o
    0x08006456   0x08006456   0x00000002   PAD
    0x08006458   0x08006458   0x00000098   Code   RO         4210    i.timer_init        gd32f30x_timer.o
    0x080064f0   0x080064f0   0x00000010   Code   RO         4213    i.timer_input_trigger_source_select  gd32f30x_timer.o
    0x08006500   0x08006500   0x00000008   Code   RO         4217    i.timer_interrupt_enable  gd32f30x_timer.o
    0x08006508   0x08006508   0x00000006   Code   RO         4218    i.timer_interrupt_flag_clear  gd32f30x_timer.o
    0x0800650e   0x0800650e   0x0000001c   Code   RO         4219    i.timer_interrupt_flag_get  gd32f30x_timer.o
    0x0800652a   0x0800652a   0x00000010   Code   RO         4220    i.timer_master_output_trigger_source_select  gd32f30x_timer.o
    0x0800653a   0x0800653a   0x0000001a   Code   RO         4221    i.timer_master_slave_mode_config  gd32f30x_timer.o
    0x08006554   0x08006554   0x00000018   Code   RO         4225    i.timer_primary_output_config  gd32f30x_timer.o
    0x0800656c   0x0800656c   0x00000010   Code   RO         4229    i.timer_slave_mode_select  gd32f30x_timer.o
    0x0800657c   0x0800657c   0x00000090   Code   RO         4605    i.usart_baudrate_set  gd32f30x_usart.o
    0x0800660c   0x0800660c   0x0000000a   Code   RO         4608    i.usart_data_receive  gd32f30x_usart.o
    0x08006616   0x08006616   0x00000002   PAD
    0x08006618   0x08006618   0x00000090   Code   RO         4610    i.usart_deinit      gd32f30x_usart.o
    0x080066a8   0x080066a8   0x00000014   Code   RO         4613    i.usart_dma_transmit_config  gd32f30x_usart.o
    0x080066bc   0x080066bc   0x0000000a   Code   RO         4614    i.usart_enable      gd32f30x_usart.o
    0x080066c6   0x080066c6   0x00000020   Code   RO         4616    i.usart_flag_get    gd32f30x_usart.o
    0x080066e6   0x080066e6   0x00000014   Code   RO         4620    i.usart_hardware_flow_cts_config  gd32f30x_usart.o
    0x080066fa   0x080066fa   0x00000014   Code   RO         4621    i.usart_hardware_flow_rts_config  gd32f30x_usart.o
    0x0800670e   0x0800670e   0x0000001a   Code   RO         4622    i.usart_interrupt_disable  gd32f30x_usart.o
    0x08006728   0x08006728   0x0000001a   Code   RO         4623    i.usart_interrupt_enable  gd32f30x_usart.o
    0x08006742   0x08006742   0x00000012   Code   RO         4624    i.usart_interrupt_flag_clear  gd32f30x_usart.o
    0x08006754   0x08006754   0x0000003a   Code   RO         4625    i.usart_interrupt_flag_get  gd32f30x_usart.o
    0x0800678e   0x0800678e   0x00000010   Code   RO         4636    i.usart_parity_config  gd32f30x_usart.o
    0x0800679e   0x0800679e   0x00000014   Code   RO         4638    i.usart_receive_config  gd32f30x_usart.o
    0x080067b2   0x080067b2   0x00000010   Code   RO         4648    i.usart_stop_bit_set  gd32f30x_usart.o
    0x080067c2   0x080067c2   0x00000014   Code   RO         4652    i.usart_transmit_config  gd32f30x_usart.o
    0x080067d6   0x080067d6   0x00000010   Code   RO         4653    i.usart_word_length_set  gd32f30x_usart.o
    0x080067e6   0x080067e6   0x00000002   PAD
    0x080067e8   0x080067e8   0x00000020   Data   RO         6147    .constdata          m_wm.l(rredf.o)
    0x08006808   0x08006808   0x00000020   Data   RO         6200    Region$$Table       anon$$obj.o


    Execution Region RW_IRAM1 (Exec base: 0x20000000, Load base: 0x08006828, Size: 0x00000850, Max: 0x0000c000, ABSOLUTE)

    Exec Addr    Load Addr    Size         Type   Attr      Idx    E Section Name        Object

    0x20000000   0x08006828   0x00000009   Data   RW           13    .data               control_scheduler.o
    0x20000009   0x08006831   0x00000003   PAD
    0x2000000c   0x08006834   0x00000005   Data   RW          233    .data               foc_app.o
    0x20000011   0x08006839   0x00000003   PAD
    0x20000014   0x0800683c   0x00000009   Data   RW          328    .data               foc_control.o
    0x2000001d   0x08006845   0x00000001   PAD
    0x2000001e   0x08006846   0x00000002   Data   RW          487    .data               foc_platform_api.o
    0x20000020   0x08006848   0x00000028   Data   RW          838    .data               svpwm.o
    0x20000048   0x08006870   0x00000008   Data   RW          887    .data               systick.o
    0x20000050   0x08006878   0x00000004   Data   RW          996    .data               system_gd32f30x.o
    0x20000054   0x0800687c   0x00000005   Data   RW         4986    .data               timer2.o
    0x20000059   0x08006881   0x00000003   PAD
    0x2000005c   0x08006884   0x00000005   Data   RW         5035    .data               timer1.o
    0x20000061   0x08006889   0x00000001   PAD
    0x20000062   0x0800688a   0x00000006   Data   RW         5093    .data               pwm.o
    0x20000068   0x08006890   0x0000000c   Data   RW         5338    .data               adc.o
    0x20000074   0x0800689c   0x0000000c   Data   RW         5559    .data               usart1.o
    0x20000080   0x080068a8   0x0000000c   Data   RW         5668    .data               usart2.o
    0x2000008c   0x080068b4   0x00000001   Data   RW         5764    .data               timer3.o
    0x2000008d   0x080068b5   0x00000003   PAD
    0x20000090   0x080068b8   0x00000004   Data   RW         6163    .data               mc_w.l(stdout.o)
    0x20000094   0x080068bc   0x00000004   Data   RW         6171    .data               mc_w.l(errno.o)
    0x20000098        -       0x00000010   Zero   RW           12    .bss                control_scheduler.o
    0x200000a8        -       0x000000b4   Zero   RW          232    .bss                foc_app.o
    0x2000015c        -       0x00000084   Zero   RW          772    .bss                sensor.o
    0x200001e0        -       0x00000010   Zero   RW          837    .bss                svpwm.o
    0x200001f0        -       0x00000060   Zero   RW         5337    .bss                adc.o
    0x20000250        -       0x00000100   Zero   RW         5558    .bss                usart1.o
    0x20000350        -       0x00000100   Zero   RW         5667    .bss                usart2.o
    0x20000450        -       0x00000400   Zero   RW         4972    STACK               startup_gd32f30x_hd.o


==============================================================================

Image component sizes


      Code (inc. data)   RO Data    RW Data    ZI Data      Debug   Object Name

      1140        128          0         12         96       8136   adc.o
        78          0          0          0          0       4689   as5600.o
       260         42          0          9         16      64706   control_scheduler.o
      1042        552          0          5        180       3606   foc_app.o
      3804        216          0          9          0      20887   foc_control.o
       506         48          0          2          0      12573   foc_platform_api.o
       814         10          0          0          0      10705   gd32f30x_adc.o
      1048          6          0          0          0      12515   gd32f30x_dma.o
       196          0          0          0          0       2108   gd32f30x_gpio.o
       588         18          0          0          0       9259   gd32f30x_i2c.o
        80          0          0          0          0       7249   gd32f30x_it.o
       284         20          0          0          0      28303   gd32f30x_misc.o
       440         46          0          0          0       3068   gd32f30x_rcu.o
      1310         48          0          0          0      13844   gd32f30x_timer.o
       616         16          0          0          0      11124   gd32f30x_usart.o
       748         50          0          0          0       6707   i2c0.o
       188         16          0          0          0       1533   led.o
        16          0          0          0          0        479   main.o
       236         12          0          0          0       3142   math_transforms.o
       868         68          0          6          0       7591   pwm.o
       880         82          0          0        132       6306   sensor.o
        36          8        304          0       1024        872   startup_gd32f30x_hd.o
      1780        198          0         40         16       5417   svpwm.o
       648         30          0          4          0       3847   system_gd32f30x.o
       188         32          0          8          0      29441   systick.o
       164         22          0          5          0       3127   timer1.o
       188         32          0          5          0       3219   timer2.o
       212         18          0          1          0       1677   timer3.o
       548        268          0          0          0       3695   uart_debug.o
       778         94          0         12        256       8377   usart1.o
       526         82          0         12        256       5393   usart2.o

    ----------------------------------------------------------------------
     20258       2162        336        144       1976     303595   Object Totals
         0          0         32          0          0          0   (incl. Generated)
        48          0          0         14          0          0   (incl. Padding)

    ----------------------------------------------------------------------

      Code (inc. data)   RO Data    RW Data    ZI Data      Debug   Library Member Name

       592         90          0          0          0        184   atan2f.o
       336         56          0          0          0        136   cosf.o
       176          0          0          0          0        168   fmodf.o
        38          0          0          0          0        116   fpclassifyf.o
        44         12          0          0          0        464   funder.o
       340         24         32          0          0        160   rredf.o
       400         56          0          0          0        212   sinf.o
        58          0          0          0          0        136   sqrtf.o
         0          0          0          0          0          0   entry.o
         0          0          0          0          0          0   entry10a.o
         0          0          0          0          0          0   entry11a.o
         8          4          0          0          0          0   entry2.o
         4          0          0          0          0          0   entry5.o
         0          0          0          0          0          0   entry7b.o
         0          0          0          0          0          0   entry8b.o
         8          4          0          0          0          0   entry9a.o
        12          6          0          4          0         68   errno.o
        30          0          0          0          0          0   handlers.o
        36          8          0          0          0         68   init.o
         0          0          0          0          0          0   iusefp.o
        30          0          0          0          0         68   llshl.o
        36          0          0          0          0         68   llsshr.o
        32          0          0          0          0         68   llushr.o
        36          0          0          0          0         68   memcpya.o
        36          0          0          0          0        108   memseta.o
      2328         94          0          0          0        604   printfa.o
         0          0          0          4          0          0   stdout.o
        14          0          0          0          0         68   strlen.o
        44          0          0          0          0         80   uidiv.o
        98          0          0          0          0         92   uldiv.o
        48          0          0          0          0         68   cdrcmple.o
       334          0          0          0          0        148   dadd.o
       222          0          0          0          0        100   ddiv.o
       186          0          0          0          0        176   depilogue.o
        48          0          0          0          0         68   dfixul.o
       228          0          0          0          0         96   dmul.o
        38          0          0          0          0         68   f2d.o
       110          0          0          0          0        168   fepilogue.o
        82          0          0          0          0         96   frem.o

    ----------------------------------------------------------------------
      6038        354         32          8          0       3924   Library Totals
         6          0          0          0          0          0   (incl. Padding)

    ----------------------------------------------------------------------

      Code (inc. data)   RO Data    RW Data    ZI Data      Debug   Library Name

      1984        238         32          0          0       1576   m_wm.l
      2752        116          0          8          0       1360   mc_w.l
      1296          0          0          0          0        988   mf_w.l

    ----------------------------------------------------------------------
      6038        354         32          8          0       3924   Library Totals

    ----------------------------------------------------------------------

==============================================================================


      Code (inc. data)   RO Data    RW Data    ZI Data      Debug   

     26296       2516        368        152       1976     280727   Grand Totals
     26296       2516        368        152       1976     280727   ELF Image Totals
     26296       2516        368        152          0          0   ROM Totals

==============================================================================

    Total RO  Size (Code + RO Data)                26664 (  26.04kB)
    Total RW  Size (RW Data + ZI Data)              2128 (   2.08kB)
    Total ROM Size (Code + RO Data + RW Data)      26816 (  26.19kB)

==============================================================================

